[10:24:47] This is prokka 1.14.6
[10:24:47] Written by Torsten Seemann <torsten.seemann@gmail.com>
[10:24:47] Homepage is https://github.com/tseemann/prokka
[10:24:47] Local time is Thu Oct 30 10:24:47 2025
[10:24:47] You are diego
[10:24:47] Operating system is linux
[10:24:47] You have BioPerl 1.7.8
[10:24:47] System has 20 cores.
[10:24:47] Will use maximum of 20 cores.
[10:24:47] Annotating as >>> Bacteria <<<
[10:24:47] Enabling options to ensure Genbank/ENA/DDJB submission compliance.
[10:24:47] Creating new output folder: prokka_FOM_2
[10:24:47] Running: mkdir -p prokka_FOM_2
[10:24:47] Using filename prefix: FOM_2.XXX
[10:24:47] Setting HMMER_NCPU=1
[10:24:47] Writing log to: prokka_FOM_2/FOM_2.log
[10:24:47] Command: /home/diego/miniconda3/envs/prokka_env/bin/prokka FOM_2.fasta --outdir prokka_FOM_2 --prefix FOM_2 --compliant --cpus 20 --locustag FOM_2
[10:24:47] Appending to PATH: /home/diego/miniconda3/envs/prokka_env/bin
[10:24:47] Looking for 'aragorn' - found /home/diego/miniconda3/envs/prokka_env/bin/aragorn
[10:24:47] Determined aragorn version is 001002 from 'ARAGORN v1.2.41 Dean Laslett'
[10:24:47] Looking for 'barrnap' - found /home/diego/miniconda3/envs/prokka_env/bin/barrnap
[10:24:47] Determined barrnap version is 000009 from 'barrnap 0.9'
[10:24:47] Looking for 'blastp' - found /home/diego/miniconda3/envs/prokka_env/bin/blastp
[10:24:47] Determined blastp version is 002015 from 'blastp: 2.15.0+'
[10:24:47] Looking for 'cmpress' - found /home/diego/miniconda3/envs/prokka_env/bin/cmpress
[10:24:47] Determined cmpress version is 001001 from '# INFERNAL 1.1.5 (Sep 2023)'
[10:24:47] Looking for 'cmscan' - found /home/diego/miniconda3/envs/prokka_env/bin/cmscan
[10:24:47] Determined cmscan version is 001001 from '# INFERNAL 1.1.5 (Sep 2023)'
[10:24:47] Looking for 'egrep' - found /usr/bin/egrep
[10:24:47] Looking for 'find' - found /usr/bin/find
[10:24:47] Looking for 'grep' - found /usr/bin/grep
[10:24:47] Looking for 'hmmpress' - found /home/diego/miniconda3/envs/prokka_env/bin/hmmpress
[10:24:47] Determined hmmpress version is 003004 from '# HMMER 3.4 (Aug 2023); http://hmmer.org/'
[10:24:47] Looking for 'hmmscan' - found /home/diego/miniconda3/envs/prokka_env/bin/hmmscan
[10:24:47] Determined hmmscan version is 003004 from '# HMMER 3.4 (Aug 2023); http://hmmer.org/'
[10:24:47] Looking for 'java' - found /home/diego/miniconda3/envs/prokka_env/bin/java
[10:24:47] Looking for 'makeblastdb' - found /home/diego/miniconda3/envs/prokka_env/bin/makeblastdb
[10:24:47] Determined makeblastdb version is 002015 from 'makeblastdb: 2.15.0+'
[10:24:47] Looking for 'minced' - found /home/diego/miniconda3/envs/prokka_env/bin/minced
[10:24:47] Determined minced version is 004002 from 'minced 0.4.2'
[10:24:47] Looking for 'parallel' - found /home/diego/miniconda3/envs/prokka_env/bin/parallel
[10:24:47] Determined parallel version is 20240122 from 'GNU parallel 20240122'
[10:24:47] Looking for 'prodigal' - found /home/diego/miniconda3/envs/prokka_env/bin/prodigal
[10:24:47] Determined prodigal version is 002006 from 'Prodigal V2.6.3: February, 2016'
[10:24:47] Looking for 'prokka-genbank_to_fasta_db' - found /home/diego/miniconda3/envs/prokka_env/bin/prokka-genbank_to_fasta_db
[10:24:47] Looking for 'rnammer' - found /home/diego/rnammer-1.2.src/rnammer
[10:24:47] Determined rnammer version is 001002 from 'This rnammer 1.2, running from '/home/diego/rnammer-1.2.src/''
[10:24:47] Looking for 'sed' - found /usr/bin/sed
[10:24:47] Looking for 'tbl2asn' - found /home/diego/miniconda3/envs/prokka_env/bin/tbl2asn
[10:24:47] Determined tbl2asn version is 025007 from 'tbl2asn 25.7   arguments:'
[10:24:47] Using genetic code table 11.
[10:24:47] Loading and checking input file: FOM_2.fasta
[10:24:47] Wrote 15 contigs totalling 1884090 bp.
[10:24:47] Predicting tRNAs and tmRNAs
[10:24:47] Running: aragorn -l -gc11  -w prokka_FOM_2\/FOM_2\.fna
[10:24:47] 1 tRNA-Phe [44,118] 35 (gaa)
[10:24:47] 2 tRNA-Trp [148,219] 33 (cca)
[10:24:47] 3 tRNA-His [232,305] 34 (gtg)
[10:24:47] 4 tRNA-Leu [348,434] 36 (caa)
[10:24:47] 5 tRNA-Leu [484,569] 36 (caa)
[10:24:47] 6 tRNA-Arg [56867,56941] 36 (cct)
[10:24:47] 7 tRNA-Lys c[95700,95776] 35 (ctt)
[10:24:47] 1 tRNA-Arg c[4479,4553] 35 (tct)
[10:24:47] 2 tRNA-Gln c[51615,51688] 34 (ctg)
[10:24:47] 1 tRNA-Ser [12614,12703] 37 (tga)
[10:24:47] 2 tRNA-Met [12740,12815] 36 (cat)
[10:24:47] 3 tRNA-Ser [12820,12909] 37 (tga)
[10:24:47] 1 tRNA-Leu [16781,16867] 36 (cag)
[10:24:47] 2 tRNA-Ser [42152,42240] 33 (cga)
[10:24:47] 3 tRNA-Glu c[43275,43348] 35 (ttc)
[10:24:47] 4 tRNA-Glu c[43382,43455] 35 (ttc)
[10:24:47] 5 tRNA-Glu c[43487,43560] 35 (ttc)
[10:24:47] 6 tRNA-Glu c[43592,43665] 35 (ttc)
[10:24:47] 7 tRNA-Gly [101684,101755] 34 (tcc)
[10:24:47] 1 tRNA-Gln c[204228,204300] 33 (ttg)
[10:24:47] 2 tRNA-Tyr c[204308,204392] 38 (gta)
[10:24:47] 3 tRNA-Tyr [212318,212400] 37 (gta)
[10:24:47] 4 tRNA-Gln [212410,212482] 33 (ttg)
[10:24:47] 5 tRNA-Gln [212601,212673] 33 (ttg)
[10:24:47] 1 tRNA-Glu c[71660,71733] 35 (ttc)
[10:24:47] 1 tRNA-Gly [32795,32866] 34 (tcc)
[10:24:47] 2 tRNA-Arg c[400624,400699] 36 (acg)
[10:24:47] 3 tRNA-Gly c[431527,431598] 34 (tcc)
[10:24:47] 4 tRNA-Met c[431627,431702] 36 (cat)
[10:24:47] 5 tRNA-Pro c[431723,431798] 36 (tgg)
[10:24:47] 6 tRNA-Arg c[431845,431919] 36 (acg)
[10:24:47] 7 tRNA-Val c[431921,431995] 35 (tac)
[10:24:47] 1 tRNA-Lys c[16,92] 35 (ctt)
[10:24:47] 2 tRNA-Lys c[347,423] 35 (ctt)
[10:24:47] 3 tRNA-Lys c[619,695] 35 (ctt)
[10:24:47] 1 tmRNA [20666,21029] 88,126 ANNSQNTYAVAA*
[10:24:47] 1 tRNA-Val [44,118] 35 (tac)
[10:24:47] 1 tRNA-Phe [44,118] 35 (gaa)
[10:24:47] 2 tRNA-Gly [149,220] 34 (tcc)
[10:24:47] 3 tRNA-Ile [232,307] 36 (gat)
[10:24:47] 4 tRNA-Ser [334,422] 35 (gct)
[10:24:47] Found 41 tRNAs
[10:24:47] Predicting Ribosomal RNAs
[10:24:47] Running Barrnap with 20 threads
[10:24:48] Found 0 rRNAs
[10:24:48] Skipping ncRNA search, enable with --rfam if desired.
[10:24:48] Total of 40 tRNA + rRNA features
[10:24:48] Searching for CRISPR repeats
[10:24:48] Found 0 CRISPRs
[10:24:48] Predicting coding sequences
[10:24:48] Contigs total 1884090 bp, so using single mode
[10:24:48] Running: prodigal -i prokka_FOM_2\/FOM_2\.fna -c -m -g 11 -p single -f sco -q
[10:24:49] Excluding CDS which overlaps existing RNA (tRNA) at gnl|Prokka|FOM_2_10:431411..431584 on - strand
[10:24:49] Found 1785 CDS
[10:24:49] Connecting features back to sequences
[10:24:49] Not using genus-specific database. Try --usegenus to enable it.
[10:24:49] Annotating CDS, please be patient.
[10:24:49] Will use 20 CPUs for similarity searching.
[10:24:50] There are still 1785 unannotated CDS left (started with 1785)
[10:24:50] Will use blast to search against /home/diego/miniconda3/envs/prokka_env/db/kingdom/Bacteria/IS with 20 CPUs
[10:24:50] Running: cat prokka_FOM_2\/FOM_2\.IS\.tmp\.103538\.faa | parallel --gnu --plain -j 20 --block 14051 --recstart '>' --pipe blastp -query - -db /home/diego/miniconda3/envs/prokka_env/db/kingdom/Bacteria/IS -evalue 1e-30 -qcov_hsp_perc 90 -num_threads 1 -num_descriptions 1 -num_alignments 1 -seg no > prokka_FOM_2\/FOM_2\.IS\.tmp\.103538\.blast 2> /dev/null
[10:24:52] Deleting unwanted file: prokka_FOM_2/FOM_2.IS.tmp.103538.faa
[10:24:52] Deleting unwanted file: prokka_FOM_2/FOM_2.IS.tmp.103538.blast
[10:24:53] There are still 1782 unannotated CDS left (started with 1785)
[10:24:53] Will use blast to search against /home/diego/miniconda3/envs/prokka_env/db/kingdom/Bacteria/AMR with 20 CPUs
[10:24:53] Running: cat prokka_FOM_2\/FOM_2\.AMR\.tmp\.103538\.faa | parallel --gnu --plain -j 20 --block 14024 --recstart '>' --pipe blastp -query - -db /home/diego/miniconda3/envs/prokka_env/db/kingdom/Bacteria/AMR -evalue 1e-300 -qcov_hsp_perc 90 -num_threads 1 -num_descriptions 1 -num_alignments 1 -seg no > prokka_FOM_2\/FOM_2\.AMR\.tmp\.103538\.blast 2> /dev/null
[10:24:56] Deleting unwanted file: prokka_FOM_2/FOM_2.AMR.tmp.103538.faa
[10:24:56] Deleting unwanted file: prokka_FOM_2/FOM_2.AMR.tmp.103538.blast
[10:24:56] There are still 1782 unannotated CDS left (started with 1785)
[10:24:56] Will use blast to search against /home/diego/miniconda3/envs/prokka_env/db/kingdom/Bacteria/sprot with 20 CPUs
[10:24:56] Running: cat prokka_FOM_2\/FOM_2\.sprot\.tmp\.103538\.faa | parallel --gnu --plain -j 20 --block 14024 --recstart '>' --pipe blastp -query - -db /home/diego/miniconda3/envs/prokka_env/db/kingdom/Bacteria/sprot -evalue 1e-09 -qcov_hsp_perc 80 -num_threads 1 -num_descriptions 1 -num_alignments 1 -seg no > prokka_FOM_2\/FOM_2\.sprot\.tmp\.103538\.blast 2> /dev/null
[10:25:10] Modify product: Uncharacterized MFS-type transporter YhjX => putative MFS-type transporter YhjX
[10:25:10] Modify product: Probable tautomerase SAR1376 => putative tautomerase
[10:25:10] Modify product: Uncharacterized glycosyltransferase EpsJ => putative glycosyltransferase EpsJ
[10:25:10] Modify product: Putative zinc metalloprotease SA1105 => Putative zinc metalloprotease
[10:25:10] Modify product: Uncharacterized membrane protein YdfK => putative membrane protein YdfK
[10:25:10] Modify product: UPF0053 protein Rv1842c => hypothetical protein
[10:25:10] Modify product: UPF0053 protein Rv1842c => hypothetical protein
[10:25:10] Modify product: Uncharacterized metal-dependent hydrolase YcfH => putative metal-dependent hydrolase YcfH
[10:25:10] Modify product: Probable guanidinium efflux system subunit GdnD => putative guanidinium efflux system subunit GdnD
[10:25:10] Modify product: DegV domain-containing protein SP_1112 => DegV domain-containing protein
[10:25:10] Modify product: Uncharacterized oxidoreductase MSMEG_2408/MSMEI_2347 => putative oxidoreductase/MSMEI_2347
[10:25:10] Modify product: Probable transport protein HsrA => putative transport protein HsrA
[10:25:10] Modify product: Uncharacterized HTH-type transcriptional regulator Rv1556 => putative HTH-type transcriptional regulator
[10:25:10] Modify product: Uncharacterized FAD-linked oxidoreductase Rv2280 => putative FAD-linked oxidoreductase
[10:25:10] Modify product: Probable N-acetyl-LL-diaminopimelate aminotransferase => putative N-acetyl-LL-diaminopimelate aminotransferase
[10:25:10] Modify product: Probable D-methionine-binding lipoprotein MetQ => putative D-methionine-binding lipoprotein MetQ
[10:25:10] Modify product: Acetyltransferase SACOL1063 => Acetyltransferase
[10:25:10] Modify product: Probable siderophore transport system permease protein YfhA => putative siderophore transport system permease protein YfhA
[10:25:10] Modify product: Putative universal stress protein SA1532 => Putative universal stress protein
[10:25:10] Modify product: Probable amino-acid ABC transporter-binding protein HI_1080 => putative amino-acid ABC transporter-binding protein
[10:25:10] Modify product: Uncharacterized ABC transporter ATP-binding protein YbiT => putative ABC transporter ATP-binding protein YbiT
[10:25:10] Modify product: Uncharacterized oxidoreductase MSMEG_2408/MSMEI_2347 => putative oxidoreductase/MSMEI_2347
[10:25:10] Modify product: Uncharacterized protein YedJ => putative protein YedJ
[10:25:10] Modify product: Uncharacterized sugar transferase EpsL => putative sugar transferase EpsL
[10:25:10] Modify product: Probable amino-acid ABC transporter-binding protein HI_1080 => putative amino-acid ABC transporter-binding protein
[10:25:10] Modify product: Probable tRNA-dihydrouridine synthase => putative tRNA-dihydrouridine synthase
[10:25:10] Modify product: UPF0324 inner membrane protein YeiH => hypothetical protein
[10:25:10] Modify product: UPF0324 inner membrane protein YeiH => hypothetical protein
[10:25:10] Modify product: Uncharacterized amino acid permease YhdG => putative amino acid permease YhdG
[10:25:10] Modify product: Uncharacterized protein YpjQ => putative protein YpjQ
[10:25:10] Modify product: Probable transport protein HsrA => putative transport protein HsrA
[10:25:10] Modify product: Probable glucose uptake protein GlcU => putative glucose uptake protein GlcU
[10:25:10] Modify product: Probable transport protein YifK => putative transport protein YifK
[10:25:10] Modify product: Probable autolysin LDP => putative autolysin LDP
[10:25:10] Modify product: Uncharacterized protein YqgN => putative protein YqgN
[10:25:10] Modify product: Uncharacterized PIN and TRAM-domain containing protein YacL => putative PIN and TRAM-domain containing protein YacL
[10:25:10] Modify product: TelA-like protein SA1238 => TelA-like protein
[10:25:10] Modify product: UPF0398 protein SP_0371 => hypothetical protein
[10:25:10] Modify product: Probable glucosamine-6-phosphate deaminase 2 => putative glucosamine-6-phosphate deaminase 2
[10:25:10] Modify product: Uncharacterized amino acid permease YhdG => putative amino acid permease YhdG
[10:25:10] Modify product: Uncharacterized RNA methyltransferase SP_1029 => putative RNA methyltransferase
[10:25:10] Modify product: Uncharacterized oxidoreductase SpyM50865 => putative oxidoreductase
[10:25:10] Modify product: Probable pyridine nucleotide-disulfide oxidoreductase RclA => putative pyridine nucleotide-disulfide oxidoreductase RclA
[10:25:10] Modify product: Uncharacterized ABC transporter ATP-binding protein YknY => putative ABC transporter ATP-binding protein YknY
[10:25:10] Modify product: Probable transport protein HsrA => putative transport protein HsrA
[10:25:10] Modify product: UPF0098 protein CT_736 => hypothetical protein
[10:25:10] Modify product: Uncharacterized HTH-type transcriptional regulator YbbH => putative HTH-type transcriptional regulator YbbH
[10:25:10] Modify product: Probable deoxycholate-binding periplasmic protein YgiS => putative deoxycholate-binding periplasmic protein YgiS
[10:25:10] Modify product: Probable glutamine ABC transporter permease protein GlnP => putative glutamine ABC transporter permease protein GlnP
[10:25:10] Modify product: Probable glutamine ABC transporter permease protein GlnM => putative glutamine ABC transporter permease protein GlnM
[10:25:10] Modify product: Uncharacterized transporter Rv1979c => putative transporter
[10:25:10] Modify product: Multidrug efflux system ATP-binding protein Rv1218c => Multidrug efflux system ATP-binding protein
[10:25:10] Modify product: Multidrug efflux system permease protein Rv1217c => Multidrug efflux system permease protein
[10:25:10] Modify product: Uncharacterized HTH-type transcriptional regulator HI_0186 => putative HTH-type transcriptional regulator
[10:25:10] Modify product: Uncharacterized inner membrane transporter YicL => putative inner membrane transporter YicL
[10:25:10] Modify product: Probable iron export ATP-binding protein FetA => putative iron export ATP-binding protein FetA
[10:25:10] Modify product: Probable iron export permease protein FetB => putative iron export permease protein FetB
[10:25:10] Modify product: Probable amino-acid ABC transporter-binding protein HI_1080 => putative amino-acid ABC transporter-binding protein
[10:25:10] Modify product: Uncharacterized protein YqeY => putative protein YqeY
[10:25:10] Modify product: Uncharacterized protein YhaP => putative protein YhaP
[10:25:10] Modify product: Probable NADH oxidase => putative NADH oxidase
[10:25:10] Modify product: UPF0145 protein YbjQ => hypothetical protein
[10:25:10] Modify product: Glutathione peroxidase homolog BsaA => Glutathione peroxidase BsaA
[10:25:10] Modify product: Probable succinyl-diaminopimelate desuccinylase => putative succinyl-diaminopimelate desuccinylase
[10:25:10] Modify product: Probable autolysin SsaALP => putative autolysin SsaALP
[10:25:10] Modify product: Zinc-type alcohol dehydrogenase-like protein SA1988 => Zinc-type alcohol dehydrogenase-like protein
[10:25:10] Modify product: Putative universal stress protein SA1532 => Putative universal stress protein
[10:25:10] Modify product: Probable cell division protein WhiA => putative cell division protein WhiA
[10:25:10] Modify product: Probable transport protein HsrA => putative transport protein HsrA
[10:25:10] Modify product: Uncharacterized oxidoreductase SA2266 => putative oxidoreductase
[10:25:10] Modify product: Putative universal stress protein SA1532 => Putative universal stress protein
[10:25:10] Modify product: Probable transport protein HsrA => putative transport protein HsrA
[10:25:10] Modify product: Uncharacterized protein YlbL => putative protein YlbL
[10:25:10] Modify product: Probable peptidoglycan glycosyltransferase FtsW => putative peptidoglycan glycosyltransferase FtsW
[10:25:10] Modify product: UPF0223 protein BH2638 => hypothetical protein
[10:25:10] Modify product: UPF0356 protein M6_Spy1605 => hypothetical protein
[10:25:10] Modify product: Probable manganese-dependent inorganic pyrophosphatase => putative manganese-dependent inorganic pyrophosphatase
[10:25:10] Modify product: UPF0346 protein YozE => hypothetical protein
[10:25:10] Modify product: DegV domain-containing protein SP_1112 => DegV domain-containing protein
[10:25:10] Modify product: Probable capsular polysaccharide biosynthesis protein YwqC => putative capsular polysaccharide biosynthesis protein YwqC
[10:25:10] Modify product: UPF0213 protein SP_1535 => hypothetical protein
[10:25:10] Modify product: UPF0154 protein SA1178 => hypothetical protein
[10:25:10] Modify product: UPF0291 protein SP_1473 => hypothetical protein
[10:25:10] Modify product: Rqc2 homolog RqcH => Rqc2 RqcH
[10:25:10] Modify product: NADH dehydrogenase-like protein SAOUHSC_00878 => NADH dehydrogenase-like protein
[10:25:10] Modify product: Probable ribosomal protein YlxQ => putative ribosomal protein YlxQ
[10:25:10] Modify product: Probable zinc-binding alcohol dehydrogenase Rv1895 => putative zinc-binding alcohol dehydrogenase
[10:25:10] Modify product: Uncharacterized isomerase YddE => putative isomerase YddE
[10:25:10] Modify product: Uncharacterized protein YslB => putative protein YslB
[10:25:11] Modify product: Probable ATP-dependent Clp protease ATP-binding subunit => putative ATP-dependent Clp protease ATP-binding subunit
[10:25:11] Modify product: Probable sulfoacetate transporter SauU => putative sulfoacetate transporter SauU
[10:25:11] Modify product: Uncharacterized FAD-linked oxidoreductase Rv2280 => putative FAD-linked oxidoreductase
[10:25:11] Modify product: Uncharacterized ABC transporter permease Rv0072 => putative ABC transporter permease
[10:25:11] Modify product: GTP cyclohydrolase 1 type 2 homolog => GTP cyclohydrolase 1 type 2 
[10:25:11] Modify product: Uncharacterized transporter YycB => putative transporter YycB
[10:25:11] Modify product: Potassium channel HX13_20290 => Potassium channel
[10:25:11] Modify product: Probable deoxycholate-binding periplasmic protein YgiS => putative deoxycholate-binding periplasmic protein YgiS
[10:25:11] Modify product: Acetyltransferase PA3944 => Acetyltransferase
[10:25:11] Modify product: Uncharacterized protein M6_Spy0233 => putative protein
[10:25:11] Modify product: UPF0702 transmembrane protein YetF => hypothetical protein
[10:25:11] Modify product: Probable transcriptional regulatory protein YebC => putative transcriptional regulatory protein YebC
[10:25:11] Modify product: Uncharacterized protein Spy1614 => putative protein
[10:25:11] Modify product: Uncharacterized protein SA1069 => putative protein
[10:25:11] Modify product: Uncharacterized zinc protease Rv2782c => putative zinc protease
[10:25:11] Modify product: Protease HtpX homolog => Protease HtpX 
[10:25:11] Modify product: Uncharacterized RNA methyltransferase SP_1029 => putative RNA methyltransferase
[10:25:11] Modify product: Probable N-acetyl-LL-diaminopimelate aminotransferase => putative N-acetyl-LL-diaminopimelate aminotransferase
[10:25:11] Modify product: Putative glutamine amidotransferase Rv2859c => Putative glutamine amidotransferase
[10:25:11] Modify product: Probable N-acetyl-LL-diaminopimelate aminotransferase => putative N-acetyl-LL-diaminopimelate aminotransferase
[10:25:11] Modify product: Probable guanidinium efflux system subunit GdnD => putative guanidinium efflux system subunit GdnD
[10:25:11] Modify product: Probable bifunctional oligoribonuclease and PAP phosphatase NrnA => putative bifunctional oligoribonuclease and PAP phosphatase NrnA
[10:25:11] Modify product: UPF0297 protein EF_1202 => hypothetical protein
[10:25:11] Modify product: UPF0473 protein SP_0194 => hypothetical protein
[10:25:11] Modify product: UPF0473 protein SP_0194 => hypothetical protein
[10:25:11] Modify product: Uncharacterized protein YqeN => putative protein YqeN
[10:25:11] Modify product: Probable GTP-binding protein EngB => putative GTP-binding protein EngB
[10:25:11] Modify product: Probable amino-acid ABC transporter-binding protein HI_1080 => putative amino-acid ABC transporter-binding protein
[10:25:11] Modify product: Probable amino-acid-binding protein YxeM => putative amino-acid-binding protein YxeM
[10:25:11] Modify product: Probable amino-acid permease protein YxeN => putative amino-acid permease protein YxeN
[10:25:11] Modify product: Uncharacterized oxidoreductase YhhX => putative oxidoreductase YhhX
[10:25:11] Modify product: Probable glucose uptake protein GlcU => putative glucose uptake protein GlcU
[10:25:11] Modify product: Uncharacterized protein Spy1535 => putative protein
[10:25:11] Modify product: Uncharacterized ABC transporter ATP-binding protein Rv1273c => putative ABC transporter ATP-binding protein
[10:25:11] Modify product: UPF0342 protein SA1663 => hypothetical protein
[10:25:11] Modify product: Probable ABC transporter ATP-binding/permease protein HI_0664 => putative ABC transporter ATP-binding/permease protein
[10:25:11] Modify product: Probable transglycosylase IsaA => putative transglycosylase IsaA
[10:25:11] Modify product: Putative universal stress protein SA1532 => Putative universal stress protein
[10:25:11] Modify product: Probable protein-export membrane protein SecG => putative protein-export membrane protein SecG
[10:25:11] Modify product: UPF0122 protein SP_1288 => hypothetical protein
[10:25:11] Cleaned 129 /product names
[10:25:11] Deleting unwanted file: prokka_FOM_2/FOM_2.sprot.tmp.103538.faa
[10:25:11] Deleting unwanted file: prokka_FOM_2/FOM_2.sprot.tmp.103538.blast
[10:25:11] There are still 861 unannotated CDS left (started with 1785)
[10:25:11] Will use hmmer3 to search against /home/diego/miniconda3/envs/prokka_env/db/hmm/HAMAP.hmm with 20 CPUs
[10:25:11] Running: cat prokka_FOM_2\/FOM_2\.HAMAP\.hmm\.tmp\.103538\.faa | parallel --gnu --plain -j 20 --block 5870 --recstart '>' --pipe hmmscan --noali --notextw --acc -E 1e-09 --cpu 1 /home/diego/miniconda3/envs/prokka_env/db/hmm/HAMAP.hmm /dev/stdin > prokka_FOM_2\/FOM_2\.HAMAP\.hmm\.tmp\.103538\.hmmer3 2> /dev/null
[10:25:15] Modify product: Uncharacterized MFS-type transporter YhhS => putative MFS-type transporter YhhS
[10:25:15] Modify product: Protein SprT-like => Protein SprT-like protein
[10:25:15] Modify product: Uncharacterized MFS-type transporter YhhS => putative MFS-type transporter YhhS
[10:25:15] Modify product: Uncharacterized MFS-type transporter YfcJ => putative MFS-type transporter YfcJ
[10:25:15] Cleaned 4 /product names
[10:25:15] Deleting unwanted file: prokka_FOM_2/FOM_2.HAMAP.hmm.tmp.103538.faa
[10:25:15] Deleting unwanted file: prokka_FOM_2/FOM_2.HAMAP.hmm.tmp.103538.hmmer3
[10:25:15] Labelling remaining 769 proteins as 'hypothetical protein'
[10:25:15] Possible /pseudo 'Phosphate-import permease protein PhnE' at gnl|Prokka|FOM_2_3 position 2593
[10:25:15] Possible /pseudo 'Aryl-phospho-beta-D-glucosidase BglH' at gnl|Prokka|FOM_2_3 position 6244
[10:25:15] Possible /pseudo 'PTS system beta-glucoside-specific EIIBCA component' at gnl|Prokka|FOM_2_3 position 7981
[10:25:15] Possible /pseudo 'Inosine-5'-monophosphate dehydrogenase' at gnl|Prokka|FOM_2_6 position 95999
[10:25:15] Possible /pseudo 'putative amino-acid ABC transporter-binding protein' at gnl|Prokka|FOM_2_8 position 120714
[10:25:15] Possible /pseudo 'Membrane lipoprotein TmpC' at gnl|Prokka|FOM_2_9 position 95249
[10:25:15] Possible /pseudo 'NADH peroxidase' at gnl|Prokka|FOM_2_10 position 77600
[10:25:15] Possible /pseudo 'DNA helicase IV' at gnl|Prokka|FOM_2_11 position 34182
[10:25:15] Possible /pseudo 'Putative fluoride ion transporter CrcB' at gnl|Prokka|FOM_2_15 position 28291
[10:25:15] Possible /pseudo 'putative protein' at gnl|Prokka|FOM_2_15 position 105083
[10:25:15] Found 765 unique /gene codes.
[10:25:15] Fixed 3 duplicate /gene - xylT_1 xylT_2 xylT_3
[10:25:15] Fixed 2 duplicate /gene - ygiS_1 ygiS_2
[10:25:15] Fixed 2 duplicate /gene - aroK_1 aroK_2
[10:25:15] Fixed 2 duplicate /gene - murB_1 murB_2
[10:25:15] Fixed 2 duplicate /gene - kdgK_1 kdgK_2
[10:25:15] Fixed 2 duplicate /gene - thiE_1 thiE_2
[10:25:15] Fixed 3 duplicate /gene - carB_1 carB_2 carB_3
[10:25:15] Fixed 2 duplicate /gene - IMPDH_1 IMPDH_2
[10:25:15] Fixed 3 duplicate /gene - rhaS_1 rhaS_2 rhaS_3
[10:25:15] Fixed 2 duplicate /gene - deaD_1 deaD_2
[10:25:15] Fixed 2 duplicate /gene - dtpT_1 dtpT_2
[10:25:15] Fixed 3 duplicate /gene - xerC_1 xerC_2 xerC_3
[10:25:15] Fixed 2 duplicate /gene - ponA_1 ponA_2
[10:25:15] Fixed 2 duplicate /gene - uvrA_1 uvrA_2
[10:25:15] Fixed 2 duplicate /gene - macB_1 macB_2
[10:25:15] Fixed 3 duplicate /gene - steT_1 steT_2 steT_3
[10:25:15] Fixed 2 duplicate /gene - glpK_1 glpK_2
[10:25:15] Fixed 2 duplicate /gene - tarD_1 tarD_2
[10:25:15] Fixed 2 duplicate /gene - accD_1 accD_2
[10:25:15] Fixed 2 duplicate /gene - gtfA_1 gtfA_2
[10:25:15] Fixed 2 duplicate /gene - map_1 map_2
[10:25:15] Fixed 2 duplicate /gene - dinB_1 dinB_2
[10:25:15] Fixed 2 duplicate /gene - cycA_1 cycA_2
[10:25:15] Fixed 2 duplicate /gene - aroA1_1 aroA1_2
[10:25:15] Fixed 3 duplicate /gene - ybjI_1 ybjI_2 ybjI_3
[10:25:15] Fixed 2 duplicate /gene - yidA_1 yidA_2
[10:25:15] Fixed 3 duplicate /gene - glcU_1 glcU_2 glcU_3
[10:25:15] Fixed 2 duplicate /gene - purK_1 purK_2
[10:25:15] Fixed 2 duplicate /gene - yhhS_1 yhhS_2
[10:25:15] Fixed 2 duplicate /gene - msrA_1 msrA_2
[10:25:15] Fixed 3 duplicate /gene - rpiA_1 rpiA_2 rpiA_3
[10:25:15] Fixed 2 duplicate /gene - accA_1 accA_2
[10:25:15] Fixed 2 duplicate /gene - hutI_1 hutI_2
[10:25:15] Fixed 2 duplicate /gene - epsD_1 epsD_2
[10:25:15] Fixed 2 duplicate /gene - ccpA_1 ccpA_2
[10:25:15] Fixed 6 duplicate /gene - tmpC_1 tmpC_2 tmpC_3 tmpC_4 tmpC_5 tmpC_6
[10:25:15] Fixed 2 duplicate /gene - alx_1 alx_2
[10:25:15] Fixed 2 duplicate /gene - yfeX_1 yfeX_2
[10:25:15] Fixed 5 duplicate /gene - hsrA_1 hsrA_2 hsrA_3 hsrA_4 hsrA_5
[10:25:15] Fixed 2 duplicate /gene - menE_1 menE_2
[10:25:15] Fixed 2 duplicate /gene - mltF_1 mltF_2
[10:25:15] Fixed 3 duplicate /gene - tagU_1 tagU_2 tagU_3
[10:25:15] Fixed 2 duplicate /gene - dacA_1 dacA_2
[10:25:15] Fixed 2 duplicate /gene - srrA_1 srrA_2
[10:25:15] Fixed 2 duplicate /gene - clpE_1 clpE_2
[10:25:15] Fixed 2 duplicate /gene - fabH_1 fabH_2
[10:25:15] Fixed 2 duplicate /gene - yvgN_1 yvgN_2
[10:25:15] Fixed 3 duplicate /gene - tdh_1 tdh_2 tdh_3
[10:25:15] Fixed 2 duplicate /gene - pepV_1 pepV_2
[10:25:15] Fixed 2 duplicate /gene - ackA_1 ackA_2
[10:25:15] Fixed 4 duplicate /gene - bglH_1 bglH_2 bglH_3 bglH_4
[10:25:15] Fixed 2 duplicate /gene - xylB_1 xylB_2
[10:25:15] Fixed 2 duplicate /gene - mhqA_1 mhqA_2
[10:25:15] Fixed 3 duplicate /gene - sasA_1 sasA_2 sasA_3
[10:25:15] Fixed 2 duplicate /gene - bglK_1 bglK_2
[10:25:15] Fixed 2 duplicate /gene - xylP_1 xylP_2
[10:25:15] Fixed 2 duplicate /gene - prs_1 prs_2
[10:25:15] Fixed 3 duplicate /gene - mntH_1 mntH_2 mntH_3
[10:25:15] Fixed 2 duplicate /gene - pbuG_1 pbuG_2
[10:25:15] Fixed 2 duplicate /gene - fabG_1 fabG_2
[10:25:15] Fixed 2 duplicate /gene - iolU_1 iolU_2
[10:25:15] Fixed 2 duplicate /gene - ribBA_1 ribBA_2
[10:25:15] Fixed 2 duplicate /gene - recD2_1 recD2_2
[10:25:15] Fixed 3 duplicate /gene - helD_1 helD_2 helD_3
[10:25:15] Fixed 2 duplicate /gene - oppD_1 oppD_2
[10:25:15] Fixed 2 duplicate /gene - gyrB_1 gyrB_2
[10:25:15] Fixed 2 duplicate /gene - metK_1 metK_2
[10:25:15] Fixed 2 duplicate /gene - oppF_1 oppF_2
[10:25:15] Fixed 3 duplicate /gene - pox5_1 pox5_2 pox5_3
[10:25:15] Fixed 4 duplicate /gene - glnQ_1 glnQ_2 glnQ_3 glnQ_4
[10:25:15] Fixed 3 duplicate /gene - panT_1 panT_2 panT_3
[10:25:15] Fixed 3 duplicate /gene - rluD_1 rluD_2 rluD_3
[10:25:15] Fixed 3 duplicate /gene - npr_1 npr_2 npr_3
[10:25:15] Fixed 2 duplicate /gene - rcsC_1 rcsC_2
[10:25:15] Fixed 2 duplicate /gene - ltaS1_1 ltaS1_2
[10:25:15] Fixed 2 duplicate /gene - wecH_1 wecH_2
[10:25:15] Fixed 5 duplicate /gene - ribZ_1 ribZ_2 ribZ_3 ribZ_4 ribZ_5
[10:25:15] Fixed 2 duplicate /gene - phnE_1 phnE_2
[10:25:15] Fixed 2 duplicate /gene - phoP_1 phoP_2
[10:25:15] Fixed 2 duplicate /gene - rihA_1 rihA_2
[10:25:15] Fixed 2 duplicate /gene - fabZ_1 fabZ_2
[10:25:15] Fixed 2 duplicate /gene - aroC_1 aroC_2
[10:25:15] Fixed 2 duplicate /gene - aldC_1 aldC_2
[10:25:15] Fixed 2 duplicate /gene - rnhA_1 rnhA_2
[10:25:15] Fixed 2 duplicate /gene - yodB_1 yodB_2
[10:25:15] Fixed 2 duplicate /gene - rbsK_1 rbsK_2
[10:25:15] Fixed 2 duplicate /gene - fpgS_1 fpgS_2
[10:25:15] Fixed 2 duplicate /gene - gntT_1 gntT_2
[10:25:15] Fixed 2 duplicate /gene - ydhP_1 ydhP_2
[10:25:15] Fixed 2 duplicate /gene - artM_1 artM_2
[10:25:15] Fixed 2 duplicate /gene - crcB_1 crcB_2
[10:25:15] Fixed 3 duplicate /gene - smc_1 smc_2 smc_3
[10:25:15] Fixed 2 duplicate /gene - topA_1 topA_2
[10:25:15] Fixed 2 duplicate /gene - degV_1 degV_2
[10:25:15] Fixed 2 duplicate /gene - accB_1 accB_2
[10:25:15] Fixed 4 duplicate /gene - carA_1 carA_2 carA_3 carA_4
[10:25:15] Fixed 2 duplicate /gene - tpiA_1 tpiA_2
[10:25:15] Fixed 2 duplicate /gene - femX_1 femX_2
[10:25:15] Fixed 2 duplicate /gene - arcB_1 arcB_2
[10:25:15] Fixed 3 duplicate /gene - garB_1 garB_2 garB_3
[10:25:15] Fixed 2 duplicate /gene - znuC_1 znuC_2
[10:25:15] Fixed 4 duplicate /gene - metQ_1 metQ_2 metQ_3 metQ_4
[10:25:15] Fixed 3 duplicate /gene - polC_1 polC_2 polC_3
[10:25:15] Fixed 2 duplicate /gene - ybiV_1 ybiV_2
[10:25:15] Fixed 3 duplicate /gene - bglF_1 bglF_2 bglF_3
[10:25:15] Fixed 2 duplicate /gene - mntB_1 mntB_2
[10:25:15] Fixed 3 duplicate /gene - bglA_1 bglA_2 bglA_3
[10:25:15] Fixed 2 duplicate /gene - gpmA_1 gpmA_2
[10:25:15] Fixed 2 duplicate /gene - gpsB_1 gpsB_2
[10:25:15] Fixed 2 duplicate /gene - yhdG_1 yhdG_2
[10:25:15] Fixed 2 duplicate /gene - uvrB_1 uvrB_2
[10:25:15] Fixed 3 duplicate /gene - dapX_1 dapX_2 dapX_3
[10:25:15] Fixed 2 duplicate /gene - ybiR_1 ybiR_2
[10:25:15] Fixed 2 duplicate /gene - gmuE_1 gmuE_2
[10:25:15] Fixed 2 duplicate /gene - gdnD_1 gdnD_2
[10:25:15] Fixed 115 colliding /gene names.
[10:25:15] Adding /locus_tag identifiers
[10:25:15] Assigned 1826 locus_tags to CDS and RNA features.
[10:25:15] Writing outputs to prokka_FOM_2/
[10:25:16] Generating annotation statistics file
[10:25:16] Generating Genbank and Sequin files
[10:25:16] Running: tbl2asn -V b -a r10k -l paired-ends -M n -N 1 -y 'Annotated using prokka 1.14.6 from https://github.com/tseemann/prokka' -Z prokka_FOM_2\/FOM_2\.err -i prokka_FOM_2\/FOM_2\.fsa 2> /dev/null
[10:25:18] Deleting unwanted file: prokka_FOM_2/errorsummary.val
[10:25:18] Deleting unwanted file: prokka_FOM_2/FOM_2.dr
[10:25:18] Deleting unwanted file: prokka_FOM_2/FOM_2.fixedproducts
[10:25:18] Deleting unwanted file: prokka_FOM_2/FOM_2.ecn
[10:25:18] Deleting unwanted file: prokka_FOM_2/FOM_2.val
[10:25:18] Repairing broken .GBK output that tbl2asn produces...
[10:25:18] Running: sed 's/COORDINATES: profile/COORDINATES:profile/' < prokka_FOM_2\/FOM_2\.gbf > prokka_FOM_2\/FOM_2\.gbk
[10:25:18] Deleting unwanted file: prokka_FOM_2/FOM_2.gbf
[10:25:18] Output files:
[10:25:18] prokka_FOM_2/FOM_2.fsa
[10:25:18] prokka_FOM_2/FOM_2.err
[10:25:18] prokka_FOM_2/FOM_2.txt
[10:25:18] prokka_FOM_2/FOM_2.gff
[10:25:18] prokka_FOM_2/FOM_2.fna
[10:25:18] prokka_FOM_2/FOM_2.gbk
[10:25:18] prokka_FOM_2/FOM_2.faa
[10:25:18] prokka_FOM_2/FOM_2.sqn
[10:25:18] prokka_FOM_2/FOM_2.tbl
[10:25:18] prokka_FOM_2/FOM_2.ffn
[10:25:18] prokka_FOM_2/FOM_2.tsv
[10:25:18] prokka_FOM_2/FOM_2.log
[10:25:18] Annotation finished successfully.
[10:25:18] Walltime used: 0.52 minutes
[10:25:18] If you use this result please cite the Prokka paper:
[10:25:18] Seemann T (2014) Prokka: rapid prokaryotic genome annotation. Bioinformatics. 30(14):2068-9.
[10:25:18] Type 'prokka --citation' for more details.
[10:25:18] Share and enjoy!
