[10:29:19] This is prokka 1.14.6
[10:29:19] Written by Torsten Seemann <torsten.seemann@gmail.com>
[10:29:19] Homepage is https://github.com/tseemann/prokka
[10:29:19] Local time is Thu Oct 30 10:29:19 2025
[10:29:19] You are diego
[10:29:19] Operating system is linux
[10:29:19] You have BioPerl 1.7.8
[10:29:19] System has 20 cores.
[10:29:19] Will use maximum of 20 cores.
[10:29:19] Annotating as >>> Bacteria <<<
[10:29:19] Enabling options to ensure Genbank/ENA/DDJB submission compliance.
[10:29:19] Creating new output folder: prokka_UBT_4
[10:29:19] Running: mkdir -p prokka_UBT_4
[10:29:19] Using filename prefix: UBT_4.XXX
[10:29:19] Setting HMMER_NCPU=1
[10:29:19] Writing log to: prokka_UBT_4/UBT_4.log
[10:29:19] Command: /home/diego/miniconda3/envs/prokka_env/bin/prokka UBT_4.fasta --outdir prokka_UBT_4 --prefix UBT_4 --compliant --cpus 20 --locustag UBT_4
[10:29:19] Appending to PATH: /home/diego/miniconda3/envs/prokka_env/bin
[10:29:19] Looking for 'aragorn' - found /home/diego/miniconda3/envs/prokka_env/bin/aragorn
[10:29:19] Determined aragorn version is 001002 from 'ARAGORN v1.2.41 Dean Laslett'
[10:29:19] Looking for 'barrnap' - found /home/diego/miniconda3/envs/prokka_env/bin/barrnap
[10:29:19] Determined barrnap version is 000009 from 'barrnap 0.9'
[10:29:19] Looking for 'blastp' - found /home/diego/miniconda3/envs/prokka_env/bin/blastp
[10:29:20] Determined blastp version is 002015 from 'blastp: 2.15.0+'
[10:29:20] Looking for 'cmpress' - found /home/diego/miniconda3/envs/prokka_env/bin/cmpress
[10:29:20] Determined cmpress version is 001001 from '# INFERNAL 1.1.5 (Sep 2023)'
[10:29:20] Looking for 'cmscan' - found /home/diego/miniconda3/envs/prokka_env/bin/cmscan
[10:29:20] Determined cmscan version is 001001 from '# INFERNAL 1.1.5 (Sep 2023)'
[10:29:20] Looking for 'egrep' - found /usr/bin/egrep
[10:29:20] Looking for 'find' - found /usr/bin/find
[10:29:20] Looking for 'grep' - found /usr/bin/grep
[10:29:20] Looking for 'hmmpress' - found /home/diego/miniconda3/envs/prokka_env/bin/hmmpress
[10:29:20] Determined hmmpress version is 003004 from '# HMMER 3.4 (Aug 2023); http://hmmer.org/'
[10:29:20] Looking for 'hmmscan' - found /home/diego/miniconda3/envs/prokka_env/bin/hmmscan
[10:29:20] Determined hmmscan version is 003004 from '# HMMER 3.4 (Aug 2023); http://hmmer.org/'
[10:29:20] Looking for 'java' - found /home/diego/miniconda3/envs/prokka_env/bin/java
[10:29:20] Looking for 'makeblastdb' - found /home/diego/miniconda3/envs/prokka_env/bin/makeblastdb
[10:29:20] Determined makeblastdb version is 002015 from 'makeblastdb: 2.15.0+'
[10:29:20] Looking for 'minced' - found /home/diego/miniconda3/envs/prokka_env/bin/minced
[10:29:20] Determined minced version is 004002 from 'minced 0.4.2'
[10:29:20] Looking for 'parallel' - found /home/diego/miniconda3/envs/prokka_env/bin/parallel
[10:29:20] Determined parallel version is 20240122 from 'GNU parallel 20240122'
[10:29:20] Looking for 'prodigal' - found /home/diego/miniconda3/envs/prokka_env/bin/prodigal
[10:29:20] Determined prodigal version is 002006 from 'Prodigal V2.6.3: February, 2016'
[10:29:20] Looking for 'prokka-genbank_to_fasta_db' - found /home/diego/miniconda3/envs/prokka_env/bin/prokka-genbank_to_fasta_db
[10:29:20] Looking for 'rnammer' - found /home/diego/rnammer-1.2.src/rnammer
[10:29:20] Determined rnammer version is 001002 from 'This rnammer 1.2, running from '/home/diego/rnammer-1.2.src/''
[10:29:20] Looking for 'sed' - found /usr/bin/sed
[10:29:20] Looking for 'tbl2asn' - found /home/diego/miniconda3/envs/prokka_env/bin/tbl2asn
[10:29:20] Determined tbl2asn version is 025007 from 'tbl2asn 25.7   arguments:'
[10:29:20] Using genetic code table 11.
[10:29:20] Loading and checking input file: UBT_4.fasta
[10:29:20] Wrote 51 contigs totalling 1694157 bp.
[10:29:20] Predicting tRNAs and tmRNAs
[10:29:20] Running: aragorn -l -gc11  -w prokka_UBT_4\/UBT_4\.fna
[10:29:20] 1 tRNA-Gln [44,116] 33 (ttg)
[10:29:20] 1 tRNA-Leu c[18916,19001] 36 (caa)
[10:29:20] 2 tRNA-Leu c[19053,19139] 36 (caa)
[10:29:20] 3 tRNA-His c[19182,19255] 34 (gtg)
[10:29:20] 4 tRNA-Trp c[19269,19340] 33 (cca)
[10:29:20] 5 tRNA-Phe c[19367,19441] 35 (gaa)
[10:29:20] 6 tRNA-Asp c[19446,19521] 36 (gtc)
[10:29:20] 7 tRNA-Val c[19522,19596] 35 (tac)
[10:29:20] 8 tRNA-Cys [32741,32812] 33 (gca)
[10:29:20] 9 tRNA-Thr c[86745,86819] 35 (cgt)
[10:29:20] 1 tRNA-Ser c[70127,70215] 35 (gct)
[10:29:20] 2 tRNA-Ile c[70241,70316] 36 (gat)
[10:29:20] 1 tRNA-Arg [36599,36673] 36 (cct)
[10:29:20] 1 tRNA-Glu [24039,24112] 35 (ttc)
[10:29:20] 2 tRNA-Glu [24146,24219] 35 (ttc)
[10:29:20] 3 tRNA-Glu [24252,24326] 35 (ttc)
[10:29:20] 4 tRNA-Ser [24421,24509] 33 (cga)
[10:29:20] 5 tRNA-Leu c[59233,59318] 36 (cag)
[10:29:20] 1 tRNA-Gly c[16677,16748] 34 (tcc)
[10:29:20] 1 tRNA-Ser c[30272,30361] 37 (tga)
[10:29:20] 2 tRNA-Met c[30366,30441] 36 (cat)
[10:29:20] 3 tRNA-Ser c[30477,30566] 37 (tga)
[10:29:20] 4 tRNA-Leu c[41324,41409] 36 (aag)
[10:29:20] 1 tRNA-Arg c[3289,3364] 36 (acg)
[10:29:20] 2 tRNA-Gly c[41896,41967] 34 (tcc)
[10:29:20] 3 tRNA-Met c[41997,42072] 36 (cat)
[10:29:20] 4 tRNA-Pro c[42076,42151] 36 (tgg)
[10:29:20] 5 tRNA-Arg c[42198,42272] 36 (acg)
[10:29:20] 6 tRNA-Val c[42274,42348] 35 (tac)
[10:29:20] 7 tRNA-Ser c[42351,42439] 37 (gga)
[10:29:20] 1 tmRNA c[13955,14318] 88,126 ANNSQNTYAVAA*
[10:29:20] 1 tRNA-Gln c[34215,34287] 33 (ttg)
[10:29:20] 2 tRNA-Gln c[34611,34683] 33 (ttg)
[10:29:20] 1 tRNA-Glu c[3611,3685] 35 (ctc)
[10:29:20] 2 tRNA-Glu c[3713,3786] 35 (ctc)
[10:29:20] 3 tRNA-Asn c[17843,17917] 34 (gtt)
[10:29:20] 4 tRNA-Asn c[17945,18018] 34 (gtt)
[10:29:20] 5 tRNA-Asn c[18047,18120] 34 (gtt)
[10:29:20] 1 tRNA-Glu [20378,20451] 35 (ttc)
[10:29:20] 1 tRNA-Arg [22928,23003] 36 (tct)
[10:29:20] 1 tRNA-His [27,100] 34 (gtg)
[10:29:20] 2 tRNA-Leu [121,206] 36 (caa)
[10:29:20] 3 tRNA-Pro [257,333] 36 (tgg)
[10:29:20] 4 tRNA-Arg c[18586,18660] 35 (ccg)
[10:29:20] 1 tRNA-Lys [10453,10529] 35 (ctt)
[10:29:20] 2 tRNA-Lys [10691,10767] 35 (ctt)
[10:29:20] 3 tRNA-Lys [10938,11014] 35 (ctt)
[10:29:20] 4 tRNA-Lys [11276,11352] 35 (ctt)
[10:29:20] 1 tRNA-Leu [5261,5344] 36 (tag)
[10:29:20] 2 tRNA-Thr [5365,5439] 35 (agt)
[10:29:20] 1 tRNA-Gln [2870,2943] 34 (ctg)
[10:29:20] 1 tRNA-Arg c[4778,4853] 36 (acg)
[10:29:20] 2 tRNA-Gly c[4890,4962] 34 (gcc)
[10:29:20] 1 tRNA-Arg c[4775,4850] 36 (acg)
[10:29:20] 2 tRNA-Gly c[4884,4956] 34 (gcc)
[10:29:20] 1 tRNA-Leu [4470,4553] 36 (tag)
[10:29:20] 2 tRNA-Thr [4573,4647] 35 (agt)
[10:29:20] Found 57 tRNAs
[10:29:20] Predicting Ribosomal RNAs
[10:29:20] Running Barrnap with 20 threads
[10:29:20] 1 gnl|Prokka|UBT_4_13 42524 5S ribosomal RNA
[10:29:20] Found 1 rRNAs
[10:29:20] Skipping ncRNA search, enable with --rfam if desired.
[10:29:20] Total of 57 tRNA + rRNA features
[10:29:20] Searching for CRISPR repeats
[10:29:21] Found 0 CRISPRs
[10:29:21] Predicting coding sequences
[10:29:21] Contigs total 1694157 bp, so using single mode
[10:29:21] Running: prodigal -i prokka_UBT_4\/UBT_4\.fna -c -m -g 11 -p single -f sco -q
[10:29:22] Found 1557 CDS
[10:29:22] Connecting features back to sequences
[10:29:22] Not using genus-specific database. Try --usegenus to enable it.
[10:29:22] Annotating CDS, please be patient.
[10:29:22] Will use 20 CPUs for similarity searching.
[10:29:22] There are still 1557 unannotated CDS left (started with 1557)
[10:29:22] Will use blast to search against /home/diego/miniconda3/envs/prokka_env/db/kingdom/Bacteria/IS with 20 CPUs
[10:29:22] Running: cat prokka_UBT_4\/UBT_4\.IS\.tmp\.123897\.faa | parallel --gnu --plain -j 20 --block 12513 --recstart '>' --pipe blastp -query - -db /home/diego/miniconda3/envs/prokka_env/db/kingdom/Bacteria/IS -evalue 1e-30 -qcov_hsp_perc 90 -num_threads 1 -num_descriptions 1 -num_alignments 1 -seg no > prokka_UBT_4\/UBT_4\.IS\.tmp\.123897\.blast 2> /dev/null
[10:29:25] Deleting unwanted file: prokka_UBT_4/UBT_4.IS.tmp.123897.faa
[10:29:25] Deleting unwanted file: prokka_UBT_4/UBT_4.IS.tmp.123897.blast
[10:29:25] There are still 1555 unannotated CDS left (started with 1557)
[10:29:25] Will use blast to search against /home/diego/miniconda3/envs/prokka_env/db/kingdom/Bacteria/AMR with 20 CPUs
[10:29:25] Running: cat prokka_UBT_4\/UBT_4\.AMR\.tmp\.123897\.faa | parallel --gnu --plain -j 20 --block 12503 --recstart '>' --pipe blastp -query - -db /home/diego/miniconda3/envs/prokka_env/db/kingdom/Bacteria/AMR -evalue 1e-300 -qcov_hsp_perc 90 -num_threads 1 -num_descriptions 1 -num_alignments 1 -seg no > prokka_UBT_4\/UBT_4\.AMR\.tmp\.123897\.blast 2> /dev/null
[10:29:28] Deleting unwanted file: prokka_UBT_4/UBT_4.AMR.tmp.123897.faa
[10:29:28] Deleting unwanted file: prokka_UBT_4/UBT_4.AMR.tmp.123897.blast
[10:29:28] There are still 1555 unannotated CDS left (started with 1557)
[10:29:28] Will use blast to search against /home/diego/miniconda3/envs/prokka_env/db/kingdom/Bacteria/sprot with 20 CPUs
[10:29:28] Running: cat prokka_UBT_4\/UBT_4\.sprot\.tmp\.123897\.faa | parallel --gnu --plain -j 20 --block 12503 --recstart '>' --pipe blastp -query - -db /home/diego/miniconda3/envs/prokka_env/db/kingdom/Bacteria/sprot -evalue 1e-09 -qcov_hsp_perc 80 -num_threads 1 -num_descriptions 1 -num_alignments 1 -seg no > prokka_UBT_4\/UBT_4\.sprot\.tmp\.123897\.blast 2> /dev/null
[10:29:42] Modify product: UPF0758 protein CT0611 => hypothetical protein
[10:29:42] Modify product: Probable transglycosylase IsaA => putative transglycosylase IsaA
[10:29:42] Modify product: Probable ribosomal protein YlxQ => putative ribosomal protein YlxQ
[10:29:42] Modify product: NADH dehydrogenase-like protein SAOUHSC_00878 => NADH dehydrogenase-like protein
[10:29:42] Modify product: Rqc2 homolog RqcH => Rqc2 RqcH
[10:29:42] Modify product: Uncharacterized RNA methyltransferase SP_1029 => putative RNA methyltransferase
[10:29:42] Modify product: Uncharacterized oxidoreductase SpyM50865 => putative oxidoreductase
[10:29:42] Modify product: Uncharacterized protein YlbL => putative protein YlbL
[10:29:42] Modify product: Probable peptidoglycan glycosyltransferase FtsW => putative peptidoglycan glycosyltransferase FtsW
[10:29:42] Modify product: UPF0342 protein YheA => hypothetical protein
[10:29:42] Modify product: Putative glutamine amidotransferase Rv2859c => Putative glutamine amidotransferase
[10:29:42] Modify product: Uncharacterized RNA methyltransferase SP_1029 => putative RNA methyltransferase
[10:29:42] Modify product: Protease HtpX homolog => Protease HtpX 
[10:29:42] Modify product: Putative esterase HI_1161 => Putative esterase
[10:29:42] Modify product: Uncharacterized amino acid permease YhdG => putative amino acid permease YhdG
[10:29:42] Modify product: Probable transport protein YifK => putative transport protein YifK
[10:29:42] Modify product: Probable glucose uptake protein GlcU => putative glucose uptake protein GlcU
[10:29:42] Modify product: Probable transport protein HsrA => putative transport protein HsrA
[10:29:42] Modify product: Uncharacterized protein YpjQ => putative protein YpjQ
[10:29:42] Modify product: Uncharacterized amino acid permease YhdG => putative amino acid permease YhdG
[10:29:42] Modify product: UPF0324 inner membrane protein YeiH => hypothetical protein
[10:29:42] Modify product: Probable tRNA-dihydrouridine synthase => putative tRNA-dihydrouridine synthase
[10:29:42] Modify product: Probable amino-acid ABC transporter-binding protein HI_1080 => putative amino-acid ABC transporter-binding protein
[10:29:42] Modify product: Probable amino-acid ABC transporter-binding protein HI_1080 => putative amino-acid ABC transporter-binding protein
[10:29:42] Modify product: Probable iron export permease protein FetB => putative iron export permease protein FetB
[10:29:42] Modify product: Probable iron export ATP-binding protein FetA => putative iron export ATP-binding protein FetA
[10:29:42] Modify product: DegV domain-containing protein SP_1112 => DegV domain-containing protein
[10:29:42] Modify product: UPF0346 protein YozE => hypothetical protein
[10:29:42] Modify product: Probable manganese-dependent inorganic pyrophosphatase => putative manganese-dependent inorganic pyrophosphatase
[10:29:42] Modify product: UPF0356 protein M6_Spy1605 => hypothetical protein
[10:29:42] Modify product: UPF0223 protein BH2638 => hypothetical protein
[10:29:42] Modify product: Uncharacterized oxidoreductase YhhX => putative oxidoreductase YhhX
[10:29:42] Modify product: Uncharacterized protein Rv2915c => putative protein
[10:29:42] Modify product: Probable N-acetyl-LL-diaminopimelate aminotransferase => putative N-acetyl-LL-diaminopimelate aminotransferase
[10:29:42] Modify product: TelA-like protein SA1238 => TelA-like protein
[10:29:42] Modify product: Probable guanidinium efflux system subunit GdnD => putative guanidinium efflux system subunit GdnD
[10:29:42] Modify product: Probable guanidinium efflux system subunit GdnC => putative guanidinium efflux system subunit GdnC
[10:29:42] Modify product: Probable ATP-dependent Clp protease ATP-binding subunit => putative ATP-dependent Clp protease ATP-binding subunit
[10:29:42] Modify product: Probable succinyl-diaminopimelate desuccinylase => putative succinyl-diaminopimelate desuccinylase
[10:29:42] Modify product: Probable deoxycholate-binding periplasmic protein YgiS => putative deoxycholate-binding periplasmic protein YgiS
[10:29:42] Modify product: Probable glutamine ABC transporter permease protein GlnP => putative glutamine ABC transporter permease protein GlnP
[10:29:42] Modify product: Probable glutamine ABC transporter permease protein GlnM => putative glutamine ABC transporter permease protein GlnM
[10:29:42] Modify product: Putative dipeptidase SA1572 => Putative dipeptidase
[10:29:42] Modify product: Putative universal stress protein SA1532 => Putative universal stress protein
[10:29:42] Modify product: Probable ABC transporter ATP-binding/permease protein HI_0664 => putative ABC transporter ATP-binding/permease protein
[10:29:42] Modify product: Uncharacterized protein M6_Spy0233 => putative protein
[10:29:42] Modify product: Uncharacterized inner membrane transporter YicL => putative inner membrane transporter YicL
[10:29:42] Modify product: Uncharacterized transporter Rv1979c => putative transporter
[10:29:42] Modify product: Probable acrylyl-CoA reductase AcuI => putative acrylyl-CoA reductase AcuI
[10:29:42] Modify product: Uncharacterized ABC transporter ATP-binding protein YknY => putative ABC transporter ATP-binding protein YknY
[10:29:42] Modify product: Probable N-acetyl-LL-diaminopimelate aminotransferase => putative N-acetyl-LL-diaminopimelate aminotransferase
[10:29:42] Modify product: Probable N-acetyl-LL-diaminopimelate aminotransferase => putative N-acetyl-LL-diaminopimelate aminotransferase
[10:29:42] Modify product: Putative universal stress protein SA1532 => Putative universal stress protein
[10:29:42] Modify product: Uncharacterized protein HP_1423 => putative protein
[10:29:42] Modify product: Uncharacterized protein M6_Spy0233 => putative protein
[10:29:42] Modify product: DegV domain-containing protein SP_1112 => DegV domain-containing protein
[10:29:42] Modify product: Uncharacterized protein YqeH => putative protein YqeH
[10:29:42] Modify product: RNA-binding protein HI_1333 => RNA-binding protein
[10:29:42] Modify product: Potassium channel HX13_20290 => Potassium channel
[10:29:42] Modify product: Probable GTP-binding protein EngB => putative GTP-binding protein EngB
[10:29:42] Modify product: Probable deoxycholate-binding periplasmic protein YgiS => putative deoxycholate-binding periplasmic protein YgiS
[10:29:42] Modify product: Putative acetyltransferase SA2342 => Putative acetyltransferase
[10:29:42] Modify product: Uncharacterized ABC transporter ATP-binding protein YheS => putative ABC transporter ATP-binding protein YheS
[10:29:42] Modify product: Uncharacterized oxidoreductase MSMEG_2408/MSMEI_2347 => putative oxidoreductase/MSMEI_2347
[10:29:42] Modify product: Putative zinc metalloprotease SA1105 => Putative zinc metalloprotease
[10:29:42] Modify product: Glucuronide carrier protein homolog => Glucuronide carrier protein 
[10:29:42] Modify product: Probable glucose uptake protein GlcU => putative glucose uptake protein GlcU
[10:29:42] Modify product: Uncharacterized protein YedJ => putative protein YedJ
[10:29:42] Modify product: Uncharacterized ABC transporter ATP-binding protein YbiT => putative ABC transporter ATP-binding protein YbiT
[10:29:42] Modify product: Probable glucosamine-6-phosphate deaminase 2 => putative glucosamine-6-phosphate deaminase 2
[10:29:42] Modify product: Probable allantoin permease => putative allantoin permease
[10:29:42] Modify product: Uncharacterized glycosyltransferase sll0501 => putative glycosyltransferase
[10:29:42] Modify product: Glucuronide carrier protein homolog => Glucuronide carrier protein 
[10:29:42] Modify product: Uncharacterized ABC transporter ATP-binding protein Rv1273c => putative ABC transporter ATP-binding protein
[10:29:42] Modify product: Uncharacterized ABC transporter ATP-binding protein TM_0288 => putative ABC transporter ATP-binding protein
[10:29:42] Modify product: Uncharacterized sugar epimerase YhfK => putative sugar epimerase YhfK
[10:29:42] Modify product: Uncharacterized protein YqgN => putative protein YqgN
[10:29:42] Modify product: Uncharacterized protein SA1069 => putative protein
[10:29:42] Modify product: Uncharacterized protein Spy1614 => putative protein
[10:29:42] Modify product: Bifunctional protein FolD => Bifunctional protein FolD protein
[10:29:42] Modify product: UPF0397 protein SP_0482 => hypothetical protein
[10:29:42] Modify product: Probable cell division protein WhiA => putative cell division protein WhiA
[10:29:42] Modify product: Probable transport protein HsrA => putative transport protein HsrA
[10:29:42] Modify product: Glutathione peroxidase homolog BsaA => Glutathione peroxidase BsaA
[10:29:42] Modify product: UPF0145 protein YbjQ => hypothetical protein
[10:29:42] Modify product: UPF0122 protein SP_1288 => hypothetical protein
[10:29:42] Modify product: Uncharacterized protein HP_1423 => putative protein
[10:29:42] Modify product: Probable multidrug resistance ABC transporter ATP-binding/permease protein YheI => putative multidrug resistance ABC transporter ATP-binding/permease protein YheI
[10:29:42] Modify product: Probable multidrug resistance ABC transporter ATP-binding/permease protein YheH => putative multidrug resistance ABC transporter ATP-binding/permease protein YheH
[10:29:42] Modify product: UPF0398 protein SP_0371 => hypothetical protein
[10:29:42] Modify product: Acetyltransferase SACOL1063 => Acetyltransferase
[10:29:42] Modify product: Uncharacterized transporter YycB => putative transporter YycB
[10:29:42] Modify product: Uncharacterized membrane protein YdfK => putative membrane protein YdfK
[10:29:42] Modify product: Uncharacterized ABC transporter ATP-binding protein Rv1273c => putative ABC transporter ATP-binding protein
[10:29:42] Modify product: Uncharacterized ABC transporter ATP-binding protein Rv1273c => putative ABC transporter ATP-binding protein
[10:29:42] Modify product: Uncharacterized ABC transporter ATP-binding protein TM_0288 => putative ABC transporter ATP-binding protein
[10:29:42] Modify product: Uncharacterized beta-barrel protein YwiB => putative beta-barrel protein YwiB
[10:29:42] Modify product: Uncharacterized transporter YycB => putative transporter YycB
[10:29:42] Modify product: Probable succinyl-diaminopimelate desuccinylase => putative succinyl-diaminopimelate desuccinylase
[10:29:42] Modify product: Phosphate-specific transport system accessory protein PhoU homolog => Phosphate-specific transport system accessory protein PhoU 
[10:29:42] Modify product: UPF0213 protein EF_2693 => hypothetical protein
[10:29:42] Modify product: UPF0154 protein SA1178 => hypothetical protein
[10:29:42] Modify product: UPF0291 protein SP_1473 => hypothetical protein
[10:29:42] Modify product: Uncharacterized protein YqeY => putative protein YqeY
[10:29:42] Modify product: Probable autolysin LDP => putative autolysin LDP
[10:29:42] Modify product: Putative universal stress protein SA1532 => Putative universal stress protein
[10:29:42] Cleaned 106 /product names
[10:29:42] Deleting unwanted file: prokka_UBT_4/UBT_4.sprot.tmp.123897.faa
[10:29:42] Deleting unwanted file: prokka_UBT_4/UBT_4.sprot.tmp.123897.blast
[10:29:42] There are still 716 unannotated CDS left (started with 1557)
[10:29:42] Will use hmmer3 to search against /home/diego/miniconda3/envs/prokka_env/db/hmm/HAMAP.hmm with 20 CPUs
[10:29:42] Running: cat prokka_UBT_4\/UBT_4\.HAMAP\.hmm\.tmp\.123897\.faa | parallel --gnu --plain -j 20 --block 4982 --recstart '>' --pipe hmmscan --noali --notextw --acc -E 1e-09 --cpu 1 /home/diego/miniconda3/envs/prokka_env/db/hmm/HAMAP.hmm /dev/stdin > prokka_UBT_4\/UBT_4\.HAMAP\.hmm\.tmp\.123897\.hmmer3 2> /dev/null
[10:29:47] Modify product: Uncharacterized MFS-type transporter YhhS => putative MFS-type transporter YhhS
[10:29:47] Modify product: Uncharacterized MFS-type transporter YhhS => putative MFS-type transporter YhhS
[10:29:47] Modify product: Protein SprT-like => Protein SprT-like protein
[10:29:47] Modify product: Uncharacterized MFS-type transporter YhhS => putative MFS-type transporter YhhS
[10:29:47] Cleaned 4 /product names
[10:29:47] Deleting unwanted file: prokka_UBT_4/UBT_4.HAMAP.hmm.tmp.123897.faa
[10:29:47] Deleting unwanted file: prokka_UBT_4/UBT_4.HAMAP.hmm.tmp.123897.hmmer3
[10:29:47] Labelling remaining 636 proteins as 'hypothetical protein'
[10:29:47] Possible /pseudo 'UDP-N-acetylglucosamine--peptide N-acetylglucosaminyltransferase GtfA subunit' at gnl|Prokka|UBT_4_3 position 41447
[10:29:47] Possible /pseudo '2-hydroxy-3-oxopropionate reductase' at gnl|Prokka|UBT_4_3 position 43665
[10:29:47] Possible /pseudo 'Putative fluoride ion transporter CrcB' at gnl|Prokka|UBT_4_4 position 29350
[10:29:47] Possible /pseudo 'Membrane lipoprotein TmpC' at gnl|Prokka|UBT_4_9 position 4257
[10:29:47] Possible /pseudo 'PTS system beta-glucoside-specific EIIBCA component' at gnl|Prokka|UBT_4_10 position 20007
[10:29:47] Possible /pseudo 'Adenine permease AdeP' at gnl|Prokka|UBT_4_11 position 23817
[10:29:47] Possible /pseudo 'Lichenan permease IIC component' at gnl|Prokka|UBT_4_15 position 10123
[10:29:47] Possible /pseudo 'putative ABC transporter ATP-binding protein' at gnl|Prokka|UBT_4_19 position 9753
[10:29:47] Possible /pseudo 'Phosphate import ATP-binding protein PstB 3' at gnl|Prokka|UBT_4_26 position 6439
[10:29:47] Possible /pseudo 'putative protein' at gnl|Prokka|UBT_4_32 position 20335
[10:29:47] Possible /pseudo 'putative ABC transporter ATP-binding protein' at gnl|Prokka|UBT_4_37 position 4360
[10:29:47] Found 657 unique /gene codes.
[10:29:47] Fixed 2 duplicate /gene - pheS_1 pheS_2
[10:29:47] Fixed 3 duplicate /gene - dapX_1 dapX_2 dapX_3
[10:29:47] Fixed 2 duplicate /gene - fadR_1 fadR_2
[10:29:47] Fixed 2 duplicate /gene - tdk_1 tdk_2
[10:29:47] Fixed 2 duplicate /gene - bglH_1 bglH_2
[10:29:47] Fixed 2 duplicate /gene - hslO_1 hslO_2
[10:29:47] Fixed 2 duplicate /gene - metC_1 metC_2
[10:29:47] Fixed 2 duplicate /gene - glgD_1 glgD_2
[10:29:47] Fixed 3 duplicate /gene - sasA_1 sasA_2 sasA_3
[10:29:47] Fixed 2 duplicate /gene - pstB3_1 pstB3_2
[10:29:47] Fixed 3 duplicate /gene - rpiA_1 rpiA_2 rpiA_3
[10:29:47] Fixed 4 duplicate /gene - yvgN_1 yvgN_2 yvgN_3 yvgN_4
[10:29:47] Fixed 2 duplicate /gene - mfd_1 mfd_2
[10:29:47] Fixed 2 duplicate /gene - deaD_1 deaD_2
[10:29:47] Fixed 2 duplicate /gene - lysS_1 lysS_2
[10:29:47] Fixed 2 duplicate /gene - tadA_1 tadA_2
[10:29:47] Fixed 3 duplicate /gene - rcsC_1 rcsC_2 rcsC_3
[10:29:47] Fixed 2 duplicate /gene - nmtR_1 nmtR_2
[10:29:47] Fixed 2 duplicate /gene - glnP_1 glnP_2
[10:29:47] Fixed 2 duplicate /gene - artM_1 artM_2
[10:29:47] Fixed 2 duplicate /gene - atpC_1 atpC_2
[10:29:47] Fixed 2 duplicate /gene - rpe_1 rpe_2
[10:29:47] Fixed 2 duplicate /gene - degV_1 degV_2
[10:29:47] Fixed 3 duplicate /gene - hpt_1 hpt_2 hpt_3
[10:29:47] Fixed 2 duplicate /gene - femX_1 femX_2
[10:29:47] Fixed 2 duplicate /gene - rpmG3_1 rpmG3_2
[10:29:47] Fixed 3 duplicate /gene - xylB_1 xylB_2 xylB_3
[10:29:47] Fixed 2 duplicate /gene - dapE_1 dapE_2
[10:29:47] Fixed 2 duplicate /gene - noxE_1 noxE_2
[10:29:47] Fixed 2 duplicate /gene - fmt_1 fmt_2
[10:29:47] Fixed 2 duplicate /gene - accD_1 accD_2
[10:29:47] Fixed 2 duplicate /gene - cpdB_1 cpdB_2
[10:29:47] Fixed 2 duplicate /gene - ybjI_1 ybjI_2
[10:29:47] Fixed 2 duplicate /gene - glgA_1 glgA_2
[10:29:47] Fixed 3 duplicate /gene - bdhA_1 bdhA_2 bdhA_3
[10:29:47] Fixed 2 duplicate /gene - fabZ_1 fabZ_2
[10:29:47] Fixed 2 duplicate /gene - pox5_1 pox5_2
[10:29:47] Fixed 3 duplicate /gene - mntH_1 mntH_2 mntH_3
[10:29:47] Fixed 2 duplicate /gene - rihA_1 rihA_2
[10:29:47] Fixed 2 duplicate /gene - bglA_1 bglA_2
[10:29:47] Fixed 2 duplicate /gene - apu_1 apu_2
[10:29:47] Fixed 2 duplicate /gene - purK_1 purK_2
[10:29:47] Fixed 3 duplicate /gene - oppF_1 oppF_2 oppF_3
[10:29:47] Fixed 2 duplicate /gene - polC_1 polC_2
[10:29:47] Fixed 2 duplicate /gene - glnH_1 glnH_2
[10:29:47] Fixed 2 duplicate /gene - rlmA_1 rlmA_2
[10:29:47] Fixed 2 duplicate /gene - pgaC_1 pgaC_2
[10:29:47] Fixed 2 duplicate /gene - dnaC_1 dnaC_2
[10:29:47] Fixed 2 duplicate /gene - crcB_1 crcB_2
[10:29:47] Fixed 2 duplicate /gene - oppB_1 oppB_2
[10:29:47] Fixed 3 duplicate /gene - yhhS_1 yhhS_2 yhhS_3
[10:29:47] Fixed 2 duplicate /gene - xylT_1 xylT_2
[10:29:47] Fixed 2 duplicate /gene - secA_1 secA_2
[10:29:47] Fixed 2 duplicate /gene - pstS1_1 pstS1_2
[10:29:47] Fixed 2 duplicate /gene - msrA_1 msrA_2
[10:29:47] Fixed 2 duplicate /gene - luxS_1 luxS_2
[10:29:47] Fixed 2 duplicate /gene - accA_1 accA_2
[10:29:47] Fixed 2 duplicate /gene - glnQ_1 glnQ_2
[10:29:47] Fixed 2 duplicate /gene - tdh_1 tdh_2
[10:29:47] Fixed 2 duplicate /gene - rbsK_1 rbsK_2
[10:29:47] Fixed 2 duplicate /gene - uidB_1 uidB_2
[10:29:47] Fixed 2 duplicate /gene - nagC_1 nagC_2
[10:29:47] Fixed 2 duplicate /gene - glgP_1 glgP_2
[10:29:47] Fixed 2 duplicate /gene - hsrA_1 hsrA_2
[10:29:47] Fixed 2 duplicate /gene - ccpA_1 ccpA_2
[10:29:47] Fixed 2 duplicate /gene - thiE_1 thiE_2
[10:29:47] Fixed 2 duplicate /gene - mhqA_1 mhqA_2
[10:29:47] Fixed 2 duplicate /gene - mrnC_1 mrnC_2
[10:29:47] Fixed 3 duplicate /gene - srrA_1 srrA_2 srrA_3
[10:29:47] Fixed 2 duplicate /gene - yidA_1 yidA_2
[10:29:47] Fixed 2 duplicate /gene - rsmC_1 rsmC_2
[10:29:47] Fixed 2 duplicate /gene - btuD_1 btuD_2
[10:29:47] Fixed 4 duplicate /gene - licC_1 licC_2 licC_3 licC_4
[10:29:47] Fixed 2 duplicate /gene - ftsH_1 ftsH_2
[10:29:47] Fixed 2 duplicate /gene - tilS_1 tilS_2
[10:29:47] Fixed 3 duplicate /gene - xerC_1 xerC_2 xerC_3
[10:29:47] Fixed 3 duplicate /gene - rhaS_1 rhaS_2 rhaS_3
[10:29:47] Fixed 2 duplicate /gene - panT_1 panT_2
[10:29:47] Fixed 2 duplicate /gene - priA_1 priA_2
[10:29:47] Fixed 2 duplicate /gene - dppC_1 dppC_2
[10:29:47] Fixed 2 duplicate /gene - pth_1 pth_2
[10:29:47] Fixed 2 duplicate /gene - topA_1 topA_2
[10:29:47] Fixed 2 duplicate /gene - mntB_1 mntB_2
[10:29:47] Fixed 2 duplicate /gene - rsmB_1 rsmB_2
[10:29:47] Fixed 3 duplicate /gene - oppD_1 oppD_2 oppD_3
[10:29:47] Fixed 2 duplicate /gene - yycB_1 yycB_2
[10:29:47] Fixed 2 duplicate /gene - macB_1 macB_2
[10:29:47] Fixed 2 duplicate /gene - xylP_1 xylP_2
[10:29:47] Fixed 2 duplicate /gene - steT_1 steT_2
[10:29:47] Fixed 2 duplicate /gene - ygiS_1 ygiS_2
[10:29:47] Fixed 2 duplicate /gene - dacA_1 dacA_2
[10:29:47] Fixed 2 duplicate /gene - murE_1 murE_2
[10:29:47] Fixed 5 duplicate /gene - tmpC_1 tmpC_2 tmpC_3 tmpC_4 tmpC_5
[10:29:47] Fixed 2 duplicate /gene - rpoC2_1 rpoC2_2
[10:29:47] Fixed 3 duplicate /gene - xylA_1 xylA_2 xylA_3
[10:29:47] Fixed 3 duplicate /gene - glcU_1 glcU_2 glcU_3
[10:29:47] Fixed 2 duplicate /gene - ybiV_1 ybiV_2
[10:29:47] Fixed 2 duplicate /gene - uvrA_1 uvrA_2
[10:29:47] Fixed 2 duplicate /gene - argR_1 argR_2
[10:29:47] Fixed 2 duplicate /gene - prkC_1 prkC_2
[10:29:47] Fixed 2 duplicate /gene - dppE_1 dppE_2
[10:29:47] Fixed 2 duplicate /gene - serS_1 serS_2
[10:29:47] Fixed 2 duplicate /gene - prfB_1 prfB_2
[10:29:47] Fixed 2 duplicate /gene - adeP_1 adeP_2
[10:29:47] Fixed 2 duplicate /gene - gmk_1 gmk_2
[10:29:47] Fixed 2 duplicate /gene - comGA_1 comGA_2
[10:29:47] Fixed 2 duplicate /gene - rplI_1 rplI_2
[10:29:47] Fixed 2 duplicate /gene - fabG_1 fabG_2
[10:29:47] Fixed 2 duplicate /gene - aroC_1 aroC_2
[10:29:47] Fixed 2 duplicate /gene - yhdG_1 yhdG_2
[10:29:47] Fixed 2 duplicate /gene - rihC_1 rihC_2
[10:29:47] Fixed 2 duplicate /gene - bglF_1 bglF_2
[10:29:47] Fixed 2 duplicate /gene - rlmB_1 rlmB_2
[10:29:47] Fixed 2 duplicate /gene - glgC_1 glgC_2
[10:29:47] Fixed 2 duplicate /gene - budC_1 budC_2
[10:29:47] Fixed 2 duplicate /gene - nusG_1 nusG_2
[10:29:47] Fixed 2 duplicate /gene - murI_1 murI_2
[10:29:47] Fixed 2 duplicate /gene - gdpP_1 gdpP_2
[10:29:47] Fixed 3 duplicate /gene - clpC_1 clpC_2 clpC_3
[10:29:47] Fixed 3 duplicate /gene - pepF1_1 pepF1_2 pepF1_3
[10:29:47] Fixed 2 duplicate /gene - ackA_1 ackA_2
[10:29:47] Fixed 2 duplicate /gene - aroK_1 aroK_2
[10:29:47] Fixed 2 duplicate /gene - glgB_1 glgB_2
[10:29:47] Fixed 5 duplicate /gene - smc_1 smc_2 smc_3 smc_4 smc_5
[10:29:47] Fixed 2 duplicate /gene - clcB_1 clcB_2
[10:29:47] Fixed 3 duplicate /gene - murJ_1 murJ_2 murJ_3
[10:29:47] Fixed 2 duplicate /gene - ctsR_1 ctsR_2
[10:29:47] Fixed 2 duplicate /gene - rluD_1 rluD_2
[10:29:47] Fixed 4 duplicate /gene - metQ_1 metQ_2 metQ_3 metQ_4
[10:29:47] Fixed 3 duplicate /gene - gpmA_1 gpmA_2 gpmA_3
[10:29:47] Fixed 3 duplicate /gene - yodB_1 yodB_2 yodB_3
[10:29:47] Fixed 2 duplicate /gene - galK_1 galK_2
[10:29:47] Fixed 2 duplicate /gene - rsgA_1 rsgA_2
[10:29:47] Fixed 5 duplicate /gene - ribZ_1 ribZ_2 ribZ_3 ribZ_4 ribZ_5
[10:29:47] Fixed 2 duplicate /gene - accB_1 accB_2
[10:29:47] Fixed 2 duplicate /gene - lnrL_1 lnrL_2
[10:29:47] Fixed 2 duplicate /gene - prs_1 prs_2
[10:29:47] Fixed 2 duplicate /gene - thiN_1 thiN_2
[10:29:47] Fixed 4 duplicate /gene - gtfA_1 gtfA_2 gtfA_3 gtfA_4
[10:29:47] Fixed 139 colliding /gene names.
[10:29:47] Adding /locus_tag identifiers
[10:29:47] Assigned 1615 locus_tags to CDS and RNA features.
[10:29:47] Writing outputs to prokka_UBT_4/
[10:29:47] Generating annotation statistics file
[10:29:47] Generating Genbank and Sequin files
[10:29:47] Running: tbl2asn -V b -a r10k -l paired-ends -M n -N 1 -y 'Annotated using prokka 1.14.6 from https://github.com/tseemann/prokka' -Z prokka_UBT_4\/UBT_4\.err -i prokka_UBT_4\/UBT_4\.fsa 2> /dev/null
[10:29:49] Deleting unwanted file: prokka_UBT_4/errorsummary.val
[10:29:49] Deleting unwanted file: prokka_UBT_4/UBT_4.dr
[10:29:49] Deleting unwanted file: prokka_UBT_4/UBT_4.fixedproducts
[10:29:49] Deleting unwanted file: prokka_UBT_4/UBT_4.ecn
[10:29:49] Deleting unwanted file: prokka_UBT_4/UBT_4.val
[10:29:49] Repairing broken .GBK output that tbl2asn produces...
[10:29:49] Running: sed 's/COORDINATES: profile/COORDINATES:profile/' < prokka_UBT_4\/UBT_4\.gbf > prokka_UBT_4\/UBT_4\.gbk
[10:29:49] Deleting unwanted file: prokka_UBT_4/UBT_4.gbf
[10:29:49] Output files:
[10:29:49] prokka_UBT_4/UBT_4.faa
[10:29:49] prokka_UBT_4/UBT_4.fna
[10:29:49] prokka_UBT_4/UBT_4.err
[10:29:49] prokka_UBT_4/UBT_4.gff
[10:29:49] prokka_UBT_4/UBT_4.txt
[10:29:49] prokka_UBT_4/UBT_4.gbk
[10:29:49] prokka_UBT_4/UBT_4.ffn
[10:29:49] prokka_UBT_4/UBT_4.tbl
[10:29:49] prokka_UBT_4/UBT_4.tsv
[10:29:49] prokka_UBT_4/UBT_4.log
[10:29:49] prokka_UBT_4/UBT_4.sqn
[10:29:49] prokka_UBT_4/UBT_4.fsa
[10:29:49] Annotation finished successfully.
[10:29:49] Walltime used: 0.50 minutes
[10:29:49] If you use this result please cite the Prokka paper:
[10:29:49] Seemann T (2014) Prokka: rapid prokaryotic genome annotation. Bioinformatics. 30(14):2068-9.
[10:29:49] Type 'prokka --citation' for more details.
[10:29:49] Thank you, come again.
