[10:22:46] This is prokka 1.14.6
[10:22:46] Written by Torsten Seemann <torsten.seemann@gmail.com>
[10:22:46] Homepage is https://github.com/tseemann/prokka
[10:22:46] Local time is Thu Oct 30 10:22:46 2025
[10:22:46] You are diego
[10:22:46] Operating system is linux
[10:22:46] You have BioPerl 1.7.8
[10:22:46] System has 20 cores.
[10:22:46] Will use maximum of 20 cores.
[10:22:46] Annotating as >>> Bacteria <<<
[10:22:46] Enabling options to ensure Genbank/ENA/DDJB submission compliance.
[10:22:46] Creating new output folder: prokka_CHQ_4
[10:22:46] Running: mkdir -p prokka_CHQ_4
[10:22:46] Using filename prefix: CHQ_4.XXX
[10:22:46] Setting HMMER_NCPU=1
[10:22:46] Writing log to: prokka_CHQ_4/CHQ_4.log
[10:22:46] Command: /home/diego/miniconda3/envs/prokka_env/bin/prokka CHQ_4.fasta --outdir prokka_CHQ_4 --prefix CHQ_4 --compliant --cpus 20 --locustag CHQ_4
[10:22:46] Appending to PATH: /home/diego/miniconda3/envs/prokka_env/bin
[10:22:46] Looking for 'aragorn' - found /home/diego/miniconda3/envs/prokka_env/bin/aragorn
[10:22:46] Determined aragorn version is 001002 from 'ARAGORN v1.2.41 Dean Laslett'
[10:22:46] Looking for 'barrnap' - found /home/diego/miniconda3/envs/prokka_env/bin/barrnap
[10:22:46] Determined barrnap version is 000009 from 'barrnap 0.9'
[10:22:46] Looking for 'blastp' - found /home/diego/miniconda3/envs/prokka_env/bin/blastp
[10:22:46] Determined blastp version is 002015 from 'blastp: 2.15.0+'
[10:22:46] Looking for 'cmpress' - found /home/diego/miniconda3/envs/prokka_env/bin/cmpress
[10:22:46] Determined cmpress version is 001001 from '# INFERNAL 1.1.5 (Sep 2023)'
[10:22:46] Looking for 'cmscan' - found /home/diego/miniconda3/envs/prokka_env/bin/cmscan
[10:22:46] Determined cmscan version is 001001 from '# INFERNAL 1.1.5 (Sep 2023)'
[10:22:46] Looking for 'egrep' - found /usr/bin/egrep
[10:22:46] Looking for 'find' - found /usr/bin/find
[10:22:46] Looking for 'grep' - found /usr/bin/grep
[10:22:46] Looking for 'hmmpress' - found /home/diego/miniconda3/envs/prokka_env/bin/hmmpress
[10:22:46] Determined hmmpress version is 003004 from '# HMMER 3.4 (Aug 2023); http://hmmer.org/'
[10:22:46] Looking for 'hmmscan' - found /home/diego/miniconda3/envs/prokka_env/bin/hmmscan
[10:22:46] Determined hmmscan version is 003004 from '# HMMER 3.4 (Aug 2023); http://hmmer.org/'
[10:22:46] Looking for 'java' - found /home/diego/miniconda3/envs/prokka_env/bin/java
[10:22:46] Looking for 'makeblastdb' - found /home/diego/miniconda3/envs/prokka_env/bin/makeblastdb
[10:22:46] Determined makeblastdb version is 002015 from 'makeblastdb: 2.15.0+'
[10:22:46] Looking for 'minced' - found /home/diego/miniconda3/envs/prokka_env/bin/minced
[10:22:46] Determined minced version is 004002 from 'minced 0.4.2'
[10:22:46] Looking for 'parallel' - found /home/diego/miniconda3/envs/prokka_env/bin/parallel
[10:22:46] Determined parallel version is 20240122 from 'GNU parallel 20240122'
[10:22:46] Looking for 'prodigal' - found /home/diego/miniconda3/envs/prokka_env/bin/prodigal
[10:22:46] Determined prodigal version is 002006 from 'Prodigal V2.6.3: February, 2016'
[10:22:46] Looking for 'prokka-genbank_to_fasta_db' - found /home/diego/miniconda3/envs/prokka_env/bin/prokka-genbank_to_fasta_db
[10:22:46] Looking for 'rnammer' - found /home/diego/rnammer-1.2.src/rnammer
[10:22:46] Determined rnammer version is 001002 from 'This rnammer 1.2, running from '/home/diego/rnammer-1.2.src/''
[10:22:46] Looking for 'sed' - found /usr/bin/sed
[10:22:46] Looking for 'tbl2asn' - found /home/diego/miniconda3/envs/prokka_env/bin/tbl2asn
[10:22:46] Determined tbl2asn version is 025007 from 'tbl2asn 25.7   arguments:'
[10:22:46] Using genetic code table 11.
[10:22:46] Loading and checking input file: CHQ_4.fasta
[10:22:46] Wrote 31 contigs totalling 2787349 bp.
[10:22:46] Predicting tRNAs and tmRNAs
[10:22:46] Running: aragorn -l -gc11  -w prokka_CHQ_4\/CHQ_4\.fna
[10:22:47] 1 tRNA-Asn c[15085,15159] 35 (gtt)
[10:22:47] 2 tRNA-Glu c[15195,15268] 35 (ttc)
[10:22:47] 1 tRNA-Gln c[66261,66334] 34 (ttg)
[10:22:47] 2 tRNA-Arg [86902,86977] 36 (cct)
[10:22:47] 3 tRNA-Leu c[361302,361387] 35 (taa)
[10:22:47] 4 tRNA-Gly c[361423,361494] 33 (gcc)
[10:22:47] 1 tmRNA [165024,165379] 88,126 AKNNTQTYAMAA*
[10:22:47] 1 tRNA-Glu [28598,28671] 35 (ttc)
[10:22:47] 2 tRNA-Ser [28676,28765] 37 (tga)
[10:22:47] 3 tRNA-Met [28775,28850] 36 (cat)
[10:22:47] 4 tRNA-Phe [28853,28927] 35 (gaa)
[10:22:47] 5 tRNA-Gly [28937,29009] 34 (tcc)
[10:22:47] 6 tRNA-Ile [29022,29097] 36 (gat)
[10:22:47] 7 tRNA-Asn [29220,29295] 36 (gtt)
[10:22:47] 8 tRNA-Lys [38965,39039] 35 (ctt)
[10:22:47] 9 tRNA-Leu c[96539,96625] 35 (aag)
[10:22:47] tRNA [107688,107760] is a pseudo/wacky gene - skipping.
[10:22:47] 11 tRNA-Ser c[133046,133132] 33 (cga)
[10:22:47] 12 tRNA-Thr c[155699,155773] 35 (cgt)
[10:22:47] 13 tRNA-Leu c[253512,253598] 35 (aag)
[10:22:47] 14 tRNA-Ser c[272979,273066] 35 (gga)
[10:22:47] 15 tRNA-Arg [280526,280599] 35 (acg)
[10:22:47] 16 tRNA-Pro [280904,280977] 35 (tgg)
[10:22:47] 17 tRNA-Cys [422972,423042] 33 (gca)
[10:22:47] 18 tRNA-Arg [472518,472593] 36 (tct)
[10:22:47] 1 tRNA-Lys c[132358,132431] 34 (ttt)
[10:22:47] 2 tRNA-Arg c[133053,133124] 34 (ccg)
[10:22:47] 3 tRNA-Ser c[208863,208950] 35 (gct)
[10:22:47] 4 tRNA-Ile c[208992,209067] 36 (gat)
[10:22:47] 5 tRNA-Gly c[209092,209164] 34 (tcc)
[10:22:47] 6 tRNA-Phe c[209173,209247] 35 (gaa)
[10:22:47] 7 tRNA-Met c[209253,209328] 36 (cat)
[10:22:47] 8 tRNA-Met c[209339,209414] 36 (cat)
[10:22:47] 9 tRNA-Pro c[209451,209524] 35 (tgg)
[10:22:47] 10 tRNA-Arg c[209529,209604] 36 (acg)
[10:22:47] 11 tRNA-Gly c[209643,209714] 33 (gcc)
[10:22:47] 1 tRNA-Leu [23571,23653] 34 (cag)
[10:22:47] 1 tRNA-Met c[55,128] 35 (cat)
[10:22:47] 2 tRNA-Leu c[51874,51957] 35 (caa)
[10:22:47] 3 tRNA-Gln c[51970,52041] 33 (ttg)
[10:22:47] 4 tRNA-His c[52047,52121] 35 (gtg)
[10:22:47] 5 tRNA-Trp c[52131,52201] 33 (cca)
[10:22:47] 6 tRNA-Tyr c[52207,52289] 36 (gta)
[10:22:47] 7 tRNA-Val c[52323,52397] 35 (tac)
[10:22:47] 1 tRNA-Lys [6124,6198] 36 (ttt)
[10:22:47] 1 tRNA-Ser c[55317,55406] 37 (tga)
[10:22:47] 1 tRNA-Met c[32252,32325] 35 (cat)
[10:22:47] 1 tRNA-Met [31647,31720] 35 (cat)
[10:22:47] 1 tRNA-Met [3784,3857] 35 (cat)
[10:22:47] 2 tRNA-Thr [36719,36791] 34 (ggt)
[10:22:47] 1 tRNA-Leu [6602,6675] 34 (taa)
[10:22:47] Found 50 tRNAs
[10:22:47] Predicting Ribosomal RNAs
[10:22:47] Running Barrnap with 20 threads
[10:22:47] 1 gnl|Prokka|CHQ_4_3 14 16S ribosomal RNA (partial)
[10:22:47] 2 gnl|Prokka|CHQ_4_3 15288 5S ribosomal RNA
[10:22:47] 3 gnl|Prokka|CHQ_4_7 29108 5S ribosomal RNA
[10:22:47] Found 3 rRNAs
[10:22:47] Skipping ncRNA search, enable with --rfam if desired.
[10:22:47] Total of 52 tRNA + rRNA features
[10:22:47] Searching for CRISPR repeats
[10:22:47] Found 0 CRISPRs
[10:22:47] Predicting coding sequences
[10:22:47] Contigs total 2787349 bp, so using single mode
[10:22:47] Running: prodigal -i prokka_CHQ_4\/CHQ_4\.fna -c -m -g 11 -p single -f sco -q
[10:22:49] Found 2761 CDS
[10:22:49] Connecting features back to sequences
[10:22:49] Not using genus-specific database. Try --usegenus to enable it.
[10:22:49] Annotating CDS, please be patient.
[10:22:49] Will use 20 CPUs for similarity searching.
[10:22:49] There are still 2761 unannotated CDS left (started with 2761)
[10:22:49] Will use blast to search against /home/diego/miniconda3/envs/prokka_env/db/kingdom/Bacteria/IS with 20 CPUs
[10:22:49] Running: cat prokka_CHQ_4\/CHQ_4\.IS\.tmp\.95176\.faa | parallel --gnu --plain -j 20 --block 20455 --recstart '>' --pipe blastp -query - -db /home/diego/miniconda3/envs/prokka_env/db/kingdom/Bacteria/IS -evalue 1e-30 -qcov_hsp_perc 90 -num_threads 1 -num_descriptions 1 -num_alignments 1 -seg no > prokka_CHQ_4\/CHQ_4\.IS\.tmp\.95176\.blast 2> /dev/null
[10:22:54] Deleting unwanted file: prokka_CHQ_4/CHQ_4.IS.tmp.95176.faa
[10:22:54] Deleting unwanted file: prokka_CHQ_4/CHQ_4.IS.tmp.95176.blast
[10:22:55] There are still 2754 unannotated CDS left (started with 2761)
[10:22:55] Will use blast to search against /home/diego/miniconda3/envs/prokka_env/db/kingdom/Bacteria/AMR with 20 CPUs
[10:22:55] Running: cat prokka_CHQ_4\/CHQ_4\.AMR\.tmp\.95176\.faa | parallel --gnu --plain -j 20 --block 20427 --recstart '>' --pipe blastp -query - -db /home/diego/miniconda3/envs/prokka_env/db/kingdom/Bacteria/AMR -evalue 1e-300 -qcov_hsp_perc 90 -num_threads 1 -num_descriptions 1 -num_alignments 1 -seg no > prokka_CHQ_4\/CHQ_4\.AMR\.tmp\.95176\.blast 2> /dev/null
[10:22:59] Deleting unwanted file: prokka_CHQ_4/CHQ_4.AMR.tmp.95176.faa
[10:22:59] Deleting unwanted file: prokka_CHQ_4/CHQ_4.AMR.tmp.95176.blast
[10:22:59] There are still 2754 unannotated CDS left (started with 2761)
[10:22:59] Will use blast to search against /home/diego/miniconda3/envs/prokka_env/db/kingdom/Bacteria/sprot with 20 CPUs
[10:22:59] Running: cat prokka_CHQ_4\/CHQ_4\.sprot\.tmp\.95176\.faa | parallel --gnu --plain -j 20 --block 20427 --recstart '>' --pipe blastp -query - -db /home/diego/miniconda3/envs/prokka_env/db/kingdom/Bacteria/sprot -evalue 1e-09 -qcov_hsp_perc 80 -num_threads 1 -num_descriptions 1 -num_alignments 1 -seg no > prokka_CHQ_4\/CHQ_4\.sprot\.tmp\.95176\.blast 2> /dev/null
[10:23:18] Modify product: Uncharacterized protein YqgN => putative protein YqgN
[10:23:18] Modify product: Probable dual-specificity RNA methyltransferase RlmN => putative dual-specificity RNA methyltransferase RlmN
[10:23:18] Modify product: Putative NAD(P)H nitroreductase Spy0809 => Putative NAD(P)H nitroreductase
[10:23:18] Modify product: Uncharacterized protein SA1069 => putative protein
[10:23:18] Modify product: Uncharacterized protein Spy1614 => putative protein
[10:23:18] Modify product: Protein RmlC homolog => Protein RmlC 
[10:23:18] Modify product: Uncharacterized protein YqeH => putative protein YqeH
[10:23:18] Modify product: Probable nicotinate-nucleotide adenylyltransferase => putative nicotinate-nucleotide adenylyltransferase
[10:23:18] Modify product: Probable transcriptional regulatory protein YeeN => putative transcriptional regulatory protein YeeN
[10:23:18] Modify product: Uncharacterized N-acetyltransferase YafP => putative N-acetyltransferase YafP
[10:23:18] Modify product: Probable N-acetyl-LL-diaminopimelate aminotransferase => putative N-acetyl-LL-diaminopimelate aminotransferase
[10:23:18] Modify product: Uncharacterized protein YedJ => putative protein YedJ
[10:23:18] Modify product: Uncharacterized ABC transporter ATP-binding protein YbiT => putative ABC transporter ATP-binding protein YbiT
[10:23:18] Modify product: Putative universal stress protein SA1532 => Putative universal stress protein
[10:23:18] Modify product: Uncharacterized AAA domain-containing protein Rv2559c => putative AAA domain-containing protein
[10:23:18] Modify product: Uncharacterized ABC transporter ATP-binding protein YbiT => putative ABC transporter ATP-binding protein YbiT
[10:23:18] Modify product: Uncharacterized amino acid permease YhdG => putative amino acid permease YhdG
[10:23:18] Modify product: Nucleoid-associated protein SP_1102 => Nucleoid-associated protein
[10:23:18] Modify product: UPF0340 protein YwlG => hypothetical protein
[10:23:18] Modify product: UPF0073 inner membrane protein YqfA => hypothetical protein
[10:23:18] Modify product: DegV domain-containing protein SP_1112 => DegV domain-containing protein
[10:23:18] Modify product: Uncharacterized ABC transporter ATP-binding protein YadG => putative ABC transporter ATP-binding protein YadG
[10:23:18] Modify product: Probable deoxycholate-binding periplasmic protein YgiS => putative deoxycholate-binding periplasmic protein YgiS
[10:23:18] Modify product: Probable metallo-hydrolase M6_Spy0554 => putative metallo-hydrolase
[10:23:18] Modify product: Uncharacterized ABC transporter permease Rv0072 => putative ABC transporter permease
[10:23:18] Modify product: Probable DNA-directed RNA polymerase subunit delta => putative DNA-directed RNA polymerase subunit delta
[10:23:18] Modify product: Uncharacterized protein Rv1488 => putative protein
[10:23:18] Modify product: Uncharacterized N-acetyltransferase YvbK => putative N-acetyltransferase YvbK
[10:23:18] Modify product: Organic hydroperoxide resistance protein-like => Organic hydroperoxide resistance protein-like protein
[10:23:18] Modify product: Uncharacterized protein M6_Spy0233 => putative protein
[10:23:18] Modify product: UPF0297 protein SP_0192 => hypothetical protein
[10:23:18] Modify product: UPF0473 protein SP_0194 => hypothetical protein
[10:23:18] Modify product: Potassium channel HX13_20290 => Potassium channel
[10:23:18] Modify product: Uncharacterized protein YccU => putative protein YccU
[10:23:18] Modify product: Uncharacterized HTH-type transcriptional regulator YbbH => putative HTH-type transcriptional regulator YbbH
[10:23:18] Modify product: Probable transport protein HsrA => putative transport protein HsrA
[10:23:18] Modify product: Uncharacterized ABC transporter ATP-binding protein YxlF => putative ABC transporter ATP-binding protein YxlF
[10:23:18] Modify product: Uncharacterized protein YjdJ => putative protein YjdJ
[10:23:18] Modify product: Cell wall protein Lmo0880 => Cell wall protein
[10:23:18] Modify product: Probable peptidoglycan glycosyltransferase FtsW => putative peptidoglycan glycosyltransferase FtsW
[10:23:18] Modify product: UPF0324 inner membrane protein YeiH => hypothetical protein
[10:23:18] Modify product: Probable tRNA sulfurtransferase => putative tRNA sulfurtransferase
[10:23:18] Modify product: Uncharacterized symporter YjmB => putative symporter YjmB
[10:23:18] Modify product: Putative acetyltransferase SA2342 => Putative acetyltransferase
[10:23:18] Modify product: Uncharacterized multiple-sugar transport system permease YteP => putative multiple-sugar transport system permease YteP
[10:23:18] Modify product: Uncharacterized HTH-type transcriptional regulator HI_0186 => putative HTH-type transcriptional regulator
[10:23:18] Modify product: Uncharacterized inner membrane transporter YicL => putative inner membrane transporter YicL
[10:23:18] Modify product: Putative phosphatase HI_0003 => Putative phosphatase
[10:23:18] Modify product: Probable multidrug ABC transporter ATP-binding protein YbhF => putative multidrug ABC transporter ATP-binding protein YbhF
[10:23:18] Modify product: Uncharacterized ABC transporter ATP-binding protein Rv1273c => putative ABC transporter ATP-binding protein
[10:23:18] Modify product: Uncharacterized oxidoreductase YhhX => putative oxidoreductase YhhX
[10:23:18] Modify product: Uncharacterized oxidoreductase MSMEG_2408/MSMEI_2347 => putative oxidoreductase/MSMEI_2347
[10:23:18] Modify product: UPF0356 protein M6_Spy1605 => hypothetical protein
[10:23:18] Modify product: Uncharacterized oxidoreductase SpyM50865 => putative oxidoreductase
[10:23:18] Modify product: Probable murein peptide carboxypeptidase => putative murein peptide carboxypeptidase
[10:23:18] Modify product: Phosphate-specific transport system accessory protein PhoU homolog => Phosphate-specific transport system accessory protein PhoU 
[10:23:18] Modify product: UPF0637 protein SA0957 => hypothetical protein
[10:23:18] Modify product: Uncharacterized protein YhaP => putative protein YhaP
[10:23:18] Modify product: Multidrug efflux system ATP-binding protein Rv1218c => Multidrug efflux system ATP-binding protein
[10:23:18] Modify product: Probable acetyl-CoA acyltransferase => putative acetyl-CoA acyltransferase
[10:23:18] Modify product: UPF0051 protein SA0778 => hypothetical protein
[10:23:18] Modify product: Uncharacterized ABC transporter permease Rv0072 => putative ABC transporter permease
[10:23:18] Modify product: Probable glucose uptake protein GlcU => putative glucose uptake protein GlcU
[10:23:18] Modify product: Uncharacterized protein YbdM => putative protein YbdM
[10:23:18] Modify product: UPF0122 protein SpyM3_0842 => hypothetical protein
[10:23:18] Modify product: UPF0051 protein SA0778 => hypothetical protein
[10:23:18] Modify product: Probable ABC transporter ATP-binding protein M6_Spy0273 => putative ABC transporter ATP-binding protein
[10:23:18] Modify product: Probable undecaprenyl-phosphate N-acetylglucosaminyl 1-phosphate transferase => putative undecaprenyl-phosphate N-acetylglucosaminyl 1-phosphate transferase
[10:23:18] Modify product: Probable manganese-dependent inorganic pyrophosphatase => putative manganese-dependent inorganic pyrophosphatase
[10:23:18] Modify product: UPF0053 inner membrane protein YfjD => hypothetical protein
[10:23:18] Modify product: Acetyltransferase SACOL1063 => Acetyltransferase
[10:23:18] Modify product: Uncharacterized amino acid permease YvbW => putative amino acid permease YvbW
[10:23:18] Modify product: Putative universal stress protein SA1532 => Putative universal stress protein
[10:23:18] Modify product: UPF0053 protein Rv1842c => hypothetical protein
[10:23:18] Modify product: N-acetylmuramoyl-L-alanine amidase domain-containing protein SAOUHSC_02979 => N-acetylmuramoyl-L-alanine amidase domain-containing protein
[10:23:18] Modify product: DegV domain-containing protein spr1415 => DegV domain-containing protein
[10:23:18] Modify product: Probable zinc-binding alcohol dehydrogenase Rv1895 => putative zinc-binding alcohol dehydrogenase
[10:23:18] Modify product: Uncharacterized oxidoreductase SA2266 => putative oxidoreductase
[10:23:18] Modify product: Uncharacterized ABC transporter ATP-binding protein TM_0288 => putative ABC transporter ATP-binding protein
[10:23:18] Modify product: Probable transport protein HsrA => putative transport protein HsrA
[10:23:18] Modify product: Putative universal stress protein SA1532 => Putative universal stress protein
[10:23:18] Modify product: DegV domain-containing protein MW1315 => DegV domain-containing protein
[10:23:18] Modify product: Uncharacterized oxidoreductase YtbE => putative oxidoreductase YtbE
[10:23:18] Modify product: Uncharacterized MFS-type transporter EfpA => putative MFS-type transporter EfpA
[10:23:18] Modify product: Stress response regulator gls24 homolog => Stress response regulator gls24 
[10:23:18] Modify product: Probable glucosamine-6-phosphate deaminase 2 => putative glucosamine-6-phosphate deaminase 2
[10:23:18] Modify product: UPF0398 protein SP_0371 => hypothetical protein
[10:23:18] Modify product: UPF0223 protein BH2638 => hypothetical protein
[10:23:18] Modify product: Uncharacterized protein Rv1339 => putative protein
[10:23:18] Modify product: Zinc-type alcohol dehydrogenase-like protein SA1988 => Zinc-type alcohol dehydrogenase-like protein
[10:23:18] Modify product: Uncharacterized membrane protein Rv2637 => putative membrane protein
[10:23:18] Modify product: Probable ABC transporter ATP-binding/permease protein HI_0664 => putative ABC transporter ATP-binding/permease protein
[10:23:18] Modify product: Uncharacterized protein Spy1535 => putative protein
[10:23:18] Modify product: Transcriptional repressor SmtB homolog => Transcriptional repressor SmtB 
[10:23:18] Modify product: Uncharacterized protein YqeN => putative protein YqeN
[10:23:18] Modify product: Uncharacterized ABC transporter ATP-binding protein Rv1273c => putative ABC transporter ATP-binding protein
[10:23:18] Modify product: Probable D-methionine-binding lipoprotein MetQ => putative D-methionine-binding lipoprotein MetQ
[10:23:18] Modify product: UPF0397 protein SP_0482 => hypothetical protein
[10:23:18] Modify product: Uncharacterized HTH-type transcriptional regulator YtcD => putative HTH-type transcriptional regulator YtcD
[10:23:18] Modify product: Uncharacterized RNA pseudouridine synthase Rv1540 => putative RNA pseudouridine synthase
[10:23:18] Modify product: Uncharacterized symporter YjmB => putative symporter YjmB
[10:23:18] Modify product: Probable licABCH operon regulator => putative licABCH operon regulator
[10:23:18] Modify product: Putative esterase PA1618 => Putative esterase
[10:23:18] Modify product: Putative zinc metalloprotease SA1105 => Putative zinc metalloprotease
[10:23:18] Modify product: Uncharacterized amino acid permease YvbW => putative amino acid permease YvbW
[10:23:18] Modify product: NADH dehydrogenase-like protein SAOUHSC_00878 => NADH dehydrogenase-like protein
[10:23:18] Modify product: Probable copper-importing P-type ATPase A => putative copper-importing P-type ATPase A
[10:23:18] Modify product: Uncharacterized ABC transporter ATP-binding protein YxlF => putative ABC transporter ATP-binding protein YxlF
[10:23:18] Modify product: Uncharacterized HTH-type transcriptional regulator YybR => putative HTH-type transcriptional regulator YybR
[10:23:18] Modify product: Probable type I restriction enzyme BthVORF4518P M protein => putative type I restriction enzymeP M protein
[10:23:18] Modify product: Rqc2 homolog RqcH => Rqc2 RqcH
[10:23:18] Modify product: Probable bifunctional oligoribonuclease and PAP phosphatase NrnA => putative bifunctional oligoribonuclease and PAP phosphatase NrnA
[10:23:18] Modify product: Phosphorylated carbohydrates phosphatase TM_1254 => Phosphorylated carbohydrates phosphatase
[10:23:18] Modify product: Probable ribosomal protein YlxQ => putative ribosomal protein YlxQ
[10:23:18] Modify product: Uncharacterized HTH-type transcriptional regulator YdjF => putative HTH-type transcriptional regulator YdjF
[10:23:18] Modify product: Acetyltransferase PA3944 => Acetyltransferase
[10:23:18] Modify product: Uncharacterized protein YlbL => putative protein YlbL
[10:23:18] Modify product: Putative universal stress protein SA1532 => Putative universal stress protein
[10:23:18] Modify product: Uncharacterized protein Spy1595 => putative protein
[10:23:18] Modify product: Uncharacterized sugar epimerase YhfK => putative sugar epimerase YhfK
[10:23:18] Modify product: Uncharacterized ABC transporter ATP-binding protein Rv0986 => putative ABC transporter ATP-binding protein
[10:23:18] Modify product: UPF0291 protein SA1176 => hypothetical protein
[10:23:18] Modify product: Putative phosphatase M6_Spy0533 => Putative phosphatase
[10:23:18] Modify product: GTP cyclohydrolase 1 type 2 homolog => GTP cyclohydrolase 1 type 2 
[10:23:18] Modify product: Putative phosphatase HI_0003 => Putative phosphatase
[10:23:18] Modify product: Stress response regulator gls24 homolog => Stress response regulator gls24 
[10:23:18] Modify product: TelA-like protein SA1238 => TelA-like protein
[10:23:18] Modify product: UPF0758 protein SP_1088 => hypothetical protein
[10:23:18] Modify product: Uncharacterized glycosyltransferase YkoT => putative glycosyltransferase YkoT
[10:23:18] Modify product: UPF0374 protein SP_1903 => hypothetical protein
[10:23:18] Modify product: Probable formate transporter 2 => putative formate transporter 2
[10:23:18] Modify product: Probable FMN/FAD exporter YeeO => putative FMN/FAD exporter YeeO
[10:23:18] Modify product: Uncharacterized PIN and TRAM-domain containing protein YacL => putative PIN and TRAM-domain containing protein YacL
[10:23:18] Modify product: Probable pyridine nucleotide-disulfide oxidoreductase RclA => putative pyridine nucleotide-disulfide oxidoreductase RclA
[10:23:18] Modify product: Probable amino-acid-binding protein YxeM => putative amino-acid-binding protein YxeM
[10:23:18] Modify product: Putative glutamine amidotransferase Rv2859c => Putative glutamine amidotransferase
[10:23:18] Modify product: Stress response regulator gls24 homolog => Stress response regulator gls24 
[10:23:18] Modify product: Probable multidrug resistance ABC transporter ATP-binding/permease protein YheH => putative multidrug resistance ABC transporter ATP-binding/permease protein YheH
[10:23:18] Modify product: Probable multidrug resistance ABC transporter ATP-binding/permease protein YheI => putative multidrug resistance ABC transporter ATP-binding/permease protein YheI
[10:23:18] Modify product: Tyrosine recombinase XerD-like => Tyrosine recombinase XerD-like protein
[10:23:18] Modify product: Uncharacterized MscS family protein YkuT => putative MscS family protein YkuT
[10:23:18] Modify product: Multidrug efflux system permease protein Rv1217c => Multidrug efflux system permease protein
[10:23:18] Modify product: Multidrug efflux system ATP-binding protein Rv1218c => Multidrug efflux system ATP-binding protein
[10:23:18] Modify product: Probable cell division protein WhiA => putative cell division protein WhiA
[10:23:18] Modify product: UPF0210 protein SP_0239 => hypothetical protein
[10:23:18] Modify product: UPF0237 protein SP_0238 => hypothetical protein
[10:23:18] Modify product: Probable protein-export membrane protein SecG => putative protein-export membrane protein SecG
[10:23:18] Modify product: UPF0145 protein BCE33L0904 => hypothetical protein
[10:23:18] Modify product: Uncharacterized protein YpbG => putative protein YpbG
[10:23:18] Modify product: Uncharacterized protein YbdM => putative protein YbdM
[10:23:18] Modify product: Probable GTP-binding protein EngB => putative GTP-binding protein EngB
[10:23:18] Modify product: Probable DHNTP pyrophosphohydrolase => putative DHNTP pyrophosphohydrolase
[10:23:18] Modify product: Uncharacterized RNA methyltransferase SP_1029 => putative RNA methyltransferase
[10:23:18] Modify product: Uncharacterized ABC transporter ATP-binding protein YknY => putative ABC transporter ATP-binding protein YknY
[10:23:18] Modify product: UPF0346 protein SP_0947 => hypothetical protein
[10:23:18] Modify product: Probable cadmium-transporting ATPase => putative cadmium-transporting ATPase
[10:23:18] Modify product: Uncharacterized HTH-type transcriptional regulator HI_0186 => putative HTH-type transcriptional regulator
[10:23:18] Modify product: Bifunctional protein FolD => Bifunctional protein FolD protein
[10:23:18] Modify product: Potassium channel HX13_20290 => Potassium channel
[10:23:18] Modify product: Uncharacterized ABC transporter ATP-binding protein Rv2564 => putative ABC transporter ATP-binding protein
[10:23:18] Modify product: Putative universal stress protein SA1532 => Putative universal stress protein
[10:23:18] Modify product: Probable peptidoglycan glycosyltransferase FtsW => putative peptidoglycan glycosyltransferase FtsW
[10:23:18] Modify product: Uncharacterized inner membrane transporter YicL => putative inner membrane transporter YicL
[10:23:18] Modify product: UPF0176 protein SP_0095 => hypothetical protein
[10:23:18] Modify product: Uncharacterized ABC transporter ATP-binding protein YlmA => putative ABC transporter ATP-binding protein YlmA
[10:23:19] Modify product: UPF0702 transmembrane protein YetF => hypothetical protein
[10:23:19] Modify product: TelA-like protein SA1238 => TelA-like protein
[10:23:19] Modify product: Glutathione peroxidase homolog BsaA => Glutathione peroxidase BsaA
[10:23:19] Modify product: Uncharacterized HTH-type transcriptional regulator YbbH => putative HTH-type transcriptional regulator YbbH
[10:23:19] Modify product: UPF0126 inner membrane protein YadS => hypothetical protein
[10:23:19] Cleaned 170 /product names
[10:23:19] Deleting unwanted file: prokka_CHQ_4/CHQ_4.sprot.tmp.95176.faa
[10:23:19] Deleting unwanted file: prokka_CHQ_4/CHQ_4.sprot.tmp.95176.blast
[10:23:19] There are still 1416 unannotated CDS left (started with 2761)
[10:23:19] Will use hmmer3 to search against /home/diego/miniconda3/envs/prokka_env/db/hmm/HAMAP.hmm with 20 CPUs
[10:23:19] Running: cat prokka_CHQ_4\/CHQ_4\.HAMAP\.hmm\.tmp\.95176\.faa | parallel --gnu --plain -j 20 --block 8804 --recstart '>' --pipe hmmscan --noali --notextw --acc -E 1e-09 --cpu 1 /home/diego/miniconda3/envs/prokka_env/db/hmm/HAMAP.hmm /dev/stdin > prokka_CHQ_4\/CHQ_4\.HAMAP\.hmm\.tmp\.95176\.hmmer3 2> /dev/null
[10:23:26] Modify product: Protein SprT-like => Protein SprT-like protein
[10:23:26] Modify product: Protein SprT-like => Protein SprT-like protein
[10:23:26] Cleaned 2 /product names
[10:23:26] Deleting unwanted file: prokka_CHQ_4/CHQ_4.HAMAP.hmm.tmp.95176.faa
[10:23:26] Deleting unwanted file: prokka_CHQ_4/CHQ_4.HAMAP.hmm.tmp.95176.hmmer3
[10:23:26] Labelling remaining 1281 proteins as 'hypothetical protein'
[10:23:26] Possible /pseudo 'Phosphate import ATP-binding protein PstB 3' at gnl|Prokka|CHQ_4_5 position 147379
[10:23:26] Possible /pseudo 'Phosphate-binding protein PstS 1' at gnl|Prokka|CHQ_4_5 position 151357
[10:23:26] Possible /pseudo 'Xylulose kinase' at gnl|Prokka|CHQ_4_6 position 67125
[10:23:26] Possible /pseudo 'UDP-N-acetylglucosamine--peptide N-acetylglucosaminyltransferase GtfA subunit' at gnl|Prokka|CHQ_4_6 position 144131
[10:23:26] Possible /pseudo 'HTH-type transcriptional regulator Xre' at gnl|Prokka|CHQ_4_7 position 118910
[10:23:26] Possible /pseudo 'putative protein' at gnl|Prokka|CHQ_4_7 position 195687
[10:23:26] Possible /pseudo 'D-methionine-binding lipoprotein MetQ' at gnl|Prokka|CHQ_4_7 position 321565
[10:23:26] Possible /pseudo 'Oligopeptide-binding protein OppA' at gnl|Prokka|CHQ_4_7 position 346529
[10:23:26] Possible /pseudo 'Glucosyltransferase 3' at gnl|Prokka|CHQ_4_8 position 14332
[10:23:26] Possible /pseudo 'Low affinity potassium transport system protein kup' at gnl|Prokka|CHQ_4_9 position 139400
[10:23:26] Possible /pseudo 'Coenzyme A biosynthesis bifunctional protein CoaBC' at gnl|Prokka|CHQ_4_9 position 187424
[10:23:26] Possible /pseudo 'Putative bifunctional phosphatase/peptidyl-prolyl cis-trans isomerase' at gnl|Prokka|CHQ_4_11 position 219015
[10:23:26] Possible /pseudo 'Na(+), Li(+), K(+)/H(+) antiporter' at gnl|Prokka|CHQ_4_13 position 18065
[10:23:26] Possible /pseudo 'General stress protein 16U' at gnl|Prokka|CHQ_4_22 position 42814
[10:23:26] Possible /pseudo '5-amino-6-(5-phospho-D-ribitylamino)uracil phosphatase YbjI' at gnl|Prokka|CHQ_4_24 position 100033
[10:23:26] Possible /pseudo 'Carbamate kinase 1' at gnl|Prokka|CHQ_4_27 position 74362
[10:23:26] Possible /pseudo 'Acetate kinase' at gnl|Prokka|CHQ_4_27 position 92772
[10:23:26] Found 1128 unique /gene codes.
[10:23:26] Fixed 2 duplicate /gene - yxlF_1 yxlF_2
[10:23:26] Fixed 3 duplicate /gene - menH_1 menH_2 menH_3
[10:23:26] Fixed 2 duplicate /gene - aguA_1 aguA_2
[10:23:26] Fixed 2 duplicate /gene - rcsC_1 rcsC_2
[10:23:26] Fixed 2 duplicate /gene - hepT_1 hepT_2
[10:23:26] Fixed 2 duplicate /gene - yfkN_1 yfkN_2
[10:23:26] Fixed 2 duplicate /gene - smc_1 smc_2
[10:23:26] Fixed 2 duplicate /gene - dacA_1 dacA_2
[10:23:26] Fixed 2 duplicate /gene - pabA_1 pabA_2
[10:23:26] Fixed 5 duplicate /gene - ssb_1 ssb_2 ssb_3 ssb_4 ssb_5
[10:23:26] Fixed 2 duplicate /gene - ribZ_1 ribZ_2
[10:23:26] Fixed 2 duplicate /gene - kdgA_1 kdgA_2
[10:23:26] Fixed 2 duplicate /gene - pstS1_1 pstS1_2
[10:23:26] Fixed 2 duplicate /gene - hrtA_1 hrtA_2
[10:23:26] Fixed 2 duplicate /gene - iscS_1 iscS_2
[10:23:26] Fixed 2 duplicate /gene - mntB_1 mntB_2
[10:23:26] Fixed 8 duplicate /gene - spxA_1 spxA_2 spxA_3 spxA_4 spxA_5 spxA_6 spxA_7 spxA_8
[10:23:26] Fixed 2 duplicate /gene - ctpE_1 ctpE_2
[10:23:26] Fixed 2 duplicate /gene - asp1_1 asp1_2
[10:23:26] Fixed 2 duplicate /gene - codY_1 codY_2
[10:23:26] Fixed 2 duplicate /gene - tetA_1 tetA_2
[10:23:26] Fixed 2 duplicate /gene - ackA_1 ackA_2
[10:23:26] Fixed 2 duplicate /gene - kdgK_1 kdgK_2
[10:23:26] Fixed 2 duplicate /gene - topA_1 topA_2
[10:23:26] Fixed 2 duplicate /gene - gla_1 gla_2
[10:23:26] Fixed 2 duplicate /gene - msrA2_1 msrA2_2
[10:23:26] Fixed 2 duplicate /gene - deoD_1 deoD_2
[10:23:26] Fixed 3 duplicate /gene - menE_1 menE_2 menE_3
[10:23:26] Fixed 2 duplicate /gene - dinG_1 dinG_2
[10:23:26] Fixed 2 duplicate /gene - emrB_1 emrB_2
[10:23:26] Fixed 2 duplicate /gene - maa_1 maa_2
[10:23:26] Fixed 2 duplicate /gene - potE_1 potE_2
[10:23:26] Fixed 2 duplicate /gene - araR_1 araR_2
[10:23:26] Fixed 2 duplicate /gene - yfnB_1 yfnB_2
[10:23:26] Fixed 2 duplicate /gene - murA1_1 murA1_2
[10:23:26] Fixed 2 duplicate /gene - apbE_1 apbE_2
[10:23:26] Fixed 2 duplicate /gene - yjmB_1 yjmB_2
[10:23:26] Fixed 3 duplicate /gene - gtf3_1 gtf3_2 gtf3_3
[10:23:26] Fixed 2 duplicate /gene - oppA_1 oppA_2
[10:23:26] Fixed 2 duplicate /gene - hcaB_1 hcaB_2
[10:23:26] Fixed 4 duplicate /gene - metQ_1 metQ_2 metQ_3 metQ_4
[10:23:26] Fixed 2 duplicate /gene - dagK_1 dagK_2
[10:23:26] Fixed 3 duplicate /gene - gph_1 gph_2 gph_3
[10:23:26] Fixed 3 duplicate /gene - lacA_1 lacA_2 lacA_3
[10:23:26] Fixed 4 duplicate /gene - tagU_1 tagU_2 tagU_3 tagU_4
[10:23:26] Fixed 2 duplicate /gene - clsA_1 clsA_2
[10:23:26] Fixed 2 duplicate /gene - cysL_1 cysL_2
[10:23:26] Fixed 2 duplicate /gene - adhR_1 adhR_2
[10:23:26] Fixed 2 duplicate /gene - xre_1 xre_2
[10:23:26] Fixed 2 duplicate /gene - yecD_1 yecD_2
[10:23:26] Fixed 2 duplicate /gene - tagD_1 tagD_2
[10:23:26] Fixed 2 duplicate /gene - hsrA_1 hsrA_2
[10:23:26] Fixed 2 duplicate /gene - xylT_1 xylT_2
[10:23:26] Fixed 2 duplicate /gene - ybdM_1 ybdM_2
[10:23:26] Fixed 2 duplicate /gene - argR_1 argR_2
[10:23:26] Fixed 2 duplicate /gene - asp2_1 asp2_2
[10:23:26] Fixed 2 duplicate /gene - lysS_1 lysS_2
[10:23:26] Fixed 2 duplicate /gene - sasA_1 sasA_2
[10:23:26] Fixed 2 duplicate /gene - proC_1 proC_2
[10:23:26] Fixed 2 duplicate /gene - dxs_1 dxs_2
[10:23:26] Fixed 3 duplicate /gene - licC_1 licC_2 licC_3
[10:23:26] Fixed 2 duplicate /gene - gpsB_1 gpsB_2
[10:23:26] Fixed 2 duplicate /gene - arnC_1 arnC_2
[10:23:26] Fixed 2 duplicate /gene - mtgA_1 mtgA_2
[10:23:26] Fixed 2 duplicate /gene - mepA_1 mepA_2
[10:23:26] Fixed 2 duplicate /gene - artM_1 artM_2
[10:23:26] Fixed 2 duplicate /gene - glcR_1 glcR_2
[10:23:26] Fixed 2 duplicate /gene - der_1 der_2
[10:23:26] Fixed 2 duplicate /gene - menF_1 menF_2
[10:23:26] Fixed 2 duplicate /gene - bin3_1 bin3_2
[10:23:26] Fixed 2 duplicate /gene - fruA_1 fruA_2
[10:23:26] Fixed 2 duplicate /gene - birA_1 birA_2
[10:23:26] Fixed 2 duplicate /gene - ybbH_1 ybbH_2
[10:23:26] Fixed 2 duplicate /gene - degA_1 degA_2
[10:23:26] Fixed 4 duplicate /gene - arlR_1 arlR_2 arlR_3 arlR_4
[10:23:26] Fixed 2 duplicate /gene - hit_1 hit_2
[10:23:26] Fixed 4 duplicate /gene - xylB_1 xylB_2 xylB_3 xylB_4
[10:23:26] Fixed 3 duplicate /gene - fabG_1 fabG_2 fabG_3
[10:23:26] Fixed 3 duplicate /gene - bglA_1 bglA_2 bglA_3
[10:23:26] Fixed 2 duplicate /gene - ltaS1_1 ltaS1_2
[10:23:26] Fixed 2 duplicate /gene - asnB_1 asnB_2
[10:23:26] Fixed 2 duplicate /gene - mdtD_1 mdtD_2
[10:23:26] Fixed 2 duplicate /gene - sorC_1 sorC_2
[10:23:26] Fixed 2 duplicate /gene - kup_1 kup_2
[10:23:26] Fixed 3 duplicate /gene - menA_1 menA_2 menA_3
[10:23:26] Fixed 2 duplicate /gene - glpF_1 glpF_2
[10:23:26] Fixed 2 duplicate /gene - arsC_1 arsC_2
[10:23:26] Fixed 2 duplicate /gene - aroF_1 aroF_2
[10:23:26] Fixed 3 duplicate /gene - COQ5_1 COQ5_2 COQ5_3
[10:23:26] Fixed 2 duplicate /gene - oppD_1 oppD_2
[10:23:26] Fixed 2 duplicate /gene - csbB_1 csbB_2
[10:23:26] Fixed 4 duplicate /gene - bglF_1 bglF_2 bglF_3 bglF_4
[10:23:26] Fixed 2 duplicate /gene - aldC_1 aldC_2
[10:23:26] Fixed 4 duplicate /gene - gtfA_1 gtfA_2 gtfA_3 gtfA_4
[10:23:26] Fixed 2 duplicate /gene - mngB_1 mngB_2
[10:23:26] Fixed 2 duplicate /gene - tetR_1 tetR_2
[10:23:26] Fixed 2 duplicate /gene - ccpA_1 ccpA_2
[10:23:26] Fixed 2 duplicate /gene - pstB3_1 pstB3_2
[10:23:26] Fixed 2 duplicate /gene - yicL_1 yicL_2
[10:23:26] Fixed 2 duplicate /gene - gmuE_1 gmuE_2
[10:23:26] Fixed 3 duplicate /gene - macB_1 macB_2 macB_3
[10:23:26] Fixed 2 duplicate /gene - gap_1 gap_2
[10:23:26] Fixed 2 duplicate /gene - uxaC_1 uxaC_2
[10:23:26] Fixed 4 duplicate /gene - dinB_1 dinB_2 dinB_3 dinB_4
[10:23:26] Fixed 2 duplicate /gene - strA_1 strA_2
[10:23:26] Fixed 2 duplicate /gene - ftsW_1 ftsW_2
[10:23:26] Fixed 3 duplicate /gene - licT_1 licT_2 licT_3
[10:23:26] Fixed 2 duplicate /gene - lacF_1 lacF_2
[10:23:26] Fixed 2 duplicate /gene - rppH_1 rppH_2
[10:23:26] Fixed 2 duplicate /gene - mdrP_1 mdrP_2
[10:23:26] Fixed 2 duplicate /gene - slmA_1 slmA_2
[10:23:26] Fixed 2 duplicate /gene - ligA_1 ligA_2
[10:23:26] Fixed 2 duplicate /gene - moaA_1 moaA_2
[10:23:26] Fixed 2 duplicate /gene - eno_1 eno_2
[10:23:26] Fixed 2 duplicate /gene - ybiT_1 ybiT_2
[10:23:26] Fixed 2 duplicate /gene - coaBC_1 coaBC_2
[10:23:26] Fixed 2 duplicate /gene - hpt_1 hpt_2
[10:23:26] Fixed 2 duplicate /gene - oppF_1 oppF_2
[10:23:26] Fixed 8 duplicate /gene - btuD_1 btuD_2 btuD_3 btuD_4 btuD_5 btuD_6 btuD_7 btuD_8
[10:23:26] Fixed 3 duplicate /gene - hdfR_1 hdfR_2 hdfR_3
[10:23:26] Fixed 2 duplicate /gene - pepDA_1 pepDA_2
[10:23:26] Fixed 2 duplicate /gene - znuB_1 znuB_2
[10:23:26] Fixed 2 duplicate /gene - rlmA_1 rlmA_2
[10:23:26] Fixed 2 duplicate /gene - galK_1 galK_2
[10:23:26] Fixed 2 duplicate /gene - nadD_1 nadD_2
[10:23:26] Fixed 2 duplicate /gene - arlS_1 arlS_2
[10:23:26] Fixed 2 duplicate /gene - arcB_1 arcB_2
[10:23:26] Fixed 2 duplicate /gene - araQ_1 araQ_2
[10:23:26] Fixed 3 duplicate /gene - secA_1 secA_2 secA_3
[10:23:26] Fixed 2 duplicate /gene - ldh_1 ldh_2
[10:23:26] Fixed 2 duplicate /gene - yceD_1 yceD_2
[10:23:26] Fixed 2 duplicate /gene - hsdR_1 hsdR_2
[10:23:26] Fixed 3 duplicate /gene - arcC1_1 arcC1_2 arcC1_3
[10:23:26] Fixed 2 duplicate /gene - lysP_1 lysP_2
[10:23:26] Fixed 2 duplicate /gene - dut_1 dut_2
[10:23:26] Fixed 2 duplicate /gene - gtfB_1 gtfB_2
[10:23:26] Fixed 2 duplicate /gene - rnr_1 rnr_2
[10:23:26] Fixed 2 duplicate /gene - yvbW_1 yvbW_2
[10:23:26] Fixed 3 duplicate /gene - secY_1 secY_2 secY_3
[10:23:26] Fixed 2 duplicate /gene - ettA_1 ettA_2
[10:23:26] Fixed 2 duplicate /gene - recA_1 recA_2
[10:23:26] Fixed 10 duplicate /gene - xerC_1 xerC_2 xerC_3 xerC_4 xerC_5 xerC_6 xerC_7 xerC_8 xerC_9 xerC_10
[10:23:26] Fixed 2 duplicate /gene - pgaC_1 pgaC_2
[10:23:26] Fixed 2 duplicate /gene - hexR_1 hexR_2
[10:23:26] Fixed 3 duplicate /gene - iolU_1 iolU_2 iolU_3
[10:23:26] Fixed 3 duplicate /gene - lacX_1 lacX_2 lacX_3
[10:23:26] Fixed 2 duplicate /gene - cysK_1 cysK_2
[10:23:26] Fixed 2 duplicate /gene - gpmA_1 gpmA_2
[10:23:26] Fixed 2 duplicate /gene - rpmGA_1 rpmGA_2
[10:23:26] Fixed 2 duplicate /gene - clpP_1 clpP_2
[10:23:26] Fixed 2 duplicate /gene - ptcA_1 ptcA_2
[10:23:26] Fixed 2 duplicate /gene - gmuD_1 gmuD_2
[10:23:26] Fixed 2 duplicate /gene - oppC_1 oppC_2
[10:23:26] Fixed 3 duplicate /gene - bglH_1 bglH_2 bglH_3
[10:23:26] Fixed 2 duplicate /gene - ybjI_1 ybjI_2
[10:23:26] Fixed 2 duplicate /gene - mtlR_1 mtlR_2
[10:23:26] Fixed 2 duplicate /gene - ceo_1 ceo_2
[10:23:26] Fixed 2 duplicate /gene - mntH_1 mntH_2
[10:23:26] Fixed 2 duplicate /gene - fabZ_1 fabZ_2
[10:23:26] Fixed 2 duplicate /gene - dexB_1 dexB_2
[10:23:26] Fixed 2 duplicate /gene - ecfT_1 ecfT_2
[10:23:26] Fixed 161 colliding /gene names.
[10:23:26] Adding /locus_tag identifiers
[10:23:26] Assigned 2814 locus_tags to CDS and RNA features.
[10:23:26] Writing outputs to prokka_CHQ_4/
[10:23:27] Generating annotation statistics file
[10:23:27] Generating Genbank and Sequin files
[10:23:27] Running: tbl2asn -V b -a r10k -l paired-ends -M n -N 1 -y 'Annotated using prokka 1.14.6 from https://github.com/tseemann/prokka' -Z prokka_CHQ_4\/CHQ_4\.err -i prokka_CHQ_4\/CHQ_4\.fsa 2> /dev/null
[10:23:30] Deleting unwanted file: prokka_CHQ_4/errorsummary.val
[10:23:30] Deleting unwanted file: prokka_CHQ_4/CHQ_4.dr
[10:23:30] Deleting unwanted file: prokka_CHQ_4/CHQ_4.fixedproducts
[10:23:30] Deleting unwanted file: prokka_CHQ_4/CHQ_4.ecn
[10:23:30] Deleting unwanted file: prokka_CHQ_4/CHQ_4.val
[10:23:30] Repairing broken .GBK output that tbl2asn produces...
[10:23:30] Running: sed 's/COORDINATES: profile/COORDINATES:profile/' < prokka_CHQ_4\/CHQ_4\.gbf > prokka_CHQ_4\/CHQ_4\.gbk
[10:23:30] Deleting unwanted file: prokka_CHQ_4/CHQ_4.gbf
[10:23:30] Output files:
[10:23:30] prokka_CHQ_4/CHQ_4.ffn
[10:23:30] prokka_CHQ_4/CHQ_4.sqn
[10:23:30] prokka_CHQ_4/CHQ_4.tsv
[10:23:30] prokka_CHQ_4/CHQ_4.gbk
[10:23:30] prokka_CHQ_4/CHQ_4.txt
[10:23:30] prokka_CHQ_4/CHQ_4.tbl
[10:23:30] prokka_CHQ_4/CHQ_4.gff
[10:23:30] prokka_CHQ_4/CHQ_4.fsa
[10:23:30] prokka_CHQ_4/CHQ_4.fna
[10:23:30] prokka_CHQ_4/CHQ_4.err
[10:23:30] prokka_CHQ_4/CHQ_4.log
[10:23:30] prokka_CHQ_4/CHQ_4.faa
[10:23:30] Annotation finished successfully.
[10:23:30] Walltime used: 0.73 minutes
[10:23:30] If you use this result please cite the Prokka paper:
[10:23:30] Seemann T (2014) Prokka: rapid prokaryotic genome annotation. Bioinformatics. 30(14):2068-9.
[10:23:30] Type 'prokka --citation' for more details.
[10:23:30] Thank you, come again.
