[10:18:32] This is prokka 1.14.6
[10:18:32] Written by Torsten Seemann <torsten.seemann@gmail.com>
[10:18:32] Homepage is https://github.com/tseemann/prokka
[10:18:32] Local time is Thu Oct 30 10:18:32 2025
[10:18:32] You are diego
[10:18:32] Operating system is linux
[10:18:32] You have BioPerl 1.7.8
[10:18:32] System has 20 cores.
[10:18:32] Will use maximum of 20 cores.
[10:18:32] Annotating as >>> Bacteria <<<
[10:18:32] Enabling options to ensure Genbank/ENA/DDJB submission compliance.
[10:18:32] Creating new output folder: prokka_ANT_3
[10:18:32] Running: mkdir -p prokka_ANT_3
[10:18:32] Using filename prefix: ANT_3.XXX
[10:18:32] Setting HMMER_NCPU=1
[10:18:32] Writing log to: prokka_ANT_3/ANT_3.log
[10:18:32] Command: /home/diego/miniconda3/envs/prokka_env/bin/prokka ANT_3.fasta --outdir prokka_ANT_3 --prefix ANT_3 --compliant --cpus 20 --locustag ANT_3
[10:18:32] Appending to PATH: /home/diego/miniconda3/envs/prokka_env/bin
[10:18:32] Looking for 'aragorn' - found /home/diego/miniconda3/envs/prokka_env/bin/aragorn
[10:18:32] Determined aragorn version is 001002 from 'ARAGORN v1.2.41 Dean Laslett'
[10:18:32] Looking for 'barrnap' - found /home/diego/miniconda3/envs/prokka_env/bin/barrnap
[10:18:32] Determined barrnap version is 000009 from 'barrnap 0.9'
[10:18:32] Looking for 'blastp' - found /home/diego/miniconda3/envs/prokka_env/bin/blastp
[10:18:32] Determined blastp version is 002015 from 'blastp: 2.15.0+'
[10:18:32] Looking for 'cmpress' - found /home/diego/miniconda3/envs/prokka_env/bin/cmpress
[10:18:32] Determined cmpress version is 001001 from '# INFERNAL 1.1.5 (Sep 2023)'
[10:18:32] Looking for 'cmscan' - found /home/diego/miniconda3/envs/prokka_env/bin/cmscan
[10:18:32] Determined cmscan version is 001001 from '# INFERNAL 1.1.5 (Sep 2023)'
[10:18:32] Looking for 'egrep' - found /usr/bin/egrep
[10:18:32] Looking for 'find' - found /usr/bin/find
[10:18:32] Looking for 'grep' - found /usr/bin/grep
[10:18:32] Looking for 'hmmpress' - found /home/diego/miniconda3/envs/prokka_env/bin/hmmpress
[10:18:32] Determined hmmpress version is 003004 from '# HMMER 3.4 (Aug 2023); http://hmmer.org/'
[10:18:32] Looking for 'hmmscan' - found /home/diego/miniconda3/envs/prokka_env/bin/hmmscan
[10:18:32] Determined hmmscan version is 003004 from '# HMMER 3.4 (Aug 2023); http://hmmer.org/'
[10:18:32] Looking for 'java' - found /home/diego/miniconda3/envs/prokka_env/bin/java
[10:18:32] Looking for 'makeblastdb' - found /home/diego/miniconda3/envs/prokka_env/bin/makeblastdb
[10:18:32] Determined makeblastdb version is 002015 from 'makeblastdb: 2.15.0+'
[10:18:32] Looking for 'minced' - found /home/diego/miniconda3/envs/prokka_env/bin/minced
[10:18:32] Determined minced version is 004002 from 'minced 0.4.2'
[10:18:32] Looking for 'parallel' - found /home/diego/miniconda3/envs/prokka_env/bin/parallel
[10:18:32] Determined parallel version is 20240122 from 'GNU parallel 20240122'
[10:18:32] Looking for 'prodigal' - found /home/diego/miniconda3/envs/prokka_env/bin/prodigal
[10:18:32] Determined prodigal version is 002006 from 'Prodigal V2.6.3: February, 2016'
[10:18:32] Looking for 'prokka-genbank_to_fasta_db' - found /home/diego/miniconda3/envs/prokka_env/bin/prokka-genbank_to_fasta_db
[10:18:32] Looking for 'rnammer' - found /home/diego/rnammer-1.2.src/rnammer
[10:18:32] Determined rnammer version is 001002 from 'This rnammer 1.2, running from '/home/diego/rnammer-1.2.src/''
[10:18:32] Looking for 'sed' - found /usr/bin/sed
[10:18:32] Looking for 'tbl2asn' - found /home/diego/miniconda3/envs/prokka_env/bin/tbl2asn
[10:18:32] Determined tbl2asn version is 025007 from 'tbl2asn 25.7   arguments:'
[10:18:32] Using genetic code table 11.
[10:18:32] Loading and checking input file: ANT_3.fasta
[10:18:32] Wrote 295 contigs totalling 5562290 bp.
[10:18:32] Predicting tRNAs and tmRNAs
[10:18:32] Running: aragorn -l -gc11  -w prokka_ANT_3\/ANT_3\.fna
[10:18:32] 1 tRNA-Gly [49228,49301] 33 (ccc)
[10:18:32] 2 tRNA-Lys [76114,76203] 31 (ctt)
[10:18:32] 3 tRNA-Met c[125906,125982] 35 (cat)
[10:18:32] 4 tRNA-Met c[126056,126132] 35 (cat)
[10:18:32] 5 tRNA-Met c[126196,126272] 35 (cat)
[10:18:32] 1 tRNA-Cys c[2236,2307] 33 (gca)
[10:18:32] 1 tRNA-Lys c[2509,2583] 35 (ttt)
[10:18:32] 1 tRNA-Val [36322,36395] 38 (gac)
[10:18:32] 1 tRNA-Thr [4397,4472] 34 (tgt)
[10:18:32] 2 tRNA-Tyr [4492,4576] 35 (gta)
[10:18:32] 3 tRNA-Gly [4707,4781] 34 (tcc)
[10:18:32] 4 tRNA-Thr [4789,4864] 34 (ggt)
[10:18:32] 1 tRNA-Met [4224,4296] 34 (cat)
[10:18:32] 1 tRNA-Ala c[51266,51341] 34 (ggc)
[10:18:32] 2 tRNA-Ala c[51414,51489] 34 (ggc)
[10:18:32] 3 tRNA-Val [54413,54488] 34 (tac)
[10:18:32] 4 tRNA-Val [54535,54610] 34 (tac)
[10:18:32] 5 tRNA-Val [54654,54729] 34 (tac)
[10:18:32] 6 tRNA-Lys [54737,54812] 34 (ttt)
[10:18:32] 7 tRNA-Thr c[293654,293729] 34 (cgt)
[10:18:32] 8 tRNA-Thr c[293949,294024] 34 (tgt)
[10:18:32] 1 tRNA-Met [3165,3240] 36 (cat)
[10:18:32] 1 tRNA-Met [3709,3784] 35 (cat)
[10:18:32] 1 tRNA-Pro c[237545,237621] 35 (cgg)
[10:18:32] 1 tRNA-Arg c[602,676] 35 (acg)
[10:18:32] 1 tRNA-Leu c[40658,40744] 35 (cag)
[10:18:32] 1 tRNA-Trp c[2521,2594] 35 (cca)
[10:18:32] 2 tRNA-Gln c[2750,2825] 34 (ttg)
[10:18:32] 1 tRNA-SeC c[147064,147158] 35 (tca)
[10:18:32] 1 tRNA-Phe c[58101,58176] 34 (gaa)
[10:18:32] 2 tmRNA c[170053,170416] 91,123 ANDENYALAA*
[10:18:32] 3 tRNA-Arg [396055,396131] 35 (tct)
[10:18:32] tRNA [401018,401108] is a pseudo/wacky gene - skipping.
[10:18:32] 5 tRNA-Gln c[479720,479794] 33 (ctg)
[10:18:32] 6 tRNA-Met c[479839,479915] 35 (cat)
[10:18:32] 7 tRNA-Gln c[480008,480082] 33 (ttg)
[10:18:32] 8 tRNA-Gln c[480148,480222] 33 (ttg)
[10:18:32] 9 tRNA-Leu c[480246,480330] 35 (tag)
[10:18:32] 10 tRNA-Met c[480339,480415] 35 (cat)
[10:18:32] 11 tRNA-Lys [554054,554129] 34 (ttt)
[10:18:32] 12 tRNA-Lys [554200,554275] 34 (ttt)
[10:18:32] 13 tRNA-Lys [554480,554555] 34 (ttt)
[10:18:32] 14 tRNA-Lys [680608,680683] 34 (ctt)
[10:18:32] 15 tRNA-Gly [693043,693118] 34 (gcc)
[10:18:32] 16 tRNA-Cys [693177,693250] 33 (gca)
[10:18:32] 17 tRNA-Leu [693262,693347] 35 (taa)
[10:18:32] 1 tRNA-Glu c[3248,3319] 34 (ttc)
[10:18:32] 1 tRNA-Ile [210,286] 35 (gat)
[10:18:32] 2 tRNA-Ala [432,507] 34 (tgc)
[10:18:32] 3 tRNA-Asp [3921,3997] 35 (gtc)
[10:18:32] 1 tRNA-Ser [15044,15133] 36 (gct)
[10:18:32] 2 tRNA-Phe [15495,15568] 35 (gaa)
[10:18:32] 3 tRNA-Pro [15819,15893] 36 (tgg)
[10:18:33] 1 tRNA-Thr [183,258] 34 (ggt)
[10:18:33] 2 tRNA-Phe c[16130,16205] 34 (gaa)
[10:18:33] 3 tRNA-Gly [42700,42775] 34 (gcc)
[10:18:33] 4 tRNA-Leu [106952,107038] 35 (gag)
[10:18:33] 5 tRNA-Met [107098,107174] 35 (cat)
[10:18:33] 6 tRNA-Met c[215463,215539] 35 (cat)
[10:18:33] 7 tRNA-Ser [372736,372828] 35 (gct)
[10:18:33] 8 tRNA-Arg [372832,372908] 35 (acg)
[10:18:33] 9 tRNA-Arg [372968,373044] 35 (acg)
[10:18:33] 1 tRNA-Gly [177176,177268] 32 (tcc)
[10:18:33] 2 tRNA-Tyr [200281,200365] 35 (gta)
[10:18:33] 3 tRNA-Asn [233143,233218] 34 (gtt)
[10:18:33] 4 tRNA-Val [310727,310803] 35 (gac)
[10:18:33] 5 tRNA-Val [310833,310909] 35 (gac)
[10:18:33] 1 tRNA-Asn [3659,3732] 34 (gtt)
[10:18:33] 2 tRNA-Tyr [4267,4350] 35 (gta)
[10:18:33] 1 tRNA-Asn [148312,148387] 34 (gtt)
[10:18:33] 2 tRNA-Asn [192192,192267] 34 (gtt)
[10:18:33] 3 tRNA-Ser [330587,330676] 35 (gga)
[10:18:33] 4 tRNA-Ser [330873,330962] 35 (gga)
[10:18:33] 5 tRNA-Asn [362968,363043] 34 (gtt)
[10:18:33] 6 tRNA-Ser c[488179,488266] 35 (tga)
[10:18:33] 7 tRNA-Ser c[488450,488537] 35 (tga)
[10:18:33] 1 tRNA-Arg c[14512,14586] 34 (cct)
[10:18:33] 1 tRNA-Asn [1506,1579] 34 (gtt)
[10:18:33] 1 tRNA-Pro c[85476,85552] 35 (tgg)
[10:18:33] 2 tRNA-Leu c[85612,85697] 35 (cag)
[10:18:33] 3 tRNA-His c[85727,85802] 34 (gtg)
[10:18:33] 4 tRNA-Arg c[85868,85944] 35 (ccg)
[10:18:33] 1 tRNA-Leu c[10227,10311] 35 (caa)
[10:18:33] 1 tRNA-His [233,307] 35 (gtg)
[10:18:33] 1 tRNA-Gly c[1957,2030] 33 (gcc)
[10:18:33] 1 tRNA-Met [4717,4793] 35 (cat)
[10:18:33] 1 tRNA-Asp c[31526,31602] 35 (gtc)
[10:18:33] 2 tRNA-Asp c[57311,57387] 35 (gtc)
[10:18:33] 1 tRNA-Trp c[24522,24597] 34 (cca)
[10:18:33] 2 tRNA-Asp c[24651,24727] 35 (gtc)
[10:18:33] Found 89 tRNAs
[10:18:33] Predicting Ribosomal RNAs
[10:18:33] Running Barrnap with 20 threads
[10:18:34] 1 gnl|Prokka|ANT_3_108 155 23S ribosomal RNA (partial)
[10:18:34] 2 gnl|Prokka|ANT_3_113 725 16S ribosomal RNA (partial)
[10:18:34] 3 gnl|Prokka|ANT_3_134 719 23S ribosomal RNA
[10:18:34] 4 gnl|Prokka|ANT_3_134 3750 5S ribosomal RNA
[10:18:34] 5 gnl|Prokka|ANT_3_179 19 5S ribosomal RNA
[10:18:34] 6 gnl|Prokka|ANT_3_179 298 5S ribosomal RNA
[10:18:34] 7 gnl|Prokka|ANT_3_218 8497 16S ribosomal RNA (partial)
[10:18:34] 8 gnl|Prokka|ANT_3_222 238451 5S ribosomal RNA (partial)
[10:18:34] 9 gnl|Prokka|ANT_3_44 45 16S ribosomal RNA (partial)
[10:18:34] 10 gnl|Prokka|ANT_3_8 5 5S ribosomal RNA
[10:18:34] 11 gnl|Prokka|ANT_3_86 1315 23S ribosomal RNA
[10:18:34] 12 gnl|Prokka|ANT_3_86 6525 16S ribosomal RNA (partial)
[10:18:34] Found 12 rRNAs
[10:18:34] Skipping ncRNA search, enable with --rfam if desired.
[10:18:34] Total of 100 tRNA + rRNA features
[10:18:34] Searching for CRISPR repeats
[10:18:34] Found 0 CRISPRs
[10:18:34] Predicting coding sequences
[10:18:34] Contigs total 5562290 bp, so using single mode
[10:18:34] Running: prodigal -i prokka_ANT_3\/ANT_3\.fna -c -m -g 11 -p single -f sco -q
[10:18:37] Excluding CDS which overlaps existing RNA (tRNA) at gnl|Prokka|ANT_3_8:75836..77152 on + strand
[10:18:37] Excluding CDS which overlaps existing RNA (tRNA) at gnl|Prokka|ANT_3_12:35984..36847 on - strand
[10:18:37] Excluding CDS which overlaps existing RNA (rRNA) at gnl|Prokka|ANT_3_44:51..242 on + strand
[10:18:37] Excluding CDS which overlaps existing RNA (tRNA) at gnl|Prokka|ANT_3_110:40561..40695 on + strand
[10:18:38] Excluding CDS which overlaps existing RNA (tRNA) at gnl|Prokka|ANT_3_123:479717..479818 on + strand
[10:18:38] Excluding CDS which overlaps existing RNA (tRNA) at gnl|Prokka|ANT_3_181:176744..177475 on - strand
[10:18:38] Excluding CDS which overlaps existing RNA (tRNA) at gnl|Prokka|ANT_3_181:310870..311151 on + strand
[10:18:39] Excluding CDS which overlaps existing RNA (rRNA) at gnl|Prokka|ANT_3_218:8598..9026 on - strand
[10:18:39] Found 4800 CDS
[10:18:39] Connecting features back to sequences
[10:18:39] Not using genus-specific database. Try --usegenus to enable it.
[10:18:39] Annotating CDS, please be patient.
[10:18:39] Will use 20 CPUs for similarity searching.
[10:18:39] There are still 4800 unannotated CDS left (started with 4800)
[10:18:39] Will use blast to search against /home/diego/miniconda3/envs/prokka_env/db/kingdom/Bacteria/IS with 20 CPUs
[10:18:39] Running: cat prokka_ANT_3\/ANT_3\.IS\.tmp\.84270\.faa | parallel --gnu --plain -j 20 --block 38180 --recstart '>' --pipe blastp -query - -db /home/diego/miniconda3/envs/prokka_env/db/kingdom/Bacteria/IS -evalue 1e-30 -qcov_hsp_perc 90 -num_threads 1 -num_descriptions 1 -num_alignments 1 -seg no > prokka_ANT_3\/ANT_3\.IS\.tmp\.84270\.blast 2> /dev/null
[10:18:46] Deleting unwanted file: prokka_ANT_3/ANT_3.IS.tmp.84270.faa
[10:18:46] Deleting unwanted file: prokka_ANT_3/ANT_3.IS.tmp.84270.blast
[10:18:46] There are still 4793 unannotated CDS left (started with 4800)
[10:18:46] Will use blast to search against /home/diego/miniconda3/envs/prokka_env/db/kingdom/Bacteria/AMR with 20 CPUs
[10:18:46] Running: cat prokka_ANT_3\/ANT_3\.AMR\.tmp\.84270\.faa | parallel --gnu --plain -j 20 --block 38137 --recstart '>' --pipe blastp -query - -db /home/diego/miniconda3/envs/prokka_env/db/kingdom/Bacteria/AMR -evalue 1e-300 -qcov_hsp_perc 90 -num_threads 1 -num_descriptions 1 -num_alignments 1 -seg no > prokka_ANT_3\/ANT_3\.AMR\.tmp\.84270\.blast 2> /dev/null
[10:18:52] Deleting unwanted file: prokka_ANT_3/ANT_3.AMR.tmp.84270.faa
[10:18:52] Deleting unwanted file: prokka_ANT_3/ANT_3.AMR.tmp.84270.blast
[10:18:53] There are still 4793 unannotated CDS left (started with 4800)
[10:18:53] Will use blast to search against /home/diego/miniconda3/envs/prokka_env/db/kingdom/Bacteria/sprot with 20 CPUs
[10:18:53] Running: cat prokka_ANT_3\/ANT_3\.sprot\.tmp\.84270\.faa | parallel --gnu --plain -j 20 --block 38137 --recstart '>' --pipe blastp -query - -db /home/diego/miniconda3/envs/prokka_env/db/kingdom/Bacteria/sprot -evalue 1e-09 -qcov_hsp_perc 80 -num_threads 1 -num_descriptions 1 -num_alignments 1 -seg no > prokka_ANT_3\/ANT_3\.sprot\.tmp\.84270\.blast 2> /dev/null
[10:19:22] Modify product: Uncharacterized protein HI_0755 => putative protein
[10:19:22] Modify product: Uncharacterized tRNA/rRNA methyltransferase YfiF => putative tRNA/rRNA methyltransferase YfiF
[10:19:22] Modify product: Uncharacterized protein YqjD => putative protein YqjD
[10:19:22] Modify product: Uncharacterized MFS-type transporter YhhS => putative MFS-type transporter YhhS
[10:19:22] Modify product: Putative glutamine amidotransferase Rv2859c => Putative glutamine amidotransferase
[10:19:22] Modify product: Uncharacterized lipoprotein YgdR => putative lipoprotein YgdR
[10:19:22] Modify product: Probable undecaprenyl-phosphate N-acetylglucosaminyl 1-phosphate transferase => putative undecaprenyl-phosphate N-acetylglucosaminyl 1-phosphate transferase
[10:19:22] Modify product: Probable glycerol-3-phosphate acyltransferase => putative glycerol-3-phosphate acyltransferase
[10:19:22] Modify product: Probable quinol monooxygenase YgiN => putative quinol monooxygenase YgiN
[10:19:22] Modify product: Solute-binding protein Csal_2479 => Solute-binding protein
[10:19:22] Modify product: Probable galactarate transporter => putative galactarate transporter
[10:19:22] Modify product: Uncharacterized fimbrial-like protein YbgD => putative fimbrial-like protein YbgD
[10:19:22] Modify product: UPF0716 protein FxsA => hypothetical protein
[10:19:22] Modify product: Uncharacterized protein YfgD => putative protein YfgD
[10:19:22] Modify product: Putative transport protein Rv0205 => Putative transport protein
[10:19:22] Modify product: Uncharacterized protein YbcJ => putative protein YbcJ
[10:19:22] Modify product: Bifunctional protein FolD => Bifunctional protein FolD protein
[10:19:22] Modify product: Putative acetyltransferase SA2342 => Putative acetyltransferase
[10:19:22] Modify product: Probable formaldehyde dehydrogenase AdhA => putative formaldehyde dehydrogenase AdhA
[10:19:22] Modify product: Probable diguanylate cyclase DgcC => putative diguanylate cyclase DgcC
[10:19:22] Modify product: Probable diguanylate cyclase DgcC => putative diguanylate cyclase DgcC
[10:19:22] Modify product: Uncharacterized HTH-type transcriptional regulator YbdO => putative HTH-type transcriptional regulator YbdO
[10:19:22] Modify product: UPF0250 protein YbeD => hypothetical protein
[10:19:22] Modify product: Uncharacterized symporter YidK => putative symporter YidK
[10:19:22] Modify product: Uncharacterized inner membrane transporter YicL => putative inner membrane transporter YicL
[10:19:22] Modify product: Probable efflux pump outer membrane protein TtgC => putative efflux pump outer membrane protein TtgC
[10:19:22] Modify product: Acetyltransferase Atu2258 => Acetyltransferase
[10:19:22] Modify product: Probable cyclic di-GMP phosphodiesterase PdeG => putative cyclic di-GMP phosphodiesterase PdeG
[10:19:22] Modify product: Uncharacterized protein YibN => putative protein YibN
[10:19:22] Modify product: Putative dipeptidase SA1572 => Putative dipeptidase
[10:19:22] Modify product: Uncharacterized amino acid permease YhdG => putative amino acid permease YhdG
[10:19:22] Modify product: Uncharacterized lipoprotein YajI => putative lipoprotein YajI
[10:19:22] Modify product: UPF0234 protein YajQ => hypothetical protein
[10:19:22] Modify product: Uncharacterized protein HI_1008 => putative protein
[10:19:22] Modify product: Probable multidrug resistance ABC transporter ATP-binding/permease protein YheI => putative multidrug resistance ABC transporter ATP-binding/permease protein YheI
[10:19:22] Modify product: UPF0149 protein HI_0817 => hypothetical protein
[10:19:22] Modify product: Uncharacterized oxidoreductase YgfF => putative oxidoreductase YgfF
[10:19:22] Modify product: UPF0073 inner membrane protein YqfA => hypothetical protein
[10:19:22] Modify product: Uncharacterized isomerase YddE => putative isomerase YddE
[10:19:22] Modify product: UPF0125 protein RatB => hypothetical protein
[10:19:22] Modify product: PTS system EIIBC component SA0186 => PTS system EIIBC component
[10:19:22] Modify product: Uncharacterized protein YtfJ => putative protein YtfJ
[10:19:22] Modify product: UPF0053 inner membrane protein YtfL => hypothetical protein
[10:19:22] Modify product: Uncharacterized inner membrane transporter YhbE => putative inner membrane transporter YhbE
[10:19:22] Modify product: UPF0194 membrane protein YbhG => hypothetical protein
[10:19:22] Modify product: Uncharacterized protease YhbU => putative protease YhbU
[10:19:22] Modify product: Uncharacterized symporter YidK => putative symporter YidK
[10:19:22] Modify product: UPF0213 protein BH0048 => hypothetical protein
[10:19:22] Modify product: Probable transcriptional regulator PhnF => putative transcriptional regulator PhnF
[10:19:22] Modify product: UPF0126 inner membrane protein YicG => hypothetical protein
[10:19:22] Modify product: UPF0701 protein YicC => hypothetical protein
[10:19:22] Modify product: UPF0758 protein SP_1088 => hypothetical protein
[10:19:22] Modify product: Probable cation-transporting ATPase F => putative cation-transporting ATPase F
[10:19:22] Modify product: UPF0098 protein CT_736 => hypothetical protein
[10:19:22] Modify product: Shikimate dehydrogenase-like protein HI_0607 => Shikimate dehydrogenase-like protein
[10:19:22] Modify product: Probable Fe(2+)-trafficking protein => putative Fe(2+)-trafficking protein
[10:19:22] Modify product: Uncharacterized protein HI_0341 => putative protein
[10:19:22] Modify product: UPF0235 protein YggU => hypothetical protein
[10:19:22] Modify product: Uncharacterized protein YggR => putative protein YggR
[10:19:22] Modify product: UPF0301 protein YqgE => hypothetical protein
[10:19:22] Modify product: Putative membrane protein IgaA homolog => Putative membrane protein IgaA 
[10:19:22] Modify product: Probable [Fe-S]-dependent transcriptional repressor => putative [Fe-S]-dependent transcriptional repressor
[10:19:22] Modify product: Probable L-ascorbate-6-phosphate lactonase UlaG => putative L-ascorbate-6-phosphate lactonase UlaG
[10:19:22] Modify product: UPF0056 inner membrane protein YhgN => hypothetical protein
[10:19:22] Modify product: Uncharacterized MFS-type transporter YhhS => putative MFS-type transporter YhhS
[10:19:22] Modify product: Uncharacterized HTH-type transcriptional regulator YbdO => putative HTH-type transcriptional regulator YbdO
[10:19:22] Modify product: Probable glutamine ABC transporter permease protein GlnP => putative glutamine ABC transporter permease protein GlnP
[10:19:22] Modify product: Uncharacterized protein HI_0933 => putative protein
[10:19:22] Modify product: Probable [Fe-S]-dependent transcriptional repressor => putative [Fe-S]-dependent transcriptional repressor
[10:19:22] Modify product: Uncharacterized protein HI_0431 => putative protein
[10:19:22] Modify product: Stress response UPF0229 protein YhbH => hypothetical protein
[10:19:22] Modify product: Uncharacterized lipoprotein YgdR => putative lipoprotein YgdR
[10:19:22] Modify product: Probable csgAB operon transcriptional regulatory protein => putative csgAB operon transcriptional regulatory protein
[10:19:22] Modify product: Cytochrome b561 homolog 1 => Cytochrome b561 
[10:19:22] Modify product: UPF0098 protein YbhB => hypothetical protein
[10:19:22] Modify product: Probable formate transporter 1 => putative formate transporter 1
[10:19:22] Modify product: Uncharacterized amino acid permease YhdG => putative amino acid permease YhdG
[10:19:22] Modify product: Uncharacterized protein YfeY => putative protein YfeY
[10:19:22] Modify product: UPF0178 protein YaiI => hypothetical protein
[10:19:22] Modify product: UPF0339 protein SO_3888 => hypothetical protein
[10:19:22] Modify product: 23S rRNA 5-hydroxycytidine C2501 synthase => 23S rRNA 5-hydroxycytidine synthase
[10:19:22] Modify product: Probable lipid kinase YegS => putative lipid kinase YegS
[10:19:22] Modify product: Uncharacterized symporter YjmB => putative symporter YjmB
[10:19:22] Modify product: Probable Ni/Fe-hydrogenase 2 b-type cytochrome subunit => putative Ni/Fe-hydrogenase 2 b-type cytochrome subunit
[10:19:22] Modify product: Probable cyclic di-GMP phosphodiesterase PdeK => putative cyclic di-GMP phosphodiesterase PdeK
[10:19:22] Modify product: Uncharacterized MFS-type transporter YhjX => putative MFS-type transporter YhjX
[10:19:22] Modify product: Probable lipoprotein YiaD => putative lipoprotein YiaD
[10:19:22] Modify product: Uncharacterized protein HI_0227 => putative protein
[10:19:22] Modify product: Uncharacterized protein YiaX1 => putative protein YiaX1
[10:19:22] Modify product: Uncharacterized GST-like protein YibF => putative GST-like protein YibF
[10:19:22] Modify product: Uncharacterized protein YibL => putative protein YibL
[10:19:22] Modify product: Uncharacterized protein YibN => putative protein YibN
[10:19:22] Modify product: Uncharacterized lipoprotein YgdR => putative lipoprotein YgdR
[10:19:22] Modify product: UPF0382 inner membrane protein YgdD => hypothetical protein
[10:19:22] Modify product: Uncharacterized protein YqcC => putative protein YqcC
[10:19:22] Modify product: Uncharacterized protein PA3435 => putative protein
[10:19:22] Modify product: UPF0253 protein YaeP => hypothetical protein
[10:19:22] Modify product: Uncharacterized protein YaeQ => putative protein YaeQ
[10:19:22] Modify product: Probable GTP-binding protein EngB => putative GTP-binding protein EngB
[10:19:22] Modify product: UPF0761 membrane protein YihY => hypothetical protein
[10:19:22] Modify product: UPF0126 inner membrane protein YicG => hypothetical protein
[10:19:22] Modify product: UPF0758 protein YsxA => hypothetical protein
[10:19:22] Modify product: Uncharacterized membrane protein YdfK => putative membrane protein YdfK
[10:19:22] Modify product: Probable UbiX-like flavin prenyltransferase => putative UbiX-like flavin prenyltransferase
[10:19:22] Modify product: UPF0255 protein VV1_0328 => hypothetical protein
[10:19:22] Modify product: Uncharacterized ABC transporter ATP-binding protein YheS => putative ABC transporter ATP-binding protein YheS
[10:19:22] Modify product: TelA-like protein SA1238 => TelA-like protein
[10:19:22] Modify product: Uncharacterized protein HI_0227 => putative protein
[10:19:22] Modify product: Uncharacterized protein YiaX1 => putative protein YiaX1
[10:19:22] Modify product: Probable sulfoacetate transporter SauU => putative sulfoacetate transporter SauU
[10:19:22] Modify product: Uncharacterized lipoprotein ChiQ => putative lipoprotein ChiQ
[10:19:22] Modify product: Uncharacterized protein YbfE => putative protein YbfE
[10:19:22] Modify product: Uncharacterized protein YgcP => putative protein YgcP
[10:19:22] Modify product: GTP cyclohydrolase 1 type 2 homolog => GTP cyclohydrolase 1 type 2 
[10:19:23] Modify product: Probable aminotransferase Rv3329 => putative aminotransferase
[10:19:23] Modify product: Probable multidrug-efflux transporter Rv1634 => putative multidrug-efflux transporter
[10:19:23] Modify product: Uncharacterized inner membrane transporter YedA => putative inner membrane transporter YedA
[10:19:23] Modify product: Probable multidrug resistance protein EmrY => putative multidrug resistance protein EmrY
[10:19:23] Modify product: Uncharacterized protein YycE => putative protein YycE
[10:19:23] Modify product: UPF0176 protein YceA => hypothetical protein
[10:19:23] Modify product: Cytochrome b561 homolog 2 => Cytochrome b561 
[10:19:23] Modify product: Uncharacterized protein YfgJ => putative protein YfgJ
[10:19:23] Modify product: UPF0070 protein HI_0370 => hypothetical protein
[10:19:23] Modify product: Probable 3-phenylpropionic acid transporter => putative 3-phenylpropionic acid transporter
[10:19:23] Modify product: Uncharacterized protein HI_1472 => putative protein
[10:19:23] Modify product: Probable ABC transporter permease protein HI_1471 => putative ABC transporter permease protein
[10:19:23] Modify product: Uncharacterized MFS-type transporter YhjX => putative MFS-type transporter YhjX
[10:19:23] Modify product: Uncharacterized protein YniD => putative protein YniD
[10:19:23] Modify product: Probable cyclic di-GMP phosphodiesterase PdeD => putative cyclic di-GMP phosphodiesterase PdeD
[10:19:23] Modify product: UPF0053 inner membrane protein YoaE => hypothetical protein
[10:19:23] Modify product: UPF0266 membrane protein YobD => hypothetical protein
[10:19:23] Modify product: Probable manganese efflux pump MntP => putative manganese efflux pump MntP
[10:19:23] Modify product: Uncharacterized protein Rv0906 => putative protein
[10:19:23] Modify product: UPF0227 protein YcfP => hypothetical protein
[10:19:23] Modify product: Probable UbiX-like flavin prenyltransferase => putative UbiX-like flavin prenyltransferase
[10:19:23] Modify product: UPF0394 inner membrane protein YedE => hypothetical protein
[10:19:23] Modify product: Probable transporter SCO4007 => putative transporter
[10:19:23] Modify product: Uncharacterized protein YgaM => putative protein YgaM
[10:19:23] Modify product: Probable HTH-type transcriptional regulator YgaV => putative HTH-type transcriptional regulator YgaV
[10:19:23] Modify product: Probable fimbrial chaperone LpfB => putative fimbrial chaperone LpfB
[10:19:23] Modify product: Probable D,D-dipeptide transport system permease protein DdpC => putative D,D-dipeptide transport system permease protein DdpC
[10:19:23] Modify product: Probable transporter SCO4007 => putative transporter
[10:19:23] Modify product: Uncharacterized metal-dependent hydrolase YjjV => putative metal-dependent hydrolase YjjV
[10:19:23] Modify product: Probable FMN/FAD exporter YeeO => putative FMN/FAD exporter YeeO
[10:19:23] Modify product: Uncharacterized protein SA0829 => putative protein
[10:19:23] Modify product: UPF0265 protein YeeX => hypothetical protein
[10:19:23] Modify product: Uncharacterized protein HI_0131 => putative protein
[10:19:23] Modify product: Putative transport protein Rv1101c => Putative transport protein
[10:19:23] Modify product: Uncharacterized protein YcgM => putative protein YcgM
[10:19:23] Modify product: Probable ATP-dependent DNA helicase YoaA => putative ATP-dependent DNA helicase YoaA
[10:19:23] Modify product: Probable chromate transport protein => putative chromate transport protein
[10:19:23] Modify product: Probable L,D-transpeptidase YbiS => putative L,D-transpeptidase YbiS
[10:19:23] Modify product: Probable multidrug resistance protein EmrK => putative multidrug resistance protein EmrK
[10:19:23] Modify product: Uncharacterized signaling protein CC_0091 => putative signaling protein
[10:19:23] Modify product: Uncharacterized HTH-type transcriptional regulator YahB => putative HTH-type transcriptional regulator YahB
[10:19:23] Modify product: Probable L,D-transpeptidase YcfS => putative L,D-transpeptidase YcfS
[10:19:23] Modify product: Probable ATP-dependent transporter SufC => putative ATP-dependent transporter SufC
[10:19:23] Modify product: Uncharacterized protein HI_1163 => putative protein
[10:19:23] Modify product: Probable 4-amino-4-deoxy-L-arabinose-phosphoundecaprenol flippase subunit ArnF => putative 4-amino-4-deoxy-L-arabinose-phosphoundecaprenol flippase subunit ArnF
[10:19:23] Modify product: Probable 4-amino-4-deoxy-L-arabinose-phosphoundecaprenol flippase subunit ArnE => putative 4-amino-4-deoxy-L-arabinose-phosphoundecaprenol flippase subunit ArnE
[10:19:23] Modify product: Probable 4-deoxy-4-formamido-L-arabinose-phosphoundecaprenol deformylase ArnD => putative 4-deoxy-4-formamido-L-arabinose-phosphoundecaprenol deformylase ArnD
[10:19:23] Modify product: UPF0056 inner membrane protein MarC => hypothetical protein
[10:19:23] Modify product: Probable ketoamine kinase HMPREF0351_12196 => putative ketoamine kinase
[10:19:23] Modify product: Uncharacterized protein YebV => putative protein YebV
[10:19:23] Modify product: Probable phosphatase Rv3661 => putative phosphatase
[10:19:23] Modify product: Probable peptidoglycan glycosyltransferase FtsW => putative peptidoglycan glycosyltransferase FtsW
[10:19:23] Modify product: Probable D,D-dipeptide transport system permease protein DdpC => putative D,D-dipeptide transport system permease protein DdpC
[10:19:23] Modify product: Zinc-type alcohol dehydrogenase-like protein SA1988 => Zinc-type alcohol dehydrogenase-like protein
[10:19:23] Modify product: Probable D,D-dipeptide transport system permease protein DdpC => putative D,D-dipeptide transport system permease protein DdpC
[10:19:23] Modify product: Probable D,D-dipeptide-binding periplasmic protein DdpA => putative D,D-dipeptide-binding periplasmic protein DdpA
[10:19:23] Modify product: Probable DNA endonuclease SmrA => putative DNA endonuclease SmrA
[10:19:23] Modify product: Glycogen operon protein GlgX homolog => Glycogen operon protein GlgX 
[10:19:23] Modify product: Uncharacterized protein HI_0461 => putative protein
[10:19:23] Modify product: Uncharacterized MFS-type transporter YcaD => putative MFS-type transporter YcaD
[10:19:23] Modify product: Probable formate transporter 1 => putative formate transporter 1
[10:19:23] Modify product: Probable protein kinase UbiB => putative protein kinase UbiB
[10:19:23] Modify product: Probable transport protein YifK => putative transport protein YifK
[10:19:23] Modify product: Probable ECA polymerase => putative ECA polymerase
[10:19:23] Modify product: Uncharacterized protein Rv2411c => putative protein
[10:19:23] Modify product: Uncharacterized protein Rv2569c => putative protein
[10:19:23] Modify product: Uncharacterized protein YqjD => putative protein YqjD
[10:19:23] Modify product: UPF0102 protein RPA0323 => hypothetical protein
[10:19:23] Modify product: UPF0053 inner membrane protein YoaE => hypothetical protein
[10:19:23] Modify product: Probable D,D-dipeptide transport system permease protein DdpC => putative D,D-dipeptide transport system permease protein DdpC
[10:19:23] Modify product: Uncharacterized protein YcgM => putative protein YcgM
[10:19:23] Modify product: Putative HTH-type transcriptional regulator Rv1287 => Putative HTH-type transcriptional regulator
[10:19:23] Modify product: Probable transcriptional regulatory protein YebC => putative transcriptional regulatory protein YebC
[10:19:23] Modify product: Probable lipid II flippase MurJ => putative lipid II flippase MurJ
[10:19:23] Modify product: UPF0502 protein YceH => hypothetical protein
[10:19:23] Modify product: Uncharacterized lipoprotein YceB => putative lipoprotein YceB
[10:19:23] Modify product: Probable phosphatase YcdX => putative phosphatase YcdX
[10:19:23] Modify product: Probable licABCH operon regulator => putative licABCH operon regulator
[10:19:23] Modify product: Deacetylase EF_0837 => Deacetylase
[10:19:23] Modify product: UPF0307 protein YjgA => hypothetical protein
[10:19:23] Modify product: Uncharacterized protein YhcO => putative protein YhcO
[10:19:23] Modify product: Uncharacterized membrane protein YhdT => putative membrane protein YhdT
[10:19:23] Modify product: Uncharacterized signaling protein PA1727 => putative signaling protein
[10:19:23] Modify product: Uncharacterized protein HI_1472 => putative protein
[10:19:23] Modify product: Nitrilase blr3397 => Nitrilase
[10:19:23] Modify product: Uncharacterized protein YjbR => putative protein YjbR
[10:19:23] Modify product: Uncharacterized protein YphB => putative protein YphB
[10:19:23] Modify product: UPF0337 protein YjbJ => hypothetical protein
[10:19:23] Modify product: Probable 2-dehydro-3-deoxygalactonokinase DgoK1 => putative 2-dehydro-3-deoxygalactonokinase DgoK1
[10:19:23] Modify product: UPF0231 protein YacL => hypothetical protein
[10:19:23] Modify product: Probable N-acetylneuraminic acid outer membrane channel protein NanC => putative N-acetylneuraminic acid outer membrane channel protein NanC
[10:19:23] Modify product: Putative lipoprotein NMB1126/NMB1164 => Putative lipoprotein/NMB1164
[10:19:23] Modify product: Putative lipoprotein NMB1124/NMB1162 => Putative lipoprotein/NMB1162
[10:19:23] Modify product: Probable glutamine ABC transporter permease protein GlnM => putative glutamine ABC transporter permease protein GlnM
[10:19:23] Modify product: Probable allantoin permease => putative allantoin permease
[10:19:23] Modify product: Uncharacterized oxidoreductase YdgJ => putative oxidoreductase YdgJ
[10:19:23] Modify product: Probable major fimbrial subunit LpfA => putative major fimbrial subunit LpfA
[10:19:23] Modify product: Probable fimbrial chaperone LpfB => putative fimbrial chaperone LpfB
[10:19:23] Modify product: UPF0482 protein YnfB => hypothetical protein
[10:19:23] Modify product: UPF0060 membrane protein YnfA => hypothetical protein
[10:19:23] Modify product: Probable transport protein HsrA => putative transport protein HsrA
[10:19:23] Modify product: Probable ABC transporter-binding protein DR_1438 => putative ABC transporter-binding protein
[10:19:23] Modify product: Probable xanthine dehydrogenase subunit D => putative xanthine dehydrogenase subunit D
[10:19:23] Modify product: Uncharacterized protein HI_0131 => putative protein
[10:19:23] Modify product: Probable iron export permease protein FetB => putative iron export permease protein FetB
[10:19:23] Modify product: Probable iron export ATP-binding protein FetA => putative iron export ATP-binding protein FetA
[10:19:23] Modify product: Uncharacterized oxidoreductase SA2266 => putative oxidoreductase
[10:19:23] Modify product: UPF0267 protein YqfB => hypothetical protein
[10:19:23] Modify product: Uncharacterized protein HI_1472 => putative protein
[10:19:23] Modify product: Probable glucarate transporter => putative glucarate transporter
[10:19:23] Modify product: Probable fimbrial chaperone LpfB => putative fimbrial chaperone LpfB
[10:19:23] Modify product: Probable major fimbrial subunit LpfA => putative major fimbrial subunit LpfA
[10:19:23] Modify product: Probable formaldehyde dehydrogenase AdhA => putative formaldehyde dehydrogenase AdhA
[10:19:23] Modify product: Probable cyclic di-GMP phosphodiesterase PdeG => putative cyclic di-GMP phosphodiesterase PdeG
[10:19:23] Modify product: Acetyltransferase PA3944 => Acetyltransferase
[10:19:23] Modify product: Uncharacterized protein HI_1472 => putative protein
[10:19:23] Modify product: Probable amino-acid ABC transporter-binding protein HI_1080 => putative amino-acid ABC transporter-binding protein
[10:19:23] Modify product: Probable glutamine ABC transporter permease protein GlnM => putative glutamine ABC transporter permease protein GlnM
[10:19:23] Modify product: Uncharacterized protein YcjY => putative protein YcjY
[10:19:23] Modify product: Probable acrylyl-CoA reductase AcuI => putative acrylyl-CoA reductase AcuI
[10:19:23] Modify product: UPF0299 membrane protein YohJ => hypothetical protein
[10:19:23] Modify product: Probable succinyl-diaminopimelate desuccinylase => putative succinyl-diaminopimelate desuccinylase
[10:19:23] Modify product: Probable glutamine ABC transporter permease protein GlnP => putative glutamine ABC transporter permease protein GlnP
[10:19:23] Modify product: Uncharacterized N-acetyltransferase YtmI => putative N-acetyltransferase YtmI
[10:19:23] Modify product: Uncharacterized protein Rv3633 => putative protein
[10:19:23] Modify product: Probable galactarate transporter => putative galactarate transporter
[10:19:23] Modify product: Probable diguanylate cyclase DgcQ => putative diguanylate cyclase DgcQ
[10:19:23] Modify product: Uncharacterized protein PA14_02130 => putative protein
[10:19:23] Modify product: Probable deferrochelatase/peroxidase EfeN => putative deferrochelatase/peroxidase EfeN
[10:19:23] Modify product: Putative multidrug export ATP-binding/permease protein SAV1866 => Putative multidrug export ATP-binding/permease protein
[10:19:23] Modify product: Probable D,D-dipeptide-binding periplasmic protein DdpA => putative D,D-dipeptide-binding periplasmic protein DdpA
[10:19:23] Modify product: Probable D,D-dipeptide transport ATP-binding protein DdpF => putative D,D-dipeptide transport ATP-binding protein DdpF
[10:19:23] Modify product: Probable D,D-dipeptide transport system permease protein DdpC => putative D,D-dipeptide transport system permease protein DdpC
[10:19:23] Modify product: Probable D,D-dipeptide transport system permease protein DdpB => putative D,D-dipeptide transport system permease protein DdpB
[10:19:23] Modify product: Probable D,D-dipeptide-binding periplasmic protein DdpA => putative D,D-dipeptide-binding periplasmic protein DdpA
[10:19:23] Modify product: Uncharacterized N-acetyltransferase YsnE => putative N-acetyltransferase YsnE
[10:19:23] Modify product: Uncharacterized protein YbjN => putative protein YbjN
[10:19:23] Modify product: Uncharacterized protein YciH => putative protein YciH
[10:19:23] Modify product: Probable protease SohB => putative protease SohB
[10:19:23] Modify product: Uncharacterized oxidoreductase YciK => putative oxidoreductase YciK
[10:19:23] Modify product: Uncharacterized protein YciO => putative protein YciO
[10:19:23] Modify product: UPF0259 membrane protein YciC => hypothetical protein
[10:19:23] Modify product: Probable intracellular septation protein A => putative intracellular septation protein A
[10:19:23] Modify product: Uncharacterized acyl-CoA thioester hydrolase HI_0827 => putative acyl-CoA thioester hydrolase
[10:19:23] Modify product: UPF0263 protein YciU => hypothetical protein
[10:19:23] Modify product: UPF0056 inner membrane protein MarC => hypothetical protein
[10:19:23] Modify product: Uncharacterized NTE family protein Rv1063c => putative NTE family protein
[10:19:23] Modify product: UPF0225 protein YchJ => hypothetical protein
[10:19:23] Modify product: Probable D,D-dipeptide transport system permease protein DdpC => putative D,D-dipeptide transport system permease protein DdpC
[10:19:23] Modify product: Uncharacterized HTH-type transcriptional regulator YbbH => putative HTH-type transcriptional regulator YbbH
[10:19:23] Modify product: Acetyltransferase PA3944 => Acetyltransferase
[10:19:23] Modify product: Probable D,D-dipeptide transport ATP-binding protein DdpF => putative D,D-dipeptide transport ATP-binding protein DdpF
[10:19:23] Modify product: Probable D,D-dipeptide transport ATP-binding protein DdpD => putative D,D-dipeptide transport ATP-binding protein DdpD
[10:19:23] Modify product: Probable D,D-dipeptide transport system permease protein DdpC => putative D,D-dipeptide transport system permease protein DdpC
[10:19:23] Modify product: Probable D,D-dipeptide transport system permease protein DdpB => putative D,D-dipeptide transport system permease protein DdpB
[10:19:23] Modify product: Probable D,D-dipeptide-binding periplasmic protein DdpA => putative D,D-dipeptide-binding periplasmic protein DdpA
[10:19:23] Modify product: Uncharacterized lipoprotein YgdR => putative lipoprotein YgdR
[10:19:23] Modify product: UPF0283 membrane protein YcjF => hypothetical protein
[10:19:23] Modify product: Uncharacterized protein YcjX => putative protein YcjX
[10:19:23] Modify product: Uncharacterized protein YccU => putative protein YccU
[10:19:23] Modify product: Uncharacterized protein YcbX => putative protein YcbX
[10:19:23] Modify product: Probable L,D-transpeptidase YcbB => putative L,D-transpeptidase YcbB
[10:19:23] Modify product: UPF0434 protein YcaR => hypothetical protein
[10:19:23] Modify product: Probable formate transporter 1 => putative formate transporter 1
[10:19:23] Modify product: Uncharacterized MFS-type transporter YcaD => putative MFS-type transporter YcaD
[10:19:23] Modify product: Probable 2-dehydro-3-deoxy-D-pentonate aldolase YjhH => putative 2-dehydro-3-deoxy-D-pentonate aldolase YjhH
[10:19:23] Modify product: Uncharacterized HTH-type transcriptional regulator YbbH => putative HTH-type transcriptional regulator YbbH
[10:19:23] Modify product: Uncharacterized symporter YjmB => putative symporter YjmB
[10:19:23] Modify product: Probable membrane transporter protein YfcA => putative membrane transporter protein YfcA
[10:19:24] Modify product: Epimerase family protein SA0724 => Epimerase family protein
[10:19:24] Modify product: Uncharacterized Nudix hydrolase YfcD => putative Nudix hydrolase YfcD
[10:19:24] Modify product: UPF0208 membrane protein YfbV => hypothetical protein
[10:19:24] Modify product: UPF0304 protein YfbU => hypothetical protein
[10:19:24] Modify product: Uncharacterized protein YejG => putative protein YejG
[10:19:24] Modify product: Uncharacterized ABC transporter ATP-binding protein YejF => putative ABC transporter ATP-binding protein YejF
[10:19:24] Modify product: Probable cyclic di-GMP phosphodiesterase PdeN => putative cyclic di-GMP phosphodiesterase PdeN
[10:19:24] Modify product: UPF0153 protein YeiW => hypothetical protein
[10:19:24] Modify product: UPF0324 inner membrane protein YeiH => hypothetical protein
[10:19:24] Modify product: Probable siderophore transport system ATP-binding protein YusV => putative siderophore transport system ATP-binding protein YusV
[10:19:24] Modify product: Uncharacterized protein YbiB => putative protein YbiB
[10:19:24] Modify product: Uncharacterized protein YbiI => putative protein YbiI
[10:19:24] Modify product: Uncharacterized ABC transporter ATP-binding protein YbiT => putative ABC transporter ATP-binding protein YbiT
[10:19:24] Modify product: Uncharacterized lipoprotein YbjP => putative lipoprotein YbjP
[10:19:24] Modify product: UPF0145 protein YbjQ => hypothetical protein
[10:19:24] Modify product: UPF0438 protein YifE => hypothetical protein
[10:19:24] Cleaned 299 /product names
[10:19:24] Deleting unwanted file: prokka_ANT_3/ANT_3.sprot.tmp.84270.faa
[10:19:24] Deleting unwanted file: prokka_ANT_3/ANT_3.sprot.tmp.84270.blast
[10:19:24] There are still 1535 unannotated CDS left (started with 4800)
[10:19:24] Will use hmmer3 to search against /home/diego/miniconda3/envs/prokka_env/db/hmm/HAMAP.hmm with 20 CPUs
[10:19:24] Running: cat prokka_ANT_3\/ANT_3\.HAMAP\.hmm\.tmp\.84270\.faa | parallel --gnu --plain -j 20 --block 9556 --recstart '>' --pipe hmmscan --noali --notextw --acc -E 1e-09 --cpu 1 /home/diego/miniconda3/envs/prokka_env/db/hmm/HAMAP.hmm /dev/stdin > prokka_ANT_3\/ANT_3\.HAMAP\.hmm\.tmp\.84270\.hmmer3 2> /dev/null
[10:19:30] Modify product: Uncharacterized MFS-type transporter YcaD => putative MFS-type transporter YcaD
[10:19:30] Modify product: Uncharacterized Nudix hydrolase NudL => putative Nudix hydrolase NudL
[10:19:30] Cleaned 2 /product names
[10:19:30] Deleting unwanted file: prokka_ANT_3/ANT_3.HAMAP.hmm.tmp.84270.faa
[10:19:30] Deleting unwanted file: prokka_ANT_3/ANT_3.HAMAP.hmm.tmp.84270.hmmer3
[10:19:30] Labelling remaining 1362 proteins as 'hypothetical protein'
[10:19:30] Possible /pseudo 'Multiple stress resistance protein BhsA' at gnl|Prokka|ANT_3_28 position 266905
[10:19:30] Possible /pseudo 'NADH-quinone oxidoreductase subunit M' at gnl|Prokka|ANT_3_92 position 5685
[10:19:30] Possible /pseudo 'NADH-quinone oxidoreductase subunit M' at gnl|Prokka|ANT_3_92 position 9377
[10:19:30] Possible /pseudo 'Metalloprotease LoiP' at gnl|Prokka|ANT_3_123 position 85283
[10:19:30] Possible /pseudo 'Multiple stress resistance protein BhsA' at gnl|Prokka|ANT_3_123 position 633773
[10:19:30] Possible /pseudo 'Multiple stress resistance protein BhsA' at gnl|Prokka|ANT_3_123 position 634199
[10:19:30] Possible /pseudo 'L-cystine transport system permease protein YecS' at gnl|Prokka|ANT_3_188 position 167787
[10:19:30] Possible /pseudo 'Protein FimG' at gnl|Prokka|ANT_3_188 position 284216
[10:19:30] Possible /pseudo 'Methyl-accepting chemotaxis protein I' at gnl|Prokka|ANT_3_207 position 241226
[10:19:30] Possible /pseudo 'Major phosphate-irrepressible acid phosphatase' at gnl|Prokka|ANT_3_212 position 10336
[10:19:30] Possible /pseudo 'Putative protein-methionine-sulfoxide reductase subunit YedZ1' at gnl|Prokka|ANT_3_212 position 223562
[10:19:30] Found 2512 unique /gene codes.
[10:19:30] Fixed 2 duplicate /gene - lysA_1 lysA_2
[10:19:30] Fixed 4 duplicate /gene - fdhC_1 fdhC_2 fdhC_3 fdhC_4
[10:19:30] Fixed 2 duplicate /gene - ompR_1 ompR_2
[10:19:30] Fixed 10 duplicate /gene - pgrR_1 pgrR_2 pgrR_3 pgrR_4 pgrR_5 pgrR_6 pgrR_7 pgrR_8 pgrR_9 pgrR_10
[10:19:30] Fixed 2 duplicate /gene - yhhW_1 yhhW_2
[10:19:30] Fixed 2 duplicate /gene - bacC_1 bacC_2
[10:19:30] Fixed 2 duplicate /gene - xylH_1 xylH_2
[10:19:30] Fixed 2 duplicate /gene - ntaA_1 ntaA_2
[10:19:30] Fixed 3 duplicate /gene - hyfA_1 hyfA_2 hyfA_3
[10:19:30] Fixed 2 duplicate /gene - eda_1 eda_2
[10:19:30] Fixed 2 duplicate /gene - mltF_1 mltF_2
[10:19:30] Fixed 2 duplicate /gene - leuA_1 leuA_2
[10:19:30] Fixed 2 duplicate /gene - rph_1 rph_2
[10:19:30] Fixed 2 duplicate /gene - phnR_1 phnR_2
[10:19:30] Fixed 2 duplicate /gene - gltC_1 gltC_2
[10:19:30] Fixed 2 duplicate /gene - corA_1 corA_2
[10:19:30] Fixed 4 duplicate /gene - betI_1 betI_2 betI_3 betI_4
[10:19:30] Fixed 2 duplicate /gene - flgH_1 flgH_2
[10:19:30] Fixed 2 duplicate /gene - bcsG_1 bcsG_2
[10:19:30] Fixed 2 duplicate /gene - puuB_1 puuB_2
[10:19:30] Fixed 4 duplicate /gene - ompC_1 ompC_2 ompC_3 ompC_4
[10:19:30] Fixed 2 duplicate /gene - hypF_1 hypF_2
[10:19:30] Fixed 2 duplicate /gene - nuoL_1 nuoL_2
[10:19:30] Fixed 2 duplicate /gene - fhlA_1 fhlA_2
[10:19:30] Fixed 2 duplicate /gene - arnC_1 arnC_2
[10:19:30] Fixed 2 duplicate /gene - lolD_1 lolD_2
[10:19:30] Fixed 2 duplicate /gene - cmk_1 cmk_2
[10:19:30] Fixed 3 duplicate /gene - clpP_1 clpP_2 clpP_3
[10:19:30] Fixed 2 duplicate /gene - fadL_1 fadL_2
[10:19:30] Fixed 2 duplicate /gene - flhA_1 flhA_2
[10:19:30] Fixed 2 duplicate /gene - pdhR_1 pdhR_2
[10:19:30] Fixed 9 duplicate /gene - gsiC_1 gsiC_2 gsiC_3 gsiC_4 gsiC_5 gsiC_6 gsiC_7 gsiC_8 gsiC_9
[10:19:30] Fixed 2 duplicate /gene - gpmA_1 gpmA_2
[10:19:30] Fixed 2 duplicate /gene - gldA_1 gldA_2
[10:19:30] Fixed 2 duplicate /gene - fadB_1 fadB_2
[10:19:30] Fixed 2 duplicate /gene - flgF_1 flgF_2
[10:19:30] Fixed 6 duplicate /gene - dapE_1 dapE_2 dapE_3 dapE_4 dapE_5 dapE_6
[10:19:30] Fixed 2 duplicate /gene - zntB_1 zntB_2
[10:19:30] Fixed 2 duplicate /gene - spoT_1 spoT_2
[10:19:30] Fixed 2 duplicate /gene - surA_1 surA_2
[10:19:30] Fixed 2 duplicate /gene - tag_1 tag_2
[10:19:30] Fixed 2 duplicate /gene - mrdA_1 mrdA_2
[10:19:30] Fixed 2 duplicate /gene - cdhR_1 cdhR_2
[10:19:30] Fixed 2 duplicate /gene - greB_1 greB_2
[10:19:30] Fixed 2 duplicate /gene - acpP_1 acpP_2
[10:19:30] Fixed 2 duplicate /gene - trmL_1 trmL_2
[10:19:30] Fixed 2 duplicate /gene - nagB_1 nagB_2
[10:19:30] Fixed 2 duplicate /gene - lysO_1 lysO_2
[10:19:30] Fixed 2 duplicate /gene - alaS_1 alaS_2
[10:19:30] Fixed 4 duplicate /gene - emrB_1 emrB_2 emrB_3 emrB_4
[10:19:30] Fixed 3 duplicate /gene - manP_1 manP_2 manP_3
[10:19:30] Fixed 2 duplicate /gene - hycA_1 hycA_2
[10:19:30] Fixed 2 duplicate /gene - yabI_1 yabI_2
[10:19:30] Fixed 4 duplicate /gene - hmuU_1 hmuU_2 hmuU_3 hmuU_4
[10:19:30] Fixed 4 duplicate /gene - gntR_1 gntR_2 gntR_3 gntR_4
[10:19:30] Fixed 2 duplicate /gene - xylF_1 xylF_2
[10:19:30] Fixed 2 duplicate /gene - pxpB_1 pxpB_2
[10:19:30] Fixed 2 duplicate /gene - glgX_1 glgX_2
[10:19:30] Fixed 2 duplicate /gene - malX_1 malX_2
[10:19:30] Fixed 2 duplicate /gene - rpsJ_1 rpsJ_2
[10:19:30] Fixed 2 duplicate /gene - sbp_1 sbp_2
[10:19:30] Fixed 2 duplicate /gene - fliG_1 fliG_2
[10:19:30] Fixed 2 duplicate /gene - yjmB_1 yjmB_2
[10:19:30] Fixed 2 duplicate /gene - fsaA_1 fsaA_2
[10:19:30] Fixed 2 duplicate /gene - kbl_1 kbl_2
[10:19:30] Fixed 2 duplicate /gene - nagR_1 nagR_2
[10:19:30] Fixed 2 duplicate /gene - lon_1 lon_2
[10:19:30] Fixed 2 duplicate /gene - ulaC_1 ulaC_2
[10:19:30] Fixed 4 duplicate /gene - glnP_1 glnP_2 glnP_3 glnP_4
[10:19:30] Fixed 2 duplicate /gene - celA_1 celA_2
[10:19:30] Fixed 2 duplicate /gene - paoD_1 paoD_2
[10:19:30] Fixed 2 duplicate /gene - ligB_1 ligB_2
[10:19:30] Fixed 3 duplicate /gene - gabR_1 gabR_2 gabR_3
[10:19:30] Fixed 2 duplicate /gene - xerC_1 xerC_2
[10:19:30] Fixed 6 duplicate /gene - gsiB_1 gsiB_2 gsiB_3 gsiB_4 gsiB_5 gsiB_6
[10:19:30] Fixed 2 duplicate /gene - azoR_1 azoR_2
[10:19:30] Fixed 3 duplicate /gene - dppB_1 dppB_2 dppB_3
[10:19:30] Fixed 10 duplicate /gene - glnQ_1 glnQ_2 glnQ_3 glnQ_4 glnQ_5 glnQ_6 glnQ_7 glnQ_8 glnQ_9 glnQ_10
[10:19:30] Fixed 4 duplicate /gene - tabA_1 tabA_2 tabA_3 tabA_4
[10:19:30] Fixed 2 duplicate /gene - fryA_1 fryA_2
[10:19:30] Fixed 2 duplicate /gene - gntT_1 gntT_2
[10:19:30] Fixed 3 duplicate /gene - rspR_1 rspR_2 rspR_3
[10:19:30] Fixed 2 duplicate /gene - fabD_1 fabD_2
[10:19:30] Fixed 2 duplicate /gene - pflB_1 pflB_2
[10:19:30] Fixed 5 duplicate /gene - hdfR_1 hdfR_2 hdfR_3 hdfR_4 hdfR_5
[10:19:30] Fixed 2 duplicate /gene - pxpC_1 pxpC_2
[10:19:30] Fixed 2 duplicate /gene - nagC_1 nagC_2
[10:19:30] Fixed 3 duplicate /gene - focA_1 focA_2 focA_3
[10:19:30] Fixed 17 duplicate /gene - dmlR_1 dmlR_2 dmlR_3 dmlR_4 dmlR_5 dmlR_6 dmlR_7 dmlR_8 dmlR_9 dmlR_10 dmlR_11 dmlR_12 dmlR_13 dmlR_14 dmlR_15 dmlR_16 dmlR_17
[10:19:30] Fixed 3 duplicate /gene - ulaE_1 ulaE_2 ulaE_3
[10:19:30] Fixed 3 duplicate /gene - fdhL_1 fdhL_2 fdhL_3
[10:19:30] Fixed 2 duplicate /gene - malI_1 malI_2
[10:19:30] Fixed 2 duplicate /gene - gpmI_1 gpmI_2
[10:19:30] Fixed 2 duplicate /gene - ybbH_1 ybbH_2
[10:19:30] Fixed 2 duplicate /gene - tsgA_1 tsgA_2
[10:19:30] Fixed 2 duplicate /gene - citG_1 citG_2
[10:19:30] Fixed 2 duplicate /gene - xylG_1 xylG_2
[10:19:30] Fixed 2 duplicate /gene - aspT_1 aspT_2
[10:19:30] Fixed 2 duplicate /gene - potA_1 potA_2
[10:19:30] Fixed 2 duplicate /gene - adhA_1 adhA_2
[10:19:30] Fixed 2 duplicate /gene - fliF_1 fliF_2
[10:19:30] Fixed 2 duplicate /gene - tdh_1 tdh_2
[10:19:30] Fixed 2 duplicate /gene - yhaJ_1 yhaJ_2
[10:19:30] Fixed 2 duplicate /gene - hycI_1 hycI_2
[10:19:30] Fixed 2 duplicate /gene - adh1_1 adh1_2
[10:19:30] Fixed 4 duplicate /gene - mshA_1 mshA_2 mshA_3 mshA_4
[10:19:30] Fixed 2 duplicate /gene - ybdO_1 ybdO_2
[10:19:30] Fixed 3 duplicate /gene - cmpR_1 cmpR_2 cmpR_3
[10:19:30] Fixed 4 duplicate /gene - mlc_1 mlc_2 mlc_3 mlc_4
[10:19:30] Fixed 2 duplicate /gene - agp_1 agp_2
[10:19:30] Fixed 2 duplicate /gene - flgG_1 flgG_2
[10:19:30] Fixed 2 duplicate /gene - aatB_1 aatB_2
[10:19:30] Fixed 2 duplicate /gene - gpr_1 gpr_2
[10:19:30] Fixed 2 duplicate /gene - hemS_1 hemS_2
[10:19:30] Fixed 2 duplicate /gene - fatA_1 fatA_2
[10:19:30] Fixed 2 duplicate /gene - cysG_1 cysG_2
[10:19:30] Fixed 2 duplicate /gene - doeA_1 doeA_2
[10:19:30] Fixed 2 duplicate /gene - gntK_1 gntK_2
[10:19:30] Fixed 2 duplicate /gene - metI_1 metI_2
[10:19:30] Fixed 3 duplicate /gene - ycaD_1 ycaD_2 ycaD_3
[10:19:30] Fixed 2 duplicate /gene - ftsH_1 ftsH_2
[10:19:30] Fixed 2 duplicate /gene - yjhB_1 yjhB_2
[10:19:30] Fixed 3 duplicate /gene - sgbE_1 sgbE_2 sgbE_3
[10:19:30] Fixed 2 duplicate /gene - hybG_1 hybG_2
[10:19:30] Fixed 2 duplicate /gene - yhgF_1 yhgF_2
[10:19:30] Fixed 2 duplicate /gene - flhB_1 flhB_2
[10:19:30] Fixed 3 duplicate /gene - sutR_1 sutR_2 sutR_3
[10:19:30] Fixed 2 duplicate /gene - mdoB_1 mdoB_2
[10:19:30] Fixed 2 duplicate /gene - ygaP_1 ygaP_2
[10:19:30] Fixed 3 duplicate /gene - gmuD_1 gmuD_2 gmuD_3
[10:19:30] Fixed 2 duplicate /gene - ulaA_1 ulaA_2
[10:19:30] Fixed 2 duplicate /gene - envC_1 envC_2
[10:19:30] Fixed 2 duplicate /gene - osmY_1 osmY_2
[10:19:30] Fixed 2 duplicate /gene - yibN_1 yibN_2
[10:19:30] Fixed 2 duplicate /gene - cspE_1 cspE_2
[10:19:30] Fixed 2 duplicate /gene - iucD_1 iucD_2
[10:19:30] Fixed 2 duplicate /gene - cutD_1 cutD_2
[10:19:30] Fixed 6 duplicate /gene - bhsA_1 bhsA_2 bhsA_3 bhsA_4 bhsA_5 bhsA_6
[10:19:30] Fixed 2 duplicate /gene - yidK_1 yidK_2
[10:19:30] Fixed 2 duplicate /gene - argE_1 argE_2
[10:19:30] Fixed 2 duplicate /gene - cspC_1 cspC_2
[10:19:30] Fixed 5 duplicate /gene - nimR_1 nimR_2 nimR_3 nimR_4 nimR_5
[10:19:30] Fixed 2 duplicate /gene - zapB_1 zapB_2
[10:19:30] Fixed 5 duplicate /gene - emrA_1 emrA_2 emrA_3 emrA_4 emrA_5
[10:19:30] Fixed 2 duplicate /gene - nagA_1 nagA_2
[10:19:30] Fixed 2 duplicate /gene - menC_1 menC_2
[10:19:30] Fixed 3 duplicate /gene - lamB_1 lamB_2 lamB_3
[10:19:30] Fixed 2 duplicate /gene - dinI_1 dinI_2
[10:19:30] Fixed 2 duplicate /gene - pxpA_1 pxpA_2
[10:19:30] Fixed 2 duplicate /gene - fdhS_1 fdhS_2
[10:19:30] Fixed 2 duplicate /gene - gutQ_1 gutQ_2
[10:19:30] Fixed 2 duplicate /gene - lsrB_1 lsrB_2
[10:19:30] Fixed 2 duplicate /gene - fabF_1 fabF_2
[10:19:30] Fixed 2 duplicate /gene - ndhI_1 ndhI_2
[10:19:30] Fixed 2 duplicate /gene - rfaF_1 rfaF_2
[10:19:30] Fixed 3 duplicate /gene - rhtC_1 rhtC_2 rhtC_3
[10:19:30] Fixed 2 duplicate /gene - slyA_1 slyA_2
[10:19:30] Fixed 2 duplicate /gene - fliD_1 fliD_2
[10:19:30] Fixed 3 duplicate /gene - syrM1_1 syrM1_2 syrM1_3
[10:19:30] Fixed 2 duplicate /gene - ascG_1 ascG_2
[10:19:30] Fixed 2 duplicate /gene - fcuA_1 fcuA_2
[10:19:30] Fixed 2 duplicate /gene - efeO_1 efeO_2
[10:19:30] Fixed 2 duplicate /gene - coaD_1 coaD_2
[10:19:30] Fixed 2 duplicate /gene - waaA_1 waaA_2
[10:19:30] Fixed 2 duplicate /gene - norW_1 norW_2
[10:19:30] Fixed 4 duplicate /gene - pyrG_1 pyrG_2 pyrG_3 pyrG_4
[10:19:30] Fixed 2 duplicate /gene - bioD1_1 bioD1_2
[10:19:30] Fixed 2 duplicate /gene - ddpF_1 ddpF_2
[10:19:30] Fixed 2 duplicate /gene - topA_1 topA_2
[10:19:30] Fixed 2 duplicate /gene - rimJ_1 rimJ_2
[10:19:30] Fixed 2 duplicate /gene - frwD_1 frwD_2
[10:19:30] Fixed 2 duplicate /gene - hexR_1 hexR_2
[10:19:30] Fixed 4 duplicate /gene - cpdA_1 cpdA_2 cpdA_3 cpdA_4
[10:19:30] Fixed 2 duplicate /gene - yicI_1 yicI_2
[10:19:30] Fixed 2 duplicate /gene - dmsA_1 dmsA_2
[10:19:30] Fixed 2 duplicate /gene - fhuD_1 fhuD_2
[10:19:30] Fixed 2 duplicate /gene - nanT_1 nanT_2
[10:19:30] Fixed 3 duplicate /gene - malK_1 malK_2 malK_3
[10:19:30] Fixed 3 duplicate /gene - lutR_1 lutR_2 lutR_3
[10:19:30] Fixed 2 duplicate /gene - cooF_1 cooF_2
[10:19:30] Fixed 6 duplicate /gene - gcvA_1 gcvA_2 gcvA_3 gcvA_4 gcvA_5 gcvA_6
[10:19:30] Fixed 2 duplicate /gene - dhaK_1 dhaK_2
[10:19:30] Fixed 2 duplicate /gene - rluA_1 rluA_2
[10:19:30] Fixed 2 duplicate /gene - metQ_1 metQ_2
[10:19:30] Fixed 2 duplicate /gene - lyx_1 lyx_2
[10:19:30] Fixed 3 duplicate /gene - gltJ_1 gltJ_2 gltJ_3
[10:19:30] Fixed 2 duplicate /gene - arsC_1 arsC_2
[10:19:30] Fixed 2 duplicate /gene - eamB_1 eamB_2
[10:19:30] Fixed 2 duplicate /gene - rhtB_1 rhtB_2
[10:19:30] Fixed 2 duplicate /gene - adhB_1 adhB_2
[10:19:30] Fixed 2 duplicate /gene - ilvD_1 ilvD_2
[10:19:30] Fixed 2 duplicate /gene - bmr3_1 bmr3_2
[10:19:30] Fixed 8 duplicate /gene - fabG_1 fabG_2 fabG_3 fabG_4 fabG_5 fabG_6 fabG_7 fabG_8
[10:19:30] Fixed 2 duplicate /gene - nanR_1 nanR_2
[10:19:30] Fixed 2 duplicate /gene - yohK_1 yohK_2
[10:19:30] Fixed 2 duplicate /gene - leuD1_1 leuD1_2
[10:19:30] Fixed 2 duplicate /gene - yhdG_1 yhdG_2
[10:19:30] Fixed 2 duplicate /gene - hypD_1 hypD_2
[10:19:30] Fixed 2 duplicate /gene - grxC_1 grxC_2
[10:19:30] Fixed 3 duplicate /gene - oppD_1 oppD_2 oppD_3
[10:19:30] Fixed 4 duplicate /gene - malP_1 malP_2 malP_3 malP_4
[10:19:30] Fixed 2 duplicate /gene - rplC_1 rplC_2
[10:19:30] Fixed 2 duplicate /gene - lacZ_1 lacZ_2
[10:19:30] Fixed 5 duplicate /gene - licC_1 licC_2 licC_3 licC_4 licC_5
[10:19:30] Fixed 3 duplicate /gene - mglA_1 mglA_2 mglA_3
[10:19:30] Fixed 2 duplicate /gene - malQ_1 malQ_2
[10:19:30] Fixed 2 duplicate /gene - yhhS_1 yhhS_2
[10:19:30] Fixed 3 duplicate /gene - RBKS_1 RBKS_2 RBKS_3
[10:19:30] Fixed 2 duplicate /gene - mprA_1 mprA_2
[10:19:30] Fixed 7 duplicate /gene - yicJ_1 yicJ_2 yicJ_3 yicJ_4 yicJ_5 yicJ_6 yicJ_7
[10:19:30] Fixed 2 duplicate /gene - hisC_1 hisC_2
[10:19:30] Fixed 2 duplicate /gene - metE_1 metE_2
[10:19:30] Fixed 3 duplicate /gene - xanP_1 xanP_2 xanP_3
[10:19:30] Fixed 4 duplicate /gene - bcr_1 bcr_2 bcr_3 bcr_4
[10:19:30] Fixed 9 duplicate /gene - gsiA_1 gsiA_2 gsiA_3 gsiA_4 gsiA_5 gsiA_6 gsiA_7 gsiA_8 gsiA_9
[10:19:30] Fixed 2 duplicate /gene - yiaX1_1 yiaX1_2
[10:19:30] Fixed 3 duplicate /gene - dppA_1 dppA_2 dppA_3
[10:19:30] Fixed 2 duplicate /gene - ybdL_1 ybdL_2
[10:19:30] Fixed 2 duplicate /gene - hycE_1 hycE_2
[10:19:30] Fixed 2 duplicate /gene - mutM_1 mutM_2
[10:19:30] Fixed 2 duplicate /gene - adeP_1 adeP_2
[10:19:30] Fixed 2 duplicate /gene - fryB_1 fryB_2
[10:19:30] Fixed 2 duplicate /gene - emtA_1 emtA_2
[10:19:30] Fixed 2 duplicate /gene - rfaG_1 rfaG_2
[10:19:30] Fixed 2 duplicate /gene - btuB_1 btuB_2
[10:19:30] Fixed 2 duplicate /gene - pflA_1 pflA_2
[10:19:30] Fixed 2 duplicate /gene - glpF_1 glpF_2
[10:19:30] Fixed 2 duplicate /gene - nifD_1 nifD_2
[10:19:30] Fixed 2 duplicate /gene - rpoZ_1 rpoZ_2
[10:19:30] Fixed 2 duplicate /gene - pcaK_1 pcaK_2
[10:19:30] Fixed 4 duplicate /gene - gstB_1 gstB_2 gstB_3 gstB_4
[10:19:30] Fixed 2 duplicate /gene - lldR_1 lldR_2
[10:19:30] Fixed 2 duplicate /gene - yfcG_1 yfcG_2
[10:19:30] Fixed 2 duplicate /gene - kefC_1 kefC_2
[10:19:30] Fixed 2 duplicate /gene - livJ_1 livJ_2
[10:19:30] Fixed 6 duplicate /gene - dapA_1 dapA_2 dapA_3 dapA_4 dapA_5 dapA_6
[10:19:30] Fixed 4 duplicate /gene - argT_1 argT_2 argT_3 argT_4
[10:19:30] Fixed 2 duplicate /gene - tatC_1 tatC_2
[10:19:30] Fixed 2 duplicate /gene - araE_1 araE_2
[10:19:30] Fixed 5 duplicate /gene - srlR_1 srlR_2 srlR_3 srlR_4 srlR_5
[10:19:30] Fixed 2 duplicate /gene - norG_1 norG_2
[10:19:30] Fixed 7 duplicate /gene - ddpC_1 ddpC_2 ddpC_3 ddpC_4 ddpC_5 ddpC_6 ddpC_7
[10:19:30] Fixed 2 duplicate /gene - fpr_1 fpr_2
[10:19:30] Fixed 3 duplicate /gene - hmuT_1 hmuT_2 hmuT_3
[10:19:30] Fixed 3 duplicate /gene - serC_1 serC_2 serC_3
[10:19:30] Fixed 2 duplicate /gene - aroA_1 aroA_2
[10:19:30] Fixed 4 duplicate /gene - fhuA_1 fhuA_2 fhuA_3 fhuA_4
[10:19:30] Fixed 2 duplicate /gene - secB_1 secB_2
[10:19:30] Fixed 2 duplicate /gene - lacA_1 lacA_2
[10:19:30] Fixed 2 duplicate /gene - argH_1 argH_2
[10:19:30] Fixed 3 duplicate /gene - hcaB_1 hcaB_2 hcaB_3
[10:19:30] Fixed 2 duplicate /gene - hycG_1 hycG_2
[10:19:30] Fixed 2 duplicate /gene - hldD_1 hldD_2
[10:19:30] Fixed 2 duplicate /gene - yqjD_1 yqjD_2
[10:19:30] Fixed 2 duplicate /gene - rfaC_1 rfaC_2
[10:19:30] Fixed 2 duplicate /gene - glpK_1 glpK_2
[10:19:30] Fixed 2 duplicate /gene - cydA_1 cydA_2
[10:19:30] Fixed 2 duplicate /gene - araC_1 araC_2
[10:19:30] Fixed 2 duplicate /gene - sgbH_1 sgbH_2
[10:19:30] Fixed 2 duplicate /gene - flgI_1 flgI_2
[10:19:30] Fixed 2 duplicate /gene - benM_1 benM_2
[10:19:30] Fixed 2 duplicate /gene - dcyD_1 dcyD_2
[10:19:30] Fixed 2 duplicate /gene - ftsE_1 ftsE_2
[10:19:30] Fixed 2 duplicate /gene - menH_1 menH_2
[10:19:30] Fixed 3 duplicate /gene - araQ_1 araQ_2 araQ_3
[10:19:30] Fixed 2 duplicate /gene - clcB_1 clcB_2
[10:19:30] Fixed 2 duplicate /gene - emrD_1 emrD_2
[10:19:30] Fixed 2 duplicate /gene - tsaR_1 tsaR_2
[10:19:30] Fixed 3 duplicate /gene - aaeA_1 aaeA_2 aaeA_3
[10:19:30] Fixed 2 duplicate /gene - bioH_1 bioH_2
[10:19:30] Fixed 2 duplicate /gene - lpxH_1 lpxH_2
[10:19:30] Fixed 2 duplicate /gene - yhjX_1 yhjX_2
[10:19:30] Fixed 2 duplicate /gene - lpfA_1 lpfA_2
[10:19:30] Fixed 2 duplicate /gene - rfaQ_1 rfaQ_2
[10:19:30] Fixed 5 duplicate /gene - yecS_1 yecS_2 yecS_3 yecS_4 yecS_5
[10:19:30] Fixed 2 duplicate /gene - rutC_1 rutC_2
[10:19:30] Fixed 2 duplicate /gene - chbA_1 chbA_2
[10:19:30] Fixed 2 duplicate /gene - yidG_1 yidG_2
[10:19:30] Fixed 2 duplicate /gene - hypBA1_1 hypBA1_2
[10:19:30] Fixed 2 duplicate /gene - lrp_1 lrp_2
[10:19:30] Fixed 2 duplicate /gene - rutR_1 rutR_2
[10:19:30] Fixed 2 duplicate /gene - mdtL_1 mdtL_2
[10:19:30] Fixed 3 duplicate /gene - dlgD_1 dlgD_2 dlgD_3
[10:19:30] Fixed 2 duplicate /gene - hoxN_1 hoxN_2
[10:19:30] Fixed 2 duplicate /gene - pepT_1 pepT_2
[10:19:30] Fixed 2 duplicate /gene - bcsA_1 bcsA_2
[10:19:30] Fixed 3 duplicate /gene - ugpB_1 ugpB_2 ugpB_3
[10:19:30] Fixed 2 duplicate /gene - recG_1 recG_2
[10:19:30] Fixed 2 duplicate /gene - cytR_1 cytR_2
[10:19:30] Fixed 2 duplicate /gene - cimH_1 cimH_2
[10:19:30] Fixed 4 duplicate /gene - ssuC_1 ssuC_2 ssuC_3 ssuC_4
[10:19:30] Fixed 2 duplicate /gene - moxC_1 moxC_2
[10:19:30] Fixed 2 duplicate /gene - pgl_1 pgl_2
[10:19:30] Fixed 4 duplicate /gene - ygdR_1 ygdR_2 ygdR_3 ygdR_4
[10:19:30] Fixed 5 duplicate /gene - oxyR_1 oxyR_2 oxyR_3 oxyR_4 oxyR_5
[10:19:30] Fixed 2 duplicate /gene - algC_1 algC_2
[10:19:30] Fixed 3 duplicate /gene - mexA_1 mexA_2 mexA_3
[10:19:30] Fixed 2 duplicate /gene - xylA_1 xylA_2
[10:19:30] Fixed 2 duplicate /gene - fliS_1 fliS_2
[10:19:30] Fixed 2 duplicate /gene - rutB_1 rutB_2
[10:19:30] Fixed 2 duplicate /gene - mntA_1 mntA_2
[10:19:30] Fixed 2 duplicate /gene - nifA_1 nifA_2
[10:19:30] Fixed 3 duplicate /gene - lacI_1 lacI_2 lacI_3
[10:19:30] Fixed 2 duplicate /gene - pstS_1 pstS_2
[10:19:30] Fixed 2 duplicate /gene - pyrE_1 pyrE_2
[10:19:30] Fixed 2 duplicate /gene - yidH_1 yidH_2
[10:19:30] Fixed 2 duplicate /gene - gmk_1 gmk_2
[10:19:30] Fixed 2 duplicate /gene - citA_1 citA_2
[10:19:30] Fixed 3 duplicate /gene - murQ_1 murQ_2 murQ_3
[10:19:30] Fixed 2 duplicate /gene - nuoN_1 nuoN_2
[10:19:30] Fixed 2 duplicate /gene - hxpA_1 hxpA_2
[10:19:30] Fixed 2 duplicate /gene - ssuB_1 ssuB_2
[10:19:30] Fixed 2 duplicate /gene - dadA_1 dadA_2
[10:19:30] Fixed 5 duplicate /gene - gsiD_1 gsiD_2 gsiD_3 gsiD_4 gsiD_5
[10:19:30] Fixed 3 duplicate /gene - ugpC_1 ugpC_2 ugpC_3
[10:19:30] Fixed 3 duplicate /gene - acrB_1 acrB_2 acrB_3
[10:19:30] Fixed 3 duplicate /gene - cynR_1 cynR_2 cynR_3
[10:19:30] Fixed 2 duplicate /gene - gmd_1 gmd_2
[10:19:30] Fixed 2 duplicate /gene - glpE_1 glpE_2
[10:19:30] Fixed 2 duplicate /gene - pitA_1 pitA_2
[10:19:30] Fixed 2 duplicate /gene - murP_1 murP_2
[10:19:30] Fixed 2 duplicate /gene - proC_1 proC_2
[10:19:30] Fixed 2 duplicate /gene - fliI_1 fliI_2
[10:19:30] Fixed 13 duplicate /gene - rhaS_1 rhaS_2 rhaS_3 rhaS_4 rhaS_5 rhaS_6 rhaS_7 rhaS_8 rhaS_9 rhaS_10 rhaS_11 rhaS_12 rhaS_13
[10:19:30] Fixed 2 duplicate /gene - glpR_1 glpR_2
[10:19:30] Fixed 2 duplicate /gene - feoA_1 feoA_2
[10:19:30] Fixed 3 duplicate /gene - namA_1 namA_2 namA_3
[10:19:30] Fixed 2 duplicate /gene - dppD_1 dppD_2
[10:19:30] Fixed 2 duplicate /gene - loiP_1 loiP_2
[10:19:30] Fixed 2 duplicate /gene - mngR_1 mngR_2
[10:19:30] Fixed 2 duplicate /gene - actP_1 actP_2
[10:19:30] Fixed 2 duplicate /gene - oppA_1 oppA_2
[10:19:30] Fixed 2 duplicate /gene - hypA_1 hypA_2
[10:19:30] Fixed 2 duplicate /gene - manC1_1 manC1_2
[10:19:30] Fixed 2 duplicate /gene - pncC_1 pncC_2
[10:19:30] Fixed 2 duplicate /gene - ddpB_1 ddpB_2
[10:19:30] Fixed 2 duplicate /gene - rbsA_1 rbsA_2
[10:19:30] Fixed 2 duplicate /gene - lafS_1 lafS_2
[10:19:30] Fixed 2 duplicate /gene - proP_1 proP_2
[10:19:30] Fixed 2 duplicate /gene - tpiA_1 tpiA_2
[10:19:30] Fixed 2 duplicate /gene - ycgM_1 ycgM_2
[10:19:30] Fixed 2 duplicate /gene - murR_1 murR_2
[10:19:30] Fixed 2 duplicate /gene - araB_1 araB_2
[10:19:30] Fixed 2 duplicate /gene - fimG_1 fimG_2
[10:19:30] Fixed 2 duplicate /gene - rcsA_1 rcsA_2
[10:19:30] Fixed 4 duplicate /gene - sgrR_1 sgrR_2 sgrR_3 sgrR_4
[10:19:30] Fixed 2 duplicate /gene - alx_1 alx_2
[10:19:30] Fixed 4 duplicate /gene - oprM_1 oprM_2 oprM_3 oprM_4
[10:19:30] Fixed 2 duplicate /gene - galP_1 galP_2
[10:19:30] Fixed 4 duplicate /gene - hcaR_1 hcaR_2 hcaR_3 hcaR_4
[10:19:30] Fixed 2 duplicate /gene - outO_1 outO_2
[10:19:30] Fixed 2 duplicate /gene - ftsI_1 ftsI_2
[10:19:30] Fixed 2 duplicate /gene - flgE_1 flgE_2
[10:19:30] Fixed 3 duplicate /gene - fruA_1 fruA_2 fruA_3
[10:19:30] Fixed 3 duplicate /gene - sasA_1 sasA_2 sasA_3
[10:19:30] Fixed 2 duplicate /gene - dapF_1 dapF_2
[10:19:30] Fixed 2 duplicate /gene - kdgR_1 kdgR_2
[10:19:30] Fixed 2 duplicate /gene - rraA_1 rraA_2
[10:19:30] Fixed 4 duplicate /gene - aaeB_1 aaeB_2 aaeB_3 aaeB_4
[10:19:30] Fixed 2 duplicate /gene - proX_1 proX_2
[10:19:30] Fixed 2 duplicate /gene - kduD_1 kduD_2
[10:19:30] Fixed 2 duplicate /gene - cysE_1 cysE_2
[10:19:30] Fixed 2 duplicate /gene - yqjG_1 yqjG_2
[10:19:30] Fixed 2 duplicate /gene - hycD_1 hycD_2
[10:19:30] Fixed 3 duplicate /gene - lpfB_1 lpfB_2 lpfB_3
[10:19:30] Fixed 2 duplicate /gene - yvgN_1 yvgN_2
[10:19:30] Fixed 2 duplicate /gene - yiaJ_1 yiaJ_2
[10:19:30] Fixed 2 duplicate /gene - lsrD_1 lsrD_2
[10:19:30] Fixed 3 duplicate /gene - hmuV_1 hmuV_2 hmuV_3
[10:19:30] Fixed 2 duplicate /gene - envZ_1 envZ_2
[10:19:30] Fixed 2 duplicate /gene - feoC_1 feoC_2
[10:19:30] Fixed 2 duplicate /gene - tolQ_1 tolQ_2
[10:19:30] Fixed 2 duplicate /gene - xylR_1 xylR_2
[10:19:30] Fixed 3 duplicate /gene - bcsB_1 bcsB_2 bcsB_3
[10:19:30] Fixed 2 duplicate /gene - bfr_1 bfr_2
[10:19:30] Fixed 3 duplicate /gene - ugpA_1 ugpA_2 ugpA_3
[10:19:30] Fixed 2 duplicate /gene - gmuB_1 gmuB_2
[10:19:30] Fixed 2 duplicate /gene - glnM_1 glnM_2
[10:19:30] Fixed 2 duplicate /gene - prs_1 prs_2
[10:19:30] Fixed 2 duplicate /gene - glpX_1 glpX_2
[10:19:30] Fixed 4 duplicate /gene - livF_1 livF_2 livF_3 livF_4
[10:19:30] Fixed 2 duplicate /gene - abaF_1 abaF_2
[10:19:30] Fixed 2 duplicate /gene - dhaD_1 dhaD_2
[10:19:30] Fixed 5 duplicate /gene - artM_1 artM_2 artM_3 artM_4 artM_5
[10:19:30] Fixed 2 duplicate /gene - gph_1 gph_2
[10:19:30] Fixed 6 duplicate /gene - hcpA_1 hcpA_2 hcpA_3 hcpA_4 hcpA_5 hcpA_6
[10:19:30] Fixed 2 duplicate /gene - garP_1 garP_2
[10:19:30] Fixed 2 duplicate /gene - flgC_1 flgC_2
[10:19:30] Fixed 2 duplicate /gene - dgcC_1 dgcC_2
[10:19:30] Fixed 4 duplicate /gene - nuoM_1 nuoM_2 nuoM_3 nuoM_4
[10:19:30] Fixed 2 duplicate /gene - hisD_1 hisD_2
[10:19:30] Fixed 2 duplicate /gene - pdeG_1 pdeG_2
[10:19:30] Fixed 3 duplicate /gene - proV_1 proV_2 proV_3
[10:19:30] Fixed 5 duplicate /gene - rbsC_1 rbsC_2 rbsC_3 rbsC_4 rbsC_5
[10:19:30] Fixed 2 duplicate /gene - cysQ_1 cysQ_2
[10:19:30] Fixed 2 duplicate /gene - ydhP_1 ydhP_2
[10:19:30] Fixed 2 duplicate /gene - rplD_1 rplD_2
[10:19:30] Fixed 3 duplicate /gene - livH_1 livH_2 livH_3
[10:19:30] Fixed 2 duplicate /gene - fhuB_1 fhuB_2
[10:19:30] Fixed 2 duplicate /gene - lolA_1 lolA_2
[10:19:30] Fixed 2 duplicate /gene - gpsA_1 gpsA_2
[10:19:30] Fixed 2 duplicate /gene - srkA_1 srkA_2
[10:19:30] Fixed 3 duplicate /gene - intA_1 intA_2 intA_3
[10:19:30] Fixed 2 duplicate /gene - sbnD_1 sbnD_2
[10:19:30] Fixed 2 duplicate /gene - hypE_1 hypE_2
[10:19:30] Fixed 2 duplicate /gene - ycjG_1 ycjG_2
[10:19:30] Fixed 2 duplicate /gene - sotB_1 sotB_2
[10:19:30] Fixed 2 duplicate /gene - fdhF_1 fdhF_2
[10:19:30] Fixed 3 duplicate /gene - lptB_1 lptB_2 lptB_3
[10:19:30] Fixed 2 duplicate /gene - yojI_1 yojI_2
[10:19:30] Fixed 2 duplicate /gene - scmP_1 scmP_2
[10:19:30] Fixed 2 duplicate /gene - xylP_1 xylP_2
[10:19:30] Fixed 2 duplicate /gene - mdlB_1 mdlB_2
[10:19:30] Fixed 2 duplicate /gene - rbsR_1 rbsR_2
[10:19:30] Fixed 2 duplicate /gene - nfuA_1 nfuA_2
[10:19:30] Fixed 2 duplicate /gene - tktA_1 tktA_2
[10:19:30] Fixed 3 duplicate /gene - nemA_1 nemA_2 nemA_3
[10:19:30] Fixed 2 duplicate /gene - kdgK_1 kdgK_2
[10:19:30] Fixed 2 duplicate /gene - fliE_1 fliE_2
[10:19:30] Fixed 2 duplicate /gene - ubiJ_1 ubiJ_2
[10:19:30] Fixed 2 duplicate /gene - fliR_1 fliR_2
[10:19:30] Fixed 2 duplicate /gene - cysK_1 cysK_2
[10:19:30] Fixed 3 duplicate /gene - bcsQ_1 bcsQ_2 bcsQ_3
[10:19:30] Fixed 2 duplicate /gene - lacY_1 lacY_2
[10:19:30] Fixed 4 duplicate /gene - bglF_1 bglF_2 bglF_3 bglF_4
[10:19:30] Fixed 3 duplicate /gene - hypB_1 hypB_2 hypB_3
[10:19:30] Fixed 2 duplicate /gene - phoE_1 phoE_2
[10:19:30] Fixed 4 duplicate /gene - ddpA_1 ddpA_2 ddpA_3 ddpA_4
[10:19:30] Fixed 2 duplicate /gene - dut_1 dut_2
[10:19:30] Fixed 2 duplicate /gene - tatA_1 tatA_2
[10:19:30] Fixed 2 duplicate /gene - ydfG_1 ydfG_2
[10:19:30] Fixed 2 duplicate /gene - cysW_1 cysW_2
[10:19:30] Fixed 2 duplicate /gene - trmH_1 trmH_2
[10:19:30] Fixed 2 duplicate /gene - abgB_1 abgB_2
[10:19:30] Fixed 2 duplicate /gene - nifK_1 nifK_2
[10:19:30] Fixed 3 duplicate /gene - phoC_1 phoC_2 phoC_3
[10:19:30] Fixed 2 duplicate /gene - galS_1 galS_2
[10:19:30] Fixed 2 duplicate /gene - roxA_1 roxA_2
[10:19:30] Fixed 2 duplicate /gene - mopA_1 mopA_2
[10:19:30] Fixed 2 duplicate /gene - metN_1 metN_2
[10:19:30] Fixed 14 duplicate /gene - rhaR_1 rhaR_2 rhaR_3 rhaR_4 rhaR_5 rhaR_6 rhaR_7 rhaR_8 rhaR_9 rhaR_10 rhaR_11 rhaR_12 rhaR_13 rhaR_14
[10:19:30] Fixed 2 duplicate /gene - iolG_1 iolG_2
[10:19:30] Fixed 2 duplicate /gene - dasC_1 dasC_2
[10:19:30] Fixed 2 duplicate /gene - coaBC_1 coaBC_2
[10:19:30] Fixed 4 duplicate /gene - fliY_1 fliY_2 fliY_3 fliY_4
[10:19:30] Fixed 2 duplicate /gene - slmA_1 slmA_2
[10:19:30] Fixed 13 duplicate /gene - btuD_1 btuD_2 btuD_3 btuD_4 btuD_5 btuD_6 btuD_7 btuD_8 btuD_9 btuD_10 btuD_11 btuD_12 btuD_13
[10:19:30] Fixed 3 duplicate /gene - xylB_1 xylB_2 xylB_3
[10:19:30] Fixed 2 duplicate /gene - mexB_1 mexB_2
[10:19:30] Fixed 3 duplicate /gene - nepI_1 nepI_2 nepI_3
[10:19:30] Fixed 2 duplicate /gene - cpxR_1 cpxR_2
[10:19:30] Fixed 2 duplicate /gene - lysN_1 lysN_2
[10:19:30] Fixed 3 duplicate /gene - mntB_1 mntB_2 mntB_3
[10:19:30] Fixed 2 duplicate /gene - eptB_1 eptB_2
[10:19:30] Fixed 2 duplicate /gene - intS_1 intS_2
[10:19:30] Fixed 2 duplicate /gene - bcsE_1 bcsE_2
[10:19:30] Fixed 2 duplicate /gene - fliP_1 fliP_2
[10:19:30] Fixed 3 duplicate /gene - yajO_1 yajO_2 yajO_3
[10:19:30] Fixed 2 duplicate /gene - fimD_1 fimD_2
[10:19:30] Fixed 2 duplicate /gene - citB_1 citB_2
[10:19:30] Fixed 2 duplicate /gene - flgB_1 flgB_2
[10:19:30] Fixed 2 duplicate /gene - holE_1 holE_2
[10:19:30] Fixed 3 duplicate /gene - cutC_1 cutC_2 cutC_3
[10:19:30] Fixed 4 duplicate /gene - ttuB_1 ttuB_2 ttuB_3 ttuB_4
[10:19:30] Fixed 4 duplicate /gene - glnH_1 glnH_2 glnH_3 glnH_4
[10:19:30] Fixed 3 duplicate /gene - hipO_1 hipO_2 hipO_3
[10:19:30] Fixed 3 duplicate /gene - chuR_1 chuR_2 chuR_3
[10:19:30] Fixed 6 duplicate /gene - exuT_1 exuT_2 exuT_3 exuT_4 exuT_5 exuT_6
[10:19:30] Fixed 2 duplicate /gene - dtpA_1 dtpA_2
[10:19:30] Fixed 2 duplicate /gene - argD_1 argD_2
[10:19:30] Fixed 2 duplicate /gene - bglH_1 bglH_2
[10:19:30] Fixed 3 duplicate /gene - ssuA_1 ssuA_2 ssuA_3
[10:19:30] Fixed 2 duplicate /gene - tam_1 tam_2
[10:19:30] Fixed 2 duplicate /gene - acrA_1 acrA_2
[10:19:30] Fixed 2 duplicate /gene - ycaO_1 ycaO_2
[10:19:30] Fixed 2 duplicate /gene - rbsK_1 rbsK_2
[10:19:30] Fixed 4 duplicate /gene - cysL_1 cysL_2 cysL_3 cysL_4
[10:19:30] Fixed 5 duplicate /gene - tsr_1 tsr_2 tsr_3 tsr_4 tsr_5
[10:19:30] Fixed 2 duplicate /gene - aroQ_1 aroQ_2
[10:19:30] Fixed 2 duplicate /gene - feoB_1 feoB_2
[10:19:30] Fixed 2 duplicate /gene - bcsC_1 bcsC_2
[10:19:30] Fixed 481 colliding /gene names.
[10:19:30] Adding /locus_tag identifiers
[10:19:30] Assigned 4901 locus_tags to CDS and RNA features.
[10:19:30] Writing outputs to prokka_ANT_3/
[10:19:32] Generating annotation statistics file
[10:19:32] Generating Genbank and Sequin files
[10:19:32] Running: tbl2asn -V b -a r10k -l paired-ends -M n -N 1 -y 'Annotated using prokka 1.14.6 from https://github.com/tseemann/prokka' -Z prokka_ANT_3\/ANT_3\.err -i prokka_ANT_3\/ANT_3\.fsa 2> /dev/null
[10:19:38] Deleting unwanted file: prokka_ANT_3/errorsummary.val
[10:19:38] Deleting unwanted file: prokka_ANT_3/ANT_3.dr
[10:19:38] Deleting unwanted file: prokka_ANT_3/ANT_3.fixedproducts
[10:19:38] Deleting unwanted file: prokka_ANT_3/ANT_3.ecn
[10:19:38] Deleting unwanted file: prokka_ANT_3/ANT_3.val
[10:19:38] Repairing broken .GBK output that tbl2asn produces...
[10:19:38] Running: sed 's/COORDINATES: profile/COORDINATES:profile/' < prokka_ANT_3\/ANT_3\.gbf > prokka_ANT_3\/ANT_3\.gbk
[10:19:38] Deleting unwanted file: prokka_ANT_3/ANT_3.gbf
[10:19:38] Output files:
[10:19:38] prokka_ANT_3/ANT_3.fna
[10:19:38] prokka_ANT_3/ANT_3.gff
[10:19:38] prokka_ANT_3/ANT_3.ffn
[10:19:38] prokka_ANT_3/ANT_3.txt
[10:19:38] prokka_ANT_3/ANT_3.err
[10:19:38] prokka_ANT_3/ANT_3.fsa
[10:19:38] prokka_ANT_3/ANT_3.log
[10:19:38] prokka_ANT_3/ANT_3.gbk
[10:19:38] prokka_ANT_3/ANT_3.faa
[10:19:38] prokka_ANT_3/ANT_3.sqn
[10:19:38] prokka_ANT_3/ANT_3.tsv
[10:19:38] prokka_ANT_3/ANT_3.tbl
[10:19:38] Annotation finished successfully.
[10:19:38] Walltime used: 1.10 minutes
[10:19:38] If you use this result please cite the Prokka paper:
[10:19:38] Seemann T (2014) Prokka: rapid prokaryotic genome annotation. Bioinformatics. 30(14):2068-9.
[10:19:38] Type 'prokka --citation' for more details.
[10:19:38] Thank you, come again.
