[10:27:32] This is prokka 1.14.6
[10:27:32] Written by Torsten Seemann <torsten.seemann@gmail.com>
[10:27:32] Homepage is https://github.com/tseemann/prokka
[10:27:32] Local time is Thu Oct 30 10:27:32 2025
[10:27:32] You are diego
[10:27:32] Operating system is linux
[10:27:32] You have BioPerl 1.7.8
[10:27:32] System has 20 cores.
[10:27:32] Will use maximum of 20 cores.
[10:27:32] Annotating as >>> Bacteria <<<
[10:27:32] Enabling options to ensure Genbank/ENA/DDJB submission compliance.
[10:27:32] Creating new output folder: prokka_FOM_9
[10:27:32] Running: mkdir -p prokka_FOM_9
[10:27:32] Using filename prefix: FOM_9.XXX
[10:27:32] Setting HMMER_NCPU=1
[10:27:32] Writing log to: prokka_FOM_9/FOM_9.log
[10:27:32] Command: /home/diego/miniconda3/envs/prokka_env/bin/prokka FOM_9.fasta --outdir prokka_FOM_9 --prefix FOM_9 --compliant --cpus 20 --locustag FOM_9
[10:27:32] Appending to PATH: /home/diego/miniconda3/envs/prokka_env/bin
[10:27:32] Looking for 'aragorn' - found /home/diego/miniconda3/envs/prokka_env/bin/aragorn
[10:27:32] Determined aragorn version is 001002 from 'ARAGORN v1.2.41 Dean Laslett'
[10:27:32] Looking for 'barrnap' - found /home/diego/miniconda3/envs/prokka_env/bin/barrnap
[10:27:32] Determined barrnap version is 000009 from 'barrnap 0.9'
[10:27:32] Looking for 'blastp' - found /home/diego/miniconda3/envs/prokka_env/bin/blastp
[10:27:32] Determined blastp version is 002015 from 'blastp: 2.15.0+'
[10:27:32] Looking for 'cmpress' - found /home/diego/miniconda3/envs/prokka_env/bin/cmpress
[10:27:32] Determined cmpress version is 001001 from '# INFERNAL 1.1.5 (Sep 2023)'
[10:27:32] Looking for 'cmscan' - found /home/diego/miniconda3/envs/prokka_env/bin/cmscan
[10:27:32] Determined cmscan version is 001001 from '# INFERNAL 1.1.5 (Sep 2023)'
[10:27:32] Looking for 'egrep' - found /usr/bin/egrep
[10:27:32] Looking for 'find' - found /usr/bin/find
[10:27:32] Looking for 'grep' - found /usr/bin/grep
[10:27:32] Looking for 'hmmpress' - found /home/diego/miniconda3/envs/prokka_env/bin/hmmpress
[10:27:32] Determined hmmpress version is 003004 from '# HMMER 3.4 (Aug 2023); http://hmmer.org/'
[10:27:32] Looking for 'hmmscan' - found /home/diego/miniconda3/envs/prokka_env/bin/hmmscan
[10:27:32] Determined hmmscan version is 003004 from '# HMMER 3.4 (Aug 2023); http://hmmer.org/'
[10:27:32] Looking for 'java' - found /home/diego/miniconda3/envs/prokka_env/bin/java
[10:27:32] Looking for 'makeblastdb' - found /home/diego/miniconda3/envs/prokka_env/bin/makeblastdb
[10:27:32] Determined makeblastdb version is 002015 from 'makeblastdb: 2.15.0+'
[10:27:32] Looking for 'minced' - found /home/diego/miniconda3/envs/prokka_env/bin/minced
[10:27:32] Determined minced version is 004002 from 'minced 0.4.2'
[10:27:32] Looking for 'parallel' - found /home/diego/miniconda3/envs/prokka_env/bin/parallel
[10:27:32] Determined parallel version is 20240122 from 'GNU parallel 20240122'
[10:27:32] Looking for 'prodigal' - found /home/diego/miniconda3/envs/prokka_env/bin/prodigal
[10:27:32] Determined prodigal version is 002006 from 'Prodigal V2.6.3: February, 2016'
[10:27:32] Looking for 'prokka-genbank_to_fasta_db' - found /home/diego/miniconda3/envs/prokka_env/bin/prokka-genbank_to_fasta_db
[10:27:32] Looking for 'rnammer' - found /home/diego/rnammer-1.2.src/rnammer
[10:27:32] Determined rnammer version is 001002 from 'This rnammer 1.2, running from '/home/diego/rnammer-1.2.src/''
[10:27:32] Looking for 'sed' - found /usr/bin/sed
[10:27:32] Looking for 'tbl2asn' - found /home/diego/miniconda3/envs/prokka_env/bin/tbl2asn
[10:27:32] Determined tbl2asn version is 025007 from 'tbl2asn 25.7   arguments:'
[10:27:32] Using genetic code table 11.
[10:27:32] Loading and checking input file: FOM_9.fasta
[10:27:32] Wrote 34 contigs totalling 2376310 bp.
[10:27:32] Predicting tRNAs and tmRNAs
[10:27:32] Running: aragorn -l -gc11  -w prokka_FOM_9\/FOM_9\.fna
[10:27:33] 1 tRNA-Glu c[-1,71] 34 (ttc)
[10:27:33] 2 tRNA-Glu c[104,177] 35 (ttc)
[10:27:33] 3 tRNA-Gly [58189,58260] 34 (tcc)
[10:27:33] 1 tRNA-Gln c[16163,16235] 33 (ttg)
[10:27:33] 2 tRNA-Tyr c[16243,16327] 38 (gta)
[10:27:33] 3 tRNA-Tyr [24253,24335] 37 (gta)
[10:27:33] 4 tRNA-Gln [24345,24417] 33 (ttg)
[10:27:33] 5 tRNA-Gln [24536,24608] 33 (ttg)
[10:27:33] 1 tRNA-Arg c[90021,90096] 36 (acg)
[10:27:33] 2 tRNA-Gly c[90133,90205] 34 (gcc)
[10:27:33] 3 tRNA-Thr c[90211,90285] 35 (agt)
[10:27:33] 4 tRNA-Leu c[90305,90388] 36 (tag)
[10:27:33] 5 tRNA-Asn [114751,114824] 34 (gtt)
[10:27:33] 6 tRNA-Asn [114853,114926] 34 (gtt)
[10:27:33] 7 tRNA-Glu [126479,126552] 35 (ctc)
[10:27:33] 8 tRNA-Glu [126580,126654] 35 (ctc)
[10:27:33] 1 tRNA-Lys c[25827,25903] 35 (ctt)
[10:27:33] 1 tRNA-Lys c[46961,47034] 35 (ttt)
[10:27:33] 1 tRNA-Gln c[2019,2092] 34 (ctg)
[10:27:33] 1 tRNA-Arg c[17817,17891] 36 (cct)
[10:27:33] 1 tRNA-Ser c[114136,114224] 35 (gct)
[10:27:33] 2 tRNA-Ile c[114251,114326] 36 (gat)
[10:27:33] 3 tRNA-Gly c[114338,114409] 34 (tcc)
[10:27:33] 4 tRNA-Phe c[114440,114514] 35 (gaa)
[10:27:33] 1 tRNA-Glu [42914,42987] 35 (ttc)
[10:27:33] 1 tmRNA c[115160,115523] 88,126 ANNSQNTYAVAA*
[10:27:33] 2 tRNA-Ser c[195665,195754] 37 (tga)
[10:27:33] 3 tRNA-Met c[195759,195834] 36 (cat)
[10:27:33] 4 tRNA-Ser c[195871,195960] 37 (tga)
[10:27:33] 1 tRNA-Arg [26283,26357] 35 (tct)
[10:27:33] 1 tRNA-Cys c[49002,49073] 33 (gca)
[10:27:33] 2 tRNA-Val [62449,62523] 35 (tac)
[10:27:33] 3 tRNA-Asp [62524,62599] 36 (gtc)
[10:27:33] 4 tRNA-Trp [62625,62698] 33 (cca)
[10:27:33] 5 tRNA-His [62701,62774] 34 (gtg)
[10:27:33] 6 tRNA-Leu [62795,62880] 36 (caa)
[10:27:33] 7 tRNA-Pro [62931,63006] 36 (tgg)
[10:27:33] 8 tRNA-Arg [73201,73274] 35 (ccg)
[10:27:33] 1 tRNA-Lys [41933,42009] 35 (ctt)
[10:27:33] 1 tRNA-Leu [16243,16329] 36 (cag)
[10:27:33] 2 tRNA-Ser [41744,41832] 33 (cga)
[10:27:33] 3 tRNA-Glu c[42868,42941] 35 (ttc)
[10:27:33] 1 tRNA-Val c[30976,31050] 35 (tac)
[10:27:33] 1 tRNA-Val [123,197] 35 (tac)
[10:27:33] 2 tRNA-Arg [199,273] 36 (acg)
[10:27:33] 3 tRNA-Pro [320,395] 36 (tgg)
[10:27:33] 4 tRNA-Met [416,491] 36 (cat)
[10:27:33] 5 tRNA-Gly [520,591] 34 (tcc)
[10:27:33] 6 tRNA-Arg [32394,32469] 36 (acg)
[10:27:33] 1 tRNA-Leu c[40264,40349] 36 (caa)
[10:27:33] 2 tRNA-Leu c[40399,40485] 36 (caa)
[10:27:33] 3 tRNA-His c[40528,40601] 34 (gtg)
[10:27:33] 4 tRNA-Trp c[40614,40685] 33 (cca)
[10:27:33] 5 tRNA-Phe c[40715,40789] 35 (gaa)
[10:27:33] 1 tRNA-Gly [35880,35951] 34 (tcc)
[10:27:33] 1 tRNA-Met [6547,6622] 36 (cat)
[10:27:33] 2 tRNA-Leu [6710,6791] 35 (taa)
[10:27:33] 1 tRNA-Leu [13489,13574] 36 (aag)
[10:27:33] Found 58 tRNAs
[10:27:33] Predicting Ribosomal RNAs
[10:27:33] Running Barrnap with 20 threads
[10:27:33] 1 gnl|Prokka|FOM_9_23 31058 5S ribosomal RNA
[10:27:33] 2 gnl|Prokka|FOM_9_24 7 5S ribosomal RNA
[10:27:33] 3 gnl|Prokka|FOM_9_25 6 5S ribosomal RNA
[10:27:33] Found 3 rRNAs
[10:27:33] Skipping ncRNA search, enable with --rfam if desired.
[10:27:33] Total of 60 tRNA + rRNA features
[10:27:33] Searching for CRISPR repeats
[10:27:34] Found 0 CRISPRs
[10:27:34] Predicting coding sequences
[10:27:34] Contigs total 2376310 bp, so using single mode
[10:27:34] Running: prodigal -i prokka_FOM_9\/FOM_9\.fna -c -m -g 11 -p single -f sco -q
[10:27:36] Excluding CDS which overlaps existing RNA (tRNA) at gnl|Prokka|FOM_9_24:534..707 on + strand
[10:27:36] Found 2242 CDS
[10:27:36] Connecting features back to sequences
[10:27:36] Not using genus-specific database. Try --usegenus to enable it.
[10:27:36] Annotating CDS, please be patient.
[10:27:36] Will use 20 CPUs for similarity searching.
[10:27:36] There are still 2242 unannotated CDS left (started with 2242)
[10:27:36] Will use blast to search against /home/diego/miniconda3/envs/prokka_env/db/kingdom/Bacteria/IS with 20 CPUs
[10:27:36] Running: cat prokka_FOM_9\/FOM_9\.IS\.tmp\.116206\.faa | parallel --gnu --plain -j 20 --block 17709 --recstart '>' --pipe blastp -query - -db /home/diego/miniconda3/envs/prokka_env/db/kingdom/Bacteria/IS -evalue 1e-30 -qcov_hsp_perc 90 -num_threads 1 -num_descriptions 1 -num_alignments 1 -seg no > prokka_FOM_9\/FOM_9\.IS\.tmp\.116206\.blast 2> /dev/null
[10:27:40] Deleting unwanted file: prokka_FOM_9/FOM_9.IS.tmp.116206.faa
[10:27:40] Deleting unwanted file: prokka_FOM_9/FOM_9.IS.tmp.116206.blast
[10:27:40] There are still 2240 unannotated CDS left (started with 2242)
[10:27:40] Will use blast to search against /home/diego/miniconda3/envs/prokka_env/db/kingdom/Bacteria/AMR with 20 CPUs
[10:27:40] Running: cat prokka_FOM_9\/FOM_9\.AMR\.tmp\.116206\.faa | parallel --gnu --plain -j 20 --block 17687 --recstart '>' --pipe blastp -query - -db /home/diego/miniconda3/envs/prokka_env/db/kingdom/Bacteria/AMR -evalue 1e-300 -qcov_hsp_perc 90 -num_threads 1 -num_descriptions 1 -num_alignments 1 -seg no > prokka_FOM_9\/FOM_9\.AMR\.tmp\.116206\.blast 2> /dev/null
[10:27:44] Deleting unwanted file: prokka_FOM_9/FOM_9.AMR.tmp.116206.faa
[10:27:44] Deleting unwanted file: prokka_FOM_9/FOM_9.AMR.tmp.116206.blast
[10:27:44] There are still 2240 unannotated CDS left (started with 2242)
[10:27:44] Will use blast to search against /home/diego/miniconda3/envs/prokka_env/db/kingdom/Bacteria/sprot with 20 CPUs
[10:27:44] Running: cat prokka_FOM_9\/FOM_9\.sprot\.tmp\.116206\.faa | parallel --gnu --plain -j 20 --block 17687 --recstart '>' --pipe blastp -query - -db /home/diego/miniconda3/envs/prokka_env/db/kingdom/Bacteria/sprot -evalue 1e-09 -qcov_hsp_perc 80 -num_threads 1 -num_descriptions 1 -num_alignments 1 -seg no > prokka_FOM_9\/FOM_9\.sprot\.tmp\.116206\.blast 2> /dev/null
[10:28:01] Modify product: Uncharacterized transporter YycB => putative transporter YycB
[10:28:01] Modify product: Potassium channel HX13_20290 => Potassium channel
[10:28:01] Modify product: Uncharacterized PIN and TRAM-domain containing protein YacL => putative PIN and TRAM-domain containing protein YacL
[10:28:01] Modify product: Uncharacterized protein YjdJ => putative protein YjdJ
[10:28:01] Modify product: Probable autolysin SsaALP => putative autolysin SsaALP
[10:28:01] Modify product: Zinc-type alcohol dehydrogenase-like protein SA1988 => Zinc-type alcohol dehydrogenase-like protein
[10:28:01] Modify product: Probable capsular polysaccharide biosynthesis protein YwqC => putative capsular polysaccharide biosynthesis protein YwqC
[10:28:01] Modify product: UPF0213 protein SP_1535 => hypothetical protein
[10:28:01] Modify product: UPF0154 protein SA1178 => hypothetical protein
[10:28:01] Modify product: UPF0291 protein SP_1473 => hypothetical protein
[10:28:01] Modify product: UPF0702 transmembrane protein YetF => hypothetical protein
[10:28:01] Modify product: Uncharacterized protein YhaP => putative protein YhaP
[10:28:01] Modify product: Uncharacterized ABC transporter ATP-binding protein YbiT => putative ABC transporter ATP-binding protein YbiT
[10:28:01] Modify product: Uncharacterized oxidoreductase MSMEG_2408/MSMEI_2347 => putative oxidoreductase/MSMEI_2347
[10:28:01] Modify product: Uncharacterized protein YedJ => putative protein YedJ
[10:28:01] Modify product: Uncharacterized sugar transferase EpsL => putative sugar transferase EpsL
[10:28:01] Modify product: Nucleoid-associated protein SP_1102 => Nucleoid-associated protein
[10:28:01] Modify product: Uncharacterized transporter YycB => putative transporter YycB
[10:28:01] Modify product: Uncharacterized sugar epimerase YhfK => putative sugar epimerase YhfK
[10:28:01] Modify product: Uncharacterized ABC transporter ATP-binding protein TM_0288 => putative ABC transporter ATP-binding protein
[10:28:01] Modify product: Uncharacterized ABC transporter ATP-binding protein Rv1273c => putative ABC transporter ATP-binding protein
[10:28:01] Modify product: UPF0374 protein SP_1903 => hypothetical protein
[10:28:01] Modify product: Uncharacterized AAA domain-containing protein Rv2559c => putative AAA domain-containing protein
[10:28:01] Modify product: Putative universal stress protein SA1532 => Putative universal stress protein
[10:28:01] Modify product: Uncharacterized membrane protein YdfK => putative membrane protein YdfK
[10:28:01] Modify product: Putative zinc metalloprotease SA1105 => Putative zinc metalloprotease
[10:28:01] Modify product: Probable guanidinium efflux system subunit GdnD => putative guanidinium efflux system subunit GdnD
[10:28:01] Modify product: Uncharacterized HTH-type transcriptional regulator Rv1556 => putative HTH-type transcriptional regulator
[10:28:01] Modify product: Probable transport protein HsrA => putative transport protein HsrA
[10:28:01] Modify product: DegV domain-containing protein SP_1112 => DegV domain-containing protein
[10:28:01] Modify product: Probable guanidinium efflux system subunit GdnD => putative guanidinium efflux system subunit GdnD
[10:28:01] Modify product: Uncharacterized oxidoreductase SpyM50865 => putative oxidoreductase
[10:28:01] Modify product: Uncharacterized RNA methyltransferase SP_1029 => putative RNA methyltransferase
[10:28:01] Modify product: Uncharacterized protein SA1069 => putative protein
[10:28:01] Modify product: Uncharacterized protein Spy1614 => putative protein
[10:28:01] Modify product: Probable transcriptional regulatory protein YebC => putative transcriptional regulatory protein YebC
[10:28:01] Modify product: Probable amino-acid ABC transporter-binding protein HI_1080 => putative amino-acid ABC transporter-binding protein
[10:28:01] Modify product: Probable transglycosylase IsaA => putative transglycosylase IsaA
[10:28:01] Modify product: Probable ABC transporter ATP-binding/permease protein HI_0664 => putative ABC transporter ATP-binding/permease protein
[10:28:01] Modify product: Probable succinyl-diaminopimelate desuccinylase => putative succinyl-diaminopimelate desuccinylase
[10:28:01] Modify product: Glutathione peroxidase homolog BsaA => Glutathione peroxidase BsaA
[10:28:01] Modify product: UPF0145 protein YbjQ => hypothetical protein
[10:28:01] Modify product: Probable ATP-dependent Clp protease ATP-binding subunit => putative ATP-dependent Clp protease ATP-binding subunit
[10:28:01] Modify product: Uncharacterized ABC transporter permease Rv0072 => putative ABC transporter permease
[10:28:01] Modify product: GTP cyclohydrolase 1 type 2 homolog => GTP cyclohydrolase 1 type 2 
[10:28:01] Modify product: Uncharacterized oxidoreductase YtbE => putative oxidoreductase YtbE
[10:28:01] Modify product: Putative universal stress protein SA1532 => Putative universal stress protein
[10:28:01] Modify product: Uncharacterized protein Rv0034 => putative protein
[10:28:01] Modify product: Putative multidrug export ATP-binding/permease protein SAV1866 => Putative multidrug export ATP-binding/permease protein
[10:28:01] Modify product: UPF0397 protein SP_0482 => hypothetical protein
[10:28:01] Modify product: Bifunctional protein FolD => Bifunctional protein FolD protein
[10:28:01] Modify product: Probable deoxycholate-binding periplasmic protein YgiS => putative deoxycholate-binding periplasmic protein YgiS
[10:28:01] Modify product: Probable glutamine ABC transporter permease protein GlnP => putative glutamine ABC transporter permease protein GlnP
[10:28:01] Modify product: Probable glutamine ABC transporter permease protein GlnM => putative glutamine ABC transporter permease protein GlnM
[10:28:01] Modify product: Putative dipeptidase SA1572 => Putative dipeptidase
[10:28:01] Modify product: Putative universal stress protein SA1532 => Putative universal stress protein
[10:28:01] Modify product: Probable cell division protein WhiA => putative cell division protein WhiA
[10:28:01] Modify product: Probable transport protein HsrA => putative transport protein HsrA
[10:28:02] Modify product: UPF0073 inner membrane protein YqfA => hypothetical protein
[10:28:02] Modify product: Uncharacterized ABC transporter ATP-binding protein YheS => putative ABC transporter ATP-binding protein YheS
[10:28:02] Modify product: Uncharacterized protein YqeH => putative protein YqeH
[10:28:02] Modify product: RNA-binding protein HI_1333 => RNA-binding protein
[10:28:02] Modify product: Uncharacterized oxidoreductase YhhX => putative oxidoreductase YhhX
[10:28:02] Modify product: Phosphate-specific transport system accessory protein PhoU homolog => Phosphate-specific transport system accessory protein PhoU 
[10:28:02] Modify product: Uncharacterized protein YqeY => putative protein YqeY
[10:28:02] Modify product: Probable protein-export membrane protein SecG => putative protein-export membrane protein SecG
[10:28:02] Modify product: Putative universal stress protein SA1532 => Putative universal stress protein
[10:28:02] Modify product: Uncharacterized protein Spy1535 => putative protein
[10:28:02] Modify product: Probable glucose uptake protein GlcU => putative glucose uptake protein GlcU
[10:28:02] Modify product: Uncharacterized oxidoreductase YhhX => putative oxidoreductase YhhX
[10:28:02] Modify product: Probable amino-acid permease protein YxeN => putative amino-acid permease protein YxeN
[10:28:02] Modify product: Probable amino-acid-binding protein YxeM => putative amino-acid-binding protein YxeM
[10:28:02] Modify product: Uncharacterized MFS-type transporter YhjX => putative MFS-type transporter YhjX
[10:28:02] Modify product: Uncharacterized protein YqgN => putative protein YqgN
[10:28:02] Modify product: Uncharacterized transporter Rv1979c => putative transporter
[10:28:02] Modify product: Multidrug efflux system ATP-binding protein Rv1218c => Multidrug efflux system ATP-binding protein
[10:28:02] Modify product: Multidrug efflux system permease protein Rv1217c => Multidrug efflux system permease protein
[10:28:02] Modify product: Uncharacterized HTH-type transcriptional regulator HI_0186 => putative HTH-type transcriptional regulator
[10:28:02] Modify product: Uncharacterized inner membrane transporter YicL => putative inner membrane transporter YicL
[10:28:02] Modify product: Uncharacterized metal-dependent hydrolase YcfH => putative metal-dependent hydrolase YcfH
[10:28:02] Modify product: UPF0053 protein Rv1842c => hypothetical protein
[10:28:02] Modify product: UPF0053 protein Rv1842c => hypothetical protein
[10:28:02] Modify product: Probable amino-acid ABC transporter-binding protein HI_1080 => putative amino-acid ABC transporter-binding protein
[10:28:02] Modify product: Probable iron export ATP-binding protein FetA => putative iron export ATP-binding protein FetA
[10:28:02] Modify product: Probable iron export permease protein FetB => putative iron export permease protein FetB
[10:28:02] Modify product: Probable amino-acid ABC transporter-binding protein HI_1080 => putative amino-acid ABC transporter-binding protein
[10:28:02] Modify product: Probable amino-acid ABC transporter-binding protein HI_1080 => putative amino-acid ABC transporter-binding protein
[10:28:02] Modify product: Probable tRNA-dihydrouridine synthase => putative tRNA-dihydrouridine synthase
[10:28:02] Modify product: UPF0324 inner membrane protein YeiH => hypothetical protein
[10:28:02] Modify product: UPF0324 inner membrane protein YeiH => hypothetical protein
[10:28:02] Modify product: Uncharacterized amino acid permease YhdG => putative amino acid permease YhdG
[10:28:02] Modify product: Uncharacterized protein YpjQ => putative protein YpjQ
[10:28:02] Modify product: Probable transport protein HsrA => putative transport protein HsrA
[10:28:02] Modify product: Probable glucose uptake protein GlcU => putative glucose uptake protein GlcU
[10:28:02] Modify product: TelA-like protein SA1238 => TelA-like protein
[10:28:02] Modify product: Uncharacterized protein YqeN => putative protein YqeN
[10:28:02] Modify product: UPF0473 protein SP_0194 => hypothetical protein
[10:28:02] Modify product: UPF0473 protein SP_0194 => hypothetical protein
[10:28:02] Modify product: UPF0297 protein EF_1202 => hypothetical protein
[10:28:02] Modify product: Probable bifunctional oligoribonuclease and PAP phosphatase NrnA => putative bifunctional oligoribonuclease and PAP phosphatase NrnA
[10:28:02] Modify product: Probable tautomerase SAR1376 => putative tautomerase
[10:28:02] Modify product: Probable glucosamine-6-phosphate deaminase 2 => putative glucosamine-6-phosphate deaminase 2
[10:28:02] Modify product: Uncharacterized protein YslB => putative protein YslB
[10:28:02] Modify product: Probable sulfoacetate transporter SauU => putative sulfoacetate transporter SauU
[10:28:02] Modify product: Probable GTP-binding protein EngB => putative GTP-binding protein EngB
[10:28:02] Modify product: Uncharacterized protein M6_Spy0233 => putative protein
[10:28:02] Modify product: Probable deoxycholate-binding periplasmic protein YgiS => putative deoxycholate-binding periplasmic protein YgiS
[10:28:02] Modify product: Probable multidrug ABC transporter ATP-binding protein YbhF => putative multidrug ABC transporter ATP-binding protein YbhF
[10:28:02] Modify product: Uncharacterized isomerase YddE => putative isomerase YddE
[10:28:02] Modify product: Probable transport protein YifK => putative transport protein YifK
[10:28:02] Modify product: Uncharacterized amino acid permease YhdG => putative amino acid permease YhdG
[10:28:02] Modify product: Probable N-acetyl-LL-diaminopimelate aminotransferase => putative N-acetyl-LL-diaminopimelate aminotransferase
[10:28:02] Modify product: Probable multidrug resistance ABC transporter ATP-binding/permease protein YheI => putative multidrug resistance ABC transporter ATP-binding/permease protein YheI
[10:28:02] Modify product: Probable multidrug resistance ABC transporter ATP-binding/permease protein YheH => putative multidrug resistance ABC transporter ATP-binding/permease protein YheH
[10:28:02] Modify product: Putative universal stress protein SA1532 => Putative universal stress protein
[10:28:02] Modify product: Acetyltransferase SACOL1063 => Acetyltransferase
[10:28:02] Modify product: Probable siderophore transport system permease protein YfhA => putative siderophore transport system permease protein YfhA
[10:28:02] Modify product: Probable pyridine nucleotide-disulfide oxidoreductase RclA => putative pyridine nucleotide-disulfide oxidoreductase RclA
[10:28:02] Modify product: Uncharacterized ABC transporter ATP-binding protein YknY => putative ABC transporter ATP-binding protein YknY
[10:28:02] Modify product: Probable ribosomal protein YlxQ => putative ribosomal protein YlxQ
[10:28:02] Modify product: NADH dehydrogenase-like protein SAOUHSC_00878 => NADH dehydrogenase-like protein
[10:28:02] Modify product: Rqc2 homolog RqcH => Rqc2 RqcH
[10:28:02] Modify product: DegV domain-containing protein SP_1112 => DegV domain-containing protein
[10:28:02] Modify product: UPF0346 protein YozE => hypothetical protein
[10:28:02] Modify product: Probable manganese-dependent inorganic pyrophosphatase => putative manganese-dependent inorganic pyrophosphatase
[10:28:02] Modify product: UPF0356 protein M6_Spy1605 => hypothetical protein
[10:28:02] Modify product: UPF0223 protein BH2638 => hypothetical protein
[10:28:02] Modify product: Probable peptidoglycan glycosyltransferase FtsW => putative peptidoglycan glycosyltransferase FtsW
[10:28:02] Modify product: Uncharacterized protein YlbL => putative protein YlbL
[10:28:02] Modify product: Probable transport protein HsrA => putative transport protein HsrA
[10:28:02] Modify product: Putative universal stress protein SA1532 => Putative universal stress protein
[10:28:02] Modify product: Uncharacterized FAD-linked oxidoreductase Rv2280 => putative FAD-linked oxidoreductase
[10:28:02] Modify product: Zinc-type alcohol dehydrogenase-like protein SA1988 => Zinc-type alcohol dehydrogenase-like protein
[10:28:02] Modify product: UPF0398 protein SP_0371 => hypothetical protein
[10:28:02] Modify product: Probable transport protein HsrA => putative transport protein HsrA
[10:28:02] Modify product: UPF0098 protein CT_736 => hypothetical protein
[10:28:02] Modify product: Uncharacterized HTH-type transcriptional regulator YbbH => putative HTH-type transcriptional regulator YbbH
[10:28:02] Modify product: Probable N-acetyl-LL-diaminopimelate aminotransferase => putative N-acetyl-LL-diaminopimelate aminotransferase
[10:28:02] Modify product: Putative glutamine amidotransferase Rv2859c => Putative glutamine amidotransferase
[10:28:02] Modify product: Probable N-acetyl-LL-diaminopimelate aminotransferase => putative N-acetyl-LL-diaminopimelate aminotransferase
[10:28:02] Modify product: Probable D-methionine-binding lipoprotein MetQ => putative D-methionine-binding lipoprotein MetQ
[10:28:02] Modify product: Probable N-acetyl-LL-diaminopimelate aminotransferase => putative N-acetyl-LL-diaminopimelate aminotransferase
[10:28:02] Modify product: Uncharacterized FAD-linked oxidoreductase Rv2280 => putative FAD-linked oxidoreductase
[10:28:02] Modify product: Uncharacterized protein HP_1423 => putative protein
[10:28:02] Modify product: Protease HtpX homolog => Protease HtpX 
[10:28:02] Modify product: Uncharacterized RNA methyltransferase SP_1029 => putative RNA methyltransferase
[10:28:02] Modify product: Uncharacterized ABC transporter ATP-binding protein Rv1273c => putative ABC transporter ATP-binding protein
[10:28:02] Modify product: UPF0342 protein SA1663 => hypothetical protein
[10:28:02] Modify product: Uncharacterized zinc protease Rv2782c => putative zinc protease
[10:28:02] Modify product: Uncharacterized symporter YjmB => putative symporter YjmB
[10:28:02] Modify product: Glucuronide carrier protein homolog => Glucuronide carrier protein 
[10:28:02] Cleaned 151 /product names
[10:28:02] Deleting unwanted file: prokka_FOM_9/FOM_9.sprot.tmp.116206.faa
[10:28:02] Deleting unwanted file: prokka_FOM_9/FOM_9.sprot.tmp.116206.blast
[10:28:02] There are still 1089 unannotated CDS left (started with 2242)
[10:28:02] Will use hmmer3 to search against /home/diego/miniconda3/envs/prokka_env/db/hmm/HAMAP.hmm with 20 CPUs
[10:28:02] Running: cat prokka_FOM_9\/FOM_9\.HAMAP\.hmm\.tmp\.116206\.faa | parallel --gnu --plain -j 20 --block 7568 --recstart '>' --pipe hmmscan --noali --notextw --acc -E 1e-09 --cpu 1 /home/diego/miniconda3/envs/prokka_env/db/hmm/HAMAP.hmm /dev/stdin > prokka_FOM_9\/FOM_9\.HAMAP\.hmm\.tmp\.116206\.hmmer3 2> /dev/null
[10:28:08] Modify product: Uncharacterized MFS-type transporter YhhS => putative MFS-type transporter YhhS
[10:28:08] Modify product: Protein SprT-like => Protein SprT-like protein
[10:28:08] Modify product: Uncharacterized MFS-type transporter YhhS => putative MFS-type transporter YhhS
[10:28:08] Modify product: Uncharacterized MFS-type transporter YfcJ => putative MFS-type transporter YfcJ
[10:28:08] Cleaned 4 /product names
[10:28:08] Deleting unwanted file: prokka_FOM_9/FOM_9.HAMAP.hmm.tmp.116206.faa
[10:28:08] Deleting unwanted file: prokka_FOM_9/FOM_9.HAMAP.hmm.tmp.116206.hmmer3
[10:28:08] Labelling remaining 979 proteins as 'hypothetical protein'
[10:28:08] Possible /pseudo 'Phosphate import ATP-binding protein PstB 3' at gnl|Prokka|FOM_9_3 position 37618
[10:28:08] Possible /pseudo 'Inosine-5'-monophosphate dehydrogenase' at gnl|Prokka|FOM_9_4 position 52504
[10:28:08] Possible /pseudo 'D-xylose transporter' at gnl|Prokka|FOM_9_5 position 50106
[10:28:08] Possible /pseudo 'putative ABC transporter ATP-binding protein' at gnl|Prokka|FOM_9_7 position 120516
[10:28:08] Possible /pseudo 'putative protein' at gnl|Prokka|FOM_9_14 position 9509
[10:28:08] Possible /pseudo 'Putative fluoride ion transporter CrcB' at gnl|Prokka|FOM_9_14 position 86265
[10:28:08] Possible /pseudo 'Membrane lipoprotein TmpC' at gnl|Prokka|FOM_9_15 position 18648
[10:28:08] Possible /pseudo 'putative amino-acid ABC transporter-binding protein' at gnl|Prokka|FOM_9_18 position 42534
[10:28:08] Possible /pseudo 'Aryl-phospho-beta-D-glucosidase BglA' at gnl|Prokka|FOM_9_19 position 3656
[10:28:08] Possible /pseudo 'UDP-N-acetylglucosamine--peptide N-acetylglucosaminyltransferase GtfA subunit' at gnl|Prokka|FOM_9_19 position 46716
[10:28:08] Possible /pseudo 'DNA polymerase IV' at gnl|Prokka|FOM_9_24 position 125675
[10:28:08] Possible /pseudo 'Phosphate-import permease protein PhnE' at gnl|Prokka|FOM_9_25 position 21597
[10:28:08] Possible /pseudo 'GTP-binding protein EngB' at gnl|Prokka|FOM_9_27 position 63709
[10:28:08] Possible /pseudo 'Pyruvate oxidase' at gnl|Prokka|FOM_9_30 position 149818
[10:28:08] Found 945 unique /gene codes.
[10:28:08] Fixed 2 duplicate /gene - gdnD_1 gdnD_2
[10:28:08] Fixed 2 duplicate /gene - degV_1 degV_2
[10:28:08] Fixed 2 duplicate /gene - ybiV_1 ybiV_2
[10:28:08] Fixed 5 duplicate /gene - ribZ_1 ribZ_2 ribZ_3 ribZ_4 ribZ_5
[10:28:08] Fixed 2 duplicate /gene - ribBA_1 ribBA_2
[10:28:08] Fixed 2 duplicate /gene - strA_1 strA_2
[10:28:08] Fixed 2 duplicate /gene - tadA_1 tadA_2
[10:28:08] Fixed 2 duplicate /gene - aroK_1 aroK_2
[10:28:08] Fixed 2 duplicate /gene - ltaS1_1 ltaS1_2
[10:28:08] Fixed 4 duplicate /gene - carA_1 carA_2 carA_3 carA_4
[10:28:08] Fixed 2 duplicate /gene - rhaS_1 rhaS_2
[10:28:08] Fixed 4 duplicate /gene - gpmA_1 gpmA_2 gpmA_3 gpmA_4
[10:28:08] Fixed 2 duplicate /gene - dacA_1 dacA_2
[10:28:08] Fixed 2 duplicate /gene - yodB_1 yodB_2
[10:28:08] Fixed 2 duplicate /gene - murJ_1 murJ_2
[10:28:08] Fixed 2 duplicate /gene - xylP_1 xylP_2
[10:28:08] Fixed 3 duplicate /gene - steT_1 steT_2 steT_3
[10:28:08] Fixed 2 duplicate /gene - argO_1 argO_2
[10:28:08] Fixed 2 duplicate /gene - yhdG_1 yhdG_2
[10:28:08] Fixed 2 duplicate /gene - accA_1 accA_2
[10:28:08] Fixed 4 duplicate /gene - dinB_1 dinB_2 dinB_3 dinB_4
[10:28:08] Fixed 5 duplicate /gene - xerC_1 xerC_2 xerC_3 xerC_4 xerC_5
[10:28:08] Fixed 3 duplicate /gene - sasA_1 sasA_2 sasA_3
[10:28:08] Fixed 3 duplicate /gene - bglK_1 bglK_2 bglK_3
[10:28:08] Fixed 2 duplicate /gene - ldh_1 ldh_2
[10:28:08] Fixed 2 duplicate /gene - npr_1 npr_2
[10:28:08] Fixed 2 duplicate /gene - ytrE_1 ytrE_2
[10:28:08] Fixed 2 duplicate /gene - fabZ_1 fabZ_2
[10:28:08] Fixed 2 duplicate /gene - oppF_1 oppF_2
[10:28:08] Fixed 2 duplicate /gene - tag_1 tag_2
[10:28:08] Fixed 2 duplicate /gene - ptcA_1 ptcA_2
[10:28:08] Fixed 3 duplicate /gene - glcU_1 glcU_2 glcU_3
[10:28:08] Fixed 2 duplicate /gene - hpt_1 hpt_2
[10:28:08] Fixed 2 duplicate /gene - msrA_1 msrA_2
[10:28:08] Fixed 2 duplicate /gene - budC_1 budC_2
[10:28:08] Fixed 2 duplicate /gene - pepF1_1 pepF1_2
[10:28:08] Fixed 2 duplicate /gene - rcsC_1 rcsC_2
[10:28:08] Fixed 4 duplicate /gene - glnQ_1 glnQ_2 glnQ_3 glnQ_4
[10:28:08] Fixed 2 duplicate /gene - phnE_1 phnE_2
[10:28:08] Fixed 2 duplicate /gene - yfeX_1 yfeX_2
[10:28:08] Fixed 2 duplicate /gene - fabH_1 fabH_2
[10:28:08] Fixed 2 duplicate /gene - rnhA_1 rnhA_2
[10:28:08] Fixed 2 duplicate /gene - ptcB_1 ptcB_2
[10:28:08] Fixed 2 duplicate /gene - cycA_1 cycA_2
[10:28:08] Fixed 3 duplicate /gene - licC_1 licC_2 licC_3
[10:28:08] Fixed 2 duplicate /gene - alx_1 alx_2
[10:28:08] Fixed 2 duplicate /gene - tdk_1 tdk_2
[10:28:08] Fixed 3 duplicate /gene - carB_1 carB_2 carB_3
[10:28:08] Fixed 5 duplicate /gene - smc_1 smc_2 smc_3 smc_4 smc_5
[10:28:08] Fixed 2 duplicate /gene - map_1 map_2
[10:28:08] Fixed 3 duplicate /gene - xylB_1 xylB_2 xylB_3
[10:28:08] Fixed 2 duplicate /gene - pstB3_1 pstB3_2
[10:28:08] Fixed 2 duplicate /gene - gmk_1 gmk_2
[10:28:08] Fixed 5 duplicate /gene - gtfA_1 gtfA_2 gtfA_3 gtfA_4 gtfA_5
[10:28:08] Fixed 2 duplicate /gene - thiE_1 thiE_2
[10:28:08] Fixed 2 duplicate /gene - accB_1 accB_2
[10:28:08] Fixed 2 duplicate /gene - purB_1 purB_2
[10:28:08] Fixed 2 duplicate /gene - yycB_1 yycB_2
[10:28:08] Fixed 2 duplicate /gene - iolU_1 iolU_2
[10:28:08] Fixed 2 duplicate /gene - ileS_1 ileS_2
[10:28:08] Fixed 5 duplicate /gene - xylT_1 xylT_2 xylT_3 xylT_4 xylT_5
[10:28:08] Fixed 5 duplicate /gene - metQ_1 metQ_2 metQ_3 metQ_4 metQ_5
[10:28:08] Fixed 2 duplicate /gene - ccpA_1 ccpA_2
[10:28:08] Fixed 2 duplicate /gene - srrA_1 srrA_2
[10:28:08] Fixed 2 duplicate /gene - tpiA_1 tpiA_2
[10:28:08] Fixed 3 duplicate /gene - ybjI_1 ybjI_2 ybjI_3
[10:28:08] Fixed 2 duplicate /gene - lepA_1 lepA_2
[10:28:08] Fixed 2 duplicate /gene - yidA_1 yidA_2
[10:28:08] Fixed 2 duplicate /gene - clpE_1 clpE_2
[10:28:08] Fixed 2 duplicate /gene - accD_1 accD_2
[10:28:08] Fixed 2 duplicate /gene - epsF_1 epsF_2
[10:28:08] Fixed 3 duplicate /gene - ackA_1 ackA_2 ackA_3
[10:28:08] Fixed 3 duplicate /gene - engB_1 engB_2 engB_3
[10:28:08] Fixed 2 duplicate /gene - macB_1 macB_2
[10:28:08] Fixed 3 duplicate /gene - oppD_1 oppD_2 oppD_3
[10:28:08] Fixed 6 duplicate /gene - bglA_1 bglA_2 bglA_3 bglA_4 bglA_5 bglA_6
[10:28:08] Fixed 2 duplicate /gene - ybiR_1 ybiR_2
[10:28:08] Fixed 2 duplicate /gene - bdhA_1 bdhA_2
[10:28:08] Fixed 3 duplicate /gene - tagU_1 tagU_2 tagU_3
[10:28:08] Fixed 2 duplicate /gene - hutI_1 hutI_2
[10:28:08] Fixed 2 duplicate /gene - atpH_1 atpH_2
[10:28:08] Fixed 3 duplicate /gene - bglH_1 bglH_2 bglH_3
[10:28:08] Fixed 6 duplicate /gene - tmpC_1 tmpC_2 tmpC_3 tmpC_4 tmpC_5 tmpC_6
[10:28:08] Fixed 2 duplicate /gene - aroA1_1 aroA1_2
[10:28:08] Fixed 2 duplicate /gene - bglF_1 bglF_2
[10:28:08] Fixed 2 duplicate /gene - helD_1 helD_2
[10:28:08] Fixed 2 duplicate /gene - artM_1 artM_2
[10:28:08] Fixed 2 duplicate /gene - xerD_1 xerD_2
[10:28:08] Fixed 2 duplicate /gene - phoP_1 phoP_2
[10:28:08] Fixed 2 duplicate /gene - pbuG_1 pbuG_2
[10:28:08] Fixed 2 duplicate /gene - rluD_1 rluD_2
[10:28:08] Fixed 2 duplicate /gene - pstS1_1 pstS1_2
[10:28:08] Fixed 3 duplicate /gene - polC_1 polC_2 polC_3
[10:28:08] Fixed 2 duplicate /gene - btuD_1 btuD_2
[10:28:08] Fixed 3 duplicate /gene - mntB_1 mntB_2 mntB_3
[10:28:08] Fixed 2 duplicate /gene - gpsB_1 gpsB_2
[10:28:08] Fixed 2 duplicate /gene - aroC_1 aroC_2
[10:28:08] Fixed 3 duplicate /gene - tdh_1 tdh_2 tdh_3
[10:28:08] Fixed 3 duplicate /gene - panT_1 panT_2 panT_3
[10:28:08] Fixed 2 duplicate /gene - gyrB_1 gyrB_2
[10:28:08] Fixed 2 duplicate /gene - dtpT_1 dtpT_2
[10:28:08] Fixed 2 duplicate /gene - arcB_1 arcB_2
[10:28:08] Fixed 2 duplicate /gene - ygiS_1 ygiS_2
[10:28:08] Fixed 2 duplicate /gene - purK_1 purK_2
[10:28:08] Fixed 2 duplicate /gene - menH_1 menH_2
[10:28:08] Fixed 2 duplicate /gene - gsiC_1 gsiC_2
[10:28:08] Fixed 2 duplicate /gene - rbsK_1 rbsK_2
[10:28:08] Fixed 2 duplicate /gene - IMPDH_1 IMPDH_2
[10:28:08] Fixed 2 duplicate /gene - recD2_1 recD2_2
[10:28:08] Fixed 2 duplicate /gene - kdgK_1 kdgK_2
[10:28:08] Fixed 4 duplicate /gene - pox5_1 pox5_2 pox5_3 pox5_4
[10:28:08] Fixed 2 duplicate /gene - yhhX_1 yhhX_2
[10:28:08] Fixed 2 duplicate /gene - tri1_1 tri1_2
[10:28:08] Fixed 2 duplicate /gene - glpK_1 glpK_2
[10:28:08] Fixed 2 duplicate /gene - znuC_1 znuC_2
[10:28:08] Fixed 2 duplicate /gene - mltF_1 mltF_2
[10:28:08] Fixed 4 duplicate /gene - dapX_1 dapX_2 dapX_3 dapX_4
[10:28:08] Fixed 2 duplicate /gene - deaD_1 deaD_2
[10:28:08] Fixed 2 duplicate /gene - uvrA_1 uvrA_2
[10:28:08] Fixed 2 duplicate /gene - gntT_1 gntT_2
[10:28:08] Fixed 3 duplicate /gene - mntH_1 mntH_2 mntH_3
[10:28:08] Fixed 2 duplicate /gene - dppE_1 dppE_2
[10:28:08] Fixed 3 duplicate /gene - rpiA_1 rpiA_2 rpiA_3
[10:28:08] Fixed 2 duplicate /gene - ftsL_1 ftsL_2
[10:28:08] Fixed 2 duplicate /gene - prs_1 prs_2
[10:28:08] Fixed 2 duplicate /gene - menE_1 menE_2
[10:28:08] Fixed 2 duplicate /gene - appA_1 appA_2
[10:28:08] Fixed 3 duplicate /gene - yvgN_1 yvgN_2 yvgN_3
[10:28:08] Fixed 2 duplicate /gene - hup_1 hup_2
[10:28:08] Fixed 2 duplicate /gene - yhhS_1 yhhS_2
[10:28:08] Fixed 2 duplicate /gene - clpC_1 clpC_2
[10:28:08] Fixed 2 duplicate /gene - argR_1 argR_2
[10:28:08] Fixed 2 duplicate /gene - galK_1 galK_2
[10:28:08] Fixed 2 duplicate /gene - gmuE_1 gmuE_2
[10:28:08] Fixed 5 duplicate /gene - hsrA_1 hsrA_2 hsrA_3 hsrA_4 hsrA_5
[10:28:08] Fixed 2 duplicate /gene - crcB_1 crcB_2
[10:28:08] Fixed 2 duplicate /gene - topA_1 topA_2
[10:28:08] Fixed 2 duplicate /gene - oxyR_1 oxyR_2
[10:28:08] Fixed 2 duplicate /gene - mhqA_1 mhqA_2
[10:28:08] Fixed 3 duplicate /gene - fpgS_1 fpgS_2 fpgS_3
[10:28:08] Fixed 2 duplicate /gene - femX_1 femX_2
[10:28:08] Fixed 3 duplicate /gene - rihA_1 rihA_2 rihA_3
[10:28:08] Fixed 3 duplicate /gene - garB_1 garB_2 garB_3
[10:28:08] Fixed 143 colliding /gene names.
[10:28:08] Adding /locus_tag identifiers
[10:28:08] Assigned 2303 locus_tags to CDS and RNA features.
[10:28:08] Writing outputs to prokka_FOM_9/
[10:28:09] Generating annotation statistics file
[10:28:09] Generating Genbank and Sequin files
[10:28:09] Running: tbl2asn -V b -a r10k -l paired-ends -M n -N 1 -y 'Annotated using prokka 1.14.6 from https://github.com/tseemann/prokka' -Z prokka_FOM_9\/FOM_9\.err -i prokka_FOM_9\/FOM_9\.fsa 2> /dev/null
[10:28:11] Deleting unwanted file: prokka_FOM_9/errorsummary.val
[10:28:11] Deleting unwanted file: prokka_FOM_9/FOM_9.dr
[10:28:11] Deleting unwanted file: prokka_FOM_9/FOM_9.fixedproducts
[10:28:11] Deleting unwanted file: prokka_FOM_9/FOM_9.ecn
[10:28:11] Deleting unwanted file: prokka_FOM_9/FOM_9.val
[10:28:11] Repairing broken .GBK output that tbl2asn produces...
[10:28:11] Running: sed 's/COORDINATES: profile/COORDINATES:profile/' < prokka_FOM_9\/FOM_9\.gbf > prokka_FOM_9\/FOM_9\.gbk
[10:28:11] Deleting unwanted file: prokka_FOM_9/FOM_9.gbf
[10:28:11] Output files:
[10:28:11] prokka_FOM_9/FOM_9.tbl
[10:28:11] prokka_FOM_9/FOM_9.fsa
[10:28:11] prokka_FOM_9/FOM_9.txt
[10:28:11] prokka_FOM_9/FOM_9.log
[10:28:11] prokka_FOM_9/FOM_9.gbk
[10:28:11] prokka_FOM_9/FOM_9.fna
[10:28:11] prokka_FOM_9/FOM_9.err
[10:28:11] prokka_FOM_9/FOM_9.sqn
[10:28:11] prokka_FOM_9/FOM_9.faa
[10:28:11] prokka_FOM_9/FOM_9.gff
[10:28:11] prokka_FOM_9/FOM_9.tsv
[10:28:11] prokka_FOM_9/FOM_9.ffn
[10:28:11] Annotation finished successfully.
[10:28:11] Walltime used: 0.65 minutes
[10:28:11] If you use this result please cite the Prokka paper:
[10:28:11] Seemann T (2014) Prokka: rapid prokaryotic genome annotation. Bioinformatics. 30(14):2068-9.
[10:28:11] Type 'prokka --citation' for more details.
[10:28:11] Share and enjoy!
