[10:28:35] This is prokka 1.14.6
[10:28:35] Written by Torsten Seemann <torsten.seemann@gmail.com>
[10:28:35] Homepage is https://github.com/tseemann/prokka
[10:28:35] Local time is Thu Oct 30 10:28:35 2025
[10:28:35] You are diego
[10:28:35] Operating system is linux
[10:28:35] You have BioPerl 1.7.8
[10:28:35] System has 20 cores.
[10:28:35] Will use maximum of 20 cores.
[10:28:35] Annotating as >>> Bacteria <<<
[10:28:35] Enabling options to ensure Genbank/ENA/DDJB submission compliance.
[10:28:35] Creating new output folder: prokka_UBT_2
[10:28:35] Running: mkdir -p prokka_UBT_2
[10:28:35] Using filename prefix: UBT_2.XXX
[10:28:35] Setting HMMER_NCPU=1
[10:28:35] Writing log to: prokka_UBT_2/UBT_2.log
[10:28:35] Command: /home/diego/miniconda3/envs/prokka_env/bin/prokka UBT_2.fasta --outdir prokka_UBT_2 --prefix UBT_2 --compliant --cpus 20 --locustag UBT_2
[10:28:35] Appending to PATH: /home/diego/miniconda3/envs/prokka_env/bin
[10:28:35] Looking for 'aragorn' - found /home/diego/miniconda3/envs/prokka_env/bin/aragorn
[10:28:35] Determined aragorn version is 001002 from 'ARAGORN v1.2.41 Dean Laslett'
[10:28:35] Looking for 'barrnap' - found /home/diego/miniconda3/envs/prokka_env/bin/barrnap
[10:28:35] Determined barrnap version is 000009 from 'barrnap 0.9'
[10:28:35] Looking for 'blastp' - found /home/diego/miniconda3/envs/prokka_env/bin/blastp
[10:28:35] Determined blastp version is 002015 from 'blastp: 2.15.0+'
[10:28:35] Looking for 'cmpress' - found /home/diego/miniconda3/envs/prokka_env/bin/cmpress
[10:28:35] Determined cmpress version is 001001 from '# INFERNAL 1.1.5 (Sep 2023)'
[10:28:35] Looking for 'cmscan' - found /home/diego/miniconda3/envs/prokka_env/bin/cmscan
[10:28:35] Determined cmscan version is 001001 from '# INFERNAL 1.1.5 (Sep 2023)'
[10:28:35] Looking for 'egrep' - found /usr/bin/egrep
[10:28:35] Looking for 'find' - found /usr/bin/find
[10:28:35] Looking for 'grep' - found /usr/bin/grep
[10:28:35] Looking for 'hmmpress' - found /home/diego/miniconda3/envs/prokka_env/bin/hmmpress
[10:28:35] Determined hmmpress version is 003004 from '# HMMER 3.4 (Aug 2023); http://hmmer.org/'
[10:28:35] Looking for 'hmmscan' - found /home/diego/miniconda3/envs/prokka_env/bin/hmmscan
[10:28:35] Determined hmmscan version is 003004 from '# HMMER 3.4 (Aug 2023); http://hmmer.org/'
[10:28:35] Looking for 'java' - found /home/diego/miniconda3/envs/prokka_env/bin/java
[10:28:35] Looking for 'makeblastdb' - found /home/diego/miniconda3/envs/prokka_env/bin/makeblastdb
[10:28:35] Determined makeblastdb version is 002015 from 'makeblastdb: 2.15.0+'
[10:28:35] Looking for 'minced' - found /home/diego/miniconda3/envs/prokka_env/bin/minced
[10:28:35] Determined minced version is 004002 from 'minced 0.4.2'
[10:28:35] Looking for 'parallel' - found /home/diego/miniconda3/envs/prokka_env/bin/parallel
[10:28:35] Determined parallel version is 20240122 from 'GNU parallel 20240122'
[10:28:35] Looking for 'prodigal' - found /home/diego/miniconda3/envs/prokka_env/bin/prodigal
[10:28:35] Determined prodigal version is 002006 from 'Prodigal V2.6.3: February, 2016'
[10:28:35] Looking for 'prokka-genbank_to_fasta_db' - found /home/diego/miniconda3/envs/prokka_env/bin/prokka-genbank_to_fasta_db
[10:28:35] Looking for 'rnammer' - found /home/diego/rnammer-1.2.src/rnammer
[10:28:35] Determined rnammer version is 001002 from 'This rnammer 1.2, running from '/home/diego/rnammer-1.2.src/''
[10:28:35] Looking for 'sed' - found /usr/bin/sed
[10:28:35] Looking for 'tbl2asn' - found /home/diego/miniconda3/envs/prokka_env/bin/tbl2asn
[10:28:35] Determined tbl2asn version is 025007 from 'tbl2asn 25.7   arguments:'
[10:28:35] Using genetic code table 11.
[10:28:35] Loading and checking input file: UBT_2.fasta
[10:28:35] Wrote 30 contigs totalling 513453 bp.
[10:28:35] Predicting tRNAs and tmRNAs
[10:28:35] Running: aragorn -l -gc11  -w prokka_UBT_2\/UBT_2\.fna
[10:28:36] 1 tRNA-Lys [3585,3658] 35 (ttt)
[10:28:36] 1 tRNA-Asn [17827,17898] 33 (gtt)
[10:28:36] 2 tRNA-Glu [32061,32134] 35 (ctc)
[10:28:36] 3 tRNA-Glu [32164,32238] 35 (ctc)
[10:28:36] 1 tRNA-Gly [28891,28962] 34 (tcc)
[10:28:36] 1 tRNA-Val [42,118] 35 (tac)
[10:28:36] 1 tRNA-Tyr c[29,111] 37 (gta)
[10:28:36] 2 tRNA-Tyr [8038,8122] 38 (gta)
[10:28:36] 1 tRNA-Tyr c[29,111] 37 (gta)
[10:28:36] 2 tRNA-Tyr [5043,5127] 38 (gta)
[10:28:36] 1 tRNA-Glu [23217,23290] 35 (ttc)
[10:28:36] Found 11 tRNAs
[10:28:36] Predicting Ribosomal RNAs
[10:28:36] Running Barrnap with 20 threads
[10:28:36] 1 gnl|Prokka|UBT_2_6 18945 5S ribosomal RNA
[10:28:36] Found 1 rRNAs
[10:28:36] Skipping ncRNA search, enable with --rfam if desired.
[10:28:36] Total of 12 tRNA + rRNA features
[10:28:36] Searching for CRISPR repeats
[10:28:36] Found 0 CRISPRs
[10:28:36] Predicting coding sequences
[10:28:36] Contigs total 513453 bp, so using single mode
[10:28:36] Running: prodigal -i prokka_UBT_2\/UBT_2\.fna -c -m -g 11 -p single -f sco -q
[10:28:36] Found 489 CDS
[10:28:36] Connecting features back to sequences
[10:28:36] Not using genus-specific database. Try --usegenus to enable it.
[10:28:36] Annotating CDS, please be patient.
[10:28:36] Will use 20 CPUs for similarity searching.
[10:28:36] There are still 489 unannotated CDS left (started with 489)
[10:28:36] Will use blast to search against /home/diego/miniconda3/envs/prokka_env/db/kingdom/Bacteria/IS with 20 CPUs
[10:28:36] Running: cat prokka_UBT_2\/UBT_2\.IS\.tmp\.120274\.faa | parallel --gnu --plain -j 20 --block 3819 --recstart '>' --pipe blastp -query - -db /home/diego/miniconda3/envs/prokka_env/db/kingdom/Bacteria/IS -evalue 1e-30 -qcov_hsp_perc 90 -num_threads 1 -num_descriptions 1 -num_alignments 1 -seg no > prokka_UBT_2\/UBT_2\.IS\.tmp\.120274\.blast 2> /dev/null
[10:28:38] Deleting unwanted file: prokka_UBT_2/UBT_2.IS.tmp.120274.faa
[10:28:38] Deleting unwanted file: prokka_UBT_2/UBT_2.IS.tmp.120274.blast
[10:28:38] There are still 489 unannotated CDS left (started with 489)
[10:28:38] Will use blast to search against /home/diego/miniconda3/envs/prokka_env/db/kingdom/Bacteria/AMR with 20 CPUs
[10:28:38] Running: cat prokka_UBT_2\/UBT_2\.AMR\.tmp\.120274\.faa | parallel --gnu --plain -j 20 --block 3819 --recstart '>' --pipe blastp -query - -db /home/diego/miniconda3/envs/prokka_env/db/kingdom/Bacteria/AMR -evalue 1e-300 -qcov_hsp_perc 90 -num_threads 1 -num_descriptions 1 -num_alignments 1 -seg no > prokka_UBT_2\/UBT_2\.AMR\.tmp\.120274\.blast 2> /dev/null
[10:28:39] Deleting unwanted file: prokka_UBT_2/UBT_2.AMR.tmp.120274.faa
[10:28:39] Deleting unwanted file: prokka_UBT_2/UBT_2.AMR.tmp.120274.blast
[10:28:39] There are still 489 unannotated CDS left (started with 489)
[10:28:39] Will use blast to search against /home/diego/miniconda3/envs/prokka_env/db/kingdom/Bacteria/sprot with 20 CPUs
[10:28:39] Running: cat prokka_UBT_2\/UBT_2\.sprot\.tmp\.120274\.faa | parallel --gnu --plain -j 20 --block 3819 --recstart '>' --pipe blastp -query - -db /home/diego/miniconda3/envs/prokka_env/db/kingdom/Bacteria/sprot -evalue 1e-09 -qcov_hsp_perc 80 -num_threads 1 -num_descriptions 1 -num_alignments 1 -seg no > prokka_UBT_2\/UBT_2\.sprot\.tmp\.120274\.blast 2> /dev/null
[10:28:43] Modify product: UPF0223 protein BH2638 => hypothetical protein
[10:28:43] Modify product: UPF0122 protein SP_1288 => hypothetical protein
[10:28:43] Modify product: GTP cyclohydrolase 1 type 2 homolog => GTP cyclohydrolase 1 type 2 
[10:28:43] Modify product: UPF0053 protein Rv1842c => hypothetical protein
[10:28:43] Modify product: UPF0053 protein Rv1842c => hypothetical protein
[10:28:43] Modify product: Uncharacterized metal-dependent hydrolase YcfH => putative metal-dependent hydrolase YcfH
[10:28:43] Modify product: Uncharacterized sugar epimerase YhfK => putative sugar epimerase YhfK
[10:28:43] Modify product: Uncharacterized protein YhaP => putative protein YhaP
[10:28:43] Modify product: Putative universal stress protein SA1532 => Putative universal stress protein
[10:28:43] Modify product: Uncharacterized oxidoreductase YhhX => putative oxidoreductase YhhX
[10:28:43] Modify product: Probable deoxycholate-binding periplasmic protein YgiS => putative deoxycholate-binding periplasmic protein YgiS
[10:28:43] Modify product: Probable N-acetyl-LL-diaminopimelate aminotransferase => putative N-acetyl-LL-diaminopimelate aminotransferase
[10:28:43] Modify product: Uncharacterized transporter YycB => putative transporter YycB
[10:28:43] Modify product: Putative multidrug export ATP-binding/permease protein SAV1866 => Putative multidrug export ATP-binding/permease protein
[10:28:43] Modify product: UPF0073 inner membrane protein YqfA => hypothetical protein
[10:28:43] Modify product: Putative universal stress protein SA1532 => Putative universal stress protein
[10:28:43] Modify product: Uncharacterized AAA domain-containing protein Rv2559c => putative AAA domain-containing protein
[10:28:43] Modify product: UPF0374 protein SP_1903 => hypothetical protein
[10:28:43] Modify product: Phosphate-specific transport system accessory protein PhoU homolog => Phosphate-specific transport system accessory protein PhoU 
[10:28:43] Modify product: Uncharacterized ABC transporter ATP-binding protein TM_0288 => putative ABC transporter ATP-binding protein
[10:28:43] Modify product: Uncharacterized ABC transporter ATP-binding protein Rv1273c => putative ABC transporter ATP-binding protein
[10:28:43] Modify product: Zinc-type alcohol dehydrogenase-like protein SA1988 => Zinc-type alcohol dehydrogenase-like protein
[10:28:43] Modify product: Probable bifunctional oligoribonuclease and PAP phosphatase NrnA => putative bifunctional oligoribonuclease and PAP phosphatase NrnA
[10:28:43] Modify product: Uncharacterized PIN and TRAM-domain containing protein YacL => putative PIN and TRAM-domain containing protein YacL
[10:28:43] Modify product: Uncharacterized transporter YycB => putative transporter YycB
[10:28:43] Modify product: Probable multidrug resistance ABC transporter ATP-binding/permease protein YheI => putative multidrug resistance ABC transporter ATP-binding/permease protein YheI
[10:28:43] Modify product: UPF0145 protein BCE33L0904 => hypothetical protein
[10:28:43] Modify product: Putative universal stress protein SA1532 => Putative universal stress protein
[10:28:43] Modify product: Nucleoid-associated protein SP_1102 => Nucleoid-associated protein
[10:28:43] Modify product: UPF0297 protein EF_1202 => hypothetical protein
[10:28:43] Modify product: UPF0473 protein SP_0194 => hypothetical protein
[10:28:43] Modify product: UPF0473 protein SP_0194 => hypothetical protein
[10:28:43] Modify product: Uncharacterized protein YqeN => putative protein YqeN
[10:28:43] Modify product: Probable tautomerase SAR1376 => putative tautomerase
[10:28:43] Modify product: Probable guanidinium efflux system subunit GdnD => putative guanidinium efflux system subunit GdnD
[10:28:43] Modify product: Acetyltransferase SACOL1063 => Acetyltransferase
[10:28:43] Modify product: Probable protein-export membrane protein SecG => putative protein-export membrane protein SecG
[10:28:43] Cleaned 37 /product names
[10:28:43] Deleting unwanted file: prokka_UBT_2/UBT_2.sprot.tmp.120274.faa
[10:28:43] Deleting unwanted file: prokka_UBT_2/UBT_2.sprot.tmp.120274.blast
[10:28:43] There are still 189 unannotated CDS left (started with 489)
[10:28:43] Will use hmmer3 to search against /home/diego/miniconda3/envs/prokka_env/db/hmm/HAMAP.hmm with 20 CPUs
[10:28:43] Running: cat prokka_UBT_2\/UBT_2\.HAMAP\.hmm\.tmp\.120274\.faa | parallel --gnu --plain -j 20 --block 1278 --recstart '>' --pipe hmmscan --noali --notextw --acc -E 1e-09 --cpu 1 /home/diego/miniconda3/envs/prokka_env/db/hmm/HAMAP.hmm /dev/stdin > prokka_UBT_2\/UBT_2\.HAMAP\.hmm\.tmp\.120274\.hmmer3 2> /dev/null
[10:28:45] Deleting unwanted file: prokka_UBT_2/UBT_2.HAMAP.hmm.tmp.120274.faa
[10:28:45] Deleting unwanted file: prokka_UBT_2/UBT_2.HAMAP.hmm.tmp.120274.hmmer3
[10:28:45] Labelling remaining 162 proteins as 'hypothetical protein'
[10:28:45] Possible /pseudo 'Phosphate import ATP-binding protein PstB 3' at gnl|Prokka|UBT_2_5 position 13512
[10:28:45] Possible /pseudo 'putative ABC transporter ATP-binding protein' at gnl|Prokka|UBT_2_7 position 26975
[10:28:45] Possible /pseudo 'Inosine-5'-monophosphate dehydrogenase' at gnl|Prokka|UBT_2_9 position 23132
[10:28:45] Possible /pseudo 'Adenine deaminase' at gnl|Prokka|UBT_2_9 position 25519
[10:28:45] Possible /pseudo 'Membrane lipoprotein TmpC' at gnl|Prokka|UBT_2_26 position 8511
[10:28:45] Possible /pseudo 'Membrane lipoprotein TmpC' at gnl|Prokka|UBT_2_26 position 9982
[10:28:45] Found 263 unique /gene codes.
[10:28:45] Fixed 2 duplicate /gene - cpdA_1 cpdA_2
[10:28:45] Fixed 3 duplicate /gene - gpmA_1 gpmA_2 gpmA_3
[10:28:45] Fixed 2 duplicate /gene - stp_1 stp_2
[10:28:45] Fixed 3 duplicate /gene - potD_1 potD_2 potD_3
[10:28:45] Fixed 2 duplicate /gene - fabH_1 fabH_2
[10:28:45] Fixed 2 duplicate /gene - ptsH_1 ptsH_2
[10:28:45] Fixed 2 duplicate /gene - yycB_1 yycB_2
[10:28:45] Fixed 2 duplicate /gene - ydcV_1 ydcV_2
[10:28:45] Fixed 3 duplicate /gene - potA_1 potA_2 potA_3
[10:28:45] Fixed 2 duplicate /gene - helD_1 helD_2
[10:28:45] Fixed 3 duplicate /gene - tmpC_1 tmpC_2 tmpC_3
[10:28:45] Fixed 2 duplicate /gene - tpiA_1 tpiA_2
[10:28:45] Fixed 2 duplicate /gene - gpsA_1 gpsA_2
[10:28:45] Fixed 2 duplicate /gene - ybiR_1 ybiR_2
[10:28:45] Fixed 2 duplicate /gene - rps1_1 rps1_2
[10:28:45] Fixed 2 duplicate /gene - trxB_1 trxB_2
[10:28:45] Fixed 2 duplicate /gene - gtaB_1 gtaB_2
[10:28:45] Fixed 2 duplicate /gene - nagR_1 nagR_2
[10:28:45] Fixed 2 duplicate /gene - dtpT_1 dtpT_2
[10:28:45] Fixed 2 duplicate /gene - hprK_1 hprK_2
[10:28:45] Fixed 2 duplicate /gene - smc_1 smc_2
[10:28:45] Fixed 2 duplicate /gene - der_1 der_2
[10:28:45] Fixed 2 duplicate /gene - ppx1_1 ppx1_2
[10:28:45] Fixed 3 duplicate /gene - potB_1 potB_2 potB_3
[10:28:45] Fixed 3 duplicate /gene - fus_1 fus_2 fus_3
[10:28:45] Fixed 2 duplicate /gene - trpS2_1 trpS2_2
[10:28:45] Fixed 2 duplicate /gene - pstB3_1 pstB3_2
[10:28:45] Fixed 2 duplicate /gene - ltaS1_1 ltaS1_2
[10:28:45] Fixed 2 duplicate /gene - ptsI_1 ptsI_2
[10:28:45] Fixed 29 colliding /gene names.
[10:28:45] Adding /locus_tag identifiers
[10:28:45] Assigned 501 locus_tags to CDS and RNA features.
[10:28:45] Writing outputs to prokka_UBT_2/
[10:28:45] Generating annotation statistics file
[10:28:45] Generating Genbank and Sequin files
[10:28:45] Running: tbl2asn -V b -a r10k -l paired-ends -M n -N 1 -y 'Annotated using prokka 1.14.6 from https://github.com/tseemann/prokka' -Z prokka_UBT_2\/UBT_2\.err -i prokka_UBT_2\/UBT_2\.fsa 2> /dev/null
[10:28:46] Deleting unwanted file: prokka_UBT_2/errorsummary.val
[10:28:46] Deleting unwanted file: prokka_UBT_2/UBT_2.dr
[10:28:46] Deleting unwanted file: prokka_UBT_2/UBT_2.fixedproducts
[10:28:46] Deleting unwanted file: prokka_UBT_2/UBT_2.ecn
[10:28:46] Deleting unwanted file: prokka_UBT_2/UBT_2.val
[10:28:46] Repairing broken .GBK output that tbl2asn produces...
[10:28:46] Running: sed 's/COORDINATES: profile/COORDINATES:profile/' < prokka_UBT_2\/UBT_2\.gbf > prokka_UBT_2\/UBT_2\.gbk
[10:28:46] Deleting unwanted file: prokka_UBT_2/UBT_2.gbf
[10:28:46] Output files:
[10:28:46] prokka_UBT_2/UBT_2.log
[10:28:46] prokka_UBT_2/UBT_2.gbk
[10:28:46] prokka_UBT_2/UBT_2.ffn
[10:28:46] prokka_UBT_2/UBT_2.tsv
[10:28:46] prokka_UBT_2/UBT_2.sqn
[10:28:46] prokka_UBT_2/UBT_2.gff
[10:28:46] prokka_UBT_2/UBT_2.fna
[10:28:46] prokka_UBT_2/UBT_2.tbl
[10:28:46] prokka_UBT_2/UBT_2.err
[10:28:46] prokka_UBT_2/UBT_2.fsa
[10:28:46] prokka_UBT_2/UBT_2.faa
[10:28:46] prokka_UBT_2/UBT_2.txt
[10:28:46] Annotation finished successfully.
[10:28:46] Walltime used: 0.18 minutes
[10:28:46] If you use this result please cite the Prokka paper:
[10:28:46] Seemann T (2014) Prokka: rapid prokaryotic genome annotation. Bioinformatics. 30(14):2068-9.
[10:28:46] Type 'prokka --citation' for more details.
[10:28:46] Share and enjoy!
