Discrepancy Report Results

Summary
FATAL: BAD_LOCUS_TAG_FORMAT:501 locus tags are incorrectly formatted.
DISC_SOURCE_QUALS_ASNDISC:strain (all present, all same)
DISC_SOURCE_QUALS_ASNDISC:taxname (all present, all same)
DISC_FEATURE_COUNT:gene: 501 present
DISC_FEATURE_COUNT:CDS: 489 present
DISC_FEATURE_COUNT:tRNA: 11 present
DISC_FEATURE_COUNT:rRNA: 1 present
DISC_COUNT_NUCLEOTIDES:30 nucleotide Bioseqs are present
OVERLAPPING_GENES:99 genes overlap another gene on the same strand.
NO_ANNOTATION:1 bioseqs have no features
DISC_QUALITY_SCORES:Quality scores are missing on all sequences.
DISC_BAD_BACTERIAL_GENE_NAME:1 bacterial genes do not start with lowercase letters
ONCALLER_COMMENT_PRESENT:30 comment descriptors were found (all same)
SHORT_PROT_SEQUENCES:10 protein sequences are shorter than 50 aa.
MISSING_GENOMEASSEMBLY_COMMENTS:30 bioseqs are missing GenomeAssembly structured comments
MOLTYPE_NOT_MRNA:30 molecule types are not set as mRNA.
TECHNIQUE_NOT_TSA:30 technique are not set as TSA
MISSING_STRUCTURED_COMMENT:30 sequences do not include structured comments.
MISSING_PROJECT:519 sequences do not include project.
DISC_INCONSISTENT_MOLINFO_TECH:Molinfo Technique Report (some missing, all same)


Detailed Report

FATAL: DiscRep_ALL:BAD_LOCUS_TAG_FORMAT::501 locus e incorrectly fectly formatted.
prokka_UBT_2/UBT_2:Gene	clpP	UBT_2_1:4-480	UBT_2_00001
prokka_UBT_2/UBT_2:Gene	ldhA	UBT_2_1:827-1822	UBT_2_00002
prokka_UBT_2/UBT_2:Gene	UBT_2_00003	UBT_2_1:1962-3104	UBT_2_00003
prokka_UBT_2/UBT_2:Gene	UBT_2_00004	UBT_2_1:3193-3546	UBT_2_00004
prokka_UBT_2/UBT_2:Gene	cysQ	UBT_2_2:c945-160	UBT_2_00005
prokka_UBT_2/UBT_2:Gene	UBT_2_00006	UBT_2_2:c1214-942	UBT_2_00006
prokka_UBT_2/UBT_2:Gene	def2	UBT_2_2:1270-1848	UBT_2_00007
prokka_UBT_2/UBT_2:Gene	UBT_2_00008	UBT_2_2:c2422-1853	UBT_2_00008
prokka_UBT_2/UBT_2:Gene	dnaJ	UBT_2_2:c3438-2524	UBT_2_00009
prokka_UBT_2/UBT_2:Gene	dnaK	UBT_2_2:c5378-3540	UBT_2_00010
prokka_UBT_2/UBT_2:Gene	grpE	UBT_2_2:c6063-5467	UBT_2_00011
prokka_UBT_2/UBT_2:Gene	hrcA	UBT_2_2:c7109-6081	UBT_2_00012
prokka_UBT_2/UBT_2:Gene	ribF	UBT_2_2:c8113-7232	UBT_2_00013
prokka_UBT_2/UBT_2:Gene	truB	UBT_2_2:c9093-8185	UBT_2_00014
prokka_UBT_2/UBT_2:Gene	UBT_2_00015	UBT_2_2:c9595-9080	UBT_2_00015
prokka_UBT_2/UBT_2:Gene	dapX	UBT_2_2:c10788-9610	UBT_2_00016
prokka_UBT_2/UBT_2:Gene	rbfA	UBT_2_2:c11238-10885	UBT_2_00017
prokka_UBT_2/UBT_2:Gene	infB	UBT_2_2:c13775-11289	UBT_2_00018
prokka_UBT_2/UBT_2:Gene	rps1_1	UBT_2_3:31-636	UBT_2_00019
prokka_UBT_2/UBT_2:Gene	der_1	UBT_2_3:820-2130	UBT_2_00020
prokka_UBT_2/UBT_2:Gene	hup	UBT_2_3:2408-2683	UBT_2_00021
prokka_UBT_2/UBT_2:Gene	pdxK	UBT_2_3:2822-3616	UBT_2_00022
prokka_UBT_2/UBT_2:Gene	hmpT	UBT_2_3:3618-4127	UBT_2_00023
prokka_UBT_2/UBT_2:Gene	yycB_1	UBT_2_3:4230-5417	UBT_2_00024
prokka_UBT_2/UBT_2:Gene	UBT_2_00025	UBT_2_3:5502-6434	UBT_2_00025
prokka_UBT_2/UBT_2:Gene	sbcD	UBT_2_3:6504-7673	UBT_2_00026
prokka_UBT_2/UBT_2:Gene	sbcC	UBT_2_3:7675-10860	UBT_2_00027
prokka_UBT_2/UBT_2:Gene	UBT_2_00028	UBT_2_3:10975-11505	UBT_2_00028
prokka_UBT_2/UBT_2:Gene	UBT_2_00029	UBT_2_3:11546-11689	UBT_2_00029
prokka_UBT_2/UBT_2:Gene	UBT_2_00030	UBT_2_3:c12210-11740	UBT_2_00030
prokka_UBT_2/UBT_2:Gene	UBT_2_00031	UBT_2_3:12342-12728	UBT_2_00031
prokka_UBT_2/UBT_2:Gene	UBT_2_00032	UBT_2_3:12744-13379	UBT_2_00032
prokka_UBT_2/UBT_2:Gene	UBT_2_00033	UBT_2_3:13483-15186	UBT_2_00033
prokka_UBT_2/UBT_2:Gene	UBT_2_00034	UBT_2_3:15238-15387	UBT_2_00034
prokka_UBT_2/UBT_2:Gene	bepA	UBT_2_3:15480-16763	UBT_2_00035
prokka_UBT_2/UBT_2:Gene	UBT_2_00036	UBT_2_3:16926-17276	UBT_2_00036
prokka_UBT_2/UBT_2:Gene	UBT_2_00037	UBT_2_3:17413-18180	UBT_2_00037
prokka_UBT_2/UBT_2:Gene	UBT_2_00038	UBT_2_3:18199-19041	UBT_2_00038
prokka_UBT_2/UBT_2:Gene	UBT_2_00039	UBT_2_3:19119-20351	UBT_2_00039
prokka_UBT_2/UBT_2:Gene	UBT_2_00040	UBT_2_3:20341-21120	UBT_2_00040
prokka_UBT_2/UBT_2:Gene	UBT_2_00041	UBT_2_3:21451-23403	UBT_2_00041
prokka_UBT_2/UBT_2:Gene	UBT_2_00042	UBT_2_3:23573-23989	UBT_2_00042
prokka_UBT_2/UBT_2:Gene	trmK	UBT_2_3:24081-24773	UBT_2_00043
prokka_UBT_2/UBT_2:Gene	UBT_2_00044	UBT_2_3:24770-25567	UBT_2_00044
prokka_UBT_2/UBT_2:Gene	pepT	UBT_2_3:25587-26822	UBT_2_00045
prokka_UBT_2/UBT_2:Gene	ackA	UBT_2_3:26960-28153	UBT_2_00046
prokka_UBT_2/UBT_2:Gene	UBT_2_00047	UBT_2_3:28211-28390	UBT_2_00047
prokka_UBT_2/UBT_2:Gene	pycA	UBT_2_3:28543-31980	UBT_2_00048
prokka_UBT_2/UBT_2:Gene	UBT_2_00049	UBT_2_3:32068-32391	UBT_2_00049
prokka_UBT_2/UBT_2:Gene	UBT_2_00050	UBT_2_3:32471-33103	UBT_2_00050
prokka_UBT_2/UBT_2:Gene	UBT_2_00051	UBT_2_3:33204-33569	UBT_2_00051
prokka_UBT_2/UBT_2:Gene	UBT_2_00052	UBT_2_3:33705-34307	UBT_2_00052
prokka_UBT_2/UBT_2:Gene	ywaC	UBT_2_3:34396-35076	UBT_2_00053
prokka_UBT_2/UBT_2:Gene	dapE	UBT_2_3:35523-36860	UBT_2_00054
prokka_UBT_2/UBT_2:Gene	metQ	UBT_2_3:36872-37711	UBT_2_00055
prokka_UBT_2/UBT_2:Gene	rps1_2	UBT_2_4:45-965	UBT_2_00056
prokka_UBT_2/UBT_2:Gene	der_2	UBT_2_4:1068-2381	UBT_2_00057
prokka_UBT_2/UBT_2:Gene	UBT_2_00058	UBT_2_5:c1237-929	UBT_2_00058
prokka_UBT_2/UBT_2:Gene	argO	UBT_2_5:c1962-1342	UBT_2_00059
prokka_UBT_2/UBT_2:Gene	UBT_2_00060	UBT_2_5:2113-2766	UBT_2_00060
prokka_UBT_2/UBT_2:Gene	UBT_2_00061	UBT_2_5:c3488-2811	UBT_2_00061
prokka_UBT_2/UBT_2:Gene	UBT_2_00062	UBT_2_5:3585-3658	UBT_2_00062
prokka_UBT_2/UBT_2:Gene	UBT_2_00063	UBT_2_5:c4497-3721	UBT_2_00063
prokka_UBT_2/UBT_2:Gene	UBT_2_00064	UBT_2_5:c5086-4631	UBT_2_00064
prokka_UBT_2/UBT_2:Gene	UBT_2_00065	UBT_2_5:c5498-5220	UBT_2_00065
prokka_UBT_2/UBT_2:Gene	UBT_2_00066	UBT_2_5:c7087-5804	UBT_2_00066
prokka_UBT_2/UBT_2:Gene	UBT_2_00067	UBT_2_5:c7552-7109	UBT_2_00067
prokka_UBT_2/UBT_2:Gene	UBT_2_00068	UBT_2_5:c7860-7651	UBT_2_00068
prokka_UBT_2/UBT_2:Gene	prfC	UBT_2_5:c9428-7857	UBT_2_00069
prokka_UBT_2/UBT_2:Gene	UBT_2_00070	UBT_2_5:c10293-9553	UBT_2_00070
prokka_UBT_2/UBT_2:Gene	UBT_2_00071	UBT_2_5:c10935-10384	UBT_2_00071
prokka_UBT_2/UBT_2:Gene	recX	UBT_2_5:c11891-11088	UBT_2_00072
prokka_UBT_2/UBT_2:Gene	phoU	UBT_2_5:c12686-12012	UBT_2_00073
prokka_UBT_2/UBT_2:Gene	pstB3_1	UBT_2_5:c13496-12738	UBT_2_00074
prokka_UBT_2/UBT_2:Gene	pstB3_2	UBT_2_5:c14336-13512	UBT_2_00075
prokka_UBT_2/UBT_2:Gene	UBT_2_00076	UBT_2_5:c15243-14353	UBT_2_00076
prokka_UBT_2/UBT_2:Gene	pstC1	UBT_2_5:c16162-15245	UBT_2_00077
prokka_UBT_2/UBT_2:Gene	pstS1	UBT_2_5:c17048-16176	UBT_2_00078
prokka_UBT_2/UBT_2:Gene	UBT_2_00079	UBT_2_5:c18390-17188	UBT_2_00079
prokka_UBT_2/UBT_2:Gene	nagR_1	UBT_2_5:c19097-18387	UBT_2_00080
prokka_UBT_2/UBT_2:Gene	rihA	UBT_2_5:c20109-19189	UBT_2_00081
prokka_UBT_2/UBT_2:Gene	yhhX	UBT_2_5:c21177-20125	UBT_2_00082
prokka_UBT_2/UBT_2:Gene	ygiS	UBT_2_5:c22990-21365	UBT_2_00083
prokka_UBT_2/UBT_2:Gene	UBT_2_00084	UBT_2_5:23061-23210	UBT_2_00084
prokka_UBT_2/UBT_2:Gene	yutF	UBT_2_5:c23983-23216	UBT_2_00085
prokka_UBT_2/UBT_2:Gene	UBT_2_00086	UBT_2_5:c24637-23996	UBT_2_00086
prokka_UBT_2/UBT_2:Gene	mggB	UBT_2_5:c26047-24656	UBT_2_00087
prokka_UBT_2/UBT_2:Gene	UBT_2_00088	UBT_2_5:c26673-26053	UBT_2_00088
prokka_UBT_2/UBT_2:Gene	UBT_2_00089	UBT_2_5:c27139-26690	UBT_2_00089
prokka_UBT_2/UBT_2:Gene	ypdF	UBT_2_5:c28226-27141	UBT_2_00090
prokka_UBT_2/UBT_2:Gene	menC	UBT_2_5:c29467-28349	UBT_2_00091
prokka_UBT_2/UBT_2:Gene	menH	UBT_2_5:c30257-29448	UBT_2_00092
prokka_UBT_2/UBT_2:Gene	menD	UBT_2_5:c31926-30250	UBT_2_00093
prokka_UBT_2/UBT_2:Gene	menF	UBT_2_5:c33080-31923	UBT_2_00094
prokka_UBT_2/UBT_2:Gene	UBT_2_00095	UBT_2_5:c35173-33380	UBT_2_00095
prokka_UBT_2/UBT_2:Gene	UBT_2_00096	UBT_2_5:c36260-35292	UBT_2_00096
prokka_UBT_2/UBT_2:Gene	UBT_2_00097	UBT_2_5:c37163-36267	UBT_2_00097
prokka_UBT_2/UBT_2:Gene	UBT_2_00098	UBT_2_5:c38184-37300	UBT_2_00098
prokka_UBT_2/UBT_2:Gene	UBT_2_00099	UBT_2_5:c39478-38198	UBT_2_00099
prokka_UBT_2/UBT_2:Gene	UBT_2_00100	UBT_2_6:137-517	UBT_2_00100
prokka_UBT_2/UBT_2:Gene	UBT_2_00101	UBT_2_6:530-964	UBT_2_00101
prokka_UBT_2/UBT_2:Gene	uppP	UBT_2_6:c1862-1011	UBT_2_00102
prokka_UBT_2/UBT_2:Gene	UBT_2_00103	UBT_2_6:c2831-1950	UBT_2_00103
prokka_UBT_2/UBT_2:Gene	UBT_2_00104	UBT_2_6:c3462-2824	UBT_2_00104
prokka_UBT_2/UBT_2:Gene	UBT_2_00105	UBT_2_6:c3778-3452	UBT_2_00105
prokka_UBT_2/UBT_2:Gene	UBT_2_00106	UBT_2_6:3903-4163	UBT_2_00106
prokka_UBT_2/UBT_2:Gene	nupG	UBT_2_6:c5461-4220	UBT_2_00107
prokka_UBT_2/UBT_2:Gene	tagU	UBT_2_6:c6921-5635	UBT_2_00108
prokka_UBT_2/UBT_2:Gene	thyA	UBT_2_6:c8081-7125	UBT_2_00109
prokka_UBT_2/UBT_2:Gene	tadA	UBT_2_6:c8579-8094	UBT_2_00110
prokka_UBT_2/UBT_2:Gene	veg	UBT_2_6:9001-9234	UBT_2_00111
prokka_UBT_2/UBT_2:Gene	UBT_2_00112	UBT_2_6:c10644-9277	UBT_2_00112
prokka_UBT_2/UBT_2:Gene	UBT_2_00113	UBT_2_6:c12096-10735	UBT_2_00113
prokka_UBT_2/UBT_2:Gene	rsmA	UBT_2_6:c13049-12153	UBT_2_00114
prokka_UBT_2/UBT_2:Gene	rnmV	UBT_2_6:c13607-13050	UBT_2_00115
prokka_UBT_2/UBT_2:Gene	ycfH	UBT_2_6:c14413-13607	UBT_2_00116
prokka_UBT_2/UBT_2:Gene	UBT_2_00117	UBT_2_6:c16680-14527	UBT_2_00117
prokka_UBT_2/UBT_2:Gene	metG	UBT_2_6:c18762-16768	UBT_2_00118
prokka_UBT_2/UBT_2:Gene	UBT_2_00119	UBT_2_6:c19053-18945	UBT_2_00119
prokka_UBT_2/UBT_2:Gene	atpB	UBT_2_7:c921-199	UBT_2_00120
prokka_UBT_2/UBT_2:Gene	pyrP	UBT_2_7:c2543-1266	UBT_2_00121
prokka_UBT_2/UBT_2:Gene	yhfK	UBT_2_7:c3411-2767	UBT_2_00122
prokka_UBT_2/UBT_2:Gene	upp	UBT_2_7:c4146-3517	UBT_2_00123
prokka_UBT_2/UBT_2:Gene	glyA	UBT_2_7:c5440-4190	UBT_2_00124
prokka_UBT_2/UBT_2:Gene	ywlC	UBT_2_7:c6517-5489	UBT_2_00125
prokka_UBT_2/UBT_2:Gene	prmC	UBT_2_7:c7382-6519	UBT_2_00126
prokka_UBT_2/UBT_2:Gene	prfA	UBT_2_7:c8474-7389	UBT_2_00127
prokka_UBT_2/UBT_2:Gene	tdk	UBT_2_7:c9105-8506	UBT_2_00128
prokka_UBT_2/UBT_2:Gene	UBT_2_00129	UBT_2_7:c10334-9225	UBT_2_00129
prokka_UBT_2/UBT_2:Gene	UBT_2_00130	UBT_2_7:c10539-10408	UBT_2_00130
prokka_UBT_2/UBT_2:Gene	UBT_2_00131	UBT_2_7:c11718-10687	UBT_2_00131
prokka_UBT_2/UBT_2:Gene	UBT_2_00132	UBT_2_7:c11939-11718	UBT_2_00132
prokka_UBT_2/UBT_2:Gene	gatD	UBT_2_7:c12992-12282	UBT_2_00133
prokka_UBT_2/UBT_2:Gene	murT	UBT_2_7:c14350-12998	UBT_2_00134
prokka_UBT_2/UBT_2:Gene	UBT_2_00135	UBT_2_7:c15579-14545	UBT_2_00135
prokka_UBT_2/UBT_2:Gene	UBT_2_00136	UBT_2_7:c15762-15586	UBT_2_00136
prokka_UBT_2/UBT_2:Gene	manA	UBT_2_7:c16865-15900	UBT_2_00137
prokka_UBT_2/UBT_2:Gene	UBT_2_00138	UBT_2_7:c17625-16903	UBT_2_00138
prokka_UBT_2/UBT_2:Gene	UBT_2_00139	UBT_2_7:17827-17898	UBT_2_00139
prokka_UBT_2/UBT_2:Gene	UBT_2_00140	UBT_2_7:c21066-18001	UBT_2_00140
prokka_UBT_2/UBT_2:Gene	UBT_2_00141	UBT_2_7:c23715-21262	UBT_2_00141
prokka_UBT_2/UBT_2:Gene	UBT_2_00142	UBT_2_7:c24842-23700	UBT_2_00142
prokka_UBT_2/UBT_2:Gene	UBT_2_00143	UBT_2_7:c26971-25187	UBT_2_00143
prokka_UBT_2/UBT_2:Gene	UBT_2_00144	UBT_2_7:c28687-26975	UBT_2_00144
prokka_UBT_2/UBT_2:Gene	UBT_2_00145	UBT_2_7:c29876-28827	UBT_2_00145
prokka_UBT_2/UBT_2:Gene	hflX	UBT_2_7:c31171-29888	UBT_2_00146
prokka_UBT_2/UBT_2:Gene	gpmA_1	UBT_2_7:c31855-31184	UBT_2_00147
prokka_UBT_2/UBT_2:Gene	UBT_2_00148	UBT_2_7:32061-32134	UBT_2_00148
prokka_UBT_2/UBT_2:Gene	UBT_2_00149	UBT_2_7:32164-32238	UBT_2_00149
prokka_UBT_2/UBT_2:Gene	UBT_2_00150	UBT_2_7:c33074-32340	UBT_2_00150
prokka_UBT_2/UBT_2:Gene	natA	UBT_2_7:c33810-33064	UBT_2_00151
prokka_UBT_2/UBT_2:Gene	exoA	UBT_2_7:33964-34794	UBT_2_00152
prokka_UBT_2/UBT_2:Gene	UBT_2_00153	UBT_2_7:c36043-34838	UBT_2_00153
prokka_UBT_2/UBT_2:Gene	UBT_2_00154	UBT_2_7:c36308-36159	UBT_2_00154
prokka_UBT_2/UBT_2:Gene	adhE	UBT_2_7:c39194-36498	UBT_2_00155
prokka_UBT_2/UBT_2:Gene	UBT_2_00156	UBT_2_7:c40147-39722	UBT_2_00156
prokka_UBT_2/UBT_2:Gene	pepO	UBT_2_7:c42140-40248	UBT_2_00157
prokka_UBT_2/UBT_2:Gene	UBT_2_00158	UBT_2_7:c43191-42295	UBT_2_00158
prokka_UBT_2/UBT_2:Gene	UBT_2_00159	UBT_2_7:c45828-43261	UBT_2_00159
prokka_UBT_2/UBT_2:Gene	UBT_2_00160	UBT_2_7:c49191-46183	UBT_2_00160
prokka_UBT_2/UBT_2:Gene	UBT_2_00161	UBT_2_7:c49579-49391	UBT_2_00161
prokka_UBT_2/UBT_2:Gene	UBT_2_00162	UBT_2_7:c51184-49613	UBT_2_00162
prokka_UBT_2/UBT_2:Gene	UBT_2_00163	UBT_2_7:c52128-51181	UBT_2_00163
prokka_UBT_2/UBT_2:Gene	UBT_2_00164	UBT_2_7:c52338-52153	UBT_2_00164
prokka_UBT_2/UBT_2:Gene	UBT_2_00165	UBT_2_7:c53244-52528	UBT_2_00165
prokka_UBT_2/UBT_2:Gene	UBT_2_00166	UBT_2_7:c53596-53291	UBT_2_00166
prokka_UBT_2/UBT_2:Gene	yxaB	UBT_2_7:c54765-53707	UBT_2_00167
prokka_UBT_2/UBT_2:Gene	UBT_2_00168	UBT_2_8:c841-290	UBT_2_00168
prokka_UBT_2/UBT_2:Gene	UBT_2_00169	UBT_2_8:c1066-860	UBT_2_00169
prokka_UBT_2/UBT_2:Gene	UBT_2_00170	UBT_2_8:c1597-1460	UBT_2_00170
prokka_UBT_2/UBT_2:Gene	ffh	UBT_2_8:c3068-1602	UBT_2_00171
prokka_UBT_2/UBT_2:Gene	UBT_2_00172	UBT_2_8:c3413-3072	UBT_2_00172
prokka_UBT_2/UBT_2:Gene	ftsY	UBT_2_8:c4615-3413	UBT_2_00173
prokka_UBT_2/UBT_2:Gene	smc_1	UBT_2_8:c8186-4629	UBT_2_00174
prokka_UBT_2/UBT_2:Gene	rnc	UBT_2_8:c8894-8196	UBT_2_00175
prokka_UBT_2/UBT_2:Gene	acpP	UBT_2_8:c9310-9071	UBT_2_00176
prokka_UBT_2/UBT_2:Gene	plsX	UBT_2_8:c10413-9355	UBT_2_00177
prokka_UBT_2/UBT_2:Gene	recG	UBT_2_8:c12549-10513	UBT_2_00178
prokka_UBT_2/UBT_2:Gene	glyS	UBT_2_9:128-2209	UBT_2_00179
prokka_UBT_2/UBT_2:Gene	UBT_2_00180	UBT_2_9:2335-3039	UBT_2_00180
prokka_UBT_2/UBT_2:Gene	alx	UBT_2_9:3170-4129	UBT_2_00181
prokka_UBT_2/UBT_2:Gene	yabJ	UBT_2_9:4228-4614	UBT_2_00182
prokka_UBT_2/UBT_2:Gene	pgl	UBT_2_9:4711-5736	UBT_2_00183
prokka_UBT_2/UBT_2:Gene	UBT_2_00184	UBT_2_9:5801-6946	UBT_2_00184
prokka_UBT_2/UBT_2:Gene	trmL	UBT_2_9:7065-7580	UBT_2_00185
prokka_UBT_2/UBT_2:Gene	spoIIIE	UBT_2_9:7621-10395	UBT_2_00186
prokka_UBT_2/UBT_2:Gene	UBT_2_00187	UBT_2_9:10428-10712	UBT_2_00187
prokka_UBT_2/UBT_2:Gene	btuD	UBT_2_9:10867-11769	UBT_2_00188
prokka_UBT_2/UBT_2:Gene	yhaP	UBT_2_9:11762-13006	UBT_2_00189
prokka_UBT_2/UBT_2:Gene	UBT_2_00190	UBT_2_9:c13190-13059	UBT_2_00190
prokka_UBT_2/UBT_2:Gene	UBT_2_00191	UBT_2_9:13341-15266	UBT_2_00191
prokka_UBT_2/UBT_2:Gene	UBT_2_00192	UBT_2_9:15360-15551	UBT_2_00192
prokka_UBT_2/UBT_2:Gene	uvrC	UBT_2_9:15684-17477	UBT_2_00193
prokka_UBT_2/UBT_2:Gene	obg	UBT_2_9:17572-18882	UBT_2_00194
prokka_UBT_2/UBT_2:Gene	yigZ	UBT_2_9:18936-19637	UBT_2_00195
prokka_UBT_2/UBT_2:Gene	UBT_2_00196	UBT_2_9:19757-20320	UBT_2_00196
prokka_UBT_2/UBT_2:Gene	sbnD	UBT_2_9:c21604-20372	UBT_2_00197
prokka_UBT_2/UBT_2:Gene	IMPDH	UBT_2_9:21972-23117	UBT_2_00198
prokka_UBT_2/UBT_2:Gene	guaB	UBT_2_9:23132-23998	UBT_2_00199
prokka_UBT_2/UBT_2:Gene	adeC	UBT_2_9:24055-25479	UBT_2_00200
prokka_UBT_2/UBT_2:Gene	ade	UBT_2_9:25519-25719	UBT_2_00201
prokka_UBT_2/UBT_2:Gene	ruvA	UBT_2_9:26095-26697	UBT_2_00202
prokka_UBT_2/UBT_2:Gene	ruvB	UBT_2_9:26720-27730	UBT_2_00203
prokka_UBT_2/UBT_2:Gene	queA	UBT_2_9:27736-28782	UBT_2_00204
prokka_UBT_2/UBT_2:Gene	UBT_2_00205	UBT_2_9:28891-28962	UBT_2_00205
prokka_UBT_2/UBT_2:Gene	fus_1	UBT_2_10:13-462	UBT_2_00206
prokka_UBT_2/UBT_2:Gene	UBT_2_00207	UBT_2_10:804-2600	UBT_2_00207
prokka_UBT_2/UBT_2:Gene	potA_1	UBT_2_10:2716-3834	UBT_2_00208
prokka_UBT_2/UBT_2:Gene	potB_1	UBT_2_10:3824-4642	UBT_2_00209
prokka_UBT_2/UBT_2:Gene	ydcV_1	UBT_2_10:4635-5465	UBT_2_00210
prokka_UBT_2/UBT_2:Gene	potD_1	UBT_2_10:5465-6550	UBT_2_00211
prokka_UBT_2/UBT_2:Gene	UBT_2_00212	UBT_2_10:6987-7715	UBT_2_00212
prokka_UBT_2/UBT_2:Gene	UBT_2_00213	UBT_2_10:c8126-7767	UBT_2_00213
prokka_UBT_2/UBT_2:Gene	UBT_2_00214	UBT_2_10:c8756-8307	UBT_2_00214
prokka_UBT_2/UBT_2:Gene	UBT_2_00215	UBT_2_10:9331-9501	UBT_2_00215
prokka_UBT_2/UBT_2:Gene	UBT_2_00216	UBT_2_10:9608-9994	UBT_2_00216
prokka_UBT_2/UBT_2:Gene	hprK_1	UBT_2_10:10009-10941	UBT_2_00217
prokka_UBT_2/UBT_2:Gene	gpsA_1	UBT_2_10:11072-12091	UBT_2_00218
prokka_UBT_2/UBT_2:Gene	gtaB_1	UBT_2_10:12098-12973	UBT_2_00219
prokka_UBT_2/UBT_2:Gene	UBT_2_00220	UBT_2_10:13218-17285	UBT_2_00220
prokka_UBT_2/UBT_2:Gene	UBT_2_00221	UBT_2_10:17504-19465	UBT_2_00221
prokka_UBT_2/UBT_2:Gene	UBT_2_00222	UBT_2_10:19688-21463	UBT_2_00222
prokka_UBT_2/UBT_2:Gene	UBT_2_00223	UBT_2_10:c23045-21693	UBT_2_00223
prokka_UBT_2/UBT_2:Gene	trxB_1	UBT_2_10:23794-24744	UBT_2_00224
prokka_UBT_2/UBT_2:Gene	fabH_1	UBT_2_10:24866-25840	UBT_2_00225
prokka_UBT_2/UBT_2:Gene	UBT_2_00226	UBT_2_10:25973-26155	UBT_2_00226
prokka_UBT_2/UBT_2:Gene	ptsH_1	UBT_2_10:26357-26623	UBT_2_00227
prokka_UBT_2/UBT_2:Gene	ptsI_1	UBT_2_10:26674-28401	UBT_2_00228
prokka_UBT_2/UBT_2:Gene	tpiA_1	UBT_2_10:28528-29316	UBT_2_00229
prokka_UBT_2/UBT_2:Gene	UBT_2_00230	UBT_2_10:29431-29628	UBT_2_00230
prokka_UBT_2/UBT_2:Gene	UBT_2_00231	UBT_2_10:c29897-29664	UBT_2_00231
prokka_UBT_2/UBT_2:Gene	ldh	UBT_2_11:16-699	UBT_2_00232
prokka_UBT_2/UBT_2:Gene	alsS	UBT_2_11:928-2616	UBT_2_00233
prokka_UBT_2/UBT_2:Gene	UBT_2_00234	UBT_2_11:2669-3385	UBT_2_00234
prokka_UBT_2/UBT_2:Gene	UBT_2_00235	UBT_2_11:3485-4492	UBT_2_00235
prokka_UBT_2/UBT_2:Gene	sle1	UBT_2_11:4867-5922	UBT_2_00236
prokka_UBT_2/UBT_2:Gene	UBT_2_00237	UBT_2_11:5976-6518	UBT_2_00237
prokka_UBT_2/UBT_2:Gene	UBT_2_00238	UBT_2_11:6532-6810	UBT_2_00238
prokka_UBT_2/UBT_2:Gene	dut	UBT_2_11:6911-7453	UBT_2_00239
prokka_UBT_2/UBT_2:Gene	radA	UBT_2_11:7467-8840	UBT_2_00240
prokka_UBT_2/UBT_2:Gene	yacL	UBT_2_11:8852-9955	UBT_2_00241
prokka_UBT_2/UBT_2:Gene	infA	UBT_2_12:c308-93	UBT_2_00242
prokka_UBT_2/UBT_2:Gene	adk	UBT_2_12:c980-417	UBT_2_00243
prokka_UBT_2/UBT_2:Gene	secY	UBT_2_12:c2307-973	UBT_2_00244
prokka_UBT_2/UBT_2:Gene	rplO	UBT_2_12:c2741-2307	UBT_2_00245
prokka_UBT_2/UBT_2:Gene	rpmD	UBT_2_12:c2952-2770	UBT_2_00246
prokka_UBT_2/UBT_2:Gene	rpsE	UBT_2_12:c3470-2964	UBT_2_00247
prokka_UBT_2/UBT_2:Gene	rplR	UBT_2_12:c3842-3489	UBT_2_00248
prokka_UBT_2/UBT_2:Gene	rplF	UBT_2_12:c4478-3942	UBT_2_00249
prokka_UBT_2/UBT_2:Gene	rpsH	UBT_2_12:c4901-4503	UBT_2_00250
prokka_UBT_2/UBT_2:Gene	rplE	UBT_2_12:c5586-5044	UBT_2_00251
prokka_UBT_2/UBT_2:Gene	rplX	UBT_2_12:c5918-5610	UBT_2_00252
prokka_UBT_2/UBT_2:Gene	rplN	UBT_2_12:c6310-5942	UBT_2_00253
prokka_UBT_2/UBT_2:Gene	rpsQ	UBT_2_12:c6629-6363	UBT_2_00254
prokka_UBT_2/UBT_2:Gene	rpmC	UBT_2_12:c6858-6652	UBT_2_00255
prokka_UBT_2/UBT_2:Gene	rplP	UBT_2_12:c7271-6858	UBT_2_00256
prokka_UBT_2/UBT_2:Gene	rpsC	UBT_2_12:c7957-7286	UBT_2_00257
prokka_UBT_2/UBT_2:Gene	rplV	UBT_2_12:c8313-7957	UBT_2_00258
prokka_UBT_2/UBT_2:Gene	rpsS	UBT_2_12:c8611-8330	UBT_2_00259
prokka_UBT_2/UBT_2:Gene	rplB	UBT_2_12:c9462-8629	UBT_2_00260
prokka_UBT_2/UBT_2:Gene	rplW	UBT_2_12:c9772-9485	UBT_2_00261
prokka_UBT_2/UBT_2:Gene	rplD	UBT_2_12:c10395-9772	UBT_2_00262
prokka_UBT_2/UBT_2:Gene	rplC	UBT_2_12:c11114-10428	UBT_2_00263
prokka_UBT_2/UBT_2:Gene	rpsJ	UBT_2_12:c11492-11184	UBT_2_00264
prokka_UBT_2/UBT_2:Gene	potD_2	UBT_2_12:c12873-11794	UBT_2_00265
prokka_UBT_2/UBT_2:Gene	UBT_2_00266	UBT_2_12:c13702-12875	UBT_2_00266
prokka_UBT_2/UBT_2:Gene	potB_2	UBT_2_12:c14537-13707	UBT_2_00267
prokka_UBT_2/UBT_2:Gene	potA_2	UBT_2_12:c15696-14521	UBT_2_00268
prokka_UBT_2/UBT_2:Gene	yycB_2	UBT_2_12:c16906-15713	UBT_2_00269
prokka_UBT_2/UBT_2:Gene	fus_2	UBT_2_12:c17474-17031	UBT_2_00270
prokka_UBT_2/UBT_2:Gene	yheI	UBT_2_13:c1225-656	UBT_2_00271
prokka_UBT_2/UBT_2:Gene	appA	UBT_2_13:c3140-1299	UBT_2_00272
prokka_UBT_2/UBT_2:Gene	truA	UBT_2_14:c1042-293	UBT_2_00273
prokka_UBT_2/UBT_2:Gene	ecfT	UBT_2_14:c1857-1057	UBT_2_00274
prokka_UBT_2/UBT_2:Gene	ecfA2	UBT_2_14:c2713-1850	UBT_2_00275
prokka_UBT_2/UBT_2:Gene	ecfA1	UBT_2_14:c3531-2689	UBT_2_00276
prokka_UBT_2/UBT_2:Gene	trmH	UBT_2_14:3645-4238	UBT_2_00277
prokka_UBT_2/UBT_2:Gene	norW	UBT_2_14:c5959-4286	UBT_2_00278
prokka_UBT_2/UBT_2:Gene	mntA	UBT_2_14:c7177-6233	UBT_2_00279
prokka_UBT_2/UBT_2:Gene	mntB	UBT_2_14:c8021-7170	UBT_2_00280
prokka_UBT_2/UBT_2:Gene	scaC	UBT_2_14:c8759-8025	UBT_2_00281
prokka_UBT_2/UBT_2:Gene	UBT_2_00282	UBT_2_14:c9794-8967	UBT_2_00282
prokka_UBT_2/UBT_2:Gene	divIVA	UBT_2_15:c968-333	UBT_2_00283
prokka_UBT_2/UBT_2:Gene	UBT_2_00284	UBT_2_15:c1768-983	UBT_2_00284
prokka_UBT_2/UBT_2:Gene	UBT_2_00285	UBT_2_15:c2044-1781	UBT_2_00285
prokka_UBT_2/UBT_2:Gene	sepF	UBT_2_15:c2529-2056	UBT_2_00286
prokka_UBT_2/UBT_2:Gene	ftsZ	UBT_2_15:c3797-2541	UBT_2_00287
prokka_UBT_2/UBT_2:Gene	ftsA	UBT_2_15:c5201-3837	UBT_2_00288
prokka_UBT_2/UBT_2:Gene	divIB	UBT_2_15:c6292-5345	UBT_2_00289
prokka_UBT_2/UBT_2:Gene	murG	UBT_2_15:c7420-6323	UBT_2_00290
prokka_UBT_2/UBT_2:Gene	murD	UBT_2_15:c8775-7432	UBT_2_00291
prokka_UBT_2/UBT_2:Gene	mraY	UBT_2_15:c9873-8881	UBT_2_00292
prokka_UBT_2/UBT_2:Gene	pbpB	UBT_2_15:c12095-9903	UBT_2_00293
prokka_UBT_2/UBT_2:Gene	ftsL	UBT_2_15:c12468-12097	UBT_2_00294
prokka_UBT_2/UBT_2:Gene	rsmH	UBT_2_15:c13457-12513	UBT_2_00295
prokka_UBT_2/UBT_2:Gene	mraZ	UBT_2_15:c13939-13505	UBT_2_00296
prokka_UBT_2/UBT_2:Gene	UBT_2_00297	UBT_2_15:c14822-14442	UBT_2_00297
prokka_UBT_2/UBT_2:Gene	rsmE	UBT_2_15:c15617-14871	UBT_2_00298
prokka_UBT_2/UBT_2:Gene	prmA	UBT_2_15:c16570-15617	UBT_2_00299
prokka_UBT_2/UBT_2:Gene	pyk	UBT_2_15:c17453-16680	UBT_2_00300
prokka_UBT_2/UBT_2:Gene	ppx1_1	UBT_2_16:c1121-192	UBT_2_00301
prokka_UBT_2/UBT_2:Gene	trpS2_1	UBT_2_16:c2177-1158	UBT_2_00302
prokka_UBT_2/UBT_2:Gene	helD_1	UBT_2_16:c4585-2285	UBT_2_00303
prokka_UBT_2/UBT_2:Gene	fus_3	UBT_2_17:13-462	UBT_2_00304
prokka_UBT_2/UBT_2:Gene	UBT_2_00305	UBT_2_17:593-1477	UBT_2_00305
prokka_UBT_2/UBT_2:Gene	potA_3	UBT_2_17:1616-2734	UBT_2_00306
prokka_UBT_2/UBT_2:Gene	potB_3	UBT_2_17:2724-3539	UBT_2_00307
prokka_UBT_2/UBT_2:Gene	ydcV_2	UBT_2_17:3532-4362	UBT_2_00308
prokka_UBT_2/UBT_2:Gene	potD_3	UBT_2_17:4362-5447	UBT_2_00309
prokka_UBT_2/UBT_2:Gene	UBT_2_00310	UBT_2_17:5580-6365	UBT_2_00310
prokka_UBT_2/UBT_2:Gene	UBT_2_00311	UBT_2_17:c6771-6409	UBT_2_00311
prokka_UBT_2/UBT_2:Gene	UBT_2_00312	UBT_2_17:c7404-6955	UBT_2_00312
prokka_UBT_2/UBT_2:Gene	UBT_2_00313	UBT_2_17:7967-8134	UBT_2_00313
prokka_UBT_2/UBT_2:Gene	UBT_2_00314	UBT_2_17:8239-8634	UBT_2_00314
prokka_UBT_2/UBT_2:Gene	hprK_2	UBT_2_17:8639-9571	UBT_2_00315
prokka_UBT_2/UBT_2:Gene	gpsA_2	UBT_2_17:9702-10721	UBT_2_00316
prokka_UBT_2/UBT_2:Gene	gtaB_2	UBT_2_17:10728-11603	UBT_2_00317
prokka_UBT_2/UBT_2:Gene	UBT_2_00318	UBT_2_17:11680-11898	UBT_2_00318
prokka_UBT_2/UBT_2:Gene	UBT_2_00319	UBT_2_17:12071-16072	UBT_2_00319
prokka_UBT_2/UBT_2:Gene	trxB_2	UBT_2_17:16204-17154	UBT_2_00320
prokka_UBT_2/UBT_2:Gene	fabH_2	UBT_2_17:17291-18268	UBT_2_00321
prokka_UBT_2/UBT_2:Gene	UBT_2_00322	UBT_2_17:18401-18583	UBT_2_00322
prokka_UBT_2/UBT_2:Gene	ptsH_2	UBT_2_17:18777-19043	UBT_2_00323
prokka_UBT_2/UBT_2:Gene	ptsI_2	UBT_2_17:19096-20823	UBT_2_00324
prokka_UBT_2/UBT_2:Gene	tpiA_2	UBT_2_17:20823-21680	UBT_2_00325
prokka_UBT_2/UBT_2:Gene	UBT_2_00326	UBT_2_17:21765-21962	UBT_2_00326
prokka_UBT_2/UBT_2:Gene	UBT_2_00327	UBT_2_17:c22693-22013	UBT_2_00327
prokka_UBT_2/UBT_2:Gene	UBT_2_00328	UBT_2_18:219-722	UBT_2_00328
prokka_UBT_2/UBT_2:Gene	ybiR_1	UBT_2_18:c1868-771	UBT_2_00329
prokka_UBT_2/UBT_2:Gene	UBT_2_00330	UBT_2_18:c2046-1861	UBT_2_00330
prokka_UBT_2/UBT_2:Gene	UBT_2_00331	UBT_2_18:2249-2434	UBT_2_00331
prokka_UBT_2/UBT_2:Gene	ybiR_2	UBT_2_18:2427-3524	UBT_2_00332
prokka_UBT_2/UBT_2:Gene	UBT_2_00333	UBT_2_18:c4076-3573	UBT_2_00333
prokka_UBT_2/UBT_2:Gene	UBT_2_00334	UBT_2_19:42-118	UBT_2_00334
prokka_UBT_2/UBT_2:Gene	tgt	UBT_2_19:323-1468	UBT_2_00335
prokka_UBT_2/UBT_2:Gene	UBT_2_00336	UBT_2_19:1503-1841	UBT_2_00336
prokka_UBT_2/UBT_2:Gene	dinB	UBT_2_19:1911-3029	UBT_2_00337
prokka_UBT_2/UBT_2:Gene	nrnA	UBT_2_19:3110-4060	UBT_2_00338
prokka_UBT_2/UBT_2:Gene	cshB	UBT_2_19:4060-5418	UBT_2_00339
prokka_UBT_2/UBT_2:Gene	UBT_2_00340	UBT_2_19:c5807-5478	UBT_2_00340
prokka_UBT_2/UBT_2:Gene	UBT_2_00341	UBT_2_19:c6208-6011	UBT_2_00341
prokka_UBT_2/UBT_2:Gene	UBT_2_00342	UBT_2_19:c7013-6348	UBT_2_00342
prokka_UBT_2/UBT_2:Gene	glxK	UBT_2_19:7155-8291	UBT_2_00343
prokka_UBT_2/UBT_2:Gene	alaS	UBT_2_19:8608-11256	UBT_2_00344
prokka_UBT_2/UBT_2:Gene	UBT_2_00345	UBT_2_19:11296-11547	UBT_2_00345
prokka_UBT_2/UBT_2:Gene	yrrK	UBT_2_19:11590-12012	UBT_2_00346
prokka_UBT_2/UBT_2:Gene	UBT_2_00347	UBT_2_19:12026-12310	UBT_2_00347
prokka_UBT_2/UBT_2:Gene	UBT_2_00348	UBT_2_19:12376-12660	UBT_2_00348
prokka_UBT_2/UBT_2:Gene	UBT_2_00349	UBT_2_19:12749-13408	UBT_2_00349
prokka_UBT_2/UBT_2:Gene	UBT_2_00350	UBT_2_19:13408-15642	UBT_2_00350
prokka_UBT_2/UBT_2:Gene	yqeN	UBT_2_19:15706-16728	UBT_2_00351
prokka_UBT_2/UBT_2:Gene	rpoE	UBT_2_20:20-613	UBT_2_00352
prokka_UBT_2/UBT_2:Gene	UBT_2_00353	UBT_2_20:840-1160	UBT_2_00353
prokka_UBT_2/UBT_2:Gene	UBT_2_00354	UBT_2_20:1351-1746	UBT_2_00354
prokka_UBT_2/UBT_2:Gene	UBT_2_00355	UBT_2_20:1727-3217	UBT_2_00355
prokka_UBT_2/UBT_2:Gene	UBT_2_00356	UBT_2_20:3344-4141	UBT_2_00356
prokka_UBT_2/UBT_2:Gene	pyrG	UBT_2_20:4318-5928	UBT_2_00357
prokka_UBT_2/UBT_2:Gene	murA2	UBT_2_20:6307-7569	UBT_2_00358
prokka_UBT_2/UBT_2:Gene	cshA	UBT_2_20:7801-9384	UBT_2_00359
prokka_UBT_2/UBT_2:Gene	UBT_2_00360	UBT_2_20:9549-11033	UBT_2_00360
prokka_UBT_2/UBT_2:Gene	ndoA	UBT_2_20:11044-11406	UBT_2_00361
prokka_UBT_2/UBT_2:Gene	garB	UBT_2_20:11481-12809	UBT_2_00362
prokka_UBT_2/UBT_2:Gene	helD_2	UBT_2_20:13147-15447	UBT_2_00363
prokka_UBT_2/UBT_2:Gene	trpS2_2	UBT_2_20:15552-16571	UBT_2_00364
prokka_UBT_2/UBT_2:Gene	ppx1_2	UBT_2_20:16592-17521	UBT_2_00365
prokka_UBT_2/UBT_2:Gene	hepT	UBT_2_21:446-1435	UBT_2_00366
prokka_UBT_2/UBT_2:Gene	tsaD	UBT_2_21:c2510-1485	UBT_2_00367
prokka_UBT_2/UBT_2:Gene	UBT_2_00368	UBT_2_21:c2964-2512	UBT_2_00368
prokka_UBT_2/UBT_2:Gene	mshD	UBT_2_21:c3547-2942	UBT_2_00369
prokka_UBT_2/UBT_2:Gene	tsaB	UBT_2_21:c4235-3513	UBT_2_00370
prokka_UBT_2/UBT_2:Gene	UBT_2_00371	UBT_2_21:c4803-4426	UBT_2_00371
prokka_UBT_2/UBT_2:Gene	UBT_2_00372	UBT_2_21:c4963-4769	UBT_2_00372
prokka_UBT_2/UBT_2:Gene	UBT_2_00373	UBT_2_21:c5936-4989	UBT_2_00373
prokka_UBT_2/UBT_2:Gene	UBT_2_00374	UBT_2_21:c6100-5933	UBT_2_00374
prokka_UBT_2/UBT_2:Gene	UBT_2_00375	UBT_2_21:c6714-6121	UBT_2_00375
prokka_UBT_2/UBT_2:Gene	galE	UBT_2_21:c7895-6903	UBT_2_00376
prokka_UBT_2/UBT_2:Gene	UBT_2_00377	UBT_2_21:c8681-7938	UBT_2_00377
prokka_UBT_2/UBT_2:Gene	rsmI	UBT_2_21:c9556-8681	UBT_2_00378
prokka_UBT_2/UBT_2:Gene	UBT_2_00379	UBT_2_21:c10563-9556	UBT_2_00379
prokka_UBT_2/UBT_2:Gene	darA	UBT_2_21:c10902-10573	UBT_2_00380
prokka_UBT_2/UBT_2:Gene	tmk	UBT_2_21:c11560-10916	UBT_2_00381
prokka_UBT_2/UBT_2:Gene	UBT_2_00382	UBT_2_21:c11861-11646	UBT_2_00382
prokka_UBT_2/UBT_2:Gene	UBT_2_00383	UBT_2_21:c12153-11893	UBT_2_00383
prokka_UBT_2/UBT_2:Gene	recR	UBT_2_21:c12752-12153	UBT_2_00384
prokka_UBT_2/UBT_2:Gene	UBT_2_00385	UBT_2_21:c13097-12789	UBT_2_00385
prokka_UBT_2/UBT_2:Gene	UBT_2_00386	UBT_2_21:c14927-13128	UBT_2_00386
prokka_UBT_2/UBT_2:Gene	UBT_2_00387	UBT_2_23:c111-29	UBT_2_00387
prokka_UBT_2/UBT_2:Gene	xylT	UBT_2_23:c1623-253	UBT_2_00388
prokka_UBT_2/UBT_2:Gene	gmuE	UBT_2_23:c2709-1831	UBT_2_00389
prokka_UBT_2/UBT_2:Gene	glcU	UBT_2_23:c3675-2722	UBT_2_00390
prokka_UBT_2/UBT_2:Gene	stp_1	UBT_2_23:c5400-3853	UBT_2_00391
prokka_UBT_2/UBT_2:Gene	dtpT_1	UBT_2_23:c6962-5517	UBT_2_00392
prokka_UBT_2/UBT_2:Gene	cpdA_1	UBT_2_23:7152-7979	UBT_2_00393
prokka_UBT_2/UBT_2:Gene	UBT_2_00394	UBT_2_23:8038-8122	UBT_2_00394
prokka_UBT_2/UBT_2:Gene	UBT_2_00395	UBT_2_24:c2483-342	UBT_2_00395
prokka_UBT_2/UBT_2:Gene	UBT_2_00396	UBT_2_25:c111-29	UBT_2_00396
prokka_UBT_2/UBT_2:Gene	padC	UBT_2_25:c735-199	UBT_2_00397
prokka_UBT_2/UBT_2:Gene	UBT_2_00398	UBT_2_25:c835-719	UBT_2_00398
prokka_UBT_2/UBT_2:Gene	stp_2	UBT_2_25:c2402-855	UBT_2_00399
prokka_UBT_2/UBT_2:Gene	dtpT_2	UBT_2_25:c3959-2514	UBT_2_00400
prokka_UBT_2/UBT_2:Gene	cpdA_2	UBT_2_25:4159-4983	UBT_2_00401
prokka_UBT_2/UBT_2:Gene	UBT_2_00402	UBT_2_25:5043-5127	UBT_2_00402
prokka_UBT_2/UBT_2:Gene	gpmA_2	UBT_2_26:37-708	UBT_2_00403
prokka_UBT_2/UBT_2:Gene	UBT_2_00404	UBT_2_26:815-1153	UBT_2_00404
prokka_UBT_2/UBT_2:Gene	dat	UBT_2_26:1258-2118	UBT_2_00405
prokka_UBT_2/UBT_2:Gene	UBT_2_00406	UBT_2_26:2208-3047	UBT_2_00406
prokka_UBT_2/UBT_2:Gene	UBT_2_00407	UBT_2_26:c4155-3103	UBT_2_00407
prokka_UBT_2/UBT_2:Gene	nmtR	UBT_2_26:c4561-4232	UBT_2_00408
prokka_UBT_2/UBT_2:Gene	UBT_2_00409	UBT_2_26:4707-5336	UBT_2_00409
prokka_UBT_2/UBT_2:Gene	noxE	UBT_2_26:5384-6790	UBT_2_00410
prokka_UBT_2/UBT_2:Gene	tmpC_1	UBT_2_26:7097-8200	UBT_2_00411
prokka_UBT_2/UBT_2:Gene	tmpC_2	UBT_2_26:8511-9614	UBT_2_00412
prokka_UBT_2/UBT_2:Gene	tmpC_3	UBT_2_26:9982-11058	UBT_2_00413
prokka_UBT_2/UBT_2:Gene	mglA	UBT_2_26:11281-12831	UBT_2_00414
prokka_UBT_2/UBT_2:Gene	UBT_2_00415	UBT_2_26:12836-13960	UBT_2_00415
prokka_UBT_2/UBT_2:Gene	UBT_2_00416	UBT_2_26:13963-14919	UBT_2_00416
prokka_UBT_2/UBT_2:Gene	smc_2	UBT_2_26:15135-17861	UBT_2_00417
prokka_UBT_2/UBT_2:Gene	murF	UBT_2_26:c19296-17932	UBT_2_00418
prokka_UBT_2/UBT_2:Gene	mbl	UBT_2_26:19447-20436	UBT_2_00419
prokka_UBT_2/UBT_2:Gene	UBT_2_00420	UBT_2_26:20439-20648	UBT_2_00420
prokka_UBT_2/UBT_2:Gene	rodA	UBT_2_26:20668-21864	UBT_2_00421
prokka_UBT_2/UBT_2:Gene	proC	UBT_2_26:22001-22792	UBT_2_00422
prokka_UBT_2/UBT_2:Gene	UBT_2_00423	UBT_2_26:c23075-22827	UBT_2_00423
prokka_UBT_2/UBT_2:Gene	UBT_2_00424	UBT_2_26:23217-23290	UBT_2_00424
prokka_UBT_2/UBT_2:Gene	ybjI	UBT_2_26:23403-24206	UBT_2_00425
prokka_UBT_2/UBT_2:Gene	adaB	UBT_2_26:24274-24753	UBT_2_00426
prokka_UBT_2/UBT_2:Gene	ybiV	UBT_2_26:24792-25601	UBT_2_00427
prokka_UBT_2/UBT_2:Gene	betI	UBT_2_26:c26257-25610	UBT_2_00428
prokka_UBT_2/UBT_2:Gene	macB	UBT_2_26:26416-28395	UBT_2_00429
prokka_UBT_2/UBT_2:Gene	hbd	UBT_2_26:28524-29405	UBT_2_00430
prokka_UBT_2/UBT_2:Gene	nagA	UBT_2_26:29600-30775	UBT_2_00431
prokka_UBT_2/UBT_2:Gene	nagR_2	UBT_2_26:30777-31478	UBT_2_00432
prokka_UBT_2/UBT_2:Gene	UBT_2_00433	UBT_2_26:31607-32107	UBT_2_00433
prokka_UBT_2/UBT_2:Gene	UBT_2_00434	UBT_2_27:28-672	UBT_2_00434
prokka_UBT_2/UBT_2:Gene	UBT_2_00435	UBT_2_27:c2076-757	UBT_2_00435
prokka_UBT_2/UBT_2:Gene	glpK	UBT_2_27:c3962-2457	UBT_2_00436
prokka_UBT_2/UBT_2:Gene	UBT_2_00437	UBT_2_27:c4241-4056	UBT_2_00437
prokka_UBT_2/UBT_2:Gene	UBT_2_00438	UBT_2_27:c5218-4262	UBT_2_00438
prokka_UBT_2/UBT_2:Gene	gltT	UBT_2_27:c6660-5374	UBT_2_00439
prokka_UBT_2/UBT_2:Gene	rplS	UBT_2_27:c7224-6868	UBT_2_00440
prokka_UBT_2/UBT_2:Gene	trmD	UBT_2_27:c8086-7349	UBT_2_00441
prokka_UBT_2/UBT_2:Gene	rimM	UBT_2_27:c8592-8089	UBT_2_00442
prokka_UBT_2/UBT_2:Gene	gpmA_3	UBT_2_27:8757-9425	UBT_2_00443
prokka_UBT_2/UBT_2:Gene	UBT_2_00444	UBT_2_27:c9599-9465	UBT_2_00444
prokka_UBT_2/UBT_2:Gene	UBT_2_00445	UBT_2_27:c10405-9602	UBT_2_00445
prokka_UBT_2/UBT_2:Gene	ltaS1_1	UBT_2_28:c2628-463	UBT_2_00446
prokka_UBT_2/UBT_2:Gene	UBT_2_00447	UBT_2_28:c3005-2751	UBT_2_00447
prokka_UBT_2/UBT_2:Gene	UBT_2_00448	UBT_2_28:c4018-3008	UBT_2_00448
prokka_UBT_2/UBT_2:Gene	cpoA	UBT_2_28:c5054-4023	UBT_2_00449
prokka_UBT_2/UBT_2:Gene	UBT_2_00450	UBT_2_28:c6298-5054	UBT_2_00450
prokka_UBT_2/UBT_2:Gene	pyrE	UBT_2_28:c7674-7033	UBT_2_00451
prokka_UBT_2/UBT_2:Gene	pyrF	UBT_2_28:c8404-7691	UBT_2_00452
prokka_UBT_2/UBT_2:Gene	pyrDB	UBT_2_28:c9379-8408	UBT_2_00453
prokka_UBT_2/UBT_2:Gene	carB	UBT_2_28:c12616-9437	UBT_2_00454
prokka_UBT_2/UBT_2:Gene	carA	UBT_2_28:c13691-12609	UBT_2_00455
prokka_UBT_2/UBT_2:Gene	pyrC	UBT_2_28:c14979-13702	UBT_2_00456
prokka_UBT_2/UBT_2:Gene	pyrB	UBT_2_28:c15883-14981	UBT_2_00457
prokka_UBT_2/UBT_2:Gene	UBT_2_00458	UBT_2_28:c17123-16821	UBT_2_00458
prokka_UBT_2/UBT_2:Gene	UBT_2_00459	UBT_2_28:c19111-17249	UBT_2_00459
prokka_UBT_2/UBT_2:Gene	UBT_2_00460	UBT_2_28:19260-19364	UBT_2_00460
prokka_UBT_2/UBT_2:Gene	UBT_2_00461	UBT_2_28:c21224-19401	UBT_2_00461
prokka_UBT_2/UBT_2:Gene	UBT_2_00462	UBT_2_28:c21633-21319	UBT_2_00462
prokka_UBT_2/UBT_2:Gene	glmM	UBT_2_28:c22994-21636	UBT_2_00463
prokka_UBT_2/UBT_2:Gene	UBT_2_00464	UBT_2_28:c23978-22998	UBT_2_00464
prokka_UBT_2/UBT_2:Gene	dacA	UBT_2_28:c24813-23980	UBT_2_00465
prokka_UBT_2/UBT_2:Gene	nhaK	UBT_2_28:c26879-24822	UBT_2_00466
prokka_UBT_2/UBT_2:Gene	murB	UBT_2_28:c27799-26906	UBT_2_00467
prokka_UBT_2/UBT_2:Gene	polC	UBT_2_28:c28346-27813	UBT_2_00468
prokka_UBT_2/UBT_2:Gene	aaaT	UBT_2_28:c28878-28366	UBT_2_00469
prokka_UBT_2/UBT_2:Gene	tsaE	UBT_2_28:c29339-28878	UBT_2_00470
prokka_UBT_2/UBT_2:Gene	pta	UBT_2_28:c30484-29507	UBT_2_00471
prokka_UBT_2/UBT_2:Gene	ung	UBT_2_28:c31224-30595	UBT_2_00472
prokka_UBT_2/UBT_2:Gene	UBT_2_00473	UBT_2_28:31319-31909	UBT_2_00473
prokka_UBT_2/UBT_2:Gene	UBT_2_00474	UBT_2_28:32060-32383	UBT_2_00474
prokka_UBT_2/UBT_2:Gene	gdnD	UBT_2_28:32385-32699	UBT_2_00475
prokka_UBT_2/UBT_2:Gene	glnQ	UBT_2_28:c33500-32763	UBT_2_00476
prokka_UBT_2/UBT_2:Gene	mltF	UBT_2_28:c34948-33500	UBT_2_00477
prokka_UBT_2/UBT_2:Gene	smpB	UBT_2_28:c35570-35103	UBT_2_00478
prokka_UBT_2/UBT_2:Gene	rnr	UBT_2_28:c37971-35614	UBT_2_00479
prokka_UBT_2/UBT_2:Gene	secG	UBT_2_28:c38281-38045	UBT_2_00480
prokka_UBT_2/UBT_2:Gene	ribZ	UBT_2_28:c39073-38426	UBT_2_00481
prokka_UBT_2/UBT_2:Gene	mdtD	UBT_2_28:c39846-39070	UBT_2_00482
prokka_UBT_2/UBT_2:Gene	mdlY	UBT_2_28:c41477-40101	UBT_2_00483
prokka_UBT_2/UBT_2:Gene	eno	UBT_2_28:c42207-41623	UBT_2_00484
prokka_UBT_2/UBT_2:Gene	recD2	UBT_2_29:c2727-190	UBT_2_00485
prokka_UBT_2/UBT_2:Gene	UBT_2_00486	UBT_2_29:c3376-2708	UBT_2_00486
prokka_UBT_2/UBT_2:Gene	pspA	UBT_2_29:c4059-3397	UBT_2_00487
prokka_UBT_2/UBT_2:Gene	ileS	UBT_2_29:c5233-4283	UBT_2_00488
prokka_UBT_2/UBT_2:Gene	cobB	UBT_2_30:c1057-353	UBT_2_00489
prokka_UBT_2/UBT_2:Gene	UBT_2_00490	UBT_2_30:c2044-1085	UBT_2_00490
prokka_UBT_2/UBT_2:Gene	mvaA	UBT_2_30:c3321-2065	UBT_2_00491
prokka_UBT_2/UBT_2:Gene	UBT_2_00492	UBT_2_30:c3875-3423	UBT_2_00492
prokka_UBT_2/UBT_2:Gene	ltaS1_2	UBT_2_30:c6184-4013	UBT_2_00493
prokka_UBT_2/UBT_2:Gene	UBT_2_00494	UBT_2_30:6364-6810	UBT_2_00494
prokka_UBT_2/UBT_2:Gene	UBT_2_00495	UBT_2_30:c7836-6865	UBT_2_00495
prokka_UBT_2/UBT_2:Gene	gyrA	UBT_2_30:c10729-8132	UBT_2_00496
prokka_UBT_2/UBT_2:Gene	gyrB	UBT_2_30:c12719-10773	UBT_2_00497
prokka_UBT_2/UBT_2:Gene	recF	UBT_2_30:c13885-12740	UBT_2_00498
prokka_UBT_2/UBT_2:Gene	UBT_2_00499	UBT_2_30:c14118-13885	UBT_2_00499
prokka_UBT_2/UBT_2:Gene	dnaN	UBT_2_30:c15447-14317	UBT_2_00500
prokka_UBT_2/UBT_2:Gene	dnaA	UBT_2_30:c17068-15662	UBT_2_00501

DiscRep_ALL:DISC_SOURCE_QUALS_ASNDISC::strain (all present, all same)
DiscRep_SUB:DISC_SOURCE_QUALS_ASNDISC::30 sources have 'strain' for strain
DiscRep_ALL:DISC_SOURCE_QUALS_ASNDISC::taxname (all present, all same)
DiscRep_SUB:DISC_SOURCE_QUALS_ASNDISC::30 sources have 'Genus species' for taxname
DiscRep_ALL:DISC_FEATURE_COUNT::gene: 501 present
DiscRep_ALL:DISC_FEATURE_COUNT::CDS: 489 present
DiscRep_ALL:DISC_FEATURE_COUNT::tRNA: 11 present
DiscRep_ALL:DISC_FEATURE_COUNT::rRNA: 1 present
DiscRep_ALL:DISC_COUNT_NUCLEOTIDES::30 nucleotide Bioseqs are present
prokka_UBT_2/UBT_2:Prokka:UBT_2_1 (length 3686)
prokka_UBT_2/UBT_2:Prokka:UBT_2_2 (length 13823)
prokka_UBT_2/UBT_2:Prokka:UBT_2_3 (length 37933)
prokka_UBT_2/UBT_2:Prokka:UBT_2_4 (length 2840)
prokka_UBT_2/UBT_2:Prokka:UBT_2_5 (length 39917)
prokka_UBT_2/UBT_2:Prokka:UBT_2_6 (length 19063)
prokka_UBT_2/UBT_2:Prokka:UBT_2_7 (length 55062)
prokka_UBT_2/UBT_2:Prokka:UBT_2_8 (length 12655)
prokka_UBT_2/UBT_2:Prokka:UBT_2_9 (length 29005)
prokka_UBT_2/UBT_2:Prokka:UBT_2_10 (length 30265)
prokka_UBT_2/UBT_2:Prokka:UBT_2_11 (length 11500)
prokka_UBT_2/UBT_2:Prokka:UBT_2_12 (length 17477)
prokka_UBT_2/UBT_2:Prokka:UBT_2_13 (length 3336)
prokka_UBT_2/UBT_2:Prokka:UBT_2_14 (length 10129)
prokka_UBT_2/UBT_2:Prokka:UBT_2_15 (length 17549)
prokka_UBT_2/UBT_2:Prokka:UBT_2_16 (length 5196)
prokka_UBT_2/UBT_2:Prokka:UBT_2_17 (length 23014)
prokka_UBT_2/UBT_2:Prokka:UBT_2_18 (length 4294)
prokka_UBT_2/UBT_2:Prokka:UBT_2_19 (length 16967)
prokka_UBT_2/UBT_2:Prokka:UBT_2_20 (length 17854)
prokka_UBT_2/UBT_2:Prokka:UBT_2_21 (length 15150)
prokka_UBT_2/UBT_2:Prokka:UBT_2_22 (length 1896)
prokka_UBT_2/UBT_2:Prokka:UBT_2_23 (length 8144)
prokka_UBT_2/UBT_2:Prokka:UBT_2_24 (length 2986)
prokka_UBT_2/UBT_2:Prokka:UBT_2_25 (length 5149)
prokka_UBT_2/UBT_2:Prokka:UBT_2_26 (length 32440)
prokka_UBT_2/UBT_2:Prokka:UBT_2_27 (length 10756)
prokka_UBT_2/UBT_2:Prokka:UBT_2_28 (length 42240)
prokka_UBT_2/UBT_2:Prokka:UBT_2_29 (length 5266)
prokka_UBT_2/UBT_2:Prokka:UBT_2_30 (length 17861)

DiscRep_ALL:OVERLAPPING_GENES::99 genes overlap another gene on the same strand.
prokka_UBT_2/UBT_2:Gene	cysQ	UBT_2_2:c945-160	UBT_2_00005
prokka_UBT_2/UBT_2:Gene	UBT_2_00006	UBT_2_2:c1214-942	UBT_2_00006
prokka_UBT_2/UBT_2:Gene	truB	UBT_2_2:c9093-8185	UBT_2_00014
prokka_UBT_2/UBT_2:Gene	UBT_2_00015	UBT_2_2:c9595-9080	UBT_2_00015
prokka_UBT_2/UBT_2:Gene	UBT_2_00039	UBT_2_3:19119-20351	UBT_2_00039
prokka_UBT_2/UBT_2:Gene	UBT_2_00040	UBT_2_3:20341-21120	UBT_2_00040
prokka_UBT_2/UBT_2:Gene	trmK	UBT_2_3:24081-24773	UBT_2_00043
prokka_UBT_2/UBT_2:Gene	UBT_2_00044	UBT_2_3:24770-25567	UBT_2_00044
prokka_UBT_2/UBT_2:Gene	UBT_2_00068	UBT_2_5:c7860-7651	UBT_2_00068
prokka_UBT_2/UBT_2:Gene	prfC	UBT_2_5:c9428-7857	UBT_2_00069
prokka_UBT_2/UBT_2:Gene	UBT_2_00079	UBT_2_5:c18390-17188	UBT_2_00079
prokka_UBT_2/UBT_2:Gene	nagR_1	UBT_2_5:c19097-18387	UBT_2_00080
prokka_UBT_2/UBT_2:Gene	menC	UBT_2_5:c29467-28349	UBT_2_00091
prokka_UBT_2/UBT_2:Gene	menH	UBT_2_5:c30257-29448	UBT_2_00092
prokka_UBT_2/UBT_2:Gene	menD	UBT_2_5:c31926-30250	UBT_2_00093
prokka_UBT_2/UBT_2:Gene	menF	UBT_2_5:c33080-31923	UBT_2_00094
prokka_UBT_2/UBT_2:Gene	UBT_2_00103	UBT_2_6:c2831-1950	UBT_2_00103
prokka_UBT_2/UBT_2:Gene	UBT_2_00104	UBT_2_6:c3462-2824	UBT_2_00104
prokka_UBT_2/UBT_2:Gene	UBT_2_00105	UBT_2_6:c3778-3452	UBT_2_00105
prokka_UBT_2/UBT_2:Gene	rnmV	UBT_2_6:c13607-13050	UBT_2_00115
prokka_UBT_2/UBT_2:Gene	ycfH	UBT_2_6:c14413-13607	UBT_2_00116
prokka_UBT_2/UBT_2:Gene	UBT_2_00131	UBT_2_7:c11718-10687	UBT_2_00131
prokka_UBT_2/UBT_2:Gene	UBT_2_00132	UBT_2_7:c11939-11718	UBT_2_00132
prokka_UBT_2/UBT_2:Gene	UBT_2_00141	UBT_2_7:c23715-21262	UBT_2_00141
prokka_UBT_2/UBT_2:Gene	UBT_2_00142	UBT_2_7:c24842-23700	UBT_2_00142
prokka_UBT_2/UBT_2:Gene	UBT_2_00150	UBT_2_7:c33074-32340	UBT_2_00150
prokka_UBT_2/UBT_2:Gene	natA	UBT_2_7:c33810-33064	UBT_2_00151
prokka_UBT_2/UBT_2:Gene	UBT_2_00162	UBT_2_7:c51184-49613	UBT_2_00162
prokka_UBT_2/UBT_2:Gene	UBT_2_00163	UBT_2_7:c52128-51181	UBT_2_00163
prokka_UBT_2/UBT_2:Gene	UBT_2_00172	UBT_2_8:c3413-3072	UBT_2_00172
prokka_UBT_2/UBT_2:Gene	ftsY	UBT_2_8:c4615-3413	UBT_2_00173
prokka_UBT_2/UBT_2:Gene	btuD	UBT_2_9:10867-11769	UBT_2_00188
prokka_UBT_2/UBT_2:Gene	yhaP	UBT_2_9:11762-13006	UBT_2_00189
prokka_UBT_2/UBT_2:Gene	potA_1	UBT_2_10:2716-3834	UBT_2_00208
prokka_UBT_2/UBT_2:Gene	potB_1	UBT_2_10:3824-4642	UBT_2_00209
prokka_UBT_2/UBT_2:Gene	ydcV_1	UBT_2_10:4635-5465	UBT_2_00210
prokka_UBT_2/UBT_2:Gene	potD_1	UBT_2_10:5465-6550	UBT_2_00211
prokka_UBT_2/UBT_2:Gene	adk	UBT_2_12:c980-417	UBT_2_00243
prokka_UBT_2/UBT_2:Gene	secY	UBT_2_12:c2307-973	UBT_2_00244
prokka_UBT_2/UBT_2:Gene	rplO	UBT_2_12:c2741-2307	UBT_2_00245
prokka_UBT_2/UBT_2:Gene	rpmC	UBT_2_12:c6858-6652	UBT_2_00255
prokka_UBT_2/UBT_2:Gene	rplP	UBT_2_12:c7271-6858	UBT_2_00256
prokka_UBT_2/UBT_2:Gene	rpsC	UBT_2_12:c7957-7286	UBT_2_00257
prokka_UBT_2/UBT_2:Gene	rplV	UBT_2_12:c8313-7957	UBT_2_00258
prokka_UBT_2/UBT_2:Gene	rplW	UBT_2_12:c9772-9485	UBT_2_00261
prokka_UBT_2/UBT_2:Gene	rplD	UBT_2_12:c10395-9772	UBT_2_00262
prokka_UBT_2/UBT_2:Gene	potB_2	UBT_2_12:c14537-13707	UBT_2_00267
prokka_UBT_2/UBT_2:Gene	potA_2	UBT_2_12:c15696-14521	UBT_2_00268
prokka_UBT_2/UBT_2:Gene	ecfT	UBT_2_14:c1857-1057	UBT_2_00274
prokka_UBT_2/UBT_2:Gene	ecfA2	UBT_2_14:c2713-1850	UBT_2_00275
prokka_UBT_2/UBT_2:Gene	ecfA1	UBT_2_14:c3531-2689	UBT_2_00276
prokka_UBT_2/UBT_2:Gene	mntA	UBT_2_14:c7177-6233	UBT_2_00279
prokka_UBT_2/UBT_2:Gene	mntB	UBT_2_14:c8021-7170	UBT_2_00280
prokka_UBT_2/UBT_2:Gene	rsmE	UBT_2_15:c15617-14871	UBT_2_00298
prokka_UBT_2/UBT_2:Gene	prmA	UBT_2_15:c16570-15617	UBT_2_00299
prokka_UBT_2/UBT_2:Gene	potA_3	UBT_2_17:1616-2734	UBT_2_00306
prokka_UBT_2/UBT_2:Gene	potB_3	UBT_2_17:2724-3539	UBT_2_00307
prokka_UBT_2/UBT_2:Gene	ydcV_2	UBT_2_17:3532-4362	UBT_2_00308
prokka_UBT_2/UBT_2:Gene	potD_3	UBT_2_17:4362-5447	UBT_2_00309
prokka_UBT_2/UBT_2:Gene	ptsI_2	UBT_2_17:19096-20823	UBT_2_00324
prokka_UBT_2/UBT_2:Gene	tpiA_2	UBT_2_17:20823-21680	UBT_2_00325
prokka_UBT_2/UBT_2:Gene	ybiR_1	UBT_2_18:c1868-771	UBT_2_00329
prokka_UBT_2/UBT_2:Gene	UBT_2_00330	UBT_2_18:c2046-1861	UBT_2_00330
prokka_UBT_2/UBT_2:Gene	UBT_2_00331	UBT_2_18:2249-2434	UBT_2_00331
prokka_UBT_2/UBT_2:Gene	ybiR_2	UBT_2_18:2427-3524	UBT_2_00332
prokka_UBT_2/UBT_2:Gene	nrnA	UBT_2_19:3110-4060	UBT_2_00338
prokka_UBT_2/UBT_2:Gene	cshB	UBT_2_19:4060-5418	UBT_2_00339
prokka_UBT_2/UBT_2:Gene	UBT_2_00349	UBT_2_19:12749-13408	UBT_2_00349
prokka_UBT_2/UBT_2:Gene	UBT_2_00350	UBT_2_19:13408-15642	UBT_2_00350
prokka_UBT_2/UBT_2:Gene	UBT_2_00354	UBT_2_20:1351-1746	UBT_2_00354
prokka_UBT_2/UBT_2:Gene	UBT_2_00355	UBT_2_20:1727-3217	UBT_2_00355
prokka_UBT_2/UBT_2:Gene	UBT_2_00368	UBT_2_21:c2964-2512	UBT_2_00368
prokka_UBT_2/UBT_2:Gene	mshD	UBT_2_21:c3547-2942	UBT_2_00369
prokka_UBT_2/UBT_2:Gene	tsaB	UBT_2_21:c4235-3513	UBT_2_00370
prokka_UBT_2/UBT_2:Gene	UBT_2_00371	UBT_2_21:c4803-4426	UBT_2_00371
prokka_UBT_2/UBT_2:Gene	UBT_2_00372	UBT_2_21:c4963-4769	UBT_2_00372
prokka_UBT_2/UBT_2:Gene	UBT_2_00373	UBT_2_21:c5936-4989	UBT_2_00373
prokka_UBT_2/UBT_2:Gene	UBT_2_00374	UBT_2_21:c6100-5933	UBT_2_00374
prokka_UBT_2/UBT_2:Gene	UBT_2_00377	UBT_2_21:c8681-7938	UBT_2_00377
prokka_UBT_2/UBT_2:Gene	rsmI	UBT_2_21:c9556-8681	UBT_2_00378
prokka_UBT_2/UBT_2:Gene	UBT_2_00379	UBT_2_21:c10563-9556	UBT_2_00379
prokka_UBT_2/UBT_2:Gene	UBT_2_00383	UBT_2_21:c12153-11893	UBT_2_00383
prokka_UBT_2/UBT_2:Gene	recR	UBT_2_21:c12752-12153	UBT_2_00384
prokka_UBT_2/UBT_2:Gene	padC	UBT_2_25:c735-199	UBT_2_00397
prokka_UBT_2/UBT_2:Gene	UBT_2_00398	UBT_2_25:c835-719	UBT_2_00398
prokka_UBT_2/UBT_2:Gene	cpoA	UBT_2_28:c5054-4023	UBT_2_00449
prokka_UBT_2/UBT_2:Gene	UBT_2_00450	UBT_2_28:c6298-5054	UBT_2_00450
prokka_UBT_2/UBT_2:Gene	carB	UBT_2_28:c12616-9437	UBT_2_00454
prokka_UBT_2/UBT_2:Gene	carA	UBT_2_28:c13691-12609	UBT_2_00455
prokka_UBT_2/UBT_2:Gene	aaaT	UBT_2_28:c28878-28366	UBT_2_00469
prokka_UBT_2/UBT_2:Gene	tsaE	UBT_2_28:c29339-28878	UBT_2_00470
prokka_UBT_2/UBT_2:Gene	glnQ	UBT_2_28:c33500-32763	UBT_2_00476
prokka_UBT_2/UBT_2:Gene	mltF	UBT_2_28:c34948-33500	UBT_2_00477
prokka_UBT_2/UBT_2:Gene	ribZ	UBT_2_28:c39073-38426	UBT_2_00481
prokka_UBT_2/UBT_2:Gene	mdtD	UBT_2_28:c39846-39070	UBT_2_00482
prokka_UBT_2/UBT_2:Gene	recD2	UBT_2_29:c2727-190	UBT_2_00485
prokka_UBT_2/UBT_2:Gene	UBT_2_00486	UBT_2_29:c3376-2708	UBT_2_00486
prokka_UBT_2/UBT_2:Gene	recF	UBT_2_30:c13885-12740	UBT_2_00498
prokka_UBT_2/UBT_2:Gene	UBT_2_00499	UBT_2_30:c14118-13885	UBT_2_00499

DiscRep_ALL:NO_ANNOTATION::1 bioseqs have no features
prokka_UBT_2/UBT_2:Prokka:UBT_2_22 (length 1896)

DiscRep_ALL:DISC_QUALITY_SCORES::Quality scores are missing on all sequences.

DiscRep_ALL:DISC_BAD_BACTERIAL_GENE_NAME::1 bacterial genes do not start with lowercase letters
prokka_UBT_2/UBT_2:Gene	IMPDH	UBT_2_9:21972-23117	UBT_2_00198

DiscRep_ALL:ONCALLER_COMMENT_PRESENT::30 comment descriptors were found (all same)
prokka_UBT_2/UBT_2:Prokka:UBT_2_1:Annotated using prokka 1.14.6 from https://github.com/tseemann/prokka
prokka_UBT_2/UBT_2:Prokka:UBT_2_2:Annotated using prokka 1.14.6 from https://github.com/tseemann/prokka
prokka_UBT_2/UBT_2:Prokka:UBT_2_3:Annotated using prokka 1.14.6 from https://github.com/tseemann/prokka
prokka_UBT_2/UBT_2:Prokka:UBT_2_4:Annotated using prokka 1.14.6 from https://github.com/tseemann/prokka
prokka_UBT_2/UBT_2:Prokka:UBT_2_5:Annotated using prokka 1.14.6 from https://github.com/tseemann/prokka
prokka_UBT_2/UBT_2:Prokka:UBT_2_6:Annotated using prokka 1.14.6 from https://github.com/tseemann/prokka
prokka_UBT_2/UBT_2:Prokka:UBT_2_7:Annotated using prokka 1.14.6 from https://github.com/tseemann/prokka
prokka_UBT_2/UBT_2:Prokka:UBT_2_8:Annotated using prokka 1.14.6 from https://github.com/tseemann/prokka
prokka_UBT_2/UBT_2:Prokka:UBT_2_9:Annotated using prokka 1.14.6 from https://github.com/tseemann/prokka
prokka_UBT_2/UBT_2:Prokka:UBT_2_10:Annotated using prokka 1.14.6 from https://github.com/tseemann/prokka
prokka_UBT_2/UBT_2:Prokka:UBT_2_11:Annotated using prokka 1.14.6 from https://github.com/tseemann/prokka
prokka_UBT_2/UBT_2:Prokka:UBT_2_12:Annotated using prokka 1.14.6 from https://github.com/tseemann/prokka
prokka_UBT_2/UBT_2:Prokka:UBT_2_13:Annotated using prokka 1.14.6 from https://github.com/tseemann/prokka
prokka_UBT_2/UBT_2:Prokka:UBT_2_14:Annotated using prokka 1.14.6 from https://github.com/tseemann/prokka
prokka_UBT_2/UBT_2:Prokka:UBT_2_15:Annotated using prokka 1.14.6 from https://github.com/tseemann/prokka
prokka_UBT_2/UBT_2:Prokka:UBT_2_16:Annotated using prokka 1.14.6 from https://github.com/tseemann/prokka
prokka_UBT_2/UBT_2:Prokka:UBT_2_17:Annotated using prokka 1.14.6 from https://github.com/tseemann/prokka
prokka_UBT_2/UBT_2:Prokka:UBT_2_18:Annotated using prokka 1.14.6 from https://github.com/tseemann/prokka
prokka_UBT_2/UBT_2:Prokka:UBT_2_19:Annotated using prokka 1.14.6 from https://github.com/tseemann/prokka
prokka_UBT_2/UBT_2:Prokka:UBT_2_20:Annotated using prokka 1.14.6 from https://github.com/tseemann/prokka
prokka_UBT_2/UBT_2:Prokka:UBT_2_21:Annotated using prokka 1.14.6 from https://github.com/tseemann/prokka
prokka_UBT_2/UBT_2:Prokka:UBT_2_22:Annotated using prokka 1.14.6 from https://github.com/tseemann/prokka
prokka_UBT_2/UBT_2:Prokka:UBT_2_23:Annotated using prokka 1.14.6 from https://github.com/tseemann/prokka
prokka_UBT_2/UBT_2:Prokka:UBT_2_24:Annotated using prokka 1.14.6 from https://github.com/tseemann/prokka
prokka_UBT_2/UBT_2:Prokka:UBT_2_25:Annotated using prokka 1.14.6 from https://github.com/tseemann/prokka
prokka_UBT_2/UBT_2:Prokka:UBT_2_26:Annotated using prokka 1.14.6 from https://github.com/tseemann/prokka
prokka_UBT_2/UBT_2:Prokka:UBT_2_27:Annotated using prokka 1.14.6 from https://github.com/tseemann/prokka
prokka_UBT_2/UBT_2:Prokka:UBT_2_28:Annotated using prokka 1.14.6 from https://github.com/tseemann/prokka
prokka_UBT_2/UBT_2:Prokka:UBT_2_29:Annotated using prokka 1.14.6 from https://github.com/tseemann/prokka
prokka_UBT_2/UBT_2:Prokka:UBT_2_30:Annotated using prokka 1.14.6 from https://github.com/tseemann/prokka

DiscRep_ALL:SHORT_PROT_SEQUENCES::10 protein sequences are shorter than 50 aa.
prokka_UBT_2/UBT_2:Prokka:UBT_2_00029 (length 47)
prokka_UBT_2/UBT_2:Prokka:UBT_2_00034 (length 49)
prokka_UBT_2/UBT_2:Prokka:UBT_2_00084 (length 49)
prokka_UBT_2/UBT_2:Prokka:UBT_2_00130 (length 43)
prokka_UBT_2/UBT_2:Prokka:UBT_2_00154 (length 49)
prokka_UBT_2/UBT_2:Prokka:UBT_2_00170 (length 45)
prokka_UBT_2/UBT_2:Prokka:UBT_2_00190 (length 43)
prokka_UBT_2/UBT_2:Prokka:UBT_2_00398 (length 38)
prokka_UBT_2/UBT_2:Prokka:UBT_2_00444 (length 44)
prokka_UBT_2/UBT_2:Prokka:UBT_2_00460 (length 34)

DiscRep_ALL:MISSING_GENOMEASSEMBLY_COMMENTS::30 bioseqs are missing GenomeAssembly structured comments
prokka_UBT_2/UBT_2:Prokka:UBT_2_1 (length 3686)
prokka_UBT_2/UBT_2:Prokka:UBT_2_2 (length 13823)
prokka_UBT_2/UBT_2:Prokka:UBT_2_3 (length 37933)
prokka_UBT_2/UBT_2:Prokka:UBT_2_4 (length 2840)
prokka_UBT_2/UBT_2:Prokka:UBT_2_5 (length 39917)
prokka_UBT_2/UBT_2:Prokka:UBT_2_6 (length 19063)
prokka_UBT_2/UBT_2:Prokka:UBT_2_7 (length 55062)
prokka_UBT_2/UBT_2:Prokka:UBT_2_8 (length 12655)
prokka_UBT_2/UBT_2:Prokka:UBT_2_9 (length 29005)
prokka_UBT_2/UBT_2:Prokka:UBT_2_10 (length 30265)
prokka_UBT_2/UBT_2:Prokka:UBT_2_11 (length 11500)
prokka_UBT_2/UBT_2:Prokka:UBT_2_12 (length 17477)
prokka_UBT_2/UBT_2:Prokka:UBT_2_13 (length 3336)
prokka_UBT_2/UBT_2:Prokka:UBT_2_14 (length 10129)
prokka_UBT_2/UBT_2:Prokka:UBT_2_15 (length 17549)
prokka_UBT_2/UBT_2:Prokka:UBT_2_16 (length 5196)
prokka_UBT_2/UBT_2:Prokka:UBT_2_17 (length 23014)
prokka_UBT_2/UBT_2:Prokka:UBT_2_18 (length 4294)
prokka_UBT_2/UBT_2:Prokka:UBT_2_19 (length 16967)
prokka_UBT_2/UBT_2:Prokka:UBT_2_20 (length 17854)
prokka_UBT_2/UBT_2:Prokka:UBT_2_21 (length 15150)
prokka_UBT_2/UBT_2:Prokka:UBT_2_22 (length 1896)
prokka_UBT_2/UBT_2:Prokka:UBT_2_23 (length 8144)
prokka_UBT_2/UBT_2:Prokka:UBT_2_24 (length 2986)
prokka_UBT_2/UBT_2:Prokka:UBT_2_25 (length 5149)
prokka_UBT_2/UBT_2:Prokka:UBT_2_26 (length 32440)
prokka_UBT_2/UBT_2:Prokka:UBT_2_27 (length 10756)
prokka_UBT_2/UBT_2:Prokka:UBT_2_28 (length 42240)
prokka_UBT_2/UBT_2:Prokka:UBT_2_29 (length 5266)
prokka_UBT_2/UBT_2:Prokka:UBT_2_30 (length 17861)

DiscRep_ALL:MOLTYPE_NOT_MRNA::30 molecule types are not set as mRNA.
prokka_UBT_2/UBT_2:Prokka:UBT_2_1 (length 3686)
prokka_UBT_2/UBT_2:Prokka:UBT_2_2 (length 13823)
prokka_UBT_2/UBT_2:Prokka:UBT_2_3 (length 37933)
prokka_UBT_2/UBT_2:Prokka:UBT_2_4 (length 2840)
prokka_UBT_2/UBT_2:Prokka:UBT_2_5 (length 39917)
prokka_UBT_2/UBT_2:Prokka:UBT_2_6 (length 19063)
prokka_UBT_2/UBT_2:Prokka:UBT_2_7 (length 55062)
prokka_UBT_2/UBT_2:Prokka:UBT_2_8 (length 12655)
prokka_UBT_2/UBT_2:Prokka:UBT_2_9 (length 29005)
prokka_UBT_2/UBT_2:Prokka:UBT_2_10 (length 30265)
prokka_UBT_2/UBT_2:Prokka:UBT_2_11 (length 11500)
prokka_UBT_2/UBT_2:Prokka:UBT_2_12 (length 17477)
prokka_UBT_2/UBT_2:Prokka:UBT_2_13 (length 3336)
prokka_UBT_2/UBT_2:Prokka:UBT_2_14 (length 10129)
prokka_UBT_2/UBT_2:Prokka:UBT_2_15 (length 17549)
prokka_UBT_2/UBT_2:Prokka:UBT_2_16 (length 5196)
prokka_UBT_2/UBT_2:Prokka:UBT_2_17 (length 23014)
prokka_UBT_2/UBT_2:Prokka:UBT_2_18 (length 4294)
prokka_UBT_2/UBT_2:Prokka:UBT_2_19 (length 16967)
prokka_UBT_2/UBT_2:Prokka:UBT_2_20 (length 17854)
prokka_UBT_2/UBT_2:Prokka:UBT_2_21 (length 15150)
prokka_UBT_2/UBT_2:Prokka:UBT_2_22 (length 1896)
prokka_UBT_2/UBT_2:Prokka:UBT_2_23 (length 8144)
prokka_UBT_2/UBT_2:Prokka:UBT_2_24 (length 2986)
prokka_UBT_2/UBT_2:Prokka:UBT_2_25 (length 5149)
prokka_UBT_2/UBT_2:Prokka:UBT_2_26 (length 32440)
prokka_UBT_2/UBT_2:Prokka:UBT_2_27 (length 10756)
prokka_UBT_2/UBT_2:Prokka:UBT_2_28 (length 42240)
prokka_UBT_2/UBT_2:Prokka:UBT_2_29 (length 5266)
prokka_UBT_2/UBT_2:Prokka:UBT_2_30 (length 17861)

DiscRep_ALL:TECHNIQUE_NOT_TSA::30 technique are not set as TSA
prokka_UBT_2/UBT_2:Prokka:UBT_2_1 (length 3686)
prokka_UBT_2/UBT_2:Prokka:UBT_2_2 (length 13823)
prokka_UBT_2/UBT_2:Prokka:UBT_2_3 (length 37933)
prokka_UBT_2/UBT_2:Prokka:UBT_2_4 (length 2840)
prokka_UBT_2/UBT_2:Prokka:UBT_2_5 (length 39917)
prokka_UBT_2/UBT_2:Prokka:UBT_2_6 (length 19063)
prokka_UBT_2/UBT_2:Prokka:UBT_2_7 (length 55062)
prokka_UBT_2/UBT_2:Prokka:UBT_2_8 (length 12655)
prokka_UBT_2/UBT_2:Prokka:UBT_2_9 (length 29005)
prokka_UBT_2/UBT_2:Prokka:UBT_2_10 (length 30265)
prokka_UBT_2/UBT_2:Prokka:UBT_2_11 (length 11500)
prokka_UBT_2/UBT_2:Prokka:UBT_2_12 (length 17477)
prokka_UBT_2/UBT_2:Prokka:UBT_2_13 (length 3336)
prokka_UBT_2/UBT_2:Prokka:UBT_2_14 (length 10129)
prokka_UBT_2/UBT_2:Prokka:UBT_2_15 (length 17549)
prokka_UBT_2/UBT_2:Prokka:UBT_2_16 (length 5196)
prokka_UBT_2/UBT_2:Prokka:UBT_2_17 (length 23014)
prokka_UBT_2/UBT_2:Prokka:UBT_2_18 (length 4294)
prokka_UBT_2/UBT_2:Prokka:UBT_2_19 (length 16967)
prokka_UBT_2/UBT_2:Prokka:UBT_2_20 (length 17854)
prokka_UBT_2/UBT_2:Prokka:UBT_2_21 (length 15150)
prokka_UBT_2/UBT_2:Prokka:UBT_2_22 (length 1896)
prokka_UBT_2/UBT_2:Prokka:UBT_2_23 (length 8144)
prokka_UBT_2/UBT_2:Prokka:UBT_2_24 (length 2986)
prokka_UBT_2/UBT_2:Prokka:UBT_2_25 (length 5149)
prokka_UBT_2/UBT_2:Prokka:UBT_2_26 (length 32440)
prokka_UBT_2/UBT_2:Prokka:UBT_2_27 (length 10756)
prokka_UBT_2/UBT_2:Prokka:UBT_2_28 (length 42240)
prokka_UBT_2/UBT_2:Prokka:UBT_2_29 (length 5266)
prokka_UBT_2/UBT_2:Prokka:UBT_2_30 (length 17861)

DiscRep_ALL:MISSING_STRUCTURED_COMMENT::30 sequences do not include structured comments.
prokka_UBT_2/UBT_2:Prokka:UBT_2_1 (length 3686)
prokka_UBT_2/UBT_2:Prokka:UBT_2_2 (length 13823)
prokka_UBT_2/UBT_2:Prokka:UBT_2_3 (length 37933)
prokka_UBT_2/UBT_2:Prokka:UBT_2_4 (length 2840)
prokka_UBT_2/UBT_2:Prokka:UBT_2_5 (length 39917)
prokka_UBT_2/UBT_2:Prokka:UBT_2_6 (length 19063)
prokka_UBT_2/UBT_2:Prokka:UBT_2_7 (length 55062)
prokka_UBT_2/UBT_2:Prokka:UBT_2_8 (length 12655)
prokka_UBT_2/UBT_2:Prokka:UBT_2_9 (length 29005)
prokka_UBT_2/UBT_2:Prokka:UBT_2_10 (length 30265)
prokka_UBT_2/UBT_2:Prokka:UBT_2_11 (length 11500)
prokka_UBT_2/UBT_2:Prokka:UBT_2_12 (length 17477)
prokka_UBT_2/UBT_2:Prokka:UBT_2_13 (length 3336)
prokka_UBT_2/UBT_2:Prokka:UBT_2_14 (length 10129)
prokka_UBT_2/UBT_2:Prokka:UBT_2_15 (length 17549)
prokka_UBT_2/UBT_2:Prokka:UBT_2_16 (length 5196)
prokka_UBT_2/UBT_2:Prokka:UBT_2_17 (length 23014)
prokka_UBT_2/UBT_2:Prokka:UBT_2_18 (length 4294)
prokka_UBT_2/UBT_2:Prokka:UBT_2_19 (length 16967)
prokka_UBT_2/UBT_2:Prokka:UBT_2_20 (length 17854)
prokka_UBT_2/UBT_2:Prokka:UBT_2_21 (length 15150)
prokka_UBT_2/UBT_2:Prokka:UBT_2_22 (length 1896)
prokka_UBT_2/UBT_2:Prokka:UBT_2_23 (length 8144)
prokka_UBT_2/UBT_2:Prokka:UBT_2_24 (length 2986)
prokka_UBT_2/UBT_2:Prokka:UBT_2_25 (length 5149)
prokka_UBT_2/UBT_2:Prokka:UBT_2_26 (length 32440)
prokka_UBT_2/UBT_2:Prokka:UBT_2_27 (length 10756)
prokka_UBT_2/UBT_2:Prokka:UBT_2_28 (length 42240)
prokka_UBT_2/UBT_2:Prokka:UBT_2_29 (length 5266)
prokka_UBT_2/UBT_2:Prokka:UBT_2_30 (length 17861)

DiscRep_ALL:MISSING_PROJECT::519 sequences do not include project.
prokka_UBT_2/UBT_2:Prokka:UBT_2_1 (length 3686)
prokka_UBT_2/UBT_2:Prokka:UBT_2_00001 (length 158)
prokka_UBT_2/UBT_2:Prokka:UBT_2_00002 (length 331)
prokka_UBT_2/UBT_2:Prokka:UBT_2_00003 (length 380)
prokka_UBT_2/UBT_2:Prokka:UBT_2_00004 (length 117)
prokka_UBT_2/UBT_2:Prokka:UBT_2_2 (length 13823)
prokka_UBT_2/UBT_2:Prokka:UBT_2_00005 (length 261)
prokka_UBT_2/UBT_2:Prokka:UBT_2_00006 (length 90)
prokka_UBT_2/UBT_2:Prokka:UBT_2_00007 (length 192)
prokka_UBT_2/UBT_2:Prokka:UBT_2_00008 (length 189)
prokka_UBT_2/UBT_2:Prokka:UBT_2_00009 (length 304)
prokka_UBT_2/UBT_2:Prokka:UBT_2_00010 (length 612)
prokka_UBT_2/UBT_2:Prokka:UBT_2_00011 (length 198)
prokka_UBT_2/UBT_2:Prokka:UBT_2_00012 (length 342)
prokka_UBT_2/UBT_2:Prokka:UBT_2_00013 (length 293)
prokka_UBT_2/UBT_2:Prokka:UBT_2_00014 (length 302)
prokka_UBT_2/UBT_2:Prokka:UBT_2_00015 (length 171)
prokka_UBT_2/UBT_2:Prokka:UBT_2_00016 (length 392)
prokka_UBT_2/UBT_2:Prokka:UBT_2_00017 (length 117)
prokka_UBT_2/UBT_2:Prokka:UBT_2_00018 (length 828)
prokka_UBT_2/UBT_2:Prokka:UBT_2_3 (length 37933)
prokka_UBT_2/UBT_2:Prokka:UBT_2_00019 (length 201)
prokka_UBT_2/UBT_2:Prokka:UBT_2_00020 (length 436)
prokka_UBT_2/UBT_2:Prokka:UBT_2_00021 (length 91)
prokka_UBT_2/UBT_2:Prokka:UBT_2_00022 (length 264)
prokka_UBT_2/UBT_2:Prokka:UBT_2_00023 (length 169)
prokka_UBT_2/UBT_2:Prokka:UBT_2_00024 (length 395)
prokka_UBT_2/UBT_2:Prokka:UBT_2_00025 (length 310)
prokka_UBT_2/UBT_2:Prokka:UBT_2_00026 (length 389)
prokka_UBT_2/UBT_2:Prokka:UBT_2_00027 (length 1061)
prokka_UBT_2/UBT_2:Prokka:UBT_2_00028 (length 176)
prokka_UBT_2/UBT_2:Prokka:UBT_2_00029 (length 47)
prokka_UBT_2/UBT_2:Prokka:UBT_2_00030 (length 156)
prokka_UBT_2/UBT_2:Prokka:UBT_2_00031 (length 128)
prokka_UBT_2/UBT_2:Prokka:UBT_2_00032 (length 211)
prokka_UBT_2/UBT_2:Prokka:UBT_2_00033 (length 567)
prokka_UBT_2/UBT_2:Prokka:UBT_2_00034 (length 49)
prokka_UBT_2/UBT_2:Prokka:UBT_2_00035 (length 427)
prokka_UBT_2/UBT_2:Prokka:UBT_2_00036 (length 116)
prokka_UBT_2/UBT_2:Prokka:UBT_2_00037 (length 255)
prokka_UBT_2/UBT_2:Prokka:UBT_2_00038 (length 280)
prokka_UBT_2/UBT_2:Prokka:UBT_2_00039 (length 410)
prokka_UBT_2/UBT_2:Prokka:UBT_2_00040 (length 259)
prokka_UBT_2/UBT_2:Prokka:UBT_2_00041 (length 650)
prokka_UBT_2/UBT_2:Prokka:UBT_2_00042 (length 138)
prokka_UBT_2/UBT_2:Prokka:UBT_2_00043 (length 230)
prokka_UBT_2/UBT_2:Prokka:UBT_2_00044 (length 265)
prokka_UBT_2/UBT_2:Prokka:UBT_2_00045 (length 411)
prokka_UBT_2/UBT_2:Prokka:UBT_2_00046 (length 397)
prokka_UBT_2/UBT_2:Prokka:UBT_2_00047 (length 59)
prokka_UBT_2/UBT_2:Prokka:UBT_2_00048 (length 1145)
prokka_UBT_2/UBT_2:Prokka:UBT_2_00049 (length 107)
prokka_UBT_2/UBT_2:Prokka:UBT_2_00050 (length 210)
prokka_UBT_2/UBT_2:Prokka:UBT_2_00051 (length 121)
prokka_UBT_2/UBT_2:Prokka:UBT_2_00052 (length 200)
prokka_UBT_2/UBT_2:Prokka:UBT_2_00053 (length 226)
prokka_UBT_2/UBT_2:Prokka:UBT_2_00054 (length 445)
prokka_UBT_2/UBT_2:Prokka:UBT_2_00055 (length 279)
prokka_UBT_2/UBT_2:Prokka:UBT_2_4 (length 2840)
prokka_UBT_2/UBT_2:Prokka:UBT_2_00056 (length 306)
prokka_UBT_2/UBT_2:Prokka:UBT_2_00057 (length 437)
prokka_UBT_2/UBT_2:Prokka:UBT_2_5 (length 39917)
prokka_UBT_2/UBT_2:Prokka:UBT_2_00058 (length 102)
prokka_UBT_2/UBT_2:Prokka:UBT_2_00059 (length 206)
prokka_UBT_2/UBT_2:Prokka:UBT_2_00060 (length 217)
prokka_UBT_2/UBT_2:Prokka:UBT_2_00061 (length 225)
prokka_UBT_2/UBT_2:Prokka:UBT_2_00063 (length 258)
prokka_UBT_2/UBT_2:Prokka:UBT_2_00064 (length 151)
prokka_UBT_2/UBT_2:Prokka:UBT_2_00065 (length 92)
prokka_UBT_2/UBT_2:Prokka:UBT_2_00066 (length 427)
prokka_UBT_2/UBT_2:Prokka:UBT_2_00067 (length 147)
prokka_UBT_2/UBT_2:Prokka:UBT_2_00068 (length 69)
prokka_UBT_2/UBT_2:Prokka:UBT_2_00069 (length 523)
prokka_UBT_2/UBT_2:Prokka:UBT_2_00070 (length 246)
prokka_UBT_2/UBT_2:Prokka:UBT_2_00071 (length 183)
prokka_UBT_2/UBT_2:Prokka:UBT_2_00072 (length 267)
prokka_UBT_2/UBT_2:Prokka:UBT_2_00073 (length 224)
prokka_UBT_2/UBT_2:Prokka:UBT_2_00074 (length 252)
prokka_UBT_2/UBT_2:Prokka:UBT_2_00075 (length 274)
prokka_UBT_2/UBT_2:Prokka:UBT_2_00076 (length 296)
prokka_UBT_2/UBT_2:Prokka:UBT_2_00077 (length 305)
prokka_UBT_2/UBT_2:Prokka:UBT_2_00078 (length 290)
prokka_UBT_2/UBT_2:Prokka:UBT_2_00079 (length 400)
prokka_UBT_2/UBT_2:Prokka:UBT_2_00080 (length 236)
prokka_UBT_2/UBT_2:Prokka:UBT_2_00081 (length 306)
prokka_UBT_2/UBT_2:Prokka:UBT_2_00082 (length 350)
prokka_UBT_2/UBT_2:Prokka:UBT_2_00083 (length 541)
prokka_UBT_2/UBT_2:Prokka:UBT_2_00084 (length 49)
prokka_UBT_2/UBT_2:Prokka:UBT_2_00085 (length 255)
prokka_UBT_2/UBT_2:Prokka:UBT_2_00086 (length 213)
prokka_UBT_2/UBT_2:Prokka:UBT_2_00087 (length 463)
prokka_UBT_2/UBT_2:Prokka:UBT_2_00088 (length 206)
prokka_UBT_2/UBT_2:Prokka:UBT_2_00089 (length 149)
prokka_UBT_2/UBT_2:Prokka:UBT_2_00090 (length 361)
prokka_UBT_2/UBT_2:Prokka:UBT_2_00091 (length 372)
prokka_UBT_2/UBT_2:Prokka:UBT_2_00092 (length 269)
prokka_UBT_2/UBT_2:Prokka:UBT_2_00093 (length 558)
prokka_UBT_2/UBT_2:Prokka:UBT_2_00094 (length 385)
prokka_UBT_2/UBT_2:Prokka:UBT_2_00095 (length 597)
prokka_UBT_2/UBT_2:Prokka:UBT_2_00096 (length 322)
prokka_UBT_2/UBT_2:Prokka:UBT_2_00097 (length 298)
prokka_UBT_2/UBT_2:Prokka:UBT_2_00098 (length 294)
prokka_UBT_2/UBT_2:Prokka:UBT_2_00099 (length 426)
prokka_UBT_2/UBT_2:Prokka:UBT_2_6 (length 19063)
prokka_UBT_2/UBT_2:Prokka:UBT_2_00100 (length 126)
prokka_UBT_2/UBT_2:Prokka:UBT_2_00101 (length 144)
prokka_UBT_2/UBT_2:Prokka:UBT_2_00102 (length 283)
prokka_UBT_2/UBT_2:Prokka:UBT_2_00103 (length 293)
prokka_UBT_2/UBT_2:Prokka:UBT_2_00104 (length 212)
prokka_UBT_2/UBT_2:Prokka:UBT_2_00105 (length 108)
prokka_UBT_2/UBT_2:Prokka:UBT_2_00106 (length 86)
prokka_UBT_2/UBT_2:Prokka:UBT_2_00107 (length 413)
prokka_UBT_2/UBT_2:Prokka:UBT_2_00108 (length 428)
prokka_UBT_2/UBT_2:Prokka:UBT_2_00109 (length 318)
prokka_UBT_2/UBT_2:Prokka:UBT_2_00110 (length 161)
prokka_UBT_2/UBT_2:Prokka:UBT_2_00111 (length 77)
prokka_UBT_2/UBT_2:Prokka:UBT_2_00112 (length 455)
prokka_UBT_2/UBT_2:Prokka:UBT_2_00113 (length 453)
prokka_UBT_2/UBT_2:Prokka:UBT_2_00114 (length 298)
prokka_UBT_2/UBT_2:Prokka:UBT_2_00115 (length 185)
prokka_UBT_2/UBT_2:Prokka:UBT_2_00116 (length 268)
prokka_UBT_2/UBT_2:Prokka:UBT_2_00117 (length 717)
prokka_UBT_2/UBT_2:Prokka:UBT_2_00118 (length 664)
prokka_UBT_2/UBT_2:Prokka:UBT_2_7 (length 55062)
prokka_UBT_2/UBT_2:Prokka:UBT_2_00120 (length 240)
prokka_UBT_2/UBT_2:Prokka:UBT_2_00121 (length 425)
prokka_UBT_2/UBT_2:Prokka:UBT_2_00122 (length 214)
prokka_UBT_2/UBT_2:Prokka:UBT_2_00123 (length 209)
prokka_UBT_2/UBT_2:Prokka:UBT_2_00124 (length 416)
prokka_UBT_2/UBT_2:Prokka:UBT_2_00125 (length 342)
prokka_UBT_2/UBT_2:Prokka:UBT_2_00126 (length 287)
prokka_UBT_2/UBT_2:Prokka:UBT_2_00127 (length 361)
prokka_UBT_2/UBT_2:Prokka:UBT_2_00128 (length 199)
prokka_UBT_2/UBT_2:Prokka:UBT_2_00129 (length 369)
prokka_UBT_2/UBT_2:Prokka:UBT_2_00130 (length 43)
prokka_UBT_2/UBT_2:Prokka:UBT_2_00131 (length 343)
prokka_UBT_2/UBT_2:Prokka:UBT_2_00132 (length 73)
prokka_UBT_2/UBT_2:Prokka:UBT_2_00133 (length 236)
prokka_UBT_2/UBT_2:Prokka:UBT_2_00134 (length 450)
prokka_UBT_2/UBT_2:Prokka:UBT_2_00135 (length 344)
prokka_UBT_2/UBT_2:Prokka:UBT_2_00136 (length 58)
prokka_UBT_2/UBT_2:Prokka:UBT_2_00137 (length 321)
prokka_UBT_2/UBT_2:Prokka:UBT_2_00138 (length 240)
prokka_UBT_2/UBT_2:Prokka:UBT_2_00140 (length 1021)
prokka_UBT_2/UBT_2:Prokka:UBT_2_00141 (length 817)
prokka_UBT_2/UBT_2:Prokka:UBT_2_00142 (length 380)
prokka_UBT_2/UBT_2:Prokka:UBT_2_00143 (length 594)
prokka_UBT_2/UBT_2:Prokka:UBT_2_00144 (length 570)
prokka_UBT_2/UBT_2:Prokka:UBT_2_00145 (length 349)
prokka_UBT_2/UBT_2:Prokka:UBT_2_00146 (length 427)
prokka_UBT_2/UBT_2:Prokka:UBT_2_00147 (length 223)
prokka_UBT_2/UBT_2:Prokka:UBT_2_00150 (length 244)
prokka_UBT_2/UBT_2:Prokka:UBT_2_00151 (length 248)
prokka_UBT_2/UBT_2:Prokka:UBT_2_00152 (length 276)
prokka_UBT_2/UBT_2:Prokka:UBT_2_00153 (length 401)
prokka_UBT_2/UBT_2:Prokka:UBT_2_00154 (length 49)
prokka_UBT_2/UBT_2:Prokka:UBT_2_00155 (length 898)
prokka_UBT_2/UBT_2:Prokka:UBT_2_00156 (length 141)
prokka_UBT_2/UBT_2:Prokka:UBT_2_00157 (length 630)
prokka_UBT_2/UBT_2:Prokka:UBT_2_00158 (length 298)
prokka_UBT_2/UBT_2:Prokka:UBT_2_00159 (length 855)
prokka_UBT_2/UBT_2:Prokka:UBT_2_00160 (length 1002)
prokka_UBT_2/UBT_2:Prokka:UBT_2_00161 (length 62)
prokka_UBT_2/UBT_2:Prokka:UBT_2_00162 (length 523)
prokka_UBT_2/UBT_2:Prokka:UBT_2_00163 (length 315)
prokka_UBT_2/UBT_2:Prokka:UBT_2_00164 (length 61)
prokka_UBT_2/UBT_2:Prokka:UBT_2_00165 (length 238)
prokka_UBT_2/UBT_2:Prokka:UBT_2_00166 (length 101)
prokka_UBT_2/UBT_2:Prokka:UBT_2_00167 (length 352)
prokka_UBT_2/UBT_2:Prokka:UBT_2_8 (length 12655)
prokka_UBT_2/UBT_2:Prokka:UBT_2_00168 (length 183)
prokka_UBT_2/UBT_2:Prokka:UBT_2_00169 (length 68)
prokka_UBT_2/UBT_2:Prokka:UBT_2_00170 (length 45)
prokka_UBT_2/UBT_2:Prokka:UBT_2_00171 (length 488)
prokka_UBT_2/UBT_2:Prokka:UBT_2_00172 (length 113)
prokka_UBT_2/UBT_2:Prokka:UBT_2_00173 (length 400)
prokka_UBT_2/UBT_2:Prokka:UBT_2_00174 (length 1185)
prokka_UBT_2/UBT_2:Prokka:UBT_2_00175 (length 232)
prokka_UBT_2/UBT_2:Prokka:UBT_2_00176 (length 79)
prokka_UBT_2/UBT_2:Prokka:UBT_2_00177 (length 352)
prokka_UBT_2/UBT_2:Prokka:UBT_2_00178 (length 678)
prokka_UBT_2/UBT_2:Prokka:UBT_2_9 (length 29005)
prokka_UBT_2/UBT_2:Prokka:UBT_2_00179 (length 693)
prokka_UBT_2/UBT_2:Prokka:UBT_2_00180 (length 234)
prokka_UBT_2/UBT_2:Prokka:UBT_2_00181 (length 319)
prokka_UBT_2/UBT_2:Prokka:UBT_2_00182 (length 128)
prokka_UBT_2/UBT_2:Prokka:UBT_2_00183 (length 341)
prokka_UBT_2/UBT_2:Prokka:UBT_2_00184 (length 381)
prokka_UBT_2/UBT_2:Prokka:UBT_2_00185 (length 171)
prokka_UBT_2/UBT_2:Prokka:UBT_2_00186 (length 924)
prokka_UBT_2/UBT_2:Prokka:UBT_2_00187 (length 94)
prokka_UBT_2/UBT_2:Prokka:UBT_2_00188 (length 300)
prokka_UBT_2/UBT_2:Prokka:UBT_2_00189 (length 414)
prokka_UBT_2/UBT_2:Prokka:UBT_2_00190 (length 43)
prokka_UBT_2/UBT_2:Prokka:UBT_2_00191 (length 641)
prokka_UBT_2/UBT_2:Prokka:UBT_2_00192 (length 63)
prokka_UBT_2/UBT_2:Prokka:UBT_2_00193 (length 597)
prokka_UBT_2/UBT_2:Prokka:UBT_2_00194 (length 436)
prokka_UBT_2/UBT_2:Prokka:UBT_2_00195 (length 233)
prokka_UBT_2/UBT_2:Prokka:UBT_2_00196 (length 187)
prokka_UBT_2/UBT_2:Prokka:UBT_2_00197 (length 410)
prokka_UBT_2/UBT_2:Prokka:UBT_2_00198 (length 381)
prokka_UBT_2/UBT_2:Prokka:UBT_2_00199 (length 288)
prokka_UBT_2/UBT_2:Prokka:UBT_2_00200 (length 474)
prokka_UBT_2/UBT_2:Prokka:UBT_2_00201 (length 66)
prokka_UBT_2/UBT_2:Prokka:UBT_2_00202 (length 200)
prokka_UBT_2/UBT_2:Prokka:UBT_2_00203 (length 336)
prokka_UBT_2/UBT_2:Prokka:UBT_2_00204 (length 348)
prokka_UBT_2/UBT_2:Prokka:UBT_2_10 (length 30265)
prokka_UBT_2/UBT_2:Prokka:UBT_2_00206 (length 149)
prokka_UBT_2/UBT_2:Prokka:UBT_2_00207 (length 598)
prokka_UBT_2/UBT_2:Prokka:UBT_2_00208 (length 372)
prokka_UBT_2/UBT_2:Prokka:UBT_2_00209 (length 272)
prokka_UBT_2/UBT_2:Prokka:UBT_2_00210 (length 276)
prokka_UBT_2/UBT_2:Prokka:UBT_2_00211 (length 361)
prokka_UBT_2/UBT_2:Prokka:UBT_2_00212 (length 242)
prokka_UBT_2/UBT_2:Prokka:UBT_2_00213 (length 119)
prokka_UBT_2/UBT_2:Prokka:UBT_2_00214 (length 149)
prokka_UBT_2/UBT_2:Prokka:UBT_2_00215 (length 56)
prokka_UBT_2/UBT_2:Prokka:UBT_2_00216 (length 128)
prokka_UBT_2/UBT_2:Prokka:UBT_2_00217 (length 310)
prokka_UBT_2/UBT_2:Prokka:UBT_2_00218 (length 339)
prokka_UBT_2/UBT_2:Prokka:UBT_2_00219 (length 291)
prokka_UBT_2/UBT_2:Prokka:UBT_2_00220 (length 1355)
prokka_UBT_2/UBT_2:Prokka:UBT_2_00221 (length 653)
prokka_UBT_2/UBT_2:Prokka:UBT_2_00222 (length 591)
prokka_UBT_2/UBT_2:Prokka:UBT_2_00223 (length 450)
prokka_UBT_2/UBT_2:Prokka:UBT_2_00224 (length 316)
prokka_UBT_2/UBT_2:Prokka:UBT_2_00225 (length 324)
prokka_UBT_2/UBT_2:Prokka:UBT_2_00226 (length 60)
prokka_UBT_2/UBT_2:Prokka:UBT_2_00227 (length 88)
prokka_UBT_2/UBT_2:Prokka:UBT_2_00228 (length 575)
prokka_UBT_2/UBT_2:Prokka:UBT_2_00229 (length 262)
prokka_UBT_2/UBT_2:Prokka:UBT_2_00230 (length 65)
prokka_UBT_2/UBT_2:Prokka:UBT_2_00231 (length 77)
prokka_UBT_2/UBT_2:Prokka:UBT_2_11 (length 11500)
prokka_UBT_2/UBT_2:Prokka:UBT_2_00232 (length 227)
prokka_UBT_2/UBT_2:Prokka:UBT_2_00233 (length 562)
prokka_UBT_2/UBT_2:Prokka:UBT_2_00234 (length 238)
prokka_UBT_2/UBT_2:Prokka:UBT_2_00235 (length 335)
prokka_UBT_2/UBT_2:Prokka:UBT_2_00236 (length 351)
prokka_UBT_2/UBT_2:Prokka:UBT_2_00237 (length 180)
prokka_UBT_2/UBT_2:Prokka:UBT_2_00238 (length 92)
prokka_UBT_2/UBT_2:Prokka:UBT_2_00239 (length 180)
prokka_UBT_2/UBT_2:Prokka:UBT_2_00240 (length 457)
prokka_UBT_2/UBT_2:Prokka:UBT_2_00241 (length 367)
prokka_UBT_2/UBT_2:Prokka:UBT_2_12 (length 17477)
prokka_UBT_2/UBT_2:Prokka:UBT_2_00242 (length 71)
prokka_UBT_2/UBT_2:Prokka:UBT_2_00243 (length 187)
prokka_UBT_2/UBT_2:Prokka:UBT_2_00244 (length 444)
prokka_UBT_2/UBT_2:Prokka:UBT_2_00245 (length 144)
prokka_UBT_2/UBT_2:Prokka:UBT_2_00246 (length 60)
prokka_UBT_2/UBT_2:Prokka:UBT_2_00247 (length 168)
prokka_UBT_2/UBT_2:Prokka:UBT_2_00248 (length 117)
prokka_UBT_2/UBT_2:Prokka:UBT_2_00249 (length 178)
prokka_UBT_2/UBT_2:Prokka:UBT_2_00250 (length 132)
prokka_UBT_2/UBT_2:Prokka:UBT_2_00251 (length 180)
prokka_UBT_2/UBT_2:Prokka:UBT_2_00252 (length 102)
prokka_UBT_2/UBT_2:Prokka:UBT_2_00253 (length 122)
prokka_UBT_2/UBT_2:Prokka:UBT_2_00254 (length 88)
prokka_UBT_2/UBT_2:Prokka:UBT_2_00255 (length 68)
prokka_UBT_2/UBT_2:Prokka:UBT_2_00256 (length 137)
prokka_UBT_2/UBT_2:Prokka:UBT_2_00257 (length 223)
prokka_UBT_2/UBT_2:Prokka:UBT_2_00258 (length 118)
prokka_UBT_2/UBT_2:Prokka:UBT_2_00259 (length 93)
prokka_UBT_2/UBT_2:Prokka:UBT_2_00260 (length 277)
prokka_UBT_2/UBT_2:Prokka:UBT_2_00261 (length 95)
prokka_UBT_2/UBT_2:Prokka:UBT_2_00262 (length 207)
prokka_UBT_2/UBT_2:Prokka:UBT_2_00263 (length 228)
prokka_UBT_2/UBT_2:Prokka:UBT_2_00264 (length 102)
prokka_UBT_2/UBT_2:Prokka:UBT_2_00265 (length 359)
prokka_UBT_2/UBT_2:Prokka:UBT_2_00266 (length 275)
prokka_UBT_2/UBT_2:Prokka:UBT_2_00267 (length 276)
prokka_UBT_2/UBT_2:Prokka:UBT_2_00268 (length 391)
prokka_UBT_2/UBT_2:Prokka:UBT_2_00269 (length 397)
prokka_UBT_2/UBT_2:Prokka:UBT_2_00270 (length 147)
prokka_UBT_2/UBT_2:Prokka:UBT_2_13 (length 3336)
prokka_UBT_2/UBT_2:Prokka:UBT_2_00271 (length 189)
prokka_UBT_2/UBT_2:Prokka:UBT_2_00272 (length 613)
prokka_UBT_2/UBT_2:Prokka:UBT_2_14 (length 10129)
prokka_UBT_2/UBT_2:Prokka:UBT_2_00273 (length 249)
prokka_UBT_2/UBT_2:Prokka:UBT_2_00274 (length 266)
prokka_UBT_2/UBT_2:Prokka:UBT_2_00275 (length 287)
prokka_UBT_2/UBT_2:Prokka:UBT_2_00276 (length 280)
prokka_UBT_2/UBT_2:Prokka:UBT_2_00277 (length 197)
prokka_UBT_2/UBT_2:Prokka:UBT_2_00278 (length 557)
prokka_UBT_2/UBT_2:Prokka:UBT_2_00279 (length 314)
prokka_UBT_2/UBT_2:Prokka:UBT_2_00280 (length 283)
prokka_UBT_2/UBT_2:Prokka:UBT_2_00281 (length 244)
prokka_UBT_2/UBT_2:Prokka:UBT_2_00282 (length 275)
prokka_UBT_2/UBT_2:Prokka:UBT_2_15 (length 17549)
prokka_UBT_2/UBT_2:Prokka:UBT_2_00283 (length 211)
prokka_UBT_2/UBT_2:Prokka:UBT_2_00284 (length 261)
prokka_UBT_2/UBT_2:Prokka:UBT_2_00285 (length 87)
prokka_UBT_2/UBT_2:Prokka:UBT_2_00286 (length 157)
prokka_UBT_2/UBT_2:Prokka:UBT_2_00287 (length 418)
prokka_UBT_2/UBT_2:Prokka:UBT_2_00288 (length 454)
prokka_UBT_2/UBT_2:Prokka:UBT_2_00289 (length 315)
prokka_UBT_2/UBT_2:Prokka:UBT_2_00290 (length 365)
prokka_UBT_2/UBT_2:Prokka:UBT_2_00291 (length 447)
prokka_UBT_2/UBT_2:Prokka:UBT_2_00292 (length 330)
prokka_UBT_2/UBT_2:Prokka:UBT_2_00293 (length 730)
prokka_UBT_2/UBT_2:Prokka:UBT_2_00294 (length 123)
prokka_UBT_2/UBT_2:Prokka:UBT_2_00295 (length 314)
prokka_UBT_2/UBT_2:Prokka:UBT_2_00296 (length 144)
prokka_UBT_2/UBT_2:Prokka:UBT_2_00297 (length 126)
prokka_UBT_2/UBT_2:Prokka:UBT_2_00298 (length 248)
prokka_UBT_2/UBT_2:Prokka:UBT_2_00299 (length 317)
prokka_UBT_2/UBT_2:Prokka:UBT_2_00300 (length 257)
prokka_UBT_2/UBT_2:Prokka:UBT_2_16 (length 5196)
prokka_UBT_2/UBT_2:Prokka:UBT_2_00301 (length 309)
prokka_UBT_2/UBT_2:Prokka:UBT_2_00302 (length 339)
prokka_UBT_2/UBT_2:Prokka:UBT_2_00303 (length 766)
prokka_UBT_2/UBT_2:Prokka:UBT_2_17 (length 23014)
prokka_UBT_2/UBT_2:Prokka:UBT_2_00304 (length 149)
prokka_UBT_2/UBT_2:Prokka:UBT_2_00305 (length 294)
prokka_UBT_2/UBT_2:Prokka:UBT_2_00306 (length 372)
prokka_UBT_2/UBT_2:Prokka:UBT_2_00307 (length 271)
prokka_UBT_2/UBT_2:Prokka:UBT_2_00308 (length 276)
prokka_UBT_2/UBT_2:Prokka:UBT_2_00309 (length 361)
prokka_UBT_2/UBT_2:Prokka:UBT_2_00310 (length 261)
prokka_UBT_2/UBT_2:Prokka:UBT_2_00311 (length 120)
prokka_UBT_2/UBT_2:Prokka:UBT_2_00312 (length 149)
prokka_UBT_2/UBT_2:Prokka:UBT_2_00313 (length 55)
prokka_UBT_2/UBT_2:Prokka:UBT_2_00314 (length 131)
prokka_UBT_2/UBT_2:Prokka:UBT_2_00315 (length 310)
prokka_UBT_2/UBT_2:Prokka:UBT_2_00316 (length 339)
prokka_UBT_2/UBT_2:Prokka:UBT_2_00317 (length 291)
prokka_UBT_2/UBT_2:Prokka:UBT_2_00318 (length 72)
prokka_UBT_2/UBT_2:Prokka:UBT_2_00319 (length 1333)
prokka_UBT_2/UBT_2:Prokka:UBT_2_00320 (length 316)
prokka_UBT_2/UBT_2:Prokka:UBT_2_00321 (length 325)
prokka_UBT_2/UBT_2:Prokka:UBT_2_00322 (length 60)
prokka_UBT_2/UBT_2:Prokka:UBT_2_00323 (length 88)
prokka_UBT_2/UBT_2:Prokka:UBT_2_00324 (length 575)
prokka_UBT_2/UBT_2:Prokka:UBT_2_00325 (length 285)
prokka_UBT_2/UBT_2:Prokka:UBT_2_00326 (length 65)
prokka_UBT_2/UBT_2:Prokka:UBT_2_00327 (length 226)
prokka_UBT_2/UBT_2:Prokka:UBT_2_18 (length 4294)
prokka_UBT_2/UBT_2:Prokka:UBT_2_00328 (length 167)
prokka_UBT_2/UBT_2:Prokka:UBT_2_00329 (length 365)
prokka_UBT_2/UBT_2:Prokka:UBT_2_00330 (length 61)
prokka_UBT_2/UBT_2:Prokka:UBT_2_00331 (length 61)
prokka_UBT_2/UBT_2:Prokka:UBT_2_00332 (length 365)
prokka_UBT_2/UBT_2:Prokka:UBT_2_00333 (length 167)
prokka_UBT_2/UBT_2:Prokka:UBT_2_19 (length 16967)
prokka_UBT_2/UBT_2:Prokka:UBT_2_00335 (length 381)
prokka_UBT_2/UBT_2:Prokka:UBT_2_00336 (length 112)
prokka_UBT_2/UBT_2:Prokka:UBT_2_00337 (length 372)
prokka_UBT_2/UBT_2:Prokka:UBT_2_00338 (length 316)
prokka_UBT_2/UBT_2:Prokka:UBT_2_00339 (length 452)
prokka_UBT_2/UBT_2:Prokka:UBT_2_00340 (length 109)
prokka_UBT_2/UBT_2:Prokka:UBT_2_00341 (length 65)
prokka_UBT_2/UBT_2:Prokka:UBT_2_00342 (length 221)
prokka_UBT_2/UBT_2:Prokka:UBT_2_00343 (length 378)
prokka_UBT_2/UBT_2:Prokka:UBT_2_00344 (length 882)
prokka_UBT_2/UBT_2:Prokka:UBT_2_00345 (length 83)
prokka_UBT_2/UBT_2:Prokka:UBT_2_00346 (length 140)
prokka_UBT_2/UBT_2:Prokka:UBT_2_00347 (length 94)
prokka_UBT_2/UBT_2:Prokka:UBT_2_00348 (length 94)
prokka_UBT_2/UBT_2:Prokka:UBT_2_00349 (length 219)
prokka_UBT_2/UBT_2:Prokka:UBT_2_00350 (length 744)
prokka_UBT_2/UBT_2:Prokka:UBT_2_00351 (length 340)
prokka_UBT_2/UBT_2:Prokka:UBT_2_20 (length 17854)
prokka_UBT_2/UBT_2:Prokka:UBT_2_00352 (length 197)
prokka_UBT_2/UBT_2:Prokka:UBT_2_00353 (length 106)
prokka_UBT_2/UBT_2:Prokka:UBT_2_00354 (length 131)
prokka_UBT_2/UBT_2:Prokka:UBT_2_00355 (length 496)
prokka_UBT_2/UBT_2:Prokka:UBT_2_00356 (length 265)
prokka_UBT_2/UBT_2:Prokka:UBT_2_00357 (length 536)
prokka_UBT_2/UBT_2:Prokka:UBT_2_00358 (length 420)
prokka_UBT_2/UBT_2:Prokka:UBT_2_00359 (length 527)
prokka_UBT_2/UBT_2:Prokka:UBT_2_00360 (length 494)
prokka_UBT_2/UBT_2:Prokka:UBT_2_00361 (length 120)
prokka_UBT_2/UBT_2:Prokka:UBT_2_00362 (length 442)
prokka_UBT_2/UBT_2:Prokka:UBT_2_00363 (length 766)
prokka_UBT_2/UBT_2:Prokka:UBT_2_00364 (length 339)
prokka_UBT_2/UBT_2:Prokka:UBT_2_00365 (length 309)
prokka_UBT_2/UBT_2:Prokka:UBT_2_21 (length 15150)
prokka_UBT_2/UBT_2:Prokka:UBT_2_00366 (length 329)
prokka_UBT_2/UBT_2:Prokka:UBT_2_00367 (length 341)
prokka_UBT_2/UBT_2:Prokka:UBT_2_00368 (length 150)
prokka_UBT_2/UBT_2:Prokka:UBT_2_00369 (length 201)
prokka_UBT_2/UBT_2:Prokka:UBT_2_00370 (length 240)
prokka_UBT_2/UBT_2:Prokka:UBT_2_00371 (length 125)
prokka_UBT_2/UBT_2:Prokka:UBT_2_00372 (length 64)
prokka_UBT_2/UBT_2:Prokka:UBT_2_00373 (length 315)
prokka_UBT_2/UBT_2:Prokka:UBT_2_00374 (length 55)
prokka_UBT_2/UBT_2:Prokka:UBT_2_00375 (length 197)
prokka_UBT_2/UBT_2:Prokka:UBT_2_00376 (length 330)
prokka_UBT_2/UBT_2:Prokka:UBT_2_00377 (length 247)
prokka_UBT_2/UBT_2:Prokka:UBT_2_00378 (length 291)
prokka_UBT_2/UBT_2:Prokka:UBT_2_00379 (length 335)
prokka_UBT_2/UBT_2:Prokka:UBT_2_00380 (length 109)
prokka_UBT_2/UBT_2:Prokka:UBT_2_00381 (length 214)
prokka_UBT_2/UBT_2:Prokka:UBT_2_00382 (length 71)
prokka_UBT_2/UBT_2:Prokka:UBT_2_00383 (length 86)
prokka_UBT_2/UBT_2:Prokka:UBT_2_00384 (length 199)
prokka_UBT_2/UBT_2:Prokka:UBT_2_00385 (length 102)
prokka_UBT_2/UBT_2:Prokka:UBT_2_00386 (length 599)
prokka_UBT_2/UBT_2:Prokka:UBT_2_22 (length 1896)
prokka_UBT_2/UBT_2:Prokka:UBT_2_23 (length 8144)
prokka_UBT_2/UBT_2:Prokka:UBT_2_00388 (length 456)
prokka_UBT_2/UBT_2:Prokka:UBT_2_00389 (length 292)
prokka_UBT_2/UBT_2:Prokka:UBT_2_00390 (length 317)
prokka_UBT_2/UBT_2:Prokka:UBT_2_00391 (length 515)
prokka_UBT_2/UBT_2:Prokka:UBT_2_00392 (length 481)
prokka_UBT_2/UBT_2:Prokka:UBT_2_00393 (length 275)
prokka_UBT_2/UBT_2:Prokka:UBT_2_24 (length 2986)
prokka_UBT_2/UBT_2:Prokka:UBT_2_00395 (length 713)
prokka_UBT_2/UBT_2:Prokka:UBT_2_25 (length 5149)
prokka_UBT_2/UBT_2:Prokka:UBT_2_00397 (length 178)
prokka_UBT_2/UBT_2:Prokka:UBT_2_00398 (length 38)
prokka_UBT_2/UBT_2:Prokka:UBT_2_00399 (length 515)
prokka_UBT_2/UBT_2:Prokka:UBT_2_00400 (length 481)
prokka_UBT_2/UBT_2:Prokka:UBT_2_00401 (length 274)
prokka_UBT_2/UBT_2:Prokka:UBT_2_26 (length 32440)
prokka_UBT_2/UBT_2:Prokka:UBT_2_00403 (length 223)
prokka_UBT_2/UBT_2:Prokka:UBT_2_00404 (length 112)
prokka_UBT_2/UBT_2:Prokka:UBT_2_00405 (length 286)
prokka_UBT_2/UBT_2:Prokka:UBT_2_00406 (length 279)
prokka_UBT_2/UBT_2:Prokka:UBT_2_00407 (length 350)
prokka_UBT_2/UBT_2:Prokka:UBT_2_00408 (length 109)
prokka_UBT_2/UBT_2:Prokka:UBT_2_00409 (length 209)
prokka_UBT_2/UBT_2:Prokka:UBT_2_00410 (length 468)
prokka_UBT_2/UBT_2:Prokka:UBT_2_00411 (length 367)
prokka_UBT_2/UBT_2:Prokka:UBT_2_00412 (length 367)
prokka_UBT_2/UBT_2:Prokka:UBT_2_00413 (length 358)
prokka_UBT_2/UBT_2:Prokka:UBT_2_00414 (length 516)
prokka_UBT_2/UBT_2:Prokka:UBT_2_00415 (length 374)
prokka_UBT_2/UBT_2:Prokka:UBT_2_00416 (length 318)
prokka_UBT_2/UBT_2:Prokka:UBT_2_00417 (length 908)
prokka_UBT_2/UBT_2:Prokka:UBT_2_00418 (length 454)
prokka_UBT_2/UBT_2:Prokka:UBT_2_00419 (length 329)
prokka_UBT_2/UBT_2:Prokka:UBT_2_00420 (length 69)
prokka_UBT_2/UBT_2:Prokka:UBT_2_00421 (length 398)
prokka_UBT_2/UBT_2:Prokka:UBT_2_00422 (length 263)
prokka_UBT_2/UBT_2:Prokka:UBT_2_00423 (length 82)
prokka_UBT_2/UBT_2:Prokka:UBT_2_00425 (length 267)
prokka_UBT_2/UBT_2:Prokka:UBT_2_00426 (length 159)
prokka_UBT_2/UBT_2:Prokka:UBT_2_00427 (length 269)
prokka_UBT_2/UBT_2:Prokka:UBT_2_00428 (length 215)
prokka_UBT_2/UBT_2:Prokka:UBT_2_00429 (length 659)
prokka_UBT_2/UBT_2:Prokka:UBT_2_00430 (length 293)
prokka_UBT_2/UBT_2:Prokka:UBT_2_00431 (length 391)
prokka_UBT_2/UBT_2:Prokka:UBT_2_00432 (length 233)
prokka_UBT_2/UBT_2:Prokka:UBT_2_00433 (length 166)
prokka_UBT_2/UBT_2:Prokka:UBT_2_27 (length 10756)
prokka_UBT_2/UBT_2:Prokka:UBT_2_00434 (length 214)
prokka_UBT_2/UBT_2:Prokka:UBT_2_00435 (length 439)
prokka_UBT_2/UBT_2:Prokka:UBT_2_00436 (length 501)
prokka_UBT_2/UBT_2:Prokka:UBT_2_00437 (length 61)
prokka_UBT_2/UBT_2:Prokka:UBT_2_00438 (length 318)
prokka_UBT_2/UBT_2:Prokka:UBT_2_00439 (length 428)
prokka_UBT_2/UBT_2:Prokka:UBT_2_00440 (length 118)
prokka_UBT_2/UBT_2:Prokka:UBT_2_00441 (length 245)
prokka_UBT_2/UBT_2:Prokka:UBT_2_00442 (length 167)
prokka_UBT_2/UBT_2:Prokka:UBT_2_00443 (length 222)
prokka_UBT_2/UBT_2:Prokka:UBT_2_00444 (length 44)
prokka_UBT_2/UBT_2:Prokka:UBT_2_00445 (length 267)
prokka_UBT_2/UBT_2:Prokka:UBT_2_28 (length 42240)
prokka_UBT_2/UBT_2:Prokka:UBT_2_00446 (length 721)
prokka_UBT_2/UBT_2:Prokka:UBT_2_00447 (length 84)
prokka_UBT_2/UBT_2:Prokka:UBT_2_00448 (length 336)
prokka_UBT_2/UBT_2:Prokka:UBT_2_00449 (length 343)
prokka_UBT_2/UBT_2:Prokka:UBT_2_00450 (length 414)
prokka_UBT_2/UBT_2:Prokka:UBT_2_00451 (length 213)
prokka_UBT_2/UBT_2:Prokka:UBT_2_00452 (length 237)
prokka_UBT_2/UBT_2:Prokka:UBT_2_00453 (length 323)
prokka_UBT_2/UBT_2:Prokka:UBT_2_00454 (length 1059)
prokka_UBT_2/UBT_2:Prokka:UBT_2_00455 (length 360)
prokka_UBT_2/UBT_2:Prokka:UBT_2_00456 (length 425)
prokka_UBT_2/UBT_2:Prokka:UBT_2_00457 (length 300)
prokka_UBT_2/UBT_2:Prokka:UBT_2_00458 (length 100)
prokka_UBT_2/UBT_2:Prokka:UBT_2_00459 (length 620)
prokka_UBT_2/UBT_2:Prokka:UBT_2_00460 (length 34)
prokka_UBT_2/UBT_2:Prokka:UBT_2_00461 (length 607)
prokka_UBT_2/UBT_2:Prokka:UBT_2_00462 (length 104)
prokka_UBT_2/UBT_2:Prokka:UBT_2_00463 (length 452)
prokka_UBT_2/UBT_2:Prokka:UBT_2_00464 (length 326)
prokka_UBT_2/UBT_2:Prokka:UBT_2_00465 (length 277)
prokka_UBT_2/UBT_2:Prokka:UBT_2_00466 (length 685)
prokka_UBT_2/UBT_2:Prokka:UBT_2_00467 (length 297)
prokka_UBT_2/UBT_2:Prokka:UBT_2_00468 (length 177)
prokka_UBT_2/UBT_2:Prokka:UBT_2_00469 (length 170)
prokka_UBT_2/UBT_2:Prokka:UBT_2_00470 (length 153)
prokka_UBT_2/UBT_2:Prokka:UBT_2_00471 (length 325)
prokka_UBT_2/UBT_2:Prokka:UBT_2_00472 (length 209)
prokka_UBT_2/UBT_2:Prokka:UBT_2_00473 (length 196)
prokka_UBT_2/UBT_2:Prokka:UBT_2_00474 (length 107)
prokka_UBT_2/UBT_2:Prokka:UBT_2_00475 (length 104)
prokka_UBT_2/UBT_2:Prokka:UBT_2_00476 (length 245)
prokka_UBT_2/UBT_2:Prokka:UBT_2_00477 (length 482)
prokka_UBT_2/UBT_2:Prokka:UBT_2_00478 (length 155)
prokka_UBT_2/UBT_2:Prokka:UBT_2_00479 (length 785)
prokka_UBT_2/UBT_2:Prokka:UBT_2_00480 (length 78)
prokka_UBT_2/UBT_2:Prokka:UBT_2_00481 (length 215)
prokka_UBT_2/UBT_2:Prokka:UBT_2_00482 (length 258)
prokka_UBT_2/UBT_2:Prokka:UBT_2_00483 (length 458)
prokka_UBT_2/UBT_2:Prokka:UBT_2_00484 (length 194)
prokka_UBT_2/UBT_2:Prokka:UBT_2_29 (length 5266)
prokka_UBT_2/UBT_2:Prokka:UBT_2_00485 (length 845)
prokka_UBT_2/UBT_2:Prokka:UBT_2_00486 (length 222)
prokka_UBT_2/UBT_2:Prokka:UBT_2_00487 (length 220)
prokka_UBT_2/UBT_2:Prokka:UBT_2_00488 (length 316)
prokka_UBT_2/UBT_2:Prokka:UBT_2_30 (length 17861)
prokka_UBT_2/UBT_2:Prokka:UBT_2_00489 (length 234)
prokka_UBT_2/UBT_2:Prokka:UBT_2_00490 (length 319)
prokka_UBT_2/UBT_2:Prokka:UBT_2_00491 (length 418)
prokka_UBT_2/UBT_2:Prokka:UBT_2_00492 (length 150)
prokka_UBT_2/UBT_2:Prokka:UBT_2_00493 (length 723)
prokka_UBT_2/UBT_2:Prokka:UBT_2_00494 (length 148)
prokka_UBT_2/UBT_2:Prokka:UBT_2_00495 (length 323)
prokka_UBT_2/UBT_2:Prokka:UBT_2_00496 (length 865)
prokka_UBT_2/UBT_2:Prokka:UBT_2_00497 (length 648)
prokka_UBT_2/UBT_2:Prokka:UBT_2_00498 (length 381)
prokka_UBT_2/UBT_2:Prokka:UBT_2_00499 (length 77)
prokka_UBT_2/UBT_2:Prokka:UBT_2_00500 (length 376)
prokka_UBT_2/UBT_2:Prokka:UBT_2_00501 (length 468)

DiscRep_ALL:DISC_INCONSISTENT_MOLINFO_TECH::Molinfo Technique Report (some missing, all same)
DiscRep_SUB:DISC_INCONSISTENT_MOLINFO_TECH::technique (all missing)
DiscRep_SUB:DISC_INCONSISTENT_MOLINFO_TECH::30 Molinfos are missing field technique
prokka_UBT_2/UBT_2:Prokka:UBT_2_1 (length 3686)
prokka_UBT_2/UBT_2:Prokka:UBT_2_2 (length 13823)
prokka_UBT_2/UBT_2:Prokka:UBT_2_3 (length 37933)
prokka_UBT_2/UBT_2:Prokka:UBT_2_4 (length 2840)
prokka_UBT_2/UBT_2:Prokka:UBT_2_5 (length 39917)
prokka_UBT_2/UBT_2:Prokka:UBT_2_6 (length 19063)
prokka_UBT_2/UBT_2:Prokka:UBT_2_7 (length 55062)
prokka_UBT_2/UBT_2:Prokka:UBT_2_8 (length 12655)
prokka_UBT_2/UBT_2:Prokka:UBT_2_9 (length 29005)
prokka_UBT_2/UBT_2:Prokka:UBT_2_10 (length 30265)
prokka_UBT_2/UBT_2:Prokka:UBT_2_11 (length 11500)
prokka_UBT_2/UBT_2:Prokka:UBT_2_12 (length 17477)
prokka_UBT_2/UBT_2:Prokka:UBT_2_13 (length 3336)
prokka_UBT_2/UBT_2:Prokka:UBT_2_14 (length 10129)
prokka_UBT_2/UBT_2:Prokka:UBT_2_15 (length 17549)
prokka_UBT_2/UBT_2:Prokka:UBT_2_16 (length 5196)
prokka_UBT_2/UBT_2:Prokka:UBT_2_17 (length 23014)
prokka_UBT_2/UBT_2:Prokka:UBT_2_18 (length 4294)
prokka_UBT_2/UBT_2:Prokka:UBT_2_19 (length 16967)
prokka_UBT_2/UBT_2:Prokka:UBT_2_20 (length 17854)
prokka_UBT_2/UBT_2:Prokka:UBT_2_21 (length 15150)
prokka_UBT_2/UBT_2:Prokka:UBT_2_22 (length 1896)
prokka_UBT_2/UBT_2:Prokka:UBT_2_23 (length 8144)
prokka_UBT_2/UBT_2:Prokka:UBT_2_24 (length 2986)
prokka_UBT_2/UBT_2:Prokka:UBT_2_25 (length 5149)
prokka_UBT_2/UBT_2:Prokka:UBT_2_26 (length 32440)
prokka_UBT_2/UBT_2:Prokka:UBT_2_27 (length 10756)
prokka_UBT_2/UBT_2:Prokka:UBT_2_28 (length 42240)
prokka_UBT_2/UBT_2:Prokka:UBT_2_29 (length 5266)
prokka_UBT_2/UBT_2:Prokka:UBT_2_30 (length 17861)

