[10:23:30] This is prokka 1.14.6
[10:23:30] Written by Torsten Seemann <torsten.seemann@gmail.com>
[10:23:30] Homepage is https://github.com/tseemann/prokka
[10:23:30] Local time is Thu Oct 30 10:23:30 2025
[10:23:30] You are diego
[10:23:30] Operating system is linux
[10:23:30] You have BioPerl 1.7.8
[10:23:30] System has 20 cores.
[10:23:30] Will use maximum of 20 cores.
[10:23:30] Annotating as >>> Bacteria <<<
[10:23:30] Enabling options to ensure Genbank/ENA/DDJB submission compliance.
[10:23:30] Creating new output folder: prokka_FOM_10
[10:23:30] Running: mkdir -p prokka_FOM_10
[10:23:30] Using filename prefix: FOM_10.XXX
[10:23:30] Setting HMMER_NCPU=1
[10:23:30] Writing log to: prokka_FOM_10/FOM_10.log
[10:23:30] Command: /home/diego/miniconda3/envs/prokka_env/bin/prokka FOM_10.fasta --outdir prokka_FOM_10 --prefix FOM_10 --compliant --cpus 20 --locustag FOM_10
[10:23:30] Appending to PATH: /home/diego/miniconda3/envs/prokka_env/bin
[10:23:30] Looking for 'aragorn' - found /home/diego/miniconda3/envs/prokka_env/bin/aragorn
[10:23:30] Determined aragorn version is 001002 from 'ARAGORN v1.2.41 Dean Laslett'
[10:23:30] Looking for 'barrnap' - found /home/diego/miniconda3/envs/prokka_env/bin/barrnap
[10:23:30] Determined barrnap version is 000009 from 'barrnap 0.9'
[10:23:30] Looking for 'blastp' - found /home/diego/miniconda3/envs/prokka_env/bin/blastp
[10:23:30] Determined blastp version is 002015 from 'blastp: 2.15.0+'
[10:23:30] Looking for 'cmpress' - found /home/diego/miniconda3/envs/prokka_env/bin/cmpress
[10:23:30] Determined cmpress version is 001001 from '# INFERNAL 1.1.5 (Sep 2023)'
[10:23:30] Looking for 'cmscan' - found /home/diego/miniconda3/envs/prokka_env/bin/cmscan
[10:23:30] Determined cmscan version is 001001 from '# INFERNAL 1.1.5 (Sep 2023)'
[10:23:30] Looking for 'egrep' - found /usr/bin/egrep
[10:23:30] Looking for 'find' - found /usr/bin/find
[10:23:30] Looking for 'grep' - found /usr/bin/grep
[10:23:30] Looking for 'hmmpress' - found /home/diego/miniconda3/envs/prokka_env/bin/hmmpress
[10:23:30] Determined hmmpress version is 003004 from '# HMMER 3.4 (Aug 2023); http://hmmer.org/'
[10:23:30] Looking for 'hmmscan' - found /home/diego/miniconda3/envs/prokka_env/bin/hmmscan
[10:23:30] Determined hmmscan version is 003004 from '# HMMER 3.4 (Aug 2023); http://hmmer.org/'
[10:23:30] Looking for 'java' - found /home/diego/miniconda3/envs/prokka_env/bin/java
[10:23:30] Looking for 'makeblastdb' - found /home/diego/miniconda3/envs/prokka_env/bin/makeblastdb
[10:23:30] Determined makeblastdb version is 002015 from 'makeblastdb: 2.15.0+'
[10:23:30] Looking for 'minced' - found /home/diego/miniconda3/envs/prokka_env/bin/minced
[10:23:30] Determined minced version is 004002 from 'minced 0.4.2'
[10:23:30] Looking for 'parallel' - found /home/diego/miniconda3/envs/prokka_env/bin/parallel
[10:23:30] Determined parallel version is 20240122 from 'GNU parallel 20240122'
[10:23:30] Looking for 'prodigal' - found /home/diego/miniconda3/envs/prokka_env/bin/prodigal
[10:23:30] Determined prodigal version is 002006 from 'Prodigal V2.6.3: February, 2016'
[10:23:30] Looking for 'prokka-genbank_to_fasta_db' - found /home/diego/miniconda3/envs/prokka_env/bin/prokka-genbank_to_fasta_db
[10:23:30] Looking for 'rnammer' - found /home/diego/rnammer-1.2.src/rnammer
[10:23:30] Determined rnammer version is 001002 from 'This rnammer 1.2, running from '/home/diego/rnammer-1.2.src/''
[10:23:30] Looking for 'sed' - found /usr/bin/sed
[10:23:30] Looking for 'tbl2asn' - found /home/diego/miniconda3/envs/prokka_env/bin/tbl2asn
[10:23:30] Determined tbl2asn version is 025007 from 'tbl2asn 25.7   arguments:'
[10:23:30] Using genetic code table 11.
[10:23:30] Loading and checking input file: FOM_10.fasta
[10:23:30] Wrote 3 contigs totalling 331869 bp.
[10:23:30] Predicting tRNAs and tmRNAs
[10:23:30] Running: aragorn -l -gc11  -w prokka_FOM_10\/FOM_10\.fna
[10:23:31] 1 tRNA-Glu c[102421,102494] 35 (ttc)
[10:23:31] 2 tRNA-Leu [172929,173015] 36 (cag)
[10:23:31] 3 tRNA-Arg [189775,189849] 36 (cct)
[10:23:31] Found 3 tRNAs
[10:23:31] Predicting Ribosomal RNAs
[10:23:31] Running Barrnap with 20 threads
[10:23:31] Found 0 rRNAs
[10:23:31] Skipping ncRNA search, enable with --rfam if desired.
[10:23:31] Total of 3 tRNA + rRNA features
[10:23:31] Searching for CRISPR repeats
[10:23:31] Found 0 CRISPRs
[10:23:31] Predicting coding sequences
[10:23:31] Contigs total 331869 bp, so using single mode
[10:23:31] Running: prodigal -i prokka_FOM_10\/FOM_10\.fna -c -m -g 11 -p single -f sco -q
[10:23:31] Found 313 CDS
[10:23:31] Connecting features back to sequences
[10:23:31] Not using genus-specific database. Try --usegenus to enable it.
[10:23:31] Annotating CDS, please be patient.
[10:23:31] Will use 20 CPUs for similarity searching.
[10:23:31] There are still 313 unannotated CDS left (started with 313)
[10:23:31] Will use blast to search against /home/diego/miniconda3/envs/prokka_env/db/kingdom/Bacteria/IS with 20 CPUs
[10:23:31] Running: cat prokka_FOM_10\/FOM_10\.IS\.tmp\.97818\.faa | parallel --gnu --plain -j 20 --block 2578 --recstart '>' --pipe blastp -query - -db /home/diego/miniconda3/envs/prokka_env/db/kingdom/Bacteria/IS -evalue 1e-30 -qcov_hsp_perc 90 -num_threads 1 -num_descriptions 1 -num_alignments 1 -seg no > prokka_FOM_10\/FOM_10\.IS\.tmp\.97818\.blast 2> /dev/null
[10:23:32] Deleting unwanted file: prokka_FOM_10/FOM_10.IS.tmp.97818.faa
[10:23:32] Deleting unwanted file: prokka_FOM_10/FOM_10.IS.tmp.97818.blast
[10:23:32] There are still 313 unannotated CDS left (started with 313)
[10:23:32] Will use blast to search against /home/diego/miniconda3/envs/prokka_env/db/kingdom/Bacteria/AMR with 20 CPUs
[10:23:32] Running: cat prokka_FOM_10\/FOM_10\.AMR\.tmp\.97818\.faa | parallel --gnu --plain -j 20 --block 2578 --recstart '>' --pipe blastp -query - -db /home/diego/miniconda3/envs/prokka_env/db/kingdom/Bacteria/AMR -evalue 1e-300 -qcov_hsp_perc 90 -num_threads 1 -num_descriptions 1 -num_alignments 1 -seg no > prokka_FOM_10\/FOM_10\.AMR\.tmp\.97818\.blast 2> /dev/null
[10:23:33] Deleting unwanted file: prokka_FOM_10/FOM_10.AMR.tmp.97818.faa
[10:23:33] Deleting unwanted file: prokka_FOM_10/FOM_10.AMR.tmp.97818.blast
[10:23:33] There are still 313 unannotated CDS left (started with 313)
[10:23:33] Will use blast to search against /home/diego/miniconda3/envs/prokka_env/db/kingdom/Bacteria/sprot with 20 CPUs
[10:23:33] Running: cat prokka_FOM_10\/FOM_10\.sprot\.tmp\.97818\.faa | parallel --gnu --plain -j 20 --block 2578 --recstart '>' --pipe blastp -query - -db /home/diego/miniconda3/envs/prokka_env/db/kingdom/Bacteria/sprot -evalue 1e-09 -qcov_hsp_perc 80 -num_threads 1 -num_descriptions 1 -num_alignments 1 -seg no > prokka_FOM_10\/FOM_10\.sprot\.tmp\.97818\.blast 2> /dev/null
[10:23:37] Modify product: UPF0398 protein YpsA => hypothetical protein
[10:23:37] Modify product: DegV domain-containing protein SP_1112 => DegV domain-containing protein
[10:23:37] Modify product: Probable N-acetyl-LL-diaminopimelate aminotransferase => putative N-acetyl-LL-diaminopimelate aminotransferase
[10:23:37] Modify product: Uncharacterized protein YqeY => putative protein YqeY
[10:23:37] Modify product: Protease HtpX homolog => Protease HtpX 
[10:23:37] Modify product: Uncharacterized MFS-type transporter YhjX => putative MFS-type transporter YhjX
[10:23:37] Modify product: Uncharacterized protein YpjQ => putative protein YpjQ
[10:23:37] Modify product: Putative universal stress protein SA1532 => Putative universal stress protein
[10:23:37] Modify product: Uncharacterized protein SA1069 => putative protein
[10:23:37] Modify product: Uncharacterized protein Spy1614 => putative protein
[10:23:37] Modify product: Probable GTP-binding protein EngB => putative GTP-binding protein EngB
[10:23:37] Modify product: UPF0374 protein SP_1903 => hypothetical protein
[10:23:37] Modify product: Prophage bactoprenol glucosyl transferase homolog => Prophage bactoprenol glucosyl transferase 
[10:23:37] Modify product: Probable tautomerase SAR1376 => putative tautomerase
[10:23:37] Modify product: Probable allantoin permease => putative allantoin permease
[10:23:37] Modify product: Putative dipeptidase SA1572 => Putative dipeptidase
[10:23:37] Modify product: Rqc2 homolog RqcH => Rqc2 RqcH
[10:23:37] Modify product: Protein RmlC homolog => Protein RmlC 
[10:23:37] Cleaned 18 /product names
[10:23:37] Deleting unwanted file: prokka_FOM_10/FOM_10.sprot.tmp.97818.faa
[10:23:37] Deleting unwanted file: prokka_FOM_10/FOM_10.sprot.tmp.97818.blast
[10:23:37] There are still 100 unannotated CDS left (started with 313)
[10:23:37] Will use hmmer3 to search against /home/diego/miniconda3/envs/prokka_env/db/hmm/HAMAP.hmm with 20 CPUs
[10:23:37] Running: cat prokka_FOM_10\/FOM_10\.HAMAP\.hmm\.tmp\.97818\.faa | parallel --gnu --plain -j 20 --block 644 --recstart '>' --pipe hmmscan --noali --notextw --acc -E 1e-09 --cpu 1 /home/diego/miniconda3/envs/prokka_env/db/hmm/HAMAP.hmm /dev/stdin > prokka_FOM_10\/FOM_10\.HAMAP\.hmm\.tmp\.97818\.hmmer3 2> /dev/null
[10:23:38] Deleting unwanted file: prokka_FOM_10/FOM_10.HAMAP.hmm.tmp.97818.faa
[10:23:38] Deleting unwanted file: prokka_FOM_10/FOM_10.HAMAP.hmm.tmp.97818.hmmer3
[10:23:38] Labelling remaining 84 proteins as 'hypothetical protein'
[10:23:38] Possible /pseudo 'Inosine-5'-monophosphate dehydrogenase' at gnl|Prokka|FOM_10_1 position 142130
[10:23:38] Possible /pseudo 'putative protein' at gnl|Prokka|FOM_10_1 position 210496
[10:23:38] Found 213 unique /gene codes.
[10:23:38] Fixed 2 duplicate /gene - serP2_1 serP2_2
[10:23:38] Fixed 2 duplicate /gene - gpsB_1 gpsB_2
[10:23:38] Fixed 2 duplicate /gene - polC_1 polC_2
[10:23:38] Fixed 2 duplicate /gene - malL_1 malL_2
[10:23:38] Fixed 2 duplicate /gene - ccpA_1 ccpA_2
[10:23:38] Fixed 5 colliding /gene names.
[10:23:38] Adding /locus_tag identifiers
[10:23:38] Assigned 316 locus_tags to CDS and RNA features.
[10:23:38] Writing outputs to prokka_FOM_10/
[10:23:38] Generating annotation statistics file
[10:23:38] Generating Genbank and Sequin files
[10:23:38] Running: tbl2asn -V b -a r10k -l paired-ends -M n -N 1 -y 'Annotated using prokka 1.14.6 from https://github.com/tseemann/prokka' -Z prokka_FOM_10\/FOM_10\.err -i prokka_FOM_10\/FOM_10\.fsa 2> /dev/null
[10:23:38] Deleting unwanted file: prokka_FOM_10/errorsummary.val
[10:23:38] Deleting unwanted file: prokka_FOM_10/FOM_10.dr
[10:23:38] Deleting unwanted file: prokka_FOM_10/FOM_10.fixedproducts
[10:23:38] Deleting unwanted file: prokka_FOM_10/FOM_10.ecn
[10:23:38] Deleting unwanted file: prokka_FOM_10/FOM_10.val
[10:23:38] Repairing broken .GBK output that tbl2asn produces...
[10:23:38] Running: sed 's/COORDINATES: profile/COORDINATES:profile/' < prokka_FOM_10\/FOM_10\.gbf > prokka_FOM_10\/FOM_10\.gbk
[10:23:38] Deleting unwanted file: prokka_FOM_10/FOM_10.gbf
[10:23:38] Output files:
[10:23:38] prokka_FOM_10/FOM_10.err
[10:23:38] prokka_FOM_10/FOM_10.log
[10:23:38] prokka_FOM_10/FOM_10.faa
[10:23:38] prokka_FOM_10/FOM_10.fna
[10:23:38] prokka_FOM_10/FOM_10.tsv
[10:23:38] prokka_FOM_10/FOM_10.fsa
[10:23:38] prokka_FOM_10/FOM_10.ffn
[10:23:38] prokka_FOM_10/FOM_10.sqn
[10:23:38] prokka_FOM_10/FOM_10.txt
[10:23:38] prokka_FOM_10/FOM_10.tbl
[10:23:38] prokka_FOM_10/FOM_10.gff
[10:23:38] prokka_FOM_10/FOM_10.gbk
[10:23:38] Annotation finished successfully.
[10:23:38] Walltime used: 0.13 minutes
[10:23:38] If you use this result please cite the Prokka paper:
[10:23:38] Seemann T (2014) Prokka: rapid prokaryotic genome annotation. Bioinformatics. 30(14):2068-9.
[10:23:38] Type 'prokka --citation' for more details.
[10:23:38] Thank you, come again.
