Discrepancy Report Results

Summary
FATAL: BAD_LOCUS_TAG_FORMAT:316 locus tags are incorrectly formatted.
DISC_SOURCE_QUALS_ASNDISC:strain (all present, all same)
DISC_SOURCE_QUALS_ASNDISC:taxname (all present, all same)
DISC_FEATURE_COUNT:gene: 316 present
DISC_FEATURE_COUNT:CDS: 313 present
DISC_FEATURE_COUNT:tRNA: 3 present
DISC_COUNT_NUCLEOTIDES:3 nucleotide Bioseqs are present
OVERLAPPING_GENES:81 genes overlap another gene on the same strand.
DISC_QUALITY_SCORES:Quality scores are missing on all sequences.
DISC_BAD_BACTERIAL_GENE_NAME:1 bacterial genes do not start with lowercase letters
ONCALLER_COMMENT_PRESENT:3 comment descriptors were found (all same)
SHORT_PROT_SEQUENCES:6 protein sequences are shorter than 50 aa.
MISSING_GENOMEASSEMBLY_COMMENTS:3 bioseqs are missing GenomeAssembly structured comments
MOLTYPE_NOT_MRNA:3 molecule types are not set as mRNA.
TECHNIQUE_NOT_TSA:3 technique are not set as TSA
MISSING_STRUCTURED_COMMENT:3 sequences do not include structured comments.
MISSING_PROJECT:316 sequences do not include project.
DISC_INCONSISTENT_MOLINFO_TECH:Molinfo Technique Report (some missing, all same)


Detailed Report

FATAL: DiscRep_ALL:BAD_LOCUS_TAG_FORMAT::316 locus e incorrectly formatted.matted.
prokka_FOM_10/FOM_10:Gene	dgkA	FOM_10_1:c1172-696	FOM_10_00001
prokka_FOM_10/FOM_10:Gene	ybeY	FOM_10_1:c1638-1156	FOM_10_00002
prokka_FOM_10/FOM_10:Gene	FOM_10_00003	FOM_10_1:c2627-1641	FOM_10_00003
prokka_FOM_10/FOM_10:Gene	nrgA	FOM_10_1:c3885-2689	FOM_10_00004
prokka_FOM_10/FOM_10:Gene	pyk	FOM_10_1:c5450-4029	FOM_10_00005
prokka_FOM_10/FOM_10:Gene	dnaE	FOM_10_1:c8887-5546	FOM_10_00006
prokka_FOM_10/FOM_10:Gene	FOM_10_00007	FOM_10_1:9015-9212	FOM_10_00007
prokka_FOM_10/FOM_10:Gene	aroD	FOM_10_1:c10125-9241	FOM_10_00008
prokka_FOM_10/FOM_10:Gene	FOM_10_00009	FOM_10_1:c10676-10122	FOM_10_00009
prokka_FOM_10/FOM_10:Gene	aroK	FOM_10_1:c11476-10673	FOM_10_00010
prokka_FOM_10/FOM_10:Gene	tyrC	FOM_10_1:c12326-11484	FOM_10_00011
prokka_FOM_10/FOM_10:Gene	aroA1	FOM_10_1:c13618-12323	FOM_10_00012
prokka_FOM_10/FOM_10:Gene	aroC	FOM_10_1:c14831-13653	FOM_10_00013
prokka_FOM_10/FOM_10:Gene	aroB	FOM_10_1:c15941-14859	FOM_10_00014
prokka_FOM_10/FOM_10:Gene	kdsA	FOM_10_1:c16966-15971	FOM_10_00015
prokka_FOM_10/FOM_10:Gene	aroE	FOM_10_1:c17795-16950	FOM_10_00016
prokka_FOM_10/FOM_10:Gene	tkt	FOM_10_1:c19736-17799	FOM_10_00017
prokka_FOM_10/FOM_10:Gene	FOM_10_00018	FOM_10_1:c20596-20051	FOM_10_00018
prokka_FOM_10/FOM_10:Gene	rihA	FOM_10_1:c21588-20593	FOM_10_00019
prokka_FOM_10/FOM_10:Gene	FOM_10_00020	FOM_10_1:c22597-21746	FOM_10_00020
prokka_FOM_10/FOM_10:Gene	dhfR	FOM_10_1:c23106-22606	FOM_10_00021
prokka_FOM_10/FOM_10:Gene	cca	FOM_10_1:c24304-23093	FOM_10_00022
prokka_FOM_10/FOM_10:Gene	bepA	FOM_10_1:c25647-24385	FOM_10_00023
prokka_FOM_10/FOM_10:Gene	FOM_10_00024	FOM_10_1:c26025-25798	FOM_10_00024
prokka_FOM_10/FOM_10:Gene	dkgB	FOM_10_1:c26980-26147	FOM_10_00025
prokka_FOM_10/FOM_10:Gene	FOM_10_00026	FOM_10_1:c27360-27112	FOM_10_00026
prokka_FOM_10/FOM_10:Gene	hup	FOM_10_1:c27812-27537	FOM_10_00027
prokka_FOM_10/FOM_10:Gene	der	FOM_10_1:c29341-28028	FOM_10_00028
prokka_FOM_10/FOM_10:Gene	rps1	FOM_10_1:c30635-29445	FOM_10_00029
prokka_FOM_10/FOM_10:Gene	cmk	FOM_10_1:c31408-30731	FOM_10_00030
prokka_FOM_10/FOM_10:Gene	FOM_10_00031	FOM_10_1:c31975-31427	FOM_10_00031
prokka_FOM_10/FOM_10:Gene	ribU	FOM_10_1:c32636-32052	FOM_10_00032
prokka_FOM_10/FOM_10:Gene	rluB	FOM_10_1:c33639-32890	FOM_10_00033
prokka_FOM_10/FOM_10:Gene	scpB	FOM_10_1:c34234-33632	FOM_10_00034
prokka_FOM_10/FOM_10:Gene	scpA	FOM_10_1:c34985-34224	FOM_10_00035
prokka_FOM_10/FOM_10:Gene	FOM_10_00036	FOM_10_1:c35335-34982	FOM_10_00036
prokka_FOM_10/FOM_10:Gene	xerD	FOM_10_1:c36265-35369	FOM_10_00037
prokka_FOM_10/FOM_10:Gene	cvfB	FOM_10_1:c37130-36249	FOM_10_00038
prokka_FOM_10/FOM_10:Gene	yqeY	FOM_10_1:c37694-37251	FOM_10_00039
prokka_FOM_10/FOM_10:Gene	rpsU	FOM_10_1:c37965-37780	FOM_10_00040
prokka_FOM_10/FOM_10:Gene	kgtP	FOM_10_1:c39367-38099	FOM_10_00041
prokka_FOM_10/FOM_10:Gene	pucR	FOM_10_1:39513-41060	FOM_10_00042
prokka_FOM_10/FOM_10:Gene	serP2_1	FOM_10_1:41181-42575	FOM_10_00043
prokka_FOM_10/FOM_10:Gene	FOM_10_00044	FOM_10_1:c43453-42611	FOM_10_00044
prokka_FOM_10/FOM_10:Gene	aspS	FOM_10_1:c45334-43565	FOM_10_00045
prokka_FOM_10/FOM_10:Gene	hisS	FOM_10_1:c46635-45331	FOM_10_00046
prokka_FOM_10/FOM_10:Gene	malL_1	FOM_10_1:c48667-46991	FOM_10_00047
prokka_FOM_10/FOM_10:Gene	FOM_10_00048	FOM_10_1:c50036-48669	FOM_10_00048
prokka_FOM_10/FOM_10:Gene	malL_2	FOM_10_1:c51774-50104	FOM_10_00049
prokka_FOM_10/FOM_10:Gene	ccpA_1	FOM_10_1:51892-52890	FOM_10_00050
prokka_FOM_10/FOM_10:Gene	ycjU	FOM_10_1:c53266-52934	FOM_10_00051
prokka_FOM_10/FOM_10:Gene	FOM_10_00052	FOM_10_1:c53597-53205	FOM_10_00052
prokka_FOM_10/FOM_10:Gene	malP	FOM_10_1:c55956-53695	FOM_10_00053
prokka_FOM_10/FOM_10:Gene	FOM_10_00054	FOM_10_1:c57339-55996	FOM_10_00054
prokka_FOM_10/FOM_10:Gene	cytR	FOM_10_1:c58392-57445	FOM_10_00055
prokka_FOM_10/FOM_10:Gene	FOM_10_00056	FOM_10_1:58512-58646	FOM_10_00056
prokka_FOM_10/FOM_10:Gene	FOM_10_00057	FOM_10_1:c59134-58676	FOM_10_00057
prokka_FOM_10/FOM_10:Gene	FOM_10_00058	FOM_10_1:c61710-59158	FOM_10_00058
prokka_FOM_10/FOM_10:Gene	FOM_10_00059	FOM_10_1:c62434-61835	FOM_10_00059
prokka_FOM_10/FOM_10:Gene	FOM_10_00060	FOM_10_1:c63045-62536	FOM_10_00060
prokka_FOM_10/FOM_10:Gene	dapX	FOM_10_1:c64392-63205	FOM_10_00061
prokka_FOM_10/FOM_10:Gene	rlmL	FOM_10_1:c65651-64518	FOM_10_00062
prokka_FOM_10/FOM_10:Gene	FOM_10_00063	FOM_10_1:65719-66006	FOM_10_00063
prokka_FOM_10/FOM_10:Gene	dnaD	FOM_10_1:c66636-65998	FOM_10_00064
prokka_FOM_10/FOM_10:Gene	asnS	FOM_10_1:c68070-66763	FOM_10_00065
prokka_FOM_10/FOM_10:Gene	aspB	FOM_10_1:c69310-68129	FOM_10_00066
prokka_FOM_10/FOM_10:Gene	FOM_10_00067	FOM_10_1:c69854-69321	FOM_10_00067
prokka_FOM_10/FOM_10:Gene	dinG	FOM_10_1:c72298-69893	FOM_10_00068
prokka_FOM_10/FOM_10:Gene	galK	FOM_10_1:72453-73385	FOM_10_00069
prokka_FOM_10/FOM_10:Gene	FOM_10_00070	FOM_10_1:c74440-73421	FOM_10_00070
prokka_FOM_10/FOM_10:Gene	FOM_10_00071	FOM_10_1:74697-75314	FOM_10_00071
prokka_FOM_10/FOM_10:Gene	rhaR	FOM_10_1:75357-75800	FOM_10_00072
prokka_FOM_10/FOM_10:Gene	gpr	FOM_10_1:c76881-75892	FOM_10_00073
prokka_FOM_10/FOM_10:Gene	FOM_10_00074	FOM_10_1:c77783-76884	FOM_10_00074
prokka_FOM_10/FOM_10:Gene	prs	FOM_10_1:c78754-77780	FOM_10_00075
prokka_FOM_10/FOM_10:Gene	recD2	FOM_10_1:c81200-78801	FOM_10_00076
prokka_FOM_10/FOM_10:Gene	gpmB	FOM_10_1:c81884-81231	FOM_10_00077
prokka_FOM_10/FOM_10:Gene	FOM_10_00078	FOM_10_1:c82224-81886	FOM_10_00078
prokka_FOM_10/FOM_10:Gene	tmpC	FOM_10_1:c83422-82307	FOM_10_00079
prokka_FOM_10/FOM_10:Gene	rsmF	FOM_10_1:c84986-83547	FOM_10_00080
prokka_FOM_10/FOM_10:Gene	rbsK/rbiA	FOM_10_1:c85927-84983	FOM_10_00081
prokka_FOM_10/FOM_10:Gene	psiE	FOM_10_1:c86508-86083	FOM_10_00082
prokka_FOM_10/FOM_10:Gene	polC_1	FOM_10_1:c90873-86560	FOM_10_00083
prokka_FOM_10/FOM_10:Gene	proS	FOM_10_1:c92642-90927	FOM_10_00084
prokka_FOM_10/FOM_10:Gene	rasP	FOM_10_1:c93979-92723	FOM_10_00085
prokka_FOM_10/FOM_10:Gene	FOM_10_00086	FOM_10_1:c94778-93984	FOM_10_00086
prokka_FOM_10/FOM_10:Gene	uppS	FOM_10_1:c95567-94782	FOM_10_00087
prokka_FOM_10/FOM_10:Gene	glmS	FOM_10_1:c97490-95685	FOM_10_00088
prokka_FOM_10/FOM_10:Gene	adeC	FOM_10_1:97675-99330	FOM_10_00089
prokka_FOM_10/FOM_10:Gene	FOM_10_00090	FOM_10_1:99333-99839	FOM_10_00090
prokka_FOM_10/FOM_10:Gene	ftsK	FOM_10_1:c102287-99876	FOM_10_00091
prokka_FOM_10/FOM_10:Gene	FOM_10_00092	FOM_10_1:c102494-102421	FOM_10_00092
prokka_FOM_10/FOM_10:Gene	trmL	FOM_10_1:c103077-102565	FOM_10_00093
prokka_FOM_10/FOM_10:Gene	FOM_10_00094	FOM_10_1:c104231-103074	FOM_10_00094
prokka_FOM_10/FOM_10:Gene	FOM_10_00095	FOM_10_1:104404-105354	FOM_10_00095
prokka_FOM_10/FOM_10:Gene	FOM_10_00096	FOM_10_1:105347-106366	FOM_10_00096
prokka_FOM_10/FOM_10:Gene	fni	FOM_10_1:106370-107431	FOM_10_00097
prokka_FOM_10/FOM_10:Gene	hpt	FOM_10_1:c108009-107446	FOM_10_00098
prokka_FOM_10/FOM_10:Gene	purB	FOM_10_1:c109301-108006	FOM_10_00099
prokka_FOM_10/FOM_10:Gene	yhjX	FOM_10_1:c110697-109480	FOM_10_00100
prokka_FOM_10/FOM_10:Gene	axe1-6A	FOM_10_1:c111632-110829	FOM_10_00101
prokka_FOM_10/FOM_10:Gene	fhs1	FOM_10_1:c113364-111700	FOM_10_00102
prokka_FOM_10/FOM_10:Gene	purD	FOM_10_1:c114659-113406	FOM_10_00103
prokka_FOM_10/FOM_10:Gene	FOM_10_00104	FOM_10_1:c115294-114833	FOM_10_00104
prokka_FOM_10/FOM_10:Gene	purH	FOM_10_1:c116888-115362	FOM_10_00105
prokka_FOM_10/FOM_10:Gene	purN	FOM_10_1:c117475-116885	FOM_10_00106
prokka_FOM_10/FOM_10:Gene	purM	FOM_10_1:c118506-117469	FOM_10_00107
prokka_FOM_10/FOM_10:Gene	purF	FOM_10_1:c120125-118503	FOM_10_00108
prokka_FOM_10/FOM_10:Gene	purL	FOM_10_1:c122329-120107	FOM_10_00109
prokka_FOM_10/FOM_10:Gene	purQ	FOM_10_1:c123056-122388	FOM_10_00110
prokka_FOM_10/FOM_10:Gene	purS	FOM_10_1:c123319-123053	FOM_10_00111
prokka_FOM_10/FOM_10:Gene	purC	FOM_10_1:c124074-123331	FOM_10_00112
prokka_FOM_10/FOM_10:Gene	purK	FOM_10_1:c125176-124061	FOM_10_00113
prokka_FOM_10/FOM_10:Gene	purE	FOM_10_1:c125658-125173	FOM_10_00114
prokka_FOM_10/FOM_10:Gene	mltF	FOM_10_1:c127413-125938	FOM_10_00115
prokka_FOM_10/FOM_10:Gene	gpsB_1	FOM_10_1:c128376-127996	FOM_10_00116
prokka_FOM_10/FOM_10:Gene	FOM_10_00117	FOM_10_1:c129021-128452	FOM_10_00117
prokka_FOM_10/FOM_10:Gene	ponA	FOM_10_1:c131230-129074	FOM_10_00118
prokka_FOM_10/FOM_10:Gene	recU	FOM_10_1:c131872-131255	FOM_10_00119
prokka_FOM_10/FOM_10:Gene	graR	FOM_10_1:132085-132759	FOM_10_00120
prokka_FOM_10/FOM_10:Gene	graS	FOM_10_1:132756-133751	FOM_10_00121
prokka_FOM_10/FOM_10:Gene	yxdL	FOM_10_1:133830-134594	FOM_10_00122
prokka_FOM_10/FOM_10:Gene	yxdM	FOM_10_1:134591-136504	FOM_10_00123
prokka_FOM_10/FOM_10:Gene	FOM_10_00124	FOM_10_1:c137085-136603	FOM_10_00124
prokka_FOM_10/FOM_10:Gene	FOM_10_00125	FOM_10_1:137526-137972	FOM_10_00125
prokka_FOM_10/FOM_10:Gene	FOM_10_00126	FOM_10_1:138249-139343	FOM_10_00126
prokka_FOM_10/FOM_10:Gene	guaA	FOM_10_1:c141091-139544	FOM_10_00127
prokka_FOM_10/FOM_10:Gene	guaB	FOM_10_1:c142106-141126	FOM_10_00128
prokka_FOM_10/FOM_10:Gene	IMPDH	FOM_10_1:c143302-142130	FOM_10_00129
prokka_FOM_10/FOM_10:Gene	htpX	FOM_10_1:c144588-143698	FOM_10_00130
prokka_FOM_10/FOM_10:Gene	lemA	FOM_10_1:c145136-144588	FOM_10_00131
prokka_FOM_10/FOM_10:Gene	FOM_10_00132	FOM_10_1:c146133-145216	FOM_10_00132
prokka_FOM_10/FOM_10:Gene	FOM_10_00133	FOM_10_1:c146965-146138	FOM_10_00133
prokka_FOM_10/FOM_10:Gene	murJ	FOM_10_1:c149053-147089	FOM_10_00134
prokka_FOM_10/FOM_10:Gene	leuS	FOM_10_1:c151541-149130	FOM_10_00135
prokka_FOM_10/FOM_10:Gene	FOM_10_00136	FOM_10_1:151886-152524	FOM_10_00136
prokka_FOM_10/FOM_10:Gene	FOM_10_00137	FOM_10_1:152508-153029	FOM_10_00137
prokka_FOM_10/FOM_10:Gene	FOM_10_00138	FOM_10_1:153045-153833	FOM_10_00138
prokka_FOM_10/FOM_10:Gene	FOM_10_00139	FOM_10_1:c154310-153873	FOM_10_00139
prokka_FOM_10/FOM_10:Gene	rpiA	FOM_10_1:c155122-154418	FOM_10_00140
prokka_FOM_10/FOM_10:Gene	artM	FOM_10_1:c155929-155195	FOM_10_00141
prokka_FOM_10/FOM_10:Gene	FOM_10_00142	FOM_10_1:156070-156213	FOM_10_00142
prokka_FOM_10/FOM_10:Gene	tuf	FOM_10_1:c157490-156303	FOM_10_00143
prokka_FOM_10/FOM_10:Gene	FOM_10_00144	FOM_10_1:c158583-157654	FOM_10_00144
prokka_FOM_10/FOM_10:Gene	rnj2	FOM_10_1:c160471-158654	FOM_10_00145
prokka_FOM_10/FOM_10:Gene	FOM_10_00146	FOM_10_1:160675-161316	FOM_10_00146
prokka_FOM_10/FOM_10:Gene	rplT	FOM_10_1:c161827-161408	FOM_10_00147
prokka_FOM_10/FOM_10:Gene	rpmI	FOM_10_1:c162106-161909	FOM_10_00148
prokka_FOM_10/FOM_10:Gene	infC	FOM_10_1:c162600-162169	FOM_10_00149
prokka_FOM_10/FOM_10:Gene	FOM_10_00150	FOM_10_1:c163514-162879	FOM_10_00150
prokka_FOM_10/FOM_10:Gene	serP2_2	FOM_10_1:c164983-163610	FOM_10_00151
prokka_FOM_10/FOM_10:Gene	thrS	FOM_10_1:c167041-165080	FOM_10_00152
prokka_FOM_10/FOM_10:Gene	FOM_10_00153	FOM_10_1:c167497-167375	FOM_10_00153
prokka_FOM_10/FOM_10:Gene	larD	FOM_10_1:c168320-167601	FOM_10_00154
prokka_FOM_10/FOM_10:Gene	FOM_10_00155	FOM_10_1:168572-169024	FOM_10_00155
prokka_FOM_10/FOM_10:Gene	pmpR	FOM_10_1:c169791-169069	FOM_10_00156
prokka_FOM_10/FOM_10:Gene	ypjQ	FOM_10_1:c170403-169915	FOM_10_00157
prokka_FOM_10/FOM_10:Gene	serA	FOM_10_1:c171590-170412	FOM_10_00158
prokka_FOM_10/FOM_10:Gene	serC	FOM_10_1:c172678-171587	FOM_10_00159
prokka_FOM_10/FOM_10:Gene	FOM_10_00160	FOM_10_1:172929-173015	FOM_10_00160
prokka_FOM_10/FOM_10:Gene	FOM_10_00161	FOM_10_1:173164-173283	FOM_10_00161
prokka_FOM_10/FOM_10:Gene	msbA	FOM_10_1:173345-175120	FOM_10_00162
prokka_FOM_10/FOM_10:Gene	FOM_10_00163	FOM_10_1:175137-175370	FOM_10_00163
prokka_FOM_10/FOM_10:Gene	pta	FOM_10_1:c176385-175399	FOM_10_00164
prokka_FOM_10/FOM_10:Gene	ung	FOM_10_1:c177157-176498	FOM_10_00165
prokka_FOM_10/FOM_10:Gene	FOM_10_00166	FOM_10_1:177200-177739	FOM_10_00166
prokka_FOM_10/FOM_10:Gene	mmuM	FOM_10_1:c178745-177831	FOM_10_00167
prokka_FOM_10/FOM_10:Gene	rocC	FOM_10_1:c180144-178732	FOM_10_00168
prokka_FOM_10/FOM_10:Gene	livF	FOM_10_1:c181250-180522	FOM_10_00169
prokka_FOM_10/FOM_10:Gene	lptB	FOM_10_1:c182032-181247	FOM_10_00170
prokka_FOM_10/FOM_10:Gene	FOM_10_00171	FOM_10_1:c182978-181998	FOM_10_00171
prokka_FOM_10/FOM_10:Gene	livH	FOM_10_1:c183861-182983	FOM_10_00172
prokka_FOM_10/FOM_10:Gene	livK	FOM_10_1:c185045-183873	FOM_10_00173
prokka_FOM_10/FOM_10:Gene	FOM_10_00174	FOM_10_1:c186216-185074	FOM_10_00174
prokka_FOM_10/FOM_10:Gene	upp	FOM_10_1:c187218-186589	FOM_10_00175
prokka_FOM_10/FOM_10:Gene	brnQ	FOM_10_1:c188695-187331	FOM_10_00176
prokka_FOM_10/FOM_10:Gene	mhpD	FOM_10_1:c189491-188688	FOM_10_00177
prokka_FOM_10/FOM_10:Gene	FOM_10_00178	FOM_10_1:189775-189849	FOM_10_00178
prokka_FOM_10/FOM_10:Gene	panT	FOM_10_1:c190499-189885	FOM_10_00179
prokka_FOM_10/FOM_10:Gene	ptcA	FOM_10_1:c190963-190643	FOM_10_00180
prokka_FOM_10/FOM_10:Gene	ptcB	FOM_10_1:c191285-190965	FOM_10_00181
prokka_FOM_10/FOM_10:Gene	ileS	FOM_10_1:c194211-191419	FOM_10_00182
prokka_FOM_10/FOM_10:Gene	gpsB_2	FOM_10_1:c195165-194497	FOM_10_00183
prokka_FOM_10/FOM_10:Gene	FOM_10_00184	FOM_10_1:c195993-195202	FOM_10_00184
prokka_FOM_10/FOM_10:Gene	FOM_10_00185	FOM_10_1:c196264-196001	FOM_10_00185
prokka_FOM_10/FOM_10:Gene	sepF	FOM_10_1:c196739-196269	FOM_10_00186
prokka_FOM_10/FOM_10:Gene	ftsZ	FOM_10_1:c198171-196858	FOM_10_00187
prokka_FOM_10/FOM_10:Gene	ftsA	FOM_10_1:c199566-198193	FOM_10_00188
prokka_FOM_10/FOM_10:Gene	divIB	FOM_10_1:c200401-199694	FOM_10_00189
prokka_FOM_10/FOM_10:Gene	murG	FOM_10_1:c201545-200436	FOM_10_00190
prokka_FOM_10/FOM_10:Gene	murD	FOM_10_1:c202896-201547	FOM_10_00191
prokka_FOM_10/FOM_10:Gene	mraY	FOM_10_1:c203910-202948	FOM_10_00192
prokka_FOM_10/FOM_10:Gene	pbpB	FOM_10_1:c206101-203921	FOM_10_00193
prokka_FOM_10/FOM_10:Gene	ftsL	FOM_10_1:c206460-206104	FOM_10_00194
prokka_FOM_10/FOM_10:Gene	rsmH	FOM_10_1:c207419-206478	FOM_10_00195
prokka_FOM_10/FOM_10:Gene	mraZ	FOM_10_1:c207869-207438	FOM_10_00196
prokka_FOM_10/FOM_10:Gene	FOM_10_00197	FOM_10_1:c208367-208023	FOM_10_00197
prokka_FOM_10/FOM_10:Gene	FOM_10_00198	FOM_10_1:208526-208732	FOM_10_00198
prokka_FOM_10/FOM_10:Gene	FOM_10_00199	FOM_10_1:c210488-208791	FOM_10_00199
prokka_FOM_10/FOM_10:Gene	FOM_10_00200	FOM_10_1:c210855-210496	FOM_10_00200
prokka_FOM_10/FOM_10:Gene	rpmB	FOM_10_1:c211220-211020	FOM_10_00201
prokka_FOM_10/FOM_10:Gene	trxA	FOM_10_1:c211623-211309	FOM_10_00202
prokka_FOM_10/FOM_10:Gene	thiN	FOM_10_1:c212308-211670	FOM_10_00203
prokka_FOM_10/FOM_10:Gene	rpe	FOM_10_1:c212964-212308	FOM_10_00204
prokka_FOM_10/FOM_10:Gene	rsgA	FOM_10_1:c213886-212981	FOM_10_00205
prokka_FOM_10/FOM_10:Gene	prkC	FOM_10_1:c215832-213940	FOM_10_00206
prokka_FOM_10/FOM_10:Gene	stp	FOM_10_1:c216581-215835	FOM_10_00207
prokka_FOM_10/FOM_10:Gene	rsmB	FOM_10_1:c217964-216612	FOM_10_00208
prokka_FOM_10/FOM_10:Gene	fmt	FOM_10_1:c218925-217954	FOM_10_00209
prokka_FOM_10/FOM_10:Gene	priA	FOM_10_1:c221520-219100	FOM_10_00210
prokka_FOM_10/FOM_10:Gene	engB	FOM_10_1:c222176-221592	FOM_10_00211
prokka_FOM_10/FOM_10:Gene	clpX	FOM_10_1:c223428-222181	FOM_10_00212
prokka_FOM_10/FOM_10:Gene	tig	FOM_10_1:c224940-223645	FOM_10_00213
prokka_FOM_10/FOM_10:Gene	pucI	FOM_10_1:c226340-224997	FOM_10_00214
prokka_FOM_10/FOM_10:Gene	budC	FOM_10_1:c227212-226436	FOM_10_00215
prokka_FOM_10/FOM_10:Gene	nadR	FOM_10_1:c228492-227344	FOM_10_00216
prokka_FOM_10/FOM_10:Gene	FOM_10_00217	FOM_10_1:c230238-228823	FOM_10_00217
prokka_FOM_10/FOM_10:Gene	FOM_10_00218	FOM_10_1:230474-230635	FOM_10_00218
prokka_FOM_10/FOM_10:Gene	nnrD	FOM_10_1:230690-231523	FOM_10_00219
prokka_FOM_10/FOM_10:Gene	exoA	FOM_10_1:231540-232364	FOM_10_00220
prokka_FOM_10/FOM_10:Gene	polC_2	FOM_10_1:c232936-232403	FOM_10_00221
prokka_FOM_10/FOM_10:Gene	FOM_10_00222	FOM_10_1:c233441-232938	FOM_10_00222
prokka_FOM_10/FOM_10:Gene	tsaE	FOM_10_1:c233887-233438	FOM_10_00223
prokka_FOM_10/FOM_10:Gene	pncB2	FOM_10_1:233960-235309	FOM_10_00224
prokka_FOM_10/FOM_10:Gene	nadE	FOM_10_1:235311-236138	FOM_10_00225
prokka_FOM_10/FOM_10:Gene	FOM_10_00226	FOM_10_1:236173-236862	FOM_10_00226
prokka_FOM_10/FOM_10:Gene	FOM_10_00227	FOM_10_2:c1831-569	FOM_10_00227
prokka_FOM_10/FOM_10:Gene	ecsA	FOM_10_2:c2562-1828	FOM_10_00228
prokka_FOM_10/FOM_10:Gene	hit	FOM_10_2:2631-3056	FOM_10_00229
prokka_FOM_10/FOM_10:Gene	FOM_10_00230	FOM_10_2:3066-3305	FOM_10_00230
prokka_FOM_10/FOM_10:Gene	prsA	FOM_10_2:3360-4271	FOM_10_00231
prokka_FOM_10/FOM_10:Gene	yhaM	FOM_10_2:c5278-4319	FOM_10_00232
prokka_FOM_10/FOM_10:Gene	FOM_10_00233	FOM_10_2:c7683-5293	FOM_10_00233
prokka_FOM_10/FOM_10:Gene	FOM_10_00234	FOM_10_2:c8851-7685	FOM_10_00234
prokka_FOM_10/FOM_10:Gene	pgl	FOM_10_2:8973-10004	FOM_10_00235
prokka_FOM_10/FOM_10:Gene	FOM_10_00236	FOM_10_2:c11052-10030	FOM_10_00236
prokka_FOM_10/FOM_10:Gene	rarD	FOM_10_2:11232-12104	FOM_10_00237
prokka_FOM_10/FOM_10:Gene	FOM_10_00238	FOM_10_2:12203-12463	FOM_10_00238
prokka_FOM_10/FOM_10:Gene	scrB	FOM_10_3:c1834-566	FOM_10_00239
prokka_FOM_10/FOM_10:Gene	FOM_10_00240	FOM_10_3:c3808-1850	FOM_10_00240
prokka_FOM_10/FOM_10:Gene	ccpA_2	FOM_10_3:3982-4956	FOM_10_00241
prokka_FOM_10/FOM_10:Gene	FOM_10_00242	FOM_10_3:c5186-5001	FOM_10_00242
prokka_FOM_10/FOM_10:Gene	FOM_10_00243	FOM_10_3:c6182-5202	FOM_10_00243
prokka_FOM_10/FOM_10:Gene	glnA	FOM_10_3:c7647-6301	FOM_10_00244
prokka_FOM_10/FOM_10:Gene	glnR	FOM_10_3:c8028-7693	FOM_10_00245
prokka_FOM_10/FOM_10:Gene	polA	FOM_10_3:c10826-8145	FOM_10_00246
prokka_FOM_10/FOM_10:Gene	ybhL	FOM_10_3:c11624-10905	FOM_10_00247
prokka_FOM_10/FOM_10:Gene	murC	FOM_10_3:c13123-11789	FOM_10_00248
prokka_FOM_10/FOM_10:Gene	FOM_10_00249	FOM_10_3:c13263-13123	FOM_10_00249
prokka_FOM_10/FOM_10:Gene	FOM_10_00250	FOM_10_3:c13921-13265	FOM_10_00250
prokka_FOM_10/FOM_10:Gene	mtnN	FOM_10_3:c14677-14003	FOM_10_00251
prokka_FOM_10/FOM_10:Gene	FOM_10_00252	FOM_10_3:c15019-14723	FOM_10_00252
prokka_FOM_10/FOM_10:Gene	nudF	FOM_10_3:c15572-15021	FOM_10_00253
prokka_FOM_10/FOM_10:Gene	cspV	FOM_10_3:c15799-15575	FOM_10_00254
prokka_FOM_10/FOM_10:Gene	adeP	FOM_10_3:c17416-15881	FOM_10_00255
prokka_FOM_10/FOM_10:Gene	FOM_10_00256	FOM_10_3:c18454-17498	FOM_10_00256
prokka_FOM_10/FOM_10:Gene	tarD	FOM_10_3:c18958-18527	FOM_10_00257
prokka_FOM_10/FOM_10:Gene	yfdH	FOM_10_3:c19921-18977	FOM_10_00258
prokka_FOM_10/FOM_10:Gene	glf	FOM_10_3:c21159-19969	FOM_10_00259
prokka_FOM_10/FOM_10:Gene	FOM_10_00260	FOM_10_3:c22881-21307	FOM_10_00260
prokka_FOM_10/FOM_10:Gene	FOM_10_00261	FOM_10_3:c23686-22904	FOM_10_00261
prokka_FOM_10/FOM_10:Gene	wcaJ	FOM_10_3:c24382-23747	FOM_10_00262
prokka_FOM_10/FOM_10:Gene	map	FOM_10_3:c25186-24398	FOM_10_00263
prokka_FOM_10/FOM_10:Gene	glcK	FOM_10_3:c26300-25341	FOM_10_00264
prokka_FOM_10/FOM_10:Gene	FOM_10_00265	FOM_10_3:c26672-26460	FOM_10_00265
prokka_FOM_10/FOM_10:Gene	gluP	FOM_10_3:c27357-26752	FOM_10_00266
prokka_FOM_10/FOM_10:Gene	addA	FOM_10_3:c31105-27395	FOM_10_00267
prokka_FOM_10/FOM_10:Gene	addB	FOM_10_3:c34623-31108	FOM_10_00268
prokka_FOM_10/FOM_10:Gene	FOM_10_00269	FOM_10_3:c35275-34706	FOM_10_00269
prokka_FOM_10/FOM_10:Gene	FOM_10_00270	FOM_10_3:c35616-35344	FOM_10_00270
prokka_FOM_10/FOM_10:Gene	recX	FOM_10_3:c36437-35619	FOM_10_00271
prokka_FOM_10/FOM_10:Gene	dapB	FOM_10_3:c37207-36482	FOM_10_00272
prokka_FOM_10/FOM_10:Gene	dapA	FOM_10_3:c38082-37207	FOM_10_00273
prokka_FOM_10/FOM_10:Gene	ykuR	FOM_10_3:c39247-38084	FOM_10_00274
prokka_FOM_10/FOM_10:Gene	dapH	FOM_10_3:c39951-39247	FOM_10_00275
prokka_FOM_10/FOM_10:Gene	lysA	FOM_10_3:c41271-39970	FOM_10_00276
prokka_FOM_10/FOM_10:Gene	FOM_10_00277	FOM_10_3:c41954-41619	FOM_10_00277
prokka_FOM_10/FOM_10:Gene	FOM_10_00278	FOM_10_3:c42173-41964	FOM_10_00278
prokka_FOM_10/FOM_10:Gene	FOM_10_00279	FOM_10_3:c43341-42139	FOM_10_00279
prokka_FOM_10/FOM_10:Gene	FOM_10_00280	FOM_10_3:c43886-43338	FOM_10_00280
prokka_FOM_10/FOM_10:Gene	dedA	FOM_10_3:c44601-43924	FOM_10_00281
prokka_FOM_10/FOM_10:Gene	FOM_10_00282	FOM_10_3:44843-45379	FOM_10_00282
prokka_FOM_10/FOM_10:Gene	FOM_10_00283	FOM_10_3:45473-46288	FOM_10_00283
prokka_FOM_10/FOM_10:Gene	rpmF	FOM_10_3:46386-46556	FOM_10_00284
prokka_FOM_10/FOM_10:Gene	cutC	FOM_10_3:46677-47312	FOM_10_00285
prokka_FOM_10/FOM_10:Gene	rqcH	FOM_10_3:47425-49122	FOM_10_00286
prokka_FOM_10/FOM_10:Gene	ribZ	FOM_10_3:49272-50615	FOM_10_00287
prokka_FOM_10/FOM_10:Gene	arcB	FOM_10_3:c51663-50647	FOM_10_00288
prokka_FOM_10/FOM_10:Gene	argH	FOM_10_3:c53048-51660	FOM_10_00289
prokka_FOM_10/FOM_10:Gene	argG	FOM_10_3:c54360-53128	FOM_10_00290
prokka_FOM_10/FOM_10:Gene	brpA	FOM_10_3:c55495-54515	FOM_10_00291
prokka_FOM_10/FOM_10:Gene	mgtE	FOM_10_3:c56921-55557	FOM_10_00292
prokka_FOM_10/FOM_10:Gene	FOM_10_00293	FOM_10_3:c57862-56960	FOM_10_00293
prokka_FOM_10/FOM_10:Gene	nadK	FOM_10_3:c58732-57935	FOM_10_00294
prokka_FOM_10/FOM_10:Gene	yjbM	FOM_10_3:c59307-58729	FOM_10_00295
prokka_FOM_10/FOM_10:Gene	FOM_10_00296	FOM_10_3:59555-60139	FOM_10_00296
prokka_FOM_10/FOM_10:Gene	FOM_10_00297	FOM_10_3:60148-60864	FOM_10_00297
prokka_FOM_10/FOM_10:Gene	apt	FOM_10_3:c61470-60898	FOM_10_00298
prokka_FOM_10/FOM_10:Gene	FOM_10_00299	FOM_10_3:c63481-61517	FOM_10_00299
prokka_FOM_10/FOM_10:Gene	rnz	FOM_10_3:c64461-63493	FOM_10_00300
prokka_FOM_10/FOM_10:Gene	msrA	FOM_10_3:c65151-64627	FOM_10_00301
prokka_FOM_10/FOM_10:Gene	FOM_10_00302	FOM_10_3:c66285-65221	FOM_10_00302
prokka_FOM_10/FOM_10:Gene	araD	FOM_10_3:c67063-66341	FOM_10_00303
prokka_FOM_10/FOM_10:Gene	xylB	FOM_10_3:c68690-67068	FOM_10_00304
prokka_FOM_10/FOM_10:Gene	xylT	FOM_10_3:c70169-68787	FOM_10_00305
prokka_FOM_10/FOM_10:Gene	araA	FOM_10_3:c71602-70178	FOM_10_00306
prokka_FOM_10/FOM_10:Gene	araR	FOM_10_3:c72950-71859	FOM_10_00307
prokka_FOM_10/FOM_10:Gene	FOM_10_00308	FOM_10_3:c74548-73211	FOM_10_00308
prokka_FOM_10/FOM_10:Gene	phrB	FOM_10_3:c76071-74635	FOM_10_00309
prokka_FOM_10/FOM_10:Gene	FOM_10_00310	FOM_10_3:c77143-76082	FOM_10_00310
prokka_FOM_10/FOM_10:Gene	FOM_10_00311	FOM_10_3:77297-77854	FOM_10_00311
prokka_FOM_10/FOM_10:Gene	FOM_10_00312	FOM_10_3:77946-78074	FOM_10_00312
prokka_FOM_10/FOM_10:Gene	FOM_10_00313	FOM_10_3:78119-79813	FOM_10_00313
prokka_FOM_10/FOM_10:Gene	rmlD	FOM_10_3:c80704-79865	FOM_10_00314
prokka_FOM_10/FOM_10:Gene	rmlB	FOM_10_3:c81798-80761	FOM_10_00315
prokka_FOM_10/FOM_10:Gene	rfbC	FOM_10_3:c82333-81872	FOM_10_00316

DiscRep_ALL:DISC_SOURCE_QUALS_ASNDISC::strain (all present, all same)
DiscRep_SUB:DISC_SOURCE_QUALS_ASNDISC::3 sources have 'strain' for strain
DiscRep_ALL:DISC_SOURCE_QUALS_ASNDISC::taxname (all present, all same)
DiscRep_SUB:DISC_SOURCE_QUALS_ASNDISC::3 sources have 'Genus species' for taxname
DiscRep_ALL:DISC_FEATURE_COUNT::gene: 316 present
DiscRep_ALL:DISC_FEATURE_COUNT::CDS: 313 present
DiscRep_ALL:DISC_FEATURE_COUNT::tRNA: 3 present
DiscRep_ALL:DISC_COUNT_NUCLEOTIDES::3 nucleotide Bioseqs are present
prokka_FOM_10/FOM_10:Prokka:FOM_10_1 (length 236999)
prokka_FOM_10/FOM_10:Prokka:FOM_10_2 (length 12501)
prokka_FOM_10/FOM_10:Prokka:FOM_10_3 (length 82369)

DiscRep_ALL:OVERLAPPING_GENES::81 genes overlap another gene on the same strand.
prokka_FOM_10/FOM_10:Gene	dgkA	FOM_10_1:c1172-696	FOM_10_00001
prokka_FOM_10/FOM_10:Gene	ybeY	FOM_10_1:c1638-1156	FOM_10_00002
prokka_FOM_10/FOM_10:Gene	aroD	FOM_10_1:c10125-9241	FOM_10_00008
prokka_FOM_10/FOM_10:Gene	FOM_10_00009	FOM_10_1:c10676-10122	FOM_10_00009
prokka_FOM_10/FOM_10:Gene	aroK	FOM_10_1:c11476-10673	FOM_10_00010
prokka_FOM_10/FOM_10:Gene	tyrC	FOM_10_1:c12326-11484	FOM_10_00011
prokka_FOM_10/FOM_10:Gene	aroA1	FOM_10_1:c13618-12323	FOM_10_00012
prokka_FOM_10/FOM_10:Gene	kdsA	FOM_10_1:c16966-15971	FOM_10_00015
prokka_FOM_10/FOM_10:Gene	aroE	FOM_10_1:c17795-16950	FOM_10_00016
prokka_FOM_10/FOM_10:Gene	FOM_10_00018	FOM_10_1:c20596-20051	FOM_10_00018
prokka_FOM_10/FOM_10:Gene	rihA	FOM_10_1:c21588-20593	FOM_10_00019
prokka_FOM_10/FOM_10:Gene	dhfR	FOM_10_1:c23106-22606	FOM_10_00021
prokka_FOM_10/FOM_10:Gene	cca	FOM_10_1:c24304-23093	FOM_10_00022
prokka_FOM_10/FOM_10:Gene	rluB	FOM_10_1:c33639-32890	FOM_10_00033
prokka_FOM_10/FOM_10:Gene	scpB	FOM_10_1:c34234-33632	FOM_10_00034
prokka_FOM_10/FOM_10:Gene	scpA	FOM_10_1:c34985-34224	FOM_10_00035
prokka_FOM_10/FOM_10:Gene	FOM_10_00036	FOM_10_1:c35335-34982	FOM_10_00036
prokka_FOM_10/FOM_10:Gene	xerD	FOM_10_1:c36265-35369	FOM_10_00037
prokka_FOM_10/FOM_10:Gene	cvfB	FOM_10_1:c37130-36249	FOM_10_00038
prokka_FOM_10/FOM_10:Gene	aspS	FOM_10_1:c45334-43565	FOM_10_00045
prokka_FOM_10/FOM_10:Gene	hisS	FOM_10_1:c46635-45331	FOM_10_00046
prokka_FOM_10/FOM_10:Gene	ycjU	FOM_10_1:c53266-52934	FOM_10_00051
prokka_FOM_10/FOM_10:Gene	FOM_10_00052	FOM_10_1:c53597-53205	FOM_10_00052
prokka_FOM_10/FOM_10:Gene	FOM_10_00074	FOM_10_1:c77783-76884	FOM_10_00074
prokka_FOM_10/FOM_10:Gene	prs	FOM_10_1:c78754-77780	FOM_10_00075
prokka_FOM_10/FOM_10:Gene	rsmF	FOM_10_1:c84986-83547	FOM_10_00080
prokka_FOM_10/FOM_10:Gene	rbsK/rbiA	FOM_10_1:c85927-84983	FOM_10_00081
prokka_FOM_10/FOM_10:Gene	trmL	FOM_10_1:c103077-102565	FOM_10_00093
prokka_FOM_10/FOM_10:Gene	FOM_10_00094	FOM_10_1:c104231-103074	FOM_10_00094
prokka_FOM_10/FOM_10:Gene	FOM_10_00095	FOM_10_1:104404-105354	FOM_10_00095
prokka_FOM_10/FOM_10:Gene	FOM_10_00096	FOM_10_1:105347-106366	FOM_10_00096
prokka_FOM_10/FOM_10:Gene	hpt	FOM_10_1:c108009-107446	FOM_10_00098
prokka_FOM_10/FOM_10:Gene	purB	FOM_10_1:c109301-108006	FOM_10_00099
prokka_FOM_10/FOM_10:Gene	purH	FOM_10_1:c116888-115362	FOM_10_00105
prokka_FOM_10/FOM_10:Gene	purN	FOM_10_1:c117475-116885	FOM_10_00106
prokka_FOM_10/FOM_10:Gene	purM	FOM_10_1:c118506-117469	FOM_10_00107
prokka_FOM_10/FOM_10:Gene	purF	FOM_10_1:c120125-118503	FOM_10_00108
prokka_FOM_10/FOM_10:Gene	purL	FOM_10_1:c122329-120107	FOM_10_00109
prokka_FOM_10/FOM_10:Gene	purQ	FOM_10_1:c123056-122388	FOM_10_00110
prokka_FOM_10/FOM_10:Gene	purS	FOM_10_1:c123319-123053	FOM_10_00111
prokka_FOM_10/FOM_10:Gene	purC	FOM_10_1:c124074-123331	FOM_10_00112
prokka_FOM_10/FOM_10:Gene	purK	FOM_10_1:c125176-124061	FOM_10_00113
prokka_FOM_10/FOM_10:Gene	purE	FOM_10_1:c125658-125173	FOM_10_00114
prokka_FOM_10/FOM_10:Gene	graR	FOM_10_1:132085-132759	FOM_10_00120
prokka_FOM_10/FOM_10:Gene	graS	FOM_10_1:132756-133751	FOM_10_00121
prokka_FOM_10/FOM_10:Gene	yxdL	FOM_10_1:133830-134594	FOM_10_00122
prokka_FOM_10/FOM_10:Gene	yxdM	FOM_10_1:134591-136504	FOM_10_00123
prokka_FOM_10/FOM_10:Gene	htpX	FOM_10_1:c144588-143698	FOM_10_00130
prokka_FOM_10/FOM_10:Gene	lemA	FOM_10_1:c145136-144588	FOM_10_00131
prokka_FOM_10/FOM_10:Gene	FOM_10_00136	FOM_10_1:151886-152524	FOM_10_00136
prokka_FOM_10/FOM_10:Gene	FOM_10_00137	FOM_10_1:152508-153029	FOM_10_00137
prokka_FOM_10/FOM_10:Gene	serA	FOM_10_1:c171590-170412	FOM_10_00158
prokka_FOM_10/FOM_10:Gene	serC	FOM_10_1:c172678-171587	FOM_10_00159
prokka_FOM_10/FOM_10:Gene	mmuM	FOM_10_1:c178745-177831	FOM_10_00167
prokka_FOM_10/FOM_10:Gene	rocC	FOM_10_1:c180144-178732	FOM_10_00168
prokka_FOM_10/FOM_10:Gene	livF	FOM_10_1:c181250-180522	FOM_10_00169
prokka_FOM_10/FOM_10:Gene	lptB	FOM_10_1:c182032-181247	FOM_10_00170
prokka_FOM_10/FOM_10:Gene	FOM_10_00171	FOM_10_1:c182978-181998	FOM_10_00171
prokka_FOM_10/FOM_10:Gene	brnQ	FOM_10_1:c188695-187331	FOM_10_00176
prokka_FOM_10/FOM_10:Gene	mhpD	FOM_10_1:c189491-188688	FOM_10_00177
prokka_FOM_10/FOM_10:Gene	thiN	FOM_10_1:c212308-211670	FOM_10_00203
prokka_FOM_10/FOM_10:Gene	rpe	FOM_10_1:c212964-212308	FOM_10_00204
prokka_FOM_10/FOM_10:Gene	rsmB	FOM_10_1:c217964-216612	FOM_10_00208
prokka_FOM_10/FOM_10:Gene	fmt	FOM_10_1:c218925-217954	FOM_10_00209
prokka_FOM_10/FOM_10:Gene	FOM_10_00222	FOM_10_1:c233441-232938	FOM_10_00222
prokka_FOM_10/FOM_10:Gene	tsaE	FOM_10_1:c233887-233438	FOM_10_00223
prokka_FOM_10/FOM_10:Gene	FOM_10_00227	FOM_10_2:c1831-569	FOM_10_00227
prokka_FOM_10/FOM_10:Gene	ecsA	FOM_10_2:c2562-1828	FOM_10_00228
prokka_FOM_10/FOM_10:Gene	murC	FOM_10_3:c13123-11789	FOM_10_00248
prokka_FOM_10/FOM_10:Gene	FOM_10_00249	FOM_10_3:c13263-13123	FOM_10_00249
prokka_FOM_10/FOM_10:Gene	dapB	FOM_10_3:c37207-36482	FOM_10_00272
prokka_FOM_10/FOM_10:Gene	dapA	FOM_10_3:c38082-37207	FOM_10_00273
prokka_FOM_10/FOM_10:Gene	ykuR	FOM_10_3:c39247-38084	FOM_10_00274
prokka_FOM_10/FOM_10:Gene	dapH	FOM_10_3:c39951-39247	FOM_10_00275
prokka_FOM_10/FOM_10:Gene	FOM_10_00278	FOM_10_3:c42173-41964	FOM_10_00278
prokka_FOM_10/FOM_10:Gene	FOM_10_00279	FOM_10_3:c43341-42139	FOM_10_00279
prokka_FOM_10/FOM_10:Gene	FOM_10_00280	FOM_10_3:c43886-43338	FOM_10_00280
prokka_FOM_10/FOM_10:Gene	arcB	FOM_10_3:c51663-50647	FOM_10_00288
prokka_FOM_10/FOM_10:Gene	argH	FOM_10_3:c53048-51660	FOM_10_00289
prokka_FOM_10/FOM_10:Gene	nadK	FOM_10_3:c58732-57935	FOM_10_00294
prokka_FOM_10/FOM_10:Gene	yjbM	FOM_10_3:c59307-58729	FOM_10_00295

DiscRep_ALL:DISC_QUALITY_SCORES::Quality scores are missing on all sequences.

DiscRep_ALL:DISC_BAD_BACTERIAL_GENE_NAME::1 bacterial genes do not start with lowercase letters
prokka_FOM_10/FOM_10:Gene	IMPDH	FOM_10_1:c143302-142130	FOM_10_00129

DiscRep_ALL:ONCALLER_COMMENT_PRESENT::3 comment descriptors were found (all same)
prokka_FOM_10/FOM_10:Prokka:FOM_10_1:Annotated using prokka 1.14.6 from https://github.com/tseemann/prokka
prokka_FOM_10/FOM_10:Prokka:FOM_10_2:Annotated using prokka 1.14.6 from https://github.com/tseemann/prokka
prokka_FOM_10/FOM_10:Prokka:FOM_10_3:Annotated using prokka 1.14.6 from https://github.com/tseemann/prokka

DiscRep_ALL:SHORT_PROT_SEQUENCES::6 protein sequences are shorter than 50 aa.
prokka_FOM_10/FOM_10:Prokka:FOM_10_00056 (length 44)
prokka_FOM_10/FOM_10:Prokka:FOM_10_00142 (length 47)
prokka_FOM_10/FOM_10:Prokka:FOM_10_00153 (length 40)
prokka_FOM_10/FOM_10:Prokka:FOM_10_00161 (length 39)
prokka_FOM_10/FOM_10:Prokka:FOM_10_00249 (length 46)
prokka_FOM_10/FOM_10:Prokka:FOM_10_00312 (length 42)

DiscRep_ALL:MISSING_GENOMEASSEMBLY_COMMENTS::3 bioseqs are missing GenomeAssembly structured comments
prokka_FOM_10/FOM_10:Prokka:FOM_10_1 (length 236999)
prokka_FOM_10/FOM_10:Prokka:FOM_10_2 (length 12501)
prokka_FOM_10/FOM_10:Prokka:FOM_10_3 (length 82369)

DiscRep_ALL:MOLTYPE_NOT_MRNA::3 molecule types are not set as mRNA.
prokka_FOM_10/FOM_10:Prokka:FOM_10_1 (length 236999)
prokka_FOM_10/FOM_10:Prokka:FOM_10_2 (length 12501)
prokka_FOM_10/FOM_10:Prokka:FOM_10_3 (length 82369)

DiscRep_ALL:TECHNIQUE_NOT_TSA::3 technique are not set as TSA
prokka_FOM_10/FOM_10:Prokka:FOM_10_1 (length 236999)
prokka_FOM_10/FOM_10:Prokka:FOM_10_2 (length 12501)
prokka_FOM_10/FOM_10:Prokka:FOM_10_3 (length 82369)

DiscRep_ALL:MISSING_STRUCTURED_COMMENT::3 sequences do not include structured comments.
prokka_FOM_10/FOM_10:Prokka:FOM_10_1 (length 236999)
prokka_FOM_10/FOM_10:Prokka:FOM_10_2 (length 12501)
prokka_FOM_10/FOM_10:Prokka:FOM_10_3 (length 82369)

DiscRep_ALL:MISSING_PROJECT::316 sequences do not include project.
prokka_FOM_10/FOM_10:Prokka:FOM_10_1 (length 236999)
prokka_FOM_10/FOM_10:Prokka:FOM_10_00001 (length 158)
prokka_FOM_10/FOM_10:Prokka:FOM_10_00002 (length 160)
prokka_FOM_10/FOM_10:Prokka:FOM_10_00003 (length 328)
prokka_FOM_10/FOM_10:Prokka:FOM_10_00004 (length 398)
prokka_FOM_10/FOM_10:Prokka:FOM_10_00005 (length 473)
prokka_FOM_10/FOM_10:Prokka:FOM_10_00006 (length 1113)
prokka_FOM_10/FOM_10:Prokka:FOM_10_00007 (length 65)
prokka_FOM_10/FOM_10:Prokka:FOM_10_00008 (length 294)
prokka_FOM_10/FOM_10:Prokka:FOM_10_00009 (length 184)
prokka_FOM_10/FOM_10:Prokka:FOM_10_00010 (length 267)
prokka_FOM_10/FOM_10:Prokka:FOM_10_00011 (length 280)
prokka_FOM_10/FOM_10:Prokka:FOM_10_00012 (length 431)
prokka_FOM_10/FOM_10:Prokka:FOM_10_00013 (length 392)
prokka_FOM_10/FOM_10:Prokka:FOM_10_00014 (length 360)
prokka_FOM_10/FOM_10:Prokka:FOM_10_00015 (length 331)
prokka_FOM_10/FOM_10:Prokka:FOM_10_00016 (length 281)
prokka_FOM_10/FOM_10:Prokka:FOM_10_00017 (length 645)
prokka_FOM_10/FOM_10:Prokka:FOM_10_00018 (length 181)
prokka_FOM_10/FOM_10:Prokka:FOM_10_00019 (length 331)
prokka_FOM_10/FOM_10:Prokka:FOM_10_00020 (length 283)
prokka_FOM_10/FOM_10:Prokka:FOM_10_00021 (length 166)
prokka_FOM_10/FOM_10:Prokka:FOM_10_00022 (length 403)
prokka_FOM_10/FOM_10:Prokka:FOM_10_00023 (length 420)
prokka_FOM_10/FOM_10:Prokka:FOM_10_00024 (length 75)
prokka_FOM_10/FOM_10:Prokka:FOM_10_00025 (length 277)
prokka_FOM_10/FOM_10:Prokka:FOM_10_00026 (length 82)
prokka_FOM_10/FOM_10:Prokka:FOM_10_00027 (length 91)
prokka_FOM_10/FOM_10:Prokka:FOM_10_00028 (length 437)
prokka_FOM_10/FOM_10:Prokka:FOM_10_00029 (length 396)
prokka_FOM_10/FOM_10:Prokka:FOM_10_00030 (length 225)
prokka_FOM_10/FOM_10:Prokka:FOM_10_00031 (length 182)
prokka_FOM_10/FOM_10:Prokka:FOM_10_00032 (length 194)
prokka_FOM_10/FOM_10:Prokka:FOM_10_00033 (length 249)
prokka_FOM_10/FOM_10:Prokka:FOM_10_00034 (length 200)
prokka_FOM_10/FOM_10:Prokka:FOM_10_00035 (length 253)
prokka_FOM_10/FOM_10:Prokka:FOM_10_00036 (length 117)
prokka_FOM_10/FOM_10:Prokka:FOM_10_00037 (length 298)
prokka_FOM_10/FOM_10:Prokka:FOM_10_00038 (length 293)
prokka_FOM_10/FOM_10:Prokka:FOM_10_00039 (length 147)
prokka_FOM_10/FOM_10:Prokka:FOM_10_00040 (length 61)
prokka_FOM_10/FOM_10:Prokka:FOM_10_00041 (length 422)
prokka_FOM_10/FOM_10:Prokka:FOM_10_00042 (length 515)
prokka_FOM_10/FOM_10:Prokka:FOM_10_00043 (length 464)
prokka_FOM_10/FOM_10:Prokka:FOM_10_00044 (length 280)
prokka_FOM_10/FOM_10:Prokka:FOM_10_00045 (length 589)
prokka_FOM_10/FOM_10:Prokka:FOM_10_00046 (length 434)
prokka_FOM_10/FOM_10:Prokka:FOM_10_00047 (length 558)
prokka_FOM_10/FOM_10:Prokka:FOM_10_00048 (length 455)
prokka_FOM_10/FOM_10:Prokka:FOM_10_00049 (length 556)
prokka_FOM_10/FOM_10:Prokka:FOM_10_00050 (length 332)
prokka_FOM_10/FOM_10:Prokka:FOM_10_00051 (length 110)
prokka_FOM_10/FOM_10:Prokka:FOM_10_00052 (length 130)
prokka_FOM_10/FOM_10:Prokka:FOM_10_00053 (length 753)
prokka_FOM_10/FOM_10:Prokka:FOM_10_00054 (length 447)
prokka_FOM_10/FOM_10:Prokka:FOM_10_00055 (length 315)
prokka_FOM_10/FOM_10:Prokka:FOM_10_00056 (length 44)
prokka_FOM_10/FOM_10:Prokka:FOM_10_00057 (length 152)
prokka_FOM_10/FOM_10:Prokka:FOM_10_00058 (length 850)
prokka_FOM_10/FOM_10:Prokka:FOM_10_00059 (length 199)
prokka_FOM_10/FOM_10:Prokka:FOM_10_00060 (length 169)
prokka_FOM_10/FOM_10:Prokka:FOM_10_00061 (length 395)
prokka_FOM_10/FOM_10:Prokka:FOM_10_00062 (length 377)
prokka_FOM_10/FOM_10:Prokka:FOM_10_00063 (length 95)
prokka_FOM_10/FOM_10:Prokka:FOM_10_00064 (length 212)
prokka_FOM_10/FOM_10:Prokka:FOM_10_00065 (length 435)
prokka_FOM_10/FOM_10:Prokka:FOM_10_00066 (length 393)
prokka_FOM_10/FOM_10:Prokka:FOM_10_00067 (length 177)
prokka_FOM_10/FOM_10:Prokka:FOM_10_00068 (length 801)
prokka_FOM_10/FOM_10:Prokka:FOM_10_00069 (length 310)
prokka_FOM_10/FOM_10:Prokka:FOM_10_00070 (length 339)
prokka_FOM_10/FOM_10:Prokka:FOM_10_00071 (length 205)
prokka_FOM_10/FOM_10:Prokka:FOM_10_00072 (length 147)
prokka_FOM_10/FOM_10:Prokka:FOM_10_00073 (length 329)
prokka_FOM_10/FOM_10:Prokka:FOM_10_00074 (length 299)
prokka_FOM_10/FOM_10:Prokka:FOM_10_00075 (length 324)
prokka_FOM_10/FOM_10:Prokka:FOM_10_00076 (length 799)
prokka_FOM_10/FOM_10:Prokka:FOM_10_00077 (length 217)
prokka_FOM_10/FOM_10:Prokka:FOM_10_00078 (length 112)
prokka_FOM_10/FOM_10:Prokka:FOM_10_00079 (length 371)
prokka_FOM_10/FOM_10:Prokka:FOM_10_00080 (length 479)
prokka_FOM_10/FOM_10:Prokka:FOM_10_00081 (length 314)
prokka_FOM_10/FOM_10:Prokka:FOM_10_00082 (length 141)
prokka_FOM_10/FOM_10:Prokka:FOM_10_00083 (length 1437)
prokka_FOM_10/FOM_10:Prokka:FOM_10_00084 (length 571)
prokka_FOM_10/FOM_10:Prokka:FOM_10_00085 (length 418)
prokka_FOM_10/FOM_10:Prokka:FOM_10_00086 (length 264)
prokka_FOM_10/FOM_10:Prokka:FOM_10_00087 (length 261)
prokka_FOM_10/FOM_10:Prokka:FOM_10_00088 (length 601)
prokka_FOM_10/FOM_10:Prokka:FOM_10_00089 (length 551)
prokka_FOM_10/FOM_10:Prokka:FOM_10_00090 (length 168)
prokka_FOM_10/FOM_10:Prokka:FOM_10_00091 (length 803)
prokka_FOM_10/FOM_10:Prokka:FOM_10_00093 (length 170)
prokka_FOM_10/FOM_10:Prokka:FOM_10_00094 (length 385)
prokka_FOM_10/FOM_10:Prokka:FOM_10_00095 (length 316)
prokka_FOM_10/FOM_10:Prokka:FOM_10_00096 (length 339)
prokka_FOM_10/FOM_10:Prokka:FOM_10_00097 (length 353)
prokka_FOM_10/FOM_10:Prokka:FOM_10_00098 (length 187)
prokka_FOM_10/FOM_10:Prokka:FOM_10_00099 (length 431)
prokka_FOM_10/FOM_10:Prokka:FOM_10_00100 (length 405)
prokka_FOM_10/FOM_10:Prokka:FOM_10_00101 (length 267)
prokka_FOM_10/FOM_10:Prokka:FOM_10_00102 (length 554)
prokka_FOM_10/FOM_10:Prokka:FOM_10_00103 (length 417)
prokka_FOM_10/FOM_10:Prokka:FOM_10_00104 (length 153)
prokka_FOM_10/FOM_10:Prokka:FOM_10_00105 (length 508)
prokka_FOM_10/FOM_10:Prokka:FOM_10_00106 (length 196)
prokka_FOM_10/FOM_10:Prokka:FOM_10_00107 (length 345)
prokka_FOM_10/FOM_10:Prokka:FOM_10_00108 (length 540)
prokka_FOM_10/FOM_10:Prokka:FOM_10_00109 (length 740)
prokka_FOM_10/FOM_10:Prokka:FOM_10_00110 (length 222)
prokka_FOM_10/FOM_10:Prokka:FOM_10_00111 (length 88)
prokka_FOM_10/FOM_10:Prokka:FOM_10_00112 (length 247)
prokka_FOM_10/FOM_10:Prokka:FOM_10_00113 (length 371)
prokka_FOM_10/FOM_10:Prokka:FOM_10_00114 (length 161)
prokka_FOM_10/FOM_10:Prokka:FOM_10_00115 (length 491)
prokka_FOM_10/FOM_10:Prokka:FOM_10_00116 (length 126)
prokka_FOM_10/FOM_10:Prokka:FOM_10_00117 (length 189)
prokka_FOM_10/FOM_10:Prokka:FOM_10_00118 (length 718)
prokka_FOM_10/FOM_10:Prokka:FOM_10_00119 (length 205)
prokka_FOM_10/FOM_10:Prokka:FOM_10_00120 (length 224)
prokka_FOM_10/FOM_10:Prokka:FOM_10_00121 (length 331)
prokka_FOM_10/FOM_10:Prokka:FOM_10_00122 (length 254)
prokka_FOM_10/FOM_10:Prokka:FOM_10_00123 (length 637)
prokka_FOM_10/FOM_10:Prokka:FOM_10_00124 (length 160)
prokka_FOM_10/FOM_10:Prokka:FOM_10_00125 (length 148)
prokka_FOM_10/FOM_10:Prokka:FOM_10_00126 (length 364)
prokka_FOM_10/FOM_10:Prokka:FOM_10_00127 (length 515)
prokka_FOM_10/FOM_10:Prokka:FOM_10_00128 (length 326)
prokka_FOM_10/FOM_10:Prokka:FOM_10_00129 (length 390)
prokka_FOM_10/FOM_10:Prokka:FOM_10_00130 (length 296)
prokka_FOM_10/FOM_10:Prokka:FOM_10_00131 (length 182)
prokka_FOM_10/FOM_10:Prokka:FOM_10_00132 (length 305)
prokka_FOM_10/FOM_10:Prokka:FOM_10_00133 (length 275)
prokka_FOM_10/FOM_10:Prokka:FOM_10_00134 (length 654)
prokka_FOM_10/FOM_10:Prokka:FOM_10_00135 (length 803)
prokka_FOM_10/FOM_10:Prokka:FOM_10_00136 (length 212)
prokka_FOM_10/FOM_10:Prokka:FOM_10_00137 (length 173)
prokka_FOM_10/FOM_10:Prokka:FOM_10_00138 (length 262)
prokka_FOM_10/FOM_10:Prokka:FOM_10_00139 (length 145)
prokka_FOM_10/FOM_10:Prokka:FOM_10_00140 (length 234)
prokka_FOM_10/FOM_10:Prokka:FOM_10_00141 (length 244)
prokka_FOM_10/FOM_10:Prokka:FOM_10_00142 (length 47)
prokka_FOM_10/FOM_10:Prokka:FOM_10_00143 (length 395)
prokka_FOM_10/FOM_10:Prokka:FOM_10_00144 (length 309)
prokka_FOM_10/FOM_10:Prokka:FOM_10_00145 (length 605)
prokka_FOM_10/FOM_10:Prokka:FOM_10_00146 (length 213)
prokka_FOM_10/FOM_10:Prokka:FOM_10_00147 (length 139)
prokka_FOM_10/FOM_10:Prokka:FOM_10_00148 (length 65)
prokka_FOM_10/FOM_10:Prokka:FOM_10_00149 (length 143)
prokka_FOM_10/FOM_10:Prokka:FOM_10_00150 (length 211)
prokka_FOM_10/FOM_10:Prokka:FOM_10_00151 (length 457)
prokka_FOM_10/FOM_10:Prokka:FOM_10_00152 (length 653)
prokka_FOM_10/FOM_10:Prokka:FOM_10_00153 (length 40)
prokka_FOM_10/FOM_10:Prokka:FOM_10_00154 (length 239)
prokka_FOM_10/FOM_10:Prokka:FOM_10_00155 (length 150)
prokka_FOM_10/FOM_10:Prokka:FOM_10_00156 (length 240)
prokka_FOM_10/FOM_10:Prokka:FOM_10_00157 (length 162)
prokka_FOM_10/FOM_10:Prokka:FOM_10_00158 (length 392)
prokka_FOM_10/FOM_10:Prokka:FOM_10_00159 (length 363)
prokka_FOM_10/FOM_10:Prokka:FOM_10_00161 (length 39)
prokka_FOM_10/FOM_10:Prokka:FOM_10_00162 (length 591)
prokka_FOM_10/FOM_10:Prokka:FOM_10_00163 (length 77)
prokka_FOM_10/FOM_10:Prokka:FOM_10_00164 (length 328)
prokka_FOM_10/FOM_10:Prokka:FOM_10_00165 (length 219)
prokka_FOM_10/FOM_10:Prokka:FOM_10_00166 (length 179)
prokka_FOM_10/FOM_10:Prokka:FOM_10_00167 (length 304)
prokka_FOM_10/FOM_10:Prokka:FOM_10_00168 (length 470)
prokka_FOM_10/FOM_10:Prokka:FOM_10_00169 (length 242)
prokka_FOM_10/FOM_10:Prokka:FOM_10_00170 (length 261)
prokka_FOM_10/FOM_10:Prokka:FOM_10_00171 (length 326)
prokka_FOM_10/FOM_10:Prokka:FOM_10_00172 (length 292)
prokka_FOM_10/FOM_10:Prokka:FOM_10_00173 (length 390)
prokka_FOM_10/FOM_10:Prokka:FOM_10_00174 (length 380)
prokka_FOM_10/FOM_10:Prokka:FOM_10_00175 (length 209)
prokka_FOM_10/FOM_10:Prokka:FOM_10_00176 (length 454)
prokka_FOM_10/FOM_10:Prokka:FOM_10_00177 (length 267)
prokka_FOM_10/FOM_10:Prokka:FOM_10_00179 (length 204)
prokka_FOM_10/FOM_10:Prokka:FOM_10_00180 (length 106)
prokka_FOM_10/FOM_10:Prokka:FOM_10_00181 (length 106)
prokka_FOM_10/FOM_10:Prokka:FOM_10_00182 (length 930)
prokka_FOM_10/FOM_10:Prokka:FOM_10_00183 (length 222)
prokka_FOM_10/FOM_10:Prokka:FOM_10_00184 (length 263)
prokka_FOM_10/FOM_10:Prokka:FOM_10_00185 (length 87)
prokka_FOM_10/FOM_10:Prokka:FOM_10_00186 (length 156)
prokka_FOM_10/FOM_10:Prokka:FOM_10_00187 (length 437)
prokka_FOM_10/FOM_10:Prokka:FOM_10_00188 (length 457)
prokka_FOM_10/FOM_10:Prokka:FOM_10_00189 (length 235)
prokka_FOM_10/FOM_10:Prokka:FOM_10_00190 (length 369)
prokka_FOM_10/FOM_10:Prokka:FOM_10_00191 (length 449)
prokka_FOM_10/FOM_10:Prokka:FOM_10_00192 (length 320)
prokka_FOM_10/FOM_10:Prokka:FOM_10_00193 (length 726)
prokka_FOM_10/FOM_10:Prokka:FOM_10_00194 (length 118)
prokka_FOM_10/FOM_10:Prokka:FOM_10_00195 (length 313)
prokka_FOM_10/FOM_10:Prokka:FOM_10_00196 (length 143)
prokka_FOM_10/FOM_10:Prokka:FOM_10_00197 (length 114)
prokka_FOM_10/FOM_10:Prokka:FOM_10_00198 (length 68)
prokka_FOM_10/FOM_10:Prokka:FOM_10_00199 (length 565)
prokka_FOM_10/FOM_10:Prokka:FOM_10_00200 (length 119)
prokka_FOM_10/FOM_10:Prokka:FOM_10_00201 (length 66)
prokka_FOM_10/FOM_10:Prokka:FOM_10_00202 (length 104)
prokka_FOM_10/FOM_10:Prokka:FOM_10_00203 (length 212)
prokka_FOM_10/FOM_10:Prokka:FOM_10_00204 (length 218)
prokka_FOM_10/FOM_10:Prokka:FOM_10_00205 (length 301)
prokka_FOM_10/FOM_10:Prokka:FOM_10_00206 (length 630)
prokka_FOM_10/FOM_10:Prokka:FOM_10_00207 (length 248)
prokka_FOM_10/FOM_10:Prokka:FOM_10_00208 (length 450)
prokka_FOM_10/FOM_10:Prokka:FOM_10_00209 (length 323)
prokka_FOM_10/FOM_10:Prokka:FOM_10_00210 (length 806)
prokka_FOM_10/FOM_10:Prokka:FOM_10_00211 (length 194)
prokka_FOM_10/FOM_10:Prokka:FOM_10_00212 (length 415)
prokka_FOM_10/FOM_10:Prokka:FOM_10_00213 (length 431)
prokka_FOM_10/FOM_10:Prokka:FOM_10_00214 (length 447)
prokka_FOM_10/FOM_10:Prokka:FOM_10_00215 (length 258)
prokka_FOM_10/FOM_10:Prokka:FOM_10_00216 (length 382)
prokka_FOM_10/FOM_10:Prokka:FOM_10_00217 (length 471)
prokka_FOM_10/FOM_10:Prokka:FOM_10_00218 (length 53)
prokka_FOM_10/FOM_10:Prokka:FOM_10_00219 (length 277)
prokka_FOM_10/FOM_10:Prokka:FOM_10_00220 (length 274)
prokka_FOM_10/FOM_10:Prokka:FOM_10_00221 (length 177)
prokka_FOM_10/FOM_10:Prokka:FOM_10_00222 (length 167)
prokka_FOM_10/FOM_10:Prokka:FOM_10_00223 (length 149)
prokka_FOM_10/FOM_10:Prokka:FOM_10_00224 (length 449)
prokka_FOM_10/FOM_10:Prokka:FOM_10_00225 (length 275)
prokka_FOM_10/FOM_10:Prokka:FOM_10_00226 (length 229)
prokka_FOM_10/FOM_10:Prokka:FOM_10_2 (length 12501)
prokka_FOM_10/FOM_10:Prokka:FOM_10_00227 (length 420)
prokka_FOM_10/FOM_10:Prokka:FOM_10_00228 (length 244)
prokka_FOM_10/FOM_10:Prokka:FOM_10_00229 (length 141)
prokka_FOM_10/FOM_10:Prokka:FOM_10_00230 (length 79)
prokka_FOM_10/FOM_10:Prokka:FOM_10_00231 (length 303)
prokka_FOM_10/FOM_10:Prokka:FOM_10_00232 (length 319)
prokka_FOM_10/FOM_10:Prokka:FOM_10_00233 (length 796)
prokka_FOM_10/FOM_10:Prokka:FOM_10_00234 (length 388)
prokka_FOM_10/FOM_10:Prokka:FOM_10_00235 (length 343)
prokka_FOM_10/FOM_10:Prokka:FOM_10_00236 (length 340)
prokka_FOM_10/FOM_10:Prokka:FOM_10_00237 (length 290)
prokka_FOM_10/FOM_10:Prokka:FOM_10_00238 (length 86)
prokka_FOM_10/FOM_10:Prokka:FOM_10_3 (length 82369)
prokka_FOM_10/FOM_10:Prokka:FOM_10_00239 (length 422)
prokka_FOM_10/FOM_10:Prokka:FOM_10_00240 (length 652)
prokka_FOM_10/FOM_10:Prokka:FOM_10_00241 (length 324)
prokka_FOM_10/FOM_10:Prokka:FOM_10_00242 (length 61)
prokka_FOM_10/FOM_10:Prokka:FOM_10_00243 (length 326)
prokka_FOM_10/FOM_10:Prokka:FOM_10_00244 (length 448)
prokka_FOM_10/FOM_10:Prokka:FOM_10_00245 (length 111)
prokka_FOM_10/FOM_10:Prokka:FOM_10_00246 (length 893)
prokka_FOM_10/FOM_10:Prokka:FOM_10_00247 (length 239)
prokka_FOM_10/FOM_10:Prokka:FOM_10_00248 (length 444)
prokka_FOM_10/FOM_10:Prokka:FOM_10_00249 (length 46)
prokka_FOM_10/FOM_10:Prokka:FOM_10_00250 (length 218)
prokka_FOM_10/FOM_10:Prokka:FOM_10_00251 (length 224)
prokka_FOM_10/FOM_10:Prokka:FOM_10_00252 (length 98)
prokka_FOM_10/FOM_10:Prokka:FOM_10_00253 (length 183)
prokka_FOM_10/FOM_10:Prokka:FOM_10_00254 (length 74)
prokka_FOM_10/FOM_10:Prokka:FOM_10_00255 (length 511)
prokka_FOM_10/FOM_10:Prokka:FOM_10_00256 (length 318)
prokka_FOM_10/FOM_10:Prokka:FOM_10_00257 (length 143)
prokka_FOM_10/FOM_10:Prokka:FOM_10_00258 (length 314)
prokka_FOM_10/FOM_10:Prokka:FOM_10_00259 (length 396)
prokka_FOM_10/FOM_10:Prokka:FOM_10_00260 (length 524)
prokka_FOM_10/FOM_10:Prokka:FOM_10_00261 (length 260)
prokka_FOM_10/FOM_10:Prokka:FOM_10_00262 (length 211)
prokka_FOM_10/FOM_10:Prokka:FOM_10_00263 (length 262)
prokka_FOM_10/FOM_10:Prokka:FOM_10_00264 (length 319)
prokka_FOM_10/FOM_10:Prokka:FOM_10_00265 (length 70)
prokka_FOM_10/FOM_10:Prokka:FOM_10_00266 (length 201)
prokka_FOM_10/FOM_10:Prokka:FOM_10_00267 (length 1236)
prokka_FOM_10/FOM_10:Prokka:FOM_10_00268 (length 1171)
prokka_FOM_10/FOM_10:Prokka:FOM_10_00269 (length 189)
prokka_FOM_10/FOM_10:Prokka:FOM_10_00270 (length 90)
prokka_FOM_10/FOM_10:Prokka:FOM_10_00271 (length 272)
prokka_FOM_10/FOM_10:Prokka:FOM_10_00272 (length 241)
prokka_FOM_10/FOM_10:Prokka:FOM_10_00273 (length 291)
prokka_FOM_10/FOM_10:Prokka:FOM_10_00274 (length 387)
prokka_FOM_10/FOM_10:Prokka:FOM_10_00275 (length 234)
prokka_FOM_10/FOM_10:Prokka:FOM_10_00276 (length 433)
prokka_FOM_10/FOM_10:Prokka:FOM_10_00277 (length 111)
prokka_FOM_10/FOM_10:Prokka:FOM_10_00278 (length 69)
prokka_FOM_10/FOM_10:Prokka:FOM_10_00279 (length 400)
prokka_FOM_10/FOM_10:Prokka:FOM_10_00280 (length 182)
prokka_FOM_10/FOM_10:Prokka:FOM_10_00281 (length 225)
prokka_FOM_10/FOM_10:Prokka:FOM_10_00282 (length 178)
prokka_FOM_10/FOM_10:Prokka:FOM_10_00283 (length 271)
prokka_FOM_10/FOM_10:Prokka:FOM_10_00284 (length 56)
prokka_FOM_10/FOM_10:Prokka:FOM_10_00285 (length 211)
prokka_FOM_10/FOM_10:Prokka:FOM_10_00286 (length 565)
prokka_FOM_10/FOM_10:Prokka:FOM_10_00287 (length 447)
prokka_FOM_10/FOM_10:Prokka:FOM_10_00288 (length 338)
prokka_FOM_10/FOM_10:Prokka:FOM_10_00289 (length 462)
prokka_FOM_10/FOM_10:Prokka:FOM_10_00290 (length 410)
prokka_FOM_10/FOM_10:Prokka:FOM_10_00291 (length 326)
prokka_FOM_10/FOM_10:Prokka:FOM_10_00292 (length 454)
prokka_FOM_10/FOM_10:Prokka:FOM_10_00293 (length 300)
prokka_FOM_10/FOM_10:Prokka:FOM_10_00294 (length 265)
prokka_FOM_10/FOM_10:Prokka:FOM_10_00295 (length 192)
prokka_FOM_10/FOM_10:Prokka:FOM_10_00296 (length 194)
prokka_FOM_10/FOM_10:Prokka:FOM_10_00297 (length 238)
prokka_FOM_10/FOM_10:Prokka:FOM_10_00298 (length 190)
prokka_FOM_10/FOM_10:Prokka:FOM_10_00299 (length 654)
prokka_FOM_10/FOM_10:Prokka:FOM_10_00300 (length 322)
prokka_FOM_10/FOM_10:Prokka:FOM_10_00301 (length 174)
prokka_FOM_10/FOM_10:Prokka:FOM_10_00302 (length 354)
prokka_FOM_10/FOM_10:Prokka:FOM_10_00303 (length 240)
prokka_FOM_10/FOM_10:Prokka:FOM_10_00304 (length 540)
prokka_FOM_10/FOM_10:Prokka:FOM_10_00305 (length 460)
prokka_FOM_10/FOM_10:Prokka:FOM_10_00306 (length 474)
prokka_FOM_10/FOM_10:Prokka:FOM_10_00307 (length 363)
prokka_FOM_10/FOM_10:Prokka:FOM_10_00308 (length 445)
prokka_FOM_10/FOM_10:Prokka:FOM_10_00309 (length 478)
prokka_FOM_10/FOM_10:Prokka:FOM_10_00310 (length 353)
prokka_FOM_10/FOM_10:Prokka:FOM_10_00311 (length 185)
prokka_FOM_10/FOM_10:Prokka:FOM_10_00312 (length 42)
prokka_FOM_10/FOM_10:Prokka:FOM_10_00313 (length 564)
prokka_FOM_10/FOM_10:Prokka:FOM_10_00314 (length 279)
prokka_FOM_10/FOM_10:Prokka:FOM_10_00315 (length 345)
prokka_FOM_10/FOM_10:Prokka:FOM_10_00316 (length 153)

DiscRep_ALL:DISC_INCONSISTENT_MOLINFO_TECH::Molinfo Technique Report (some missing, all same)
DiscRep_SUB:DISC_INCONSISTENT_MOLINFO_TECH::technique (all missing)
DiscRep_SUB:DISC_INCONSISTENT_MOLINFO_TECH::3 Molinfos are missing field technique
prokka_FOM_10/FOM_10:Prokka:FOM_10_1 (length 236999)
prokka_FOM_10/FOM_10:Prokka:FOM_10_2 (length 12501)
prokka_FOM_10/FOM_10:Prokka:FOM_10_3 (length 82369)

