[10:24:09] This is prokka 1.14.6
[10:24:09] Written by Torsten Seemann <torsten.seemann@gmail.com>
[10:24:09] Homepage is https://github.com/tseemann/prokka
[10:24:09] Local time is Thu Oct 30 10:24:09 2025
[10:24:09] You are diego
[10:24:09] Operating system is linux
[10:24:09] You have BioPerl 1.7.8
[10:24:09] System has 20 cores.
[10:24:09] Will use maximum of 20 cores.
[10:24:09] Annotating as >>> Bacteria <<<
[10:24:09] Enabling options to ensure Genbank/ENA/DDJB submission compliance.
[10:24:09] Creating new output folder: prokka_FOM_1
[10:24:09] Running: mkdir -p prokka_FOM_1
[10:24:09] Using filename prefix: FOM_1.XXX
[10:24:09] Setting HMMER_NCPU=1
[10:24:09] Writing log to: prokka_FOM_1/FOM_1.log
[10:24:09] Command: /home/diego/miniconda3/envs/prokka_env/bin/prokka FOM_1.fasta --outdir prokka_FOM_1 --prefix FOM_1 --compliant --cpus 20 --locustag FOM_1
[10:24:09] Appending to PATH: /home/diego/miniconda3/envs/prokka_env/bin
[10:24:09] Looking for 'aragorn' - found /home/diego/miniconda3/envs/prokka_env/bin/aragorn
[10:24:09] Determined aragorn version is 001002 from 'ARAGORN v1.2.41 Dean Laslett'
[10:24:09] Looking for 'barrnap' - found /home/diego/miniconda3/envs/prokka_env/bin/barrnap
[10:24:09] Determined barrnap version is 000009 from 'barrnap 0.9'
[10:24:09] Looking for 'blastp' - found /home/diego/miniconda3/envs/prokka_env/bin/blastp
[10:24:09] Determined blastp version is 002015 from 'blastp: 2.15.0+'
[10:24:09] Looking for 'cmpress' - found /home/diego/miniconda3/envs/prokka_env/bin/cmpress
[10:24:09] Determined cmpress version is 001001 from '# INFERNAL 1.1.5 (Sep 2023)'
[10:24:09] Looking for 'cmscan' - found /home/diego/miniconda3/envs/prokka_env/bin/cmscan
[10:24:09] Determined cmscan version is 001001 from '# INFERNAL 1.1.5 (Sep 2023)'
[10:24:09] Looking for 'egrep' - found /usr/bin/egrep
[10:24:09] Looking for 'find' - found /usr/bin/find
[10:24:09] Looking for 'grep' - found /usr/bin/grep
[10:24:09] Looking for 'hmmpress' - found /home/diego/miniconda3/envs/prokka_env/bin/hmmpress
[10:24:09] Determined hmmpress version is 003004 from '# HMMER 3.4 (Aug 2023); http://hmmer.org/'
[10:24:09] Looking for 'hmmscan' - found /home/diego/miniconda3/envs/prokka_env/bin/hmmscan
[10:24:09] Determined hmmscan version is 003004 from '# HMMER 3.4 (Aug 2023); http://hmmer.org/'
[10:24:09] Looking for 'java' - found /home/diego/miniconda3/envs/prokka_env/bin/java
[10:24:09] Looking for 'makeblastdb' - found /home/diego/miniconda3/envs/prokka_env/bin/makeblastdb
[10:24:09] Determined makeblastdb version is 002015 from 'makeblastdb: 2.15.0+'
[10:24:09] Looking for 'minced' - found /home/diego/miniconda3/envs/prokka_env/bin/minced
[10:24:09] Determined minced version is 004002 from 'minced 0.4.2'
[10:24:09] Looking for 'parallel' - found /home/diego/miniconda3/envs/prokka_env/bin/parallel
[10:24:09] Determined parallel version is 20240122 from 'GNU parallel 20240122'
[10:24:09] Looking for 'prodigal' - found /home/diego/miniconda3/envs/prokka_env/bin/prodigal
[10:24:09] Determined prodigal version is 002006 from 'Prodigal V2.6.3: February, 2016'
[10:24:09] Looking for 'prokka-genbank_to_fasta_db' - found /home/diego/miniconda3/envs/prokka_env/bin/prokka-genbank_to_fasta_db
[10:24:09] Looking for 'rnammer' - found /home/diego/rnammer-1.2.src/rnammer
[10:24:09] Determined rnammer version is 001002 from 'This rnammer 1.2, running from '/home/diego/rnammer-1.2.src/''
[10:24:09] Looking for 'sed' - found /usr/bin/sed
[10:24:09] Looking for 'tbl2asn' - found /home/diego/miniconda3/envs/prokka_env/bin/tbl2asn
[10:24:09] Determined tbl2asn version is 025007 from 'tbl2asn 25.7   arguments:'
[10:24:09] Using genetic code table 11.
[10:24:09] Loading and checking input file: FOM_1.fasta
[10:24:09] Wrote 19 contigs totalling 2388691 bp.
[10:24:09] Predicting tRNAs and tmRNAs
[10:24:09] Running: aragorn -l -gc11  -w prokka_FOM_1\/FOM_1\.fna
[10:24:10] 1 tRNA-Met c[83860,83933] 35 (cat)
[10:24:10] 1 tRNA-Met [39498,39571] 35 (cat)
[10:24:10] tRNA [48297,48369] is a pseudo/wacky gene - skipping.
[10:24:10] 3 tRNA-Arg [106135,106206] 34 (ccg)
[10:24:10] 4 tRNA-Lys [106829,106902] 34 (ttt)
[10:24:10] 1 tRNA-Val [16,90] 35 (tac)
[10:24:10] 2 tRNA-Tyr [124,206] 36 (gta)
[10:24:10] 3 tRNA-Trp [212,282] 33 (cca)
[10:24:10] 4 tRNA-His [292,366] 35 (gtg)
[10:24:10] 5 tRNA-Gln [373,444] 33 (ttg)
[10:24:10] 6 tRNA-Leu [457,540] 35 (caa)
[10:24:10] 7 tRNA-Leu [51304,51386] 34 (cag)
[10:24:10] 1 tRNA-Arg c[32769,32844] 36 (tct)
[10:24:10] 2 tRNA-Cys c[55543,55613] 33 (gca)
[10:24:10] 3 tRNA-Pro c[194201,194274] 35 (tgg)
[10:24:10] 4 tRNA-Arg c[194579,194652] 35 (acg)
[10:24:10] 5 tRNA-Ser [201770,201857] 35 (gga)
[10:24:10] 6 tRNA-Leu [221244,221330] 35 (aag)
[10:24:10] 7 tRNA-Thr [319723,319797] 35 (cgt)
[10:24:10] 8 tRNA-Ser [342368,342454] 33 (cga)
[10:24:10] 9 tRNA-Leu [347970,348056] 35 (aag)
[10:24:10] 10 tRNA-Lys c[401382,401456] 35 (ctt)
[10:24:10] 11 tRNA-Asn c[411260,411335] 36 (gtt)
[10:24:10] 12 tRNA-Ile c[411458,411533] 36 (gat)
[10:24:10] 13 tRNA-Gly c[411546,411618] 34 (tcc)
[10:24:10] 14 tRNA-Phe c[411628,411702] 35 (gaa)
[10:24:10] 15 tRNA-Met c[411705,411780] 36 (cat)
[10:24:10] 16 tRNA-Ser c[411790,411879] 37 (tga)
[10:24:10] 17 tRNA-Glu c[411884,411957] 35 (ttc)
[10:24:10] 1 tRNA-Glu [127,200] 35 (ttc)
[10:24:10] 2 tRNA-Asn [236,310] 35 (gtt)
[10:24:10] 1 tRNA-Met [266279,266352] 35 (cat)
[10:24:10] 2 tRNA-Ser c[553807,553896] 37 (tga)
[10:24:10] 3 tmRNA c[562884,563239] 88,126 AKNNTQTYAMAA*
[10:24:10] 1 tRNA-Thr [60260,60332] 34 (ggt)
[10:24:10] 1 tRNA-Gln c[44798,44871] 34 (ttg)
[10:24:10] 2 tRNA-Arg [65477,65552] 36 (cct)
[10:24:10] 3 tRNA-Leu c[345204,345289] 35 (taa)
[10:24:10] 4 tRNA-Gly c[345325,345396] 33 (gcc)
[10:24:10] 1 tRNA-Ser c[9059,9146] 35 (gct)
[10:24:10] 2 tRNA-Ile c[9188,9263] 36 (gat)
[10:24:10] 3 tRNA-Gly c[9288,9360] 34 (tcc)
[10:24:10] 4 tRNA-Phe c[9369,9443] 35 (gaa)
[10:24:10] 5 tRNA-Met c[9449,9524] 36 (cat)
[10:24:10] 6 tRNA-Met c[9535,9610] 36 (cat)
[10:24:10] 7 tRNA-Pro c[9647,9720] 35 (tgg)
[10:24:10] 8 tRNA-Arg c[9725,9800] 36 (acg)
[10:24:10] 9 tRNA-Gly c[9839,9910] 33 (gcc)
[10:24:10] Found 47 tRNAs
[10:24:10] Predicting Ribosomal RNAs
[10:24:10] Running Barrnap with 20 threads
[10:24:10] 1 gnl|Prokka|FOM_1_10 10 5S ribosomal RNA
[10:24:10] 2 gnl|Prokka|FOM_1_16 1 16S ribosomal RNA (partial)
[10:24:10] 3 gnl|Prokka|FOM_1_6 411345 5S ribosomal RNA
[10:24:10] Found 3 rRNAs
[10:24:10] Skipping ncRNA search, enable with --rfam if desired.
[10:24:10] Total of 49 tRNA + rRNA features
[10:24:10] Searching for CRISPR repeats
[10:24:10] Found 0 CRISPRs
[10:24:10] Predicting coding sequences
[10:24:10] Contigs total 2388691 bp, so using single mode
[10:24:10] Running: prodigal -i prokka_FOM_1\/FOM_1\.fna -c -m -g 11 -p single -f sco -q
[10:24:12] Found 2296 CDS
[10:24:12] Connecting features back to sequences
[10:24:12] Not using genus-specific database. Try --usegenus to enable it.
[10:24:12] Annotating CDS, please be patient.
[10:24:12] Will use 20 CPUs for similarity searching.
[10:24:12] There are still 2296 unannotated CDS left (started with 2296)
[10:24:12] Will use blast to search against /home/diego/miniconda3/envs/prokka_env/db/kingdom/Bacteria/IS with 20 CPUs
[10:24:12] Running: cat prokka_FOM_1\/FOM_1\.IS\.tmp\.100974\.faa | parallel --gnu --plain -j 20 --block 17656 --recstart '>' --pipe blastp -query - -db /home/diego/miniconda3/envs/prokka_env/db/kingdom/Bacteria/IS -evalue 1e-30 -qcov_hsp_perc 90 -num_threads 1 -num_descriptions 1 -num_alignments 1 -seg no > prokka_FOM_1\/FOM_1\.IS\.tmp\.100974\.blast 2> /dev/null
[10:24:17] Deleting unwanted file: prokka_FOM_1/FOM_1.IS.tmp.100974.faa
[10:24:17] Deleting unwanted file: prokka_FOM_1/FOM_1.IS.tmp.100974.blast
[10:24:17] There are still 2294 unannotated CDS left (started with 2296)
[10:24:17] Will use blast to search against /home/diego/miniconda3/envs/prokka_env/db/kingdom/Bacteria/AMR with 20 CPUs
[10:24:17] Running: cat prokka_FOM_1\/FOM_1\.AMR\.tmp\.100974\.faa | parallel --gnu --plain -j 20 --block 17646 --recstart '>' --pipe blastp -query - -db /home/diego/miniconda3/envs/prokka_env/db/kingdom/Bacteria/AMR -evalue 1e-300 -qcov_hsp_perc 90 -num_threads 1 -num_descriptions 1 -num_alignments 1 -seg no > prokka_FOM_1\/FOM_1\.AMR\.tmp\.100974\.blast 2> /dev/null
[10:24:21] Deleting unwanted file: prokka_FOM_1/FOM_1.AMR.tmp.100974.faa
[10:24:21] Deleting unwanted file: prokka_FOM_1/FOM_1.AMR.tmp.100974.blast
[10:24:21] There are still 2294 unannotated CDS left (started with 2296)
[10:24:21] Will use blast to search against /home/diego/miniconda3/envs/prokka_env/db/kingdom/Bacteria/sprot with 20 CPUs
[10:24:21] Running: cat prokka_FOM_1\/FOM_1\.sprot\.tmp\.100974\.faa | parallel --gnu --plain -j 20 --block 17646 --recstart '>' --pipe blastp -query - -db /home/diego/miniconda3/envs/prokka_env/db/kingdom/Bacteria/sprot -evalue 1e-09 -qcov_hsp_perc 80 -num_threads 1 -num_descriptions 1 -num_alignments 1 -seg no > prokka_FOM_1\/FOM_1\.sprot\.tmp\.100974\.blast 2> /dev/null
[10:24:37] Modify product: Uncharacterized protein YqeH => putative protein YqeH
[10:24:37] Modify product: Protein RmlC homolog => Protein RmlC 
[10:24:37] Modify product: Uncharacterized protein Spy1614 => putative protein
[10:24:37] Modify product: Uncharacterized protein SA1069 => putative protein
[10:24:37] Modify product: Putative NAD(P)H nitroreductase Spy0809 => Putative NAD(P)H nitroreductase
[10:24:37] Modify product: Probable dual-specificity RNA methyltransferase RlmN => putative dual-specificity RNA methyltransferase RlmN
[10:24:37] Modify product: Uncharacterized protein YqgN => putative protein YqgN
[10:24:37] Modify product: Uncharacterized protein YccU => putative protein YccU
[10:24:37] Modify product: Potassium channel HX13_20290 => Potassium channel
[10:24:37] Modify product: UPF0473 protein SP_0194 => hypothetical protein
[10:24:37] Modify product: UPF0297 protein SP_0192 => hypothetical protein
[10:24:37] Modify product: Nucleoid-associated protein SP_1102 => Nucleoid-associated protein
[10:24:37] Modify product: Uncharacterized amino acid permease YhdG => putative amino acid permease YhdG
[10:24:37] Modify product: Uncharacterized HTH-type transcriptional regulator YdjF => putative HTH-type transcriptional regulator YdjF
[10:24:37] Modify product: Acetyltransferase PA3944 => Acetyltransferase
[10:24:37] Modify product: Uncharacterized amino acid permease YvbW => putative amino acid permease YvbW
[10:24:37] Modify product: NADH dehydrogenase-like protein SAOUHSC_00878 => NADH dehydrogenase-like protein
[10:24:37] Modify product: Probable copper-importing P-type ATPase A => putative copper-importing P-type ATPase A
[10:24:37] Modify product: Uncharacterized protein M6_Spy0233 => putative protein
[10:24:37] Modify product: Organic hydroperoxide resistance protein-like => Organic hydroperoxide resistance protein-like protein
[10:24:37] Modify product: Stress response regulator gls24 homolog => Stress response regulator gls24 
[10:24:37] Modify product: UPF0145 protein BCE33L0904 => hypothetical protein
[10:24:37] Modify product: Probable protein-export membrane protein SecG => putative protein-export membrane protein SecG
[10:24:37] Modify product: UPF0237 protein SP_0238 => hypothetical protein
[10:24:37] Modify product: UPF0210 protein SP_0239 => hypothetical protein
[10:24:37] Modify product: Probable cell division protein WhiA => putative cell division protein WhiA
[10:24:37] Modify product: Multidrug efflux system ATP-binding protein Rv1218c => Multidrug efflux system ATP-binding protein
[10:24:37] Modify product: Multidrug efflux system permease protein Rv1217c => Multidrug efflux system permease protein
[10:24:37] Modify product: Probable formate transporter 1 => putative formate transporter 1
[10:24:37] Modify product: UPF0374 protein SP_1903 => hypothetical protein
[10:24:37] Modify product: Uncharacterized protein Rv1339 => putative protein
[10:24:37] Modify product: Putative esterase PA1618 => Putative esterase
[10:24:37] Modify product: Probable bifunctional oligoribonuclease and PAP phosphatase NrnA => putative bifunctional oligoribonuclease and PAP phosphatase NrnA
[10:24:37] Modify product: Phosphorylated carbohydrates phosphatase TM_1254 => Phosphorylated carbohydrates phosphatase
[10:24:37] Modify product: Probable ribosomal protein YlxQ => putative ribosomal protein YlxQ
[10:24:37] Modify product: Uncharacterized protein Spy1595 => putative protein
[10:24:37] Modify product: Putative universal stress protein SA1532 => Putative universal stress protein
[10:24:37] Modify product: Uncharacterized ABC transporter ATP-binding protein Rv2564 => putative ABC transporter ATP-binding protein
[10:24:37] Modify product: Putative universal stress protein SA1532 => Putative universal stress protein
[10:24:37] Modify product: Probable peptidoglycan glycosyltransferase FtsW => putative peptidoglycan glycosyltransferase FtsW
[10:24:37] Modify product: Uncharacterized inner membrane transporter YicL => putative inner membrane transporter YicL
[10:24:37] Modify product: Uncharacterized N-acetyltransferase YvbK => putative N-acetyltransferase YvbK
[10:24:37] Modify product: Uncharacterized protein Rv1488 => putative protein
[10:24:37] Modify product: Probable DNA-directed RNA polymerase subunit delta => putative DNA-directed RNA polymerase subunit delta
[10:24:37] Modify product: Probable glucose uptake protein GlcU => putative glucose uptake protein GlcU
[10:24:38] Modify product: Uncharacterized ABC transporter permease Rv0072 => putative ABC transporter permease
[10:24:38] Modify product: Bifunctional protein FolD => Bifunctional protein FolD protein
[10:24:38] Modify product: Potassium channel HX13_20290 => Potassium channel
[10:24:38] Modify product: Probable transport protein HsrA => putative transport protein HsrA
[10:24:38] Modify product: Uncharacterized HTH-type transcriptional regulator YbbH => putative HTH-type transcriptional regulator YbbH
[10:24:38] Modify product: Uncharacterized protein Spy1535 => putative protein
[10:24:38] Modify product: Probable ABC transporter ATP-binding/permease protein HI_0664 => putative ABC transporter ATP-binding/permease protein
[10:24:38] Modify product: Uncharacterized membrane protein Rv2637 => putative membrane protein
[10:24:38] Modify product: Zinc-type alcohol dehydrogenase-like protein SA1988 => Zinc-type alcohol dehydrogenase-like protein
[10:24:38] Modify product: Uncharacterized ABC transporter permease Rv0072 => putative ABC transporter permease
[10:24:38] Modify product: Probable peptidoglycan glycosyltransferase FtsW => putative peptidoglycan glycosyltransferase FtsW
[10:24:38] Modify product: Cell wall protein Lmo0880 => Cell wall protein
[10:24:38] Modify product: Uncharacterized protein YjdJ => putative protein YjdJ
[10:24:38] Modify product: Uncharacterized ABC transporter ATP-binding protein YxlF => putative ABC transporter ATP-binding protein YxlF
[10:24:38] Modify product: Probable zinc-binding alcohol dehydrogenase Rv1895 => putative zinc-binding alcohol dehydrogenase
[10:24:38] Modify product: DegV domain-containing protein spr1415 => DegV domain-containing protein
[10:24:38] Modify product: Uncharacterized ABC transporter ATP-binding protein YbiT => putative ABC transporter ATP-binding protein YbiT
[10:24:38] Modify product: Uncharacterized AAA domain-containing protein Rv2559c => putative AAA domain-containing protein
[10:24:38] Modify product: Putative universal stress protein SA1532 => Putative universal stress protein
[10:24:38] Modify product: Uncharacterized ABC transporter ATP-binding protein YbiT => putative ABC transporter ATP-binding protein YbiT
[10:24:38] Modify product: Uncharacterized protein YedJ => putative protein YedJ
[10:24:38] Modify product: Probable N-acetyl-LL-diaminopimelate aminotransferase => putative N-acetyl-LL-diaminopimelate aminotransferase
[10:24:38] Modify product: Uncharacterized N-acetyltransferase YafP => putative N-acetyltransferase YafP
[10:24:38] Modify product: Probable tRNA sulfurtransferase => putative tRNA sulfurtransferase
[10:24:38] Modify product: UPF0324 inner membrane protein YeiH => hypothetical protein
[10:24:38] Modify product: Uncharacterized RNA pseudouridine synthase Rv1540 => putative RNA pseudouridine synthase
[10:24:38] Modify product: Uncharacterized protein YpbG => putative protein YpbG
[10:24:38] Modify product: Transcriptional repressor SmtB homolog => Transcriptional repressor SmtB 
[10:24:38] Modify product: Uncharacterized oxidoreductase MSMEG_2408/MSMEI_2347 => putative oxidoreductase/MSMEI_2347
[10:24:38] Modify product: Uncharacterized oxidoreductase YhhX => putative oxidoreductase YhhX
[10:24:38] Modify product: Uncharacterized ABC transporter ATP-binding protein Rv1273c => putative ABC transporter ATP-binding protein
[10:24:38] Modify product: Probable multidrug ABC transporter ATP-binding protein YbhF => putative multidrug ABC transporter ATP-binding protein YbhF
[10:24:38] Modify product: Putative phosphatase HI_0003 => Putative phosphatase
[10:24:38] Modify product: Probable transcriptional regulatory protein YeeN => putative transcriptional regulatory protein YeeN
[10:24:38] Modify product: Probable nicotinate-nucleotide adenylyltransferase => putative nicotinate-nucleotide adenylyltransferase
[10:24:38] Modify product: Uncharacterized HTH-type transcriptional regulator YtcD => putative HTH-type transcriptional regulator YtcD
[10:24:38] Modify product: UPF0397 protein SP_0482 => hypothetical protein
[10:24:38] Modify product: Probable D-methionine-binding lipoprotein MetQ => putative D-methionine-binding lipoprotein MetQ
[10:24:38] Modify product: Uncharacterized ABC transporter ATP-binding protein Rv1273c => putative ABC transporter ATP-binding protein
[10:24:38] Modify product: UPF0356 protein M6_Spy1605 => hypothetical protein
[10:24:38] Modify product: DegV domain-containing protein SP_1112 => DegV domain-containing protein
[10:24:38] Modify product: UPF0073 inner membrane protein YqfA => hypothetical protein
[10:24:38] Modify product: UPF0340 protein YwlG => hypothetical protein
[10:24:38] Modify product: Uncharacterized glycosyltransferase YkoT => putative glycosyltransferase YkoT
[10:24:38] Modify product: UPF0758 protein SP_1088 => hypothetical protein
[10:24:38] Modify product: GTP cyclohydrolase 1 type 2 homolog => GTP cyclohydrolase 1 type 2 
[10:24:38] Modify product: Putative phosphatase M6_Spy0533 => Putative phosphatase
[10:24:38] Modify product: UPF0291 protein SA1176 => hypothetical protein
[10:24:38] Modify product: Uncharacterized ABC transporter ATP-binding protein Rv0986 => putative ABC transporter ATP-binding protein
[10:24:38] Modify product: Uncharacterized sugar epimerase YhfK => putative sugar epimerase YhfK
[10:24:38] Modify product: Uncharacterized HTH-type transcriptional regulator YbbH => putative HTH-type transcriptional regulator YbbH
[10:24:38] Modify product: Uncharacterized protein YbdM => putative protein YbdM
[10:24:38] Modify product: Probable GTP-binding protein EngB => putative GTP-binding protein EngB
[10:24:38] Modify product: Probable multidrug resistance ABC transporter ATP-binding/permease protein YheH => putative multidrug resistance ABC transporter ATP-binding/permease protein YheH
[10:24:38] Modify product: Probable multidrug resistance ABC transporter ATP-binding/permease protein YheI => putative multidrug resistance ABC transporter ATP-binding/permease protein YheI
[10:24:38] Modify product: Tyrosine recombinase XerD-like => Tyrosine recombinase XerD-like protein
[10:24:38] Modify product: Uncharacterized MscS family protein YkuT => putative MscS family protein YkuT
[10:24:38] Modify product: Uncharacterized multiple-sugar transport system permease YteP => putative multiple-sugar transport system permease YteP
[10:24:38] Modify product: UPF0176 protein SP_0095 => hypothetical protein
[10:24:38] Modify product: Uncharacterized ABC transporter ATP-binding protein YlmA => putative ABC transporter ATP-binding protein YlmA
[10:24:38] Modify product: Uncharacterized oxidoreductase SA2266 => putative oxidoreductase
[10:24:38] Modify product: UPF0702 transmembrane protein YetF => hypothetical protein
[10:24:38] Modify product: Probable FMN/FAD exporter YeeO => putative FMN/FAD exporter YeeO
[10:24:38] Modify product: Uncharacterized PIN and TRAM-domain containing protein YacL => putative PIN and TRAM-domain containing protein YacL
[10:24:38] Modify product: Probable pyridine nucleotide-disulfide oxidoreductase RclA => putative pyridine nucleotide-disulfide oxidoreductase RclA
[10:24:38] Modify product: Probable amino-acid-binding protein YxeM => putative amino-acid-binding protein YxeM
[10:24:38] Modify product: Putative glutamine amidotransferase Rv2859c => Putative glutamine amidotransferase
[10:24:38] Modify product: Probable DHNTP pyrophosphohydrolase => putative DHNTP pyrophosphohydrolase
[10:24:38] Modify product: Uncharacterized RNA methyltransferase SP_1029 => putative RNA methyltransferase
[10:24:38] Modify product: Uncharacterized HTH-type transcriptional regulator HI_0186 => putative HTH-type transcriptional regulator
[10:24:38] Modify product: Uncharacterized protein YlbL => putative protein YlbL
[10:24:38] Modify product: Uncharacterized HTH-type transcriptional regulator YybR => putative HTH-type transcriptional regulator YybR
[10:24:38] Modify product: Rqc2 homolog RqcH => Rqc2 RqcH
[10:24:38] Modify product: TelA-like protein SA1238 => TelA-like protein
[10:24:38] Modify product: Uncharacterized inner membrane transporter YicL => putative inner membrane transporter YicL
[10:24:38] Modify product: Uncharacterized HTH-type transcriptional regulator HI_0186 => putative HTH-type transcriptional regulator
[10:24:38] Modify product: Uncharacterized multiple-sugar transport system permease YteP => putative multiple-sugar transport system permease YteP
[10:24:38] Modify product: Putative acetyltransferase SA2342 => Putative acetyltransferase
[10:24:38] Modify product: UPF0126 inner membrane protein YadS => hypothetical protein
[10:24:38] Modify product: Probable deoxycholate-binding periplasmic protein YgiS => putative deoxycholate-binding periplasmic protein YgiS
[10:24:38] Modify product: Probable metallo-hydrolase M6_Spy0554 => putative metallo-hydrolase
[10:24:38] Modify product: UPF0398 protein SP_0371 => hypothetical protein
[10:24:38] Modify product: UPF0223 protein BH2638 => hypothetical protein
[10:24:38] Modify product: Uncharacterized symporter YjmB => putative symporter YjmB
[10:24:38] Modify product: Probable transport protein HsrA => putative transport protein HsrA
[10:24:38] Modify product: Uncharacterized ABC transporter ATP-binding protein TM_0288 => putative ABC transporter ATP-binding protein
[10:24:38] Modify product: Uncharacterized oxidoreductase SA2266 => putative oxidoreductase
[10:24:38] Modify product: Putative phosphatase HI_0003 => Putative phosphatase
[10:24:38] Modify product: Putative zinc metalloprotease SA1105 => Putative zinc metalloprotease
[10:24:38] Modify product: Glutathione peroxidase homolog BsaA => Glutathione peroxidase BsaA
[10:24:38] Modify product: UPF0122 protein SpyM3_0842 => hypothetical protein
[10:24:38] Modify product: Uncharacterized protein YbdM => putative protein YbdM
[10:24:38] Modify product: Uncharacterized oxidoreductase SpyM50865 => putative oxidoreductase
[10:24:38] Modify product: Probable murein peptide carboxypeptidase => putative murein peptide carboxypeptidase
[10:24:38] Modify product: Phosphate-specific transport system accessory protein PhoU homolog => Phosphate-specific transport system accessory protein PhoU 
[10:24:38] Modify product: Uncharacterized ABC transporter ATP-binding protein YknY => putative ABC transporter ATP-binding protein YknY
[10:24:38] Modify product: UPF0346 protein SP_0947 => hypothetical protein
[10:24:38] Modify product: Probable cadmium-transporting ATPase => putative cadmium-transporting ATPase
[10:24:38] Modify product: UPF0051 protein SA0778 => hypothetical protein
[10:24:38] Modify product: Probable ABC transporter ATP-binding protein M6_Spy0273 => putative ABC transporter ATP-binding protein
[10:24:38] Modify product: Probable undecaprenyl-phosphate N-acetylglucosaminyl 1-phosphate transferase => putative undecaprenyl-phosphate N-acetylglucosaminyl 1-phosphate transferase
[10:24:38] Modify product: Probable manganese-dependent inorganic pyrophosphatase => putative manganese-dependent inorganic pyrophosphatase
[10:24:38] Modify product: UPF0053 inner membrane protein YfjD => hypothetical protein
[10:24:38] Modify product: Acetyltransferase SACOL1063 => Acetyltransferase
[10:24:38] Modify product: Uncharacterized amino acid permease YvbW => putative amino acid permease YvbW
[10:24:38] Modify product: UPF0637 protein SA0957 => hypothetical protein
[10:24:38] Modify product: Uncharacterized protein YhaP => putative protein YhaP
[10:24:38] Modify product: Multidrug efflux system ATP-binding protein Rv1218c => Multidrug efflux system ATP-binding protein
[10:24:38] Modify product: Probable acetyl-CoA acyltransferase => putative acetyl-CoA acyltransferase
[10:24:38] Modify product: UPF0051 protein SA0778 => hypothetical protein
[10:24:38] Modify product: Uncharacterized protein YqeN => putative protein YqeN
[10:24:38] Modify product: Putative universal stress protein SA1532 => Putative universal stress protein
[10:24:38] Modify product: UPF0053 protein Rv1842c => hypothetical protein
[10:24:38] Modify product: Putative universal stress protein SA1532 => Putative universal stress protein
[10:24:38] Modify product: DegV domain-containing protein MW1315 => DegV domain-containing protein
[10:24:38] Modify product: Uncharacterized oxidoreductase YtbE => putative oxidoreductase YtbE
[10:24:38] Modify product: Uncharacterized MFS-type transporter EfpA => putative MFS-type transporter EfpA
[10:24:38] Modify product: Stress response regulator gls24 homolog => Stress response regulator gls24 
[10:24:38] Modify product: Probable glucosamine-6-phosphate deaminase 2 => putative glucosamine-6-phosphate deaminase 2
[10:24:38] Modify product: N-acetylmuramoyl-L-alanine amidase domain-containing protein SAOUHSC_02979 => N-acetylmuramoyl-L-alanine amidase domain-containing protein
[10:24:38] Cleaned 165 /product names
[10:24:38] Deleting unwanted file: prokka_FOM_1/FOM_1.sprot.tmp.100974.faa
[10:24:38] Deleting unwanted file: prokka_FOM_1/FOM_1.sprot.tmp.100974.blast
[10:24:38] There are still 1033 unannotated CDS left (started with 2296)
[10:24:38] Will use hmmer3 to search against /home/diego/miniconda3/envs/prokka_env/db/hmm/HAMAP.hmm with 20 CPUs
[10:24:38] Running: cat prokka_FOM_1\/FOM_1\.HAMAP\.hmm\.tmp\.100974\.faa | parallel --gnu --plain -j 20 --block 6752 --recstart '>' --pipe hmmscan --noali --notextw --acc -E 1e-09 --cpu 1 /home/diego/miniconda3/envs/prokka_env/db/hmm/HAMAP.hmm /dev/stdin > prokka_FOM_1\/FOM_1\.HAMAP\.hmm\.tmp\.100974\.hmmer3 2> /dev/null
[10:24:43] Modify product: Protein SprT-like => Protein SprT-like protein
[10:24:43] Cleaned 1 /product names
[10:24:43] Deleting unwanted file: prokka_FOM_1/FOM_1.HAMAP.hmm.tmp.100974.faa
[10:24:43] Deleting unwanted file: prokka_FOM_1/FOM_1.HAMAP.hmm.tmp.100974.hmmer3
[10:24:43] Labelling remaining 914 proteins as 'hypothetical protein'
[10:24:43] Possible /pseudo 'Coenzyme A biosynthesis bifunctional protein CoaBC' at gnl|Prokka|FOM_1_3 position 12581
[10:24:43] Possible /pseudo 'Cold shock-like protein CspLA' at gnl|Prokka|FOM_1_3 position 40482
[10:24:43] Possible /pseudo 'Low affinity potassium transport system protein kup' at gnl|Prokka|FOM_1_3 position 100084
[10:24:43] Possible /pseudo 'Thiosulfate sulfurtransferase GlpE' at gnl|Prokka|FOM_1_3 position 304382
[10:24:43] Possible /pseudo 'Oligopeptide-binding protein OppA' at gnl|Prokka|FOM_1_6 position 132311
[10:24:43] Possible /pseudo 'Petrobactin import system permease protein FpuB' at gnl|Prokka|FOM_1_6 position 148883
[10:24:43] Possible /pseudo 'D-methionine-binding lipoprotein MetQ' at gnl|Prokka|FOM_1_6 position 156986
[10:24:43] Possible /pseudo 'putative protein' at gnl|Prokka|FOM_1_6 position 279762
[10:24:43] Possible /pseudo 'Putative bifunctional phosphatase/peptidyl-prolyl cis-trans isomerase' at gnl|Prokka|FOM_1_11 position 40893
[10:24:43] Possible /pseudo '5-amino-6-(5-phospho-D-ribitylamino)uracil phosphatase YbjI' at gnl|Prokka|FOM_1_11 position 483972
[10:24:43] Possible /pseudo 'UDP-N-acetylglucosamine--peptide N-acetylglucosaminyltransferase GtfA subunit' at gnl|Prokka|FOM_1_11 position 584156
[10:24:43] Possible /pseudo 'Carbamate kinase 1' at gnl|Prokka|FOM_1_12 position 97900
[10:24:43] Possible /pseudo 'Acetate kinase' at gnl|Prokka|FOM_1_12 position 116308
[10:24:43] Possible /pseudo 'Na(+), Li(+), K(+)/H(+) antiporter' at gnl|Prokka|FOM_1_16 position 17857
[10:24:43] Possible /pseudo 'Phosphate import ATP-binding protein PstB 3' at gnl|Prokka|FOM_1_17 position 131542
[10:24:43] Possible /pseudo 'Phosphate-binding protein PstS 1' at gnl|Prokka|FOM_1_17 position 135520
[10:24:43] Found 1087 unique /gene codes.
[10:24:43] Fixed 2 duplicate /gene - smc_1 smc_2
[10:24:43] Fixed 2 duplicate /gene - licC_1 licC_2
[10:24:43] Fixed 3 duplicate /gene - hdfR_1 hdfR_2 hdfR_3
[10:24:43] Fixed 2 duplicate /gene - mnaA_1 mnaA_2
[10:24:43] Fixed 2 duplicate /gene - iscS_1 iscS_2
[10:24:43] Fixed 2 duplicate /gene - yteP_1 yteP_2
[10:24:43] Fixed 3 duplicate /gene - COQ5_1 COQ5_2 COQ5_3
[10:24:43] Fixed 2 duplicate /gene - artM_1 artM_2
[10:24:43] Fixed 2 duplicate /gene - ecfT_1 ecfT_2
[10:24:43] Fixed 2 duplicate /gene - ybiT_1 ybiT_2
[10:24:43] Fixed 2 duplicate /gene - deoD_1 deoD_2
[10:24:43] Fixed 3 duplicate /gene - recA_1 recA_2 recA_3
[10:24:43] Fixed 2 duplicate /gene - rhaS_1 rhaS_2
[10:24:43] Fixed 2 duplicate /gene - glpE_1 glpE_2
[10:24:43] Fixed 2 duplicate /gene - adhR_1 adhR_2
[10:24:43] Fixed 2 duplicate /gene - dexB_1 dexB_2
[10:24:43] Fixed 2 duplicate /gene - murA1_1 murA1_2
[10:24:43] Fixed 2 duplicate /gene - yvbW_1 yvbW_2
[10:24:43] Fixed 2 duplicate /gene - yvdD_1 yvdD_2
[10:24:43] Fixed 2 duplicate /gene - degA_1 degA_2
[10:24:43] Fixed 2 duplicate /gene - csbB_1 csbB_2
[10:24:43] Fixed 2 duplicate /gene - oppC_1 oppC_2
[10:24:43] Fixed 3 duplicate /gene - xerS_1 xerS_2 xerS_3
[10:24:43] Fixed 6 duplicate /gene - xerC_1 xerC_2 xerC_3 xerC_4 xerC_5 xerC_6
[10:24:43] Fixed 2 duplicate /gene - gpsB_1 gpsB_2
[10:24:43] Fixed 2 duplicate /gene - cysK_1 cysK_2
[10:24:43] Fixed 2 duplicate /gene - maa_1 maa_2
[10:24:43] Fixed 3 duplicate /gene - dinB_1 dinB_2 dinB_3
[10:24:43] Fixed 3 duplicate /gene - gph_1 gph_2 gph_3
[10:24:43] Fixed 2 duplicate /gene - ybdM_1 ybdM_2
[10:24:43] Fixed 2 duplicate /gene - ybjI_1 ybjI_2
[10:24:43] Fixed 2 duplicate /gene - gmuE_1 gmuE_2
[10:24:43] Fixed 2 duplicate /gene - lysP_1 lysP_2
[10:24:43] Fixed 2 duplicate /gene - dagK_1 dagK_2
[10:24:43] Fixed 2 duplicate /gene - asnB_1 asnB_2
[10:24:43] Fixed 2 duplicate /gene - tetA_1 tetA_2
[10:24:43] Fixed 2 duplicate /gene - oppA_1 oppA_2
[10:24:43] Fixed 2 duplicate /gene - pstS1_1 pstS1_2
[10:24:43] Fixed 2 duplicate /gene - pabA_1 pabA_2
[10:24:43] Fixed 2 duplicate /gene - oppF_1 oppF_2
[10:24:43] Fixed 2 duplicate /gene - fpuB_1 fpuB_2
[10:24:43] Fixed 2 duplicate /gene - hsrA_1 hsrA_2
[10:24:43] Fixed 2 duplicate /gene - lacA_1 lacA_2
[10:24:43] Fixed 2 duplicate /gene - coaBC_1 coaBC_2
[10:24:43] Fixed 3 duplicate /gene - ssb_1 ssb_2 ssb_3
[10:24:43] Fixed 7 duplicate /gene - spxA_1 spxA_2 spxA_3 spxA_4 spxA_5 spxA_6 spxA_7
[10:24:43] Fixed 2 duplicate /gene - hrtA_1 hrtA_2
[10:24:43] Fixed 2 duplicate /gene - yecD_1 yecD_2
[10:24:43] Fixed 2 duplicate /gene - arnC_1 arnC_2
[10:24:43] Fixed 2 duplicate /gene - ptcA_1 ptcA_2
[10:24:43] Fixed 2 duplicate /gene - oppD_1 oppD_2
[10:24:43] Fixed 2 duplicate /gene - birA_1 birA_2
[10:24:43] Fixed 2 duplicate /gene - dacA_1 dacA_2
[10:24:43] Fixed 2 duplicate /gene - tetR_1 tetR_2
[10:24:43] Fixed 2 duplicate /gene - pgaC_1 pgaC_2
[10:24:43] Fixed 2 duplicate /gene - ribZ_1 ribZ_2
[10:24:43] Fixed 2 duplicate /gene - sasA_1 sasA_2
[10:24:43] Fixed 2 duplicate /gene - eno_1 eno_2
[10:24:43] Fixed 2 duplicate /gene - pstB3_1 pstB3_2
[10:24:43] Fixed 2 duplicate /gene - bglH_1 bglH_2
[10:24:43] Fixed 3 duplicate /gene - xylB_1 xylB_2 xylB_3
[10:24:43] Fixed 2 duplicate /gene - hcaB_1 hcaB_2
[10:24:43] Fixed 2 duplicate /gene - bglF_1 bglF_2
[10:24:43] Fixed 2 duplicate /gene - ftsW_1 ftsW_2
[10:24:43] Fixed 2 duplicate /gene - xylT_1 xylT_2
[10:24:43] Fixed 3 duplicate /gene - bglA_1 bglA_2 bglA_3
[10:24:43] Fixed 2 duplicate /gene - arcB_1 arcB_2
[10:24:43] Fixed 2 duplicate /gene - macB_1 macB_2
[10:24:43] Fixed 3 duplicate /gene - arcC1_1 arcC1_2 arcC1_3
[10:24:43] Fixed 2 duplicate /gene - cspC_1 cspC_2
[10:24:43] Fixed 2 duplicate /gene - hexR_1 hexR_2
[10:24:43] Fixed 2 duplicate /gene - pepDA_1 pepDA_2
[10:24:43] Fixed 3 duplicate /gene - menE_1 menE_2 menE_3
[10:24:43] Fixed 3 duplicate /gene - iolU_1 iolU_2 iolU_3
[10:24:43] Fixed 7 duplicate /gene - btuD_1 btuD_2 btuD_3 btuD_4 btuD_5 btuD_6 btuD_7
[10:24:43] Fixed 2 duplicate /gene - gap_1 gap_2
[10:24:43] Fixed 2 duplicate /gene - ackA_1 ackA_2
[10:24:43] Fixed 2 duplicate /gene - fabG_1 fabG_2
[10:24:43] Fixed 2 duplicate /gene - potE_1 potE_2
[10:24:43] Fixed 2 duplicate /gene - cspLA_1 cspLA_2
[10:24:43] Fixed 2 duplicate /gene - argR_1 argR_2
[10:24:43] Fixed 2 duplicate /gene - emrB_1 emrB_2
[10:24:43] Fixed 2 duplicate /gene - nadD_1 nadD_2
[10:24:43] Fixed 3 duplicate /gene - menA_1 menA_2 menA_3
[10:24:43] Fixed 2 duplicate /gene - menF_1 menF_2
[10:24:43] Fixed 3 duplicate /gene - apbE_1 apbE_2 apbE_3
[10:24:43] Fixed 2 duplicate /gene - bcrR_1 bcrR_2
[10:24:43] Fixed 2 duplicate /gene - yicL_1 yicL_2
[10:24:43] Fixed 2 duplicate /gene - proC_1 proC_2
[10:24:43] Fixed 2 duplicate /gene - glcR_1 glcR_2
[10:24:43] Fixed 2 duplicate /gene - mepA_1 mepA_2
[10:24:43] Fixed 2 duplicate /gene - ettA_1 ettA_2
[10:24:43] Fixed 2 duplicate /gene - codY_1 codY_2
[10:24:43] Fixed 2 duplicate /gene - rnr_1 rnr_2
[10:24:43] Fixed 2 duplicate /gene - mtgA_1 mtgA_2
[10:24:43] Fixed 3 duplicate /gene - menH_1 menH_2 menH_3
[10:24:43] Fixed 2 duplicate /gene - ldh_1 ldh_2
[10:24:43] Fixed 2 duplicate /gene - ybbH_1 ybbH_2
[10:24:43] Fixed 2 duplicate /gene - rppH_1 rppH_2
[10:24:43] Fixed 2 duplicate /gene - fabZ_1 fabZ_2
[10:24:43] Fixed 2 duplicate /gene - mdrP_1 mdrP_2
[10:24:43] Fixed 2 duplicate /gene - rcsC_1 rcsC_2
[10:24:43] Fixed 2 duplicate /gene - hepT_1 hepT_2
[10:24:43] Fixed 2 duplicate /gene - rpmGA_1 rpmGA_2
[10:24:43] Fixed 2 duplicate /gene - aroF_1 aroF_2
[10:24:43] Fixed 2 duplicate /gene - lacX_1 lacX_2
[10:24:43] Fixed 2 duplicate /gene - tmpC_1 tmpC_2
[10:24:43] Fixed 2 duplicate /gene - ctpE_1 ctpE_2
[10:24:43] Fixed 2 duplicate /gene - mntH_1 mntH_2
[10:24:43] Fixed 2 duplicate /gene - aguA_1 aguA_2
[10:24:43] Fixed 2 duplicate /gene - aldC_1 aldC_2
[10:24:43] Fixed 2 duplicate /gene - slmA_1 slmA_2
[10:24:43] Fixed 4 duplicate /gene - tagU_1 tagU_2 tagU_3 tagU_4
[10:24:43] Fixed 2 duplicate /gene - araR_1 araR_2
[10:24:43] Fixed 2 duplicate /gene - msrA2_1 msrA2_2
[10:24:43] Fixed 2 duplicate /gene - gla_1 gla_2
[10:24:43] Fixed 4 duplicate /gene - arlR_1 arlR_2 arlR_3 arlR_4
[10:24:43] Fixed 2 duplicate /gene - arlS_1 arlS_2
[10:24:43] Fixed 2 duplicate /gene - hisB_1 hisB_2
[10:24:43] Fixed 2 duplicate /gene - bglK_1 bglK_2
[10:24:43] Fixed 2 duplicate /gene - hit_1 hit_2
[10:24:43] Fixed 2 duplicate /gene - yfnB_1 yfnB_2
[10:24:43] Fixed 3 duplicate /gene - dinG_1 dinG_2 dinG_3
[10:24:43] Fixed 2 duplicate /gene - dxs_1 dxs_2
[10:24:43] Fixed 2 duplicate /gene - gpmA_1 gpmA_2
[10:24:43] Fixed 2 duplicate /gene - cysL_1 cysL_2
[10:24:43] Fixed 2 duplicate /gene - kup_1 kup_2
[10:24:43] Fixed 4 duplicate /gene - metQ_1 metQ_2 metQ_3 metQ_4
[10:24:43] Fixed 2 duplicate /gene - galK_1 galK_2
[10:24:43] Fixed 2 duplicate /gene - clsA_1 clsA_2
[10:24:43] Fixed 2 duplicate /gene - glpF_1 glpF_2
[10:24:43] Fixed 2 duplicate /gene - gtfA_1 gtfA_2
[10:24:43] Fixed 2 duplicate /gene - hpt_1 hpt_2
[10:24:43] Fixed 133 colliding /gene names.
[10:24:43] Adding /locus_tag identifiers
[10:24:43] Assigned 2346 locus_tags to CDS and RNA features.
[10:24:43] Writing outputs to prokka_FOM_1/
[10:24:44] Generating annotation statistics file
[10:24:44] Generating Genbank and Sequin files
[10:24:44] Running: tbl2asn -V b -a r10k -l paired-ends -M n -N 1 -y 'Annotated using prokka 1.14.6 from https://github.com/tseemann/prokka' -Z prokka_FOM_1\/FOM_1\.err -i prokka_FOM_1\/FOM_1\.fsa 2> /dev/null
[10:24:46] Deleting unwanted file: prokka_FOM_1/errorsummary.val
[10:24:46] Deleting unwanted file: prokka_FOM_1/FOM_1.dr
[10:24:46] Deleting unwanted file: prokka_FOM_1/FOM_1.fixedproducts
[10:24:46] Deleting unwanted file: prokka_FOM_1/FOM_1.ecn
[10:24:46] Deleting unwanted file: prokka_FOM_1/FOM_1.val
[10:24:46] Repairing broken .GBK output that tbl2asn produces...
[10:24:46] Running: sed 's/COORDINATES: profile/COORDINATES:profile/' < prokka_FOM_1\/FOM_1\.gbf > prokka_FOM_1\/FOM_1\.gbk
[10:24:46] Deleting unwanted file: prokka_FOM_1/FOM_1.gbf
[10:24:46] Output files:
[10:24:46] prokka_FOM_1/FOM_1.faa
[10:24:46] prokka_FOM_1/FOM_1.gbk
[10:24:46] prokka_FOM_1/FOM_1.fna
[10:24:46] prokka_FOM_1/FOM_1.gff
[10:24:46] prokka_FOM_1/FOM_1.sqn
[10:24:46] prokka_FOM_1/FOM_1.fsa
[10:24:46] prokka_FOM_1/FOM_1.txt
[10:24:46] prokka_FOM_1/FOM_1.ffn
[10:24:46] prokka_FOM_1/FOM_1.tsv
[10:24:46] prokka_FOM_1/FOM_1.err
[10:24:46] prokka_FOM_1/FOM_1.log
[10:24:46] prokka_FOM_1/FOM_1.tbl
[10:24:46] Annotation finished successfully.
[10:24:46] Walltime used: 0.62 minutes
[10:24:46] If you use this result please cite the Prokka paper:
[10:24:46] Seemann T (2014) Prokka: rapid prokaryotic genome annotation. Bioinformatics. 30(14):2068-9.
[10:24:46] Type 'prokka --citation' for more details.
[10:24:46] Share and enjoy!
